PERCENT:50 | ALPHA:0.01 | SEED:10
Directed Sensitivity: 0.6087
Directed Specificity: 0.8624
Directed Precision: 0.4828
Directed Recall: 0.6087
Undirected Sensitivity: 0.6087
Undirected Specificity: 0.6512
Undirected Precision: 0.4828
Undirected Recall: 0.6087
----------------------------------------
PERCENT:50 | ALPHA:0.01 | SEED:20
Directed Sensitivity: 0.6522
Directed Specificity: 0.8716
Directed Precision: 0.5172
Directed Recall: 0.6522
Undirected Sensitivity: 0.6957
Undirected Specificity: 0.6977
Undirected Precision: 0.5517
Undirected Recall: 0.6957
----------------------------------------
PERCENT:50 | ALPHA:0.01 | SEED:30
Directed Sensitivity: 0.6957
Directed Specificity: 0.8807
Directed Precision: 0.5517
Directed Recall: 0.6957
Undirected Sensitivity: 0.7826
Undirected Specificity: 0.7442
Undirected Precision: 0.6207
Undirected Recall: 0.7826
----------------------------------------
PERCENT:50 | ALPHA:0.01 | SEED:40
Directed Sensitivity: 0.6087
Directed Specificity: 0.8991
Directed Precision: 0.5600
Directed Recall: 0.6087
Undirected Sensitivity: 0.6087
Undirected Specificity: 0.7442
Undirected Precision: 0.5600
Undirected Recall: 0.6087
----------------------------------------
PERCENT:50 | ALPHA:0.01 | SEED:50
Directed Sensitivity: 0.8261
Directed Specificity: 0.9083
Directed Precision: 0.6552
Directed Recall: 0.8261
Undirected Sensitivity: 0.8261
Undirected Specificity: 0.7674
Undirected Precision: 0.6552
Undirected Recall: 0.8261
----------------------------------------
PERCENT:50 | ALPHA:0.01 | SEED:60
Directed Sensitivity: 0.5652
Directed Specificity: 0.9174
Directed Precision: 0.5909
Directed Recall: 0.5652
Undirected Sensitivity: 0.5652
Undirected Specificity: 0.7907
Undirected Precision: 0.5909
Undirected Recall: 0.5652
----------------------------------------
PERCENT:50 | ALPHA:0.01 | SEED:70
Directed Sensitivity: 0.6957
Directed Specificity: 0.8073
Directed Precision: 0.4324
Directed Recall: 0.6957
Undirected Sensitivity: 0.7391
Undirected Specificity: 0.5349
Undirected Precision: 0.4595
Undirected Recall: 0.7391
----------------------------------------
PERCENT:50 | ALPHA:0.01 | SEED:80
Directed Sensitivity: 0.7391
Directed Specificity: 0.8807
Directed Precision: 0.5667
Directed Recall: 0.7391
Undirected Sensitivity: 0.7391
Undirected Specificity: 0.6977
Undirected Precision: 0.5667
Undirected Recall: 0.7391
----------------------------------------
PERCENT:50 | ALPHA:0.01 | SEED:90
Directed Sensitivity: 0.5652
Directed Specificity: 0.8899
Directed Precision: 0.5200
Directed Recall: 0.5652
Undirected Sensitivity: 0.6087
Undirected Specificity: 0.7442
Undirected Precision: 0.5600
Undirected Recall: 0.6087
----------------------------------------
PERCENT:50 | ALPHA:0.01 | SEED:100
Directed Sensitivity: 0.7391
Directed Specificity: 0.8899
Directed Precision: 0.5862
Directed Recall: 0.7391
Undirected Sensitivity: 0.7826
Undirected Specificity: 0.7442
Undirected Precision: 0.6207
Undirected Recall: 0.7826
----------------------------------------
PERCENT:50 | ALPHA:0.01 | SEED:110
Directed Sensitivity: 0.6522
Directed Specificity: 0.8807
Directed Precision: 0.5357
Directed Recall: 0.6522
Undirected Sensitivity: 0.6957
Undirected Specificity: 0.7209
Undirected Precision: 0.5714
Undirected Recall: 0.6957
----------------------------------------
PERCENT:50 | ALPHA:0.01 | SEED:120
Directed Sensitivity: 0.6087
Directed Specificity: 0.8716
Directed Precision: 0.5000
Directed Recall: 0.6087
Undirected Sensitivity: 0.6087
Undirected Specificity: 0.6744
Undirected Precision: 0.5000
Undirected Recall: 0.6087
----------------------------------------
PERCENT:50 | ALPHA:0.01 | SEED:130
Directed Sensitivity: 0.7391
Directed Specificity: 0.8624
Directed Precision: 0.5312
Directed Recall: 0.7391
Undirected Sensitivity: 0.7826
Undirected Specificity: 0.6744
Undirected Precision: 0.5625
Undirected Recall: 0.7826
----------------------------------------
PERCENT:50 | ALPHA:0.01 | SEED:140
Directed Sensitivity: 0.5652
Directed Specificity: 0.8991
Directed Precision: 0.5417
Directed Recall: 0.5652
Undirected Sensitivity: 0.6957
Undirected Specificity: 0.8140
Undirected Precision: 0.6667
Undirected Recall: 0.6957
----------------------------------------
PERCENT:50 | ALPHA:0.01 | SEED:150
Directed Sensitivity: 0.7391
Directed Specificity: 0.8624
Directed Precision: 0.5312
Directed Recall: 0.7391
Undirected Sensitivity: 0.7826
Undirected Specificity: 0.6744
Undirected Precision: 0.5625
Undirected Recall: 0.7826
----------------------------------------
PERCENT:50 | ALPHA:0.01 | SEED:160
Directed Sensitivity: 0.7391
Directed Specificity: 0.8807
Directed Precision: 0.5667
Directed Recall: 0.7391
Undirected Sensitivity: 0.7391
Undirected Specificity: 0.6977
Undirected Precision: 0.5667
Undirected Recall: 0.7391
----------------------------------------
PERCENT:50 | ALPHA:0.01 | SEED:170
Directed Sensitivity: 0.6957
Directed Specificity: 0.8532
Directed Precision: 0.5000
Directed Recall: 0.6957
Undirected Sensitivity: 0.7391
Undirected Specificity: 0.6512
Undirected Precision: 0.5312
Undirected Recall: 0.7391
----------------------------------------
PERCENT:50 | ALPHA:0.01 | SEED:180
Directed Sensitivity: 0.6522
Directed Specificity: 0.8991
Directed Precision: 0.5769
Directed Recall: 0.6522
Undirected Sensitivity: 0.7391
Undirected Specificity: 0.7907
Undirected Precision: 0.6538
Undirected Recall: 0.7391
----------------------------------------
PERCENT:50 | ALPHA:0.01 | SEED:190
Directed Sensitivity: 0.6957
Directed Specificity: 0.9266
Directed Precision: 0.6667
Directed Recall: 0.6957
Undirected Sensitivity: 0.7391
Undirected Specificity: 0.8372
Undirected Precision: 0.7083
Undirected Recall: 0.7391
----------------------------------------
PERCENT:50 | ALPHA:0.01 | SEED:200
Directed Sensitivity: 0.7391
Directed Specificity: 0.8716
Directed Precision: 0.5484
Directed Recall: 0.7391
Undirected Sensitivity: 0.7826
Undirected Specificity: 0.6977
Undirected Precision: 0.5806
Undirected Recall: 0.7826
----------------------------------------
PERCENT:50 | ALPHA:0.01 | SEED:210
Directed Sensitivity: 0.6087
Directed Specificity: 0.9266
Directed Precision: 0.6364
Directed Recall: 0.6087
Undirected Sensitivity: 0.6087
Undirected Specificity: 0.8140
Undirected Precision: 0.6364
Undirected Recall: 0.6087
----------------------------------------
PERCENT:50 | ALPHA:0.01 | SEED:220
Directed Sensitivity: 0.6522
Directed Specificity: 0.8807
Directed Precision: 0.5357
Directed Recall: 0.6522
Undirected Sensitivity: 0.7826
Undirected Specificity: 0.7674
Undirected Precision: 0.6429
Undirected Recall: 0.7826
----------------------------------------
PERCENT:50 | ALPHA:0.01 | SEED:230
Directed Sensitivity: 0.6522
Directed Specificity: 0.9083
Directed Precision: 0.6000
Directed Recall: 0.6522
Undirected Sensitivity: 0.6957
Undirected Specificity: 0.7907
Undirected Precision: 0.6400
Undirected Recall: 0.6957
----------------------------------------
PERCENT:50 | ALPHA:0.01 | SEED:240
Directed Sensitivity: 0.6522
Directed Specificity: 0.8899
Directed Precision: 0.5556
Directed Recall: 0.6522
Undirected Sensitivity: 0.6957
Undirected Specificity: 0.7442
Undirected Precision: 0.5926
Undirected Recall: 0.6957
----------------------------------------
PERCENT:50 | ALPHA:0.01 | SEED:250
Directed Sensitivity: 0.6087
Directed Specificity: 0.8807
Directed Precision: 0.5185
Directed Recall: 0.6087
Undirected Sensitivity: 0.6522
Undirected Specificity: 0.7209
Undirected Precision: 0.5556
Undirected Recall: 0.6522
----------------------------------------
PERCENT:50 | ALPHA:0.01 | SEED:260
Directed Sensitivity: 0.6957
Directed Specificity: 0.8349
Directed Precision: 0.4706
Directed Recall: 0.6957
Undirected Sensitivity: 0.7391
Undirected Specificity: 0.6047
Undirected Precision: 0.5000
Undirected Recall: 0.7391
----------------------------------------
PERCENT:50 | ALPHA:0.01 | SEED:270
Directed Sensitivity: 0.6522
Directed Specificity: 0.8991
Directed Precision: 0.5769
Directed Recall: 0.6522
Undirected Sensitivity: 0.6957
Undirected Specificity: 0.7674
Undirected Precision: 0.6154
Undirected Recall: 0.6957
----------------------------------------
PERCENT:50 | ALPHA:0.01 | SEED:280
Directed Sensitivity: 0.6522
Directed Specificity: 0.8349
Directed Precision: 0.4545
Directed Recall: 0.6522
Undirected Sensitivity: 0.7391
Undirected Specificity: 0.6279
Undirected Precision: 0.5152
Undirected Recall: 0.7391
----------------------------------------
PERCENT:50 | ALPHA:0.01 | SEED:290
Directed Sensitivity: 0.6957
Directed Specificity: 0.8899
Directed Precision: 0.5714
Directed Recall: 0.6957
Undirected Sensitivity: 0.7391
Undirected Specificity: 0.7442
Undirected Precision: 0.6071
Undirected Recall: 0.7391
----------------------------------------
PERCENT:50 | ALPHA:0.01 | SEED:300
Directed Sensitivity: 0.6522
Directed Specificity: 0.8532
Directed Precision: 0.4839
Directed Recall: 0.6522
Undirected Sensitivity: 0.6522
Undirected Specificity: 0.6279
Undirected Precision: 0.4839
Undirected Recall: 0.6522
----------------------------------------
PERCENT:50 | ALPHA:0.05 | SEED:10
Directed Sensitivity: 0.6522
Directed Specificity: 0.8624
Directed Precision: 0.5000
Directed Recall: 0.6522
Undirected Sensitivity: 0.6522
Undirected Specificity: 0.6512
Undirected Precision: 0.5000
Undirected Recall: 0.6522
----------------------------------------
PERCENT:50 | ALPHA:0.05 | SEED:20
Directed Sensitivity: 0.6522
Directed Specificity: 0.8716
Directed Precision: 0.5172
Directed Recall: 0.6522
Undirected Sensitivity: 0.6957
Undirected Specificity: 0.6977
Undirected Precision: 0.5517
Undirected Recall: 0.6957
----------------------------------------
PERCENT:50 | ALPHA:0.05 | SEED:30
Directed Sensitivity: 0.7826
Directed Specificity: 0.8716
Directed Precision: 0.5625
Directed Recall: 0.7826
Undirected Sensitivity: 0.8261
Undirected Specificity: 0.6977
Undirected Precision: 0.5938
Undirected Recall: 0.8261
----------------------------------------
PERCENT:50 | ALPHA:0.05 | SEED:40
Directed Sensitivity: 0.5652
Directed Specificity: 0.8899
Directed Precision: 0.5200
Directed Recall: 0.5652
Undirected Sensitivity: 0.5652
Undirected Specificity: 0.7209
Undirected Precision: 0.5200
Undirected Recall: 0.5652
----------------------------------------
PERCENT:50 | ALPHA:0.05 | SEED:50
Directed Sensitivity: 0.6957
Directed Specificity: 0.9083
Directed Precision: 0.6154
Directed Recall: 0.6957
Undirected Sensitivity: 0.7391
Undirected Specificity: 0.7907
Undirected Precision: 0.6538
Undirected Recall: 0.7391
----------------------------------------
PERCENT:50 | ALPHA:0.05 | SEED:60
Directed Sensitivity: 0.6087
Directed Specificity: 0.8899
Directed Precision: 0.5385
Directed Recall: 0.6087
Undirected Sensitivity: 0.6957
Undirected Specificity: 0.7674
Undirected Precision: 0.6154
Undirected Recall: 0.6957
----------------------------------------
PERCENT:50 | ALPHA:0.05 | SEED:70
Directed Sensitivity: 0.6957
Directed Specificity: 0.8165
Directed Precision: 0.4444
Directed Recall: 0.6957
Undirected Sensitivity: 0.7391
Undirected Specificity: 0.5581
Undirected Precision: 0.4722
Undirected Recall: 0.7391
----------------------------------------
PERCENT:50 | ALPHA:0.05 | SEED:80
Directed Sensitivity: 0.7391
Directed Specificity: 0.8807
Directed Precision: 0.5667
Directed Recall: 0.7391
Undirected Sensitivity: 0.7391
Undirected Specificity: 0.6977
Undirected Precision: 0.5667
Undirected Recall: 0.7391
----------------------------------------
PERCENT:50 | ALPHA:0.05 | SEED:90
Directed Sensitivity: 0.5652
Directed Specificity: 0.8899
Directed Precision: 0.5200
Directed Recall: 0.5652
Undirected Sensitivity: 0.6087
Undirected Specificity: 0.7442
Undirected Precision: 0.5600
Undirected Recall: 0.6087
----------------------------------------
PERCENT:50 | ALPHA:0.05 | SEED:100
Directed Sensitivity: 0.7391
Directed Specificity: 0.8991
Directed Precision: 0.6071
Directed Recall: 0.7391
Undirected Sensitivity: 0.7826
Undirected Specificity: 0.7674
Undirected Precision: 0.6429
Undirected Recall: 0.7826
----------------------------------------
PERCENT:50 | ALPHA:0.05 | SEED:110
Directed Sensitivity: 0.6522
Directed Specificity: 0.9174
Directed Precision: 0.6250
Directed Recall: 0.6522
Undirected Sensitivity: 0.7391
Undirected Specificity: 0.8372
Undirected Precision: 0.7083
Undirected Recall: 0.7391
----------------------------------------
PERCENT:50 | ALPHA:0.05 | SEED:120
Directed Sensitivity: 0.5217
Directed Specificity: 0.8716
Directed Precision: 0.4615
Directed Recall: 0.5217
Undirected Sensitivity: 0.5217
Undirected Specificity: 0.6744
Undirected Precision: 0.4615
Undirected Recall: 0.5217
----------------------------------------
PERCENT:50 | ALPHA:0.05 | SEED:130
Directed Sensitivity: 0.7826
Directed Specificity: 0.8807
Directed Precision: 0.5806
Directed Recall: 0.7826
Undirected Sensitivity: 0.7826
Undirected Specificity: 0.6977
Undirected Precision: 0.5806
Undirected Recall: 0.7826
----------------------------------------
PERCENT:50 | ALPHA:0.05 | SEED:140
Directed Sensitivity: 0.5217
Directed Specificity: 0.8716
Directed Precision: 0.4615
Directed Recall: 0.5217
Undirected Sensitivity: 0.6087
Undirected Specificity: 0.7209
Undirected Precision: 0.5385
Undirected Recall: 0.6087
----------------------------------------
PERCENT:50 | ALPHA:0.05 | SEED:150
Directed Sensitivity: 0.6522
Directed Specificity: 0.8532
Directed Precision: 0.4839
Directed Recall: 0.6522
Undirected Sensitivity: 0.6957
Undirected Specificity: 0.6512
Undirected Precision: 0.5161
Undirected Recall: 0.6957
----------------------------------------
PERCENT:50 | ALPHA:0.05 | SEED:160
Directed Sensitivity: 0.7391
Directed Specificity: 0.8807
Directed Precision: 0.5667
Directed Recall: 0.7391
Undirected Sensitivity: 0.7391
Undirected Specificity: 0.6977
Undirected Precision: 0.5667
Undirected Recall: 0.7391
----------------------------------------
PERCENT:50 | ALPHA:0.05 | SEED:170
Directed Sensitivity: 0.6087
Directed Specificity: 0.8716
Directed Precision: 0.5000
Directed Recall: 0.6087
Undirected Sensitivity: 0.6957
Undirected Specificity: 0.7209
Undirected Precision: 0.5714
Undirected Recall: 0.6957
----------------------------------------
PERCENT:50 | ALPHA:0.05 | SEED:180
Directed Sensitivity: 0.6957
Directed Specificity: 0.9266
Directed Precision: 0.6667
Directed Recall: 0.6957
Undirected Sensitivity: 0.7391
Undirected Specificity: 0.8372
Undirected Precision: 0.7083
Undirected Recall: 0.7391
----------------------------------------
PERCENT:50 | ALPHA:0.05 | SEED:190
Directed Sensitivity: 0.7391
Directed Specificity: 0.9266
Directed Precision: 0.6800
Directed Recall: 0.7391
Undirected Sensitivity: 0.7826
Undirected Specificity: 0.8372
Undirected Precision: 0.7200
Undirected Recall: 0.7826
----------------------------------------
PERCENT:50 | ALPHA:0.05 | SEED:200
Directed Sensitivity: 0.7391
Directed Specificity: 0.8624
Directed Precision: 0.5312
Directed Recall: 0.7391
Undirected Sensitivity: 0.7826
Undirected Specificity: 0.6744
Undirected Precision: 0.5625
Undirected Recall: 0.7826
----------------------------------------
PERCENT:50 | ALPHA:0.05 | SEED:210
Directed Sensitivity: 0.6087
Directed Specificity: 0.9266
Directed Precision: 0.6364
Directed Recall: 0.6087
Undirected Sensitivity: 0.6087
Undirected Specificity: 0.8140
Undirected Precision: 0.6364
Undirected Recall: 0.6087
----------------------------------------
PERCENT:50 | ALPHA:0.05 | SEED:220
Directed Sensitivity: 0.6957
Directed Specificity: 0.8716
Directed Precision: 0.5333
Directed Recall: 0.6957
Undirected Sensitivity: 0.8261
Undirected Specificity: 0.7442
Undirected Precision: 0.6333
Undirected Recall: 0.8261
----------------------------------------
PERCENT:50 | ALPHA:0.05 | SEED:230
Directed Sensitivity: 0.6522
Directed Specificity: 0.9083
Directed Precision: 0.6000
Directed Recall: 0.6522
Undirected Sensitivity: 0.7391
Undirected Specificity: 0.8140
Undirected Precision: 0.6800
Undirected Recall: 0.7391
----------------------------------------
PERCENT:50 | ALPHA:0.05 | SEED:240
Directed Sensitivity: 0.6522
Directed Specificity: 0.8899
Directed Precision: 0.5556
Directed Recall: 0.6522
Undirected Sensitivity: 0.6957
Undirected Specificity: 0.7442
Undirected Precision: 0.5926
Undirected Recall: 0.6957
----------------------------------------
PERCENT:50 | ALPHA:0.05 | SEED:250
Directed Sensitivity: 0.6087
Directed Specificity: 0.8257
Directed Precision: 0.4242
Directed Recall: 0.6087
Undirected Sensitivity: 0.6957
Undirected Specificity: 0.6047
Undirected Precision: 0.4848
Undirected Recall: 0.6957
----------------------------------------
PERCENT:50 | ALPHA:0.05 | SEED:260
Directed Sensitivity: 0.6087
Directed Specificity: 0.8349
Directed Precision: 0.4375
Directed Recall: 0.6087
Undirected Sensitivity: 0.6957
Undirected Specificity: 0.6279
Undirected Precision: 0.5000
Undirected Recall: 0.6957
----------------------------------------
PERCENT:50 | ALPHA:0.05 | SEED:270
Directed Sensitivity: 0.6957
Directed Specificity: 0.8716
Directed Precision: 0.5333
Directed Recall: 0.6957
Undirected Sensitivity: 0.7826
Undirected Specificity: 0.7209
Undirected Precision: 0.6000
Undirected Recall: 0.7826
----------------------------------------
PERCENT:50 | ALPHA:0.05 | SEED:280
Directed Sensitivity: 0.6522
Directed Specificity: 0.8807
Directed Precision: 0.5357
Directed Recall: 0.6522
Undirected Sensitivity: 0.6957
Undirected Specificity: 0.7209
Undirected Precision: 0.5714
Undirected Recall: 0.6957
----------------------------------------
PERCENT:50 | ALPHA:0.05 | SEED:290
Directed Sensitivity: 0.6522
Directed Specificity: 0.8807
Directed Precision: 0.5357
Directed Recall: 0.6522
Undirected Sensitivity: 0.6522
Undirected Specificity: 0.6977
Undirected Precision: 0.5357
Undirected Recall: 0.6522
----------------------------------------
PERCENT:50 | ALPHA:0.05 | SEED:300
Directed Sensitivity: 0.6087
Directed Specificity: 0.8532
Directed Precision: 0.4667
Directed Recall: 0.6087
Undirected Sensitivity: 0.6522
Undirected Specificity: 0.6512
Undirected Precision: 0.5000
Undirected Recall: 0.6522
----------------------------------------
PERCENT:50 | ALPHA:0.1 | SEED:10
Directed Sensitivity: 0.6957
Directed Specificity: 0.8716
Directed Precision: 0.5333
Directed Recall: 0.6957
Undirected Sensitivity: 0.6957
Undirected Specificity: 0.6744
Undirected Precision: 0.5333
Undirected Recall: 0.6957
----------------------------------------
PERCENT:50 | ALPHA:0.1 | SEED:20
Directed Sensitivity: 0.6522
Directed Specificity: 0.8624
Directed Precision: 0.5000
Directed Recall: 0.6522
Undirected Sensitivity: 0.6957
Undirected Specificity: 0.6744
Undirected Precision: 0.5333
Undirected Recall: 0.6957
----------------------------------------
PERCENT:50 | ALPHA:0.1 | SEED:30
Directed Sensitivity: 0.6522
Directed Specificity: 0.8624
Directed Precision: 0.5000
Directed Recall: 0.6522
Undirected Sensitivity: 0.7391
Undirected Specificity: 0.6977
Undirected Precision: 0.5667
Undirected Recall: 0.7391
----------------------------------------
PERCENT:50 | ALPHA:0.1 | SEED:40
Directed Sensitivity: 0.5652
Directed Specificity: 0.8807
Directed Precision: 0.5000
Directed Recall: 0.5652
Undirected Sensitivity: 0.5652
Undirected Specificity: 0.6977
Undirected Precision: 0.5000
Undirected Recall: 0.5652
----------------------------------------
PERCENT:50 | ALPHA:0.1 | SEED:50
Directed Sensitivity: 0.8261
Directed Specificity: 0.8991
Directed Precision: 0.6333
Directed Recall: 0.8261
Undirected Sensitivity: 0.8261
Undirected Specificity: 0.7442
Undirected Precision: 0.6333
Undirected Recall: 0.8261
----------------------------------------
PERCENT:50 | ALPHA:0.1 | SEED:60
Directed Sensitivity: 0.5652
Directed Specificity: 0.8807
Directed Precision: 0.5000
Directed Recall: 0.5652
Undirected Sensitivity: 0.6087
Undirected Specificity: 0.7209
Undirected Precision: 0.5385
Undirected Recall: 0.6087
----------------------------------------
PERCENT:50 | ALPHA:0.1 | SEED:70
Directed Sensitivity: 0.7391
Directed Specificity: 0.8165
Directed Precision: 0.4595
Directed Recall: 0.7391
Undirected Sensitivity: 0.7391
Undirected Specificity: 0.5349
Undirected Precision: 0.4595
Undirected Recall: 0.7391
----------------------------------------
PERCENT:50 | ALPHA:0.1 | SEED:80
Directed Sensitivity: 0.8261
Directed Specificity: 0.8716
Directed Precision: 0.5758
Directed Recall: 0.8261
Undirected Sensitivity: 0.8261
Undirected Specificity: 0.6744
Undirected Precision: 0.5758
Undirected Recall: 0.8261
----------------------------------------
PERCENT:50 | ALPHA:0.1 | SEED:90
Directed Sensitivity: 0.5652
Directed Specificity: 0.8807
Directed Precision: 0.5000
Directed Recall: 0.5652
Undirected Sensitivity: 0.5652
Undirected Specificity: 0.6977
Undirected Precision: 0.5000
Undirected Recall: 0.5652
----------------------------------------
PERCENT:50 | ALPHA:0.1 | SEED:100
Directed Sensitivity: 0.7391
Directed Specificity: 0.8991
Directed Precision: 0.6071
Directed Recall: 0.7391
Undirected Sensitivity: 0.7826
Undirected Specificity: 0.7674
Undirected Precision: 0.6429
Undirected Recall: 0.7826
----------------------------------------
PERCENT:50 | ALPHA:0.1 | SEED:110
Directed Sensitivity: 0.6087
Directed Specificity: 0.8991
Directed Precision: 0.5600
Directed Recall: 0.6087
Undirected Sensitivity: 0.7391
Undirected Specificity: 0.8140
Undirected Precision: 0.6800
Undirected Recall: 0.7391
----------------------------------------
PERCENT:50 | ALPHA:0.1 | SEED:120
Directed Sensitivity: 0.6087
Directed Specificity: 0.8532
Directed Precision: 0.4667
Directed Recall: 0.6087
Undirected Sensitivity: 0.6087
Undirected Specificity: 0.6279
Undirected Precision: 0.4667
Undirected Recall: 0.6087
----------------------------------------
PERCENT:50 | ALPHA:0.1 | SEED:130
Directed Sensitivity: 0.8261
Directed Specificity: 0.8624
Directed Precision: 0.5588
Directed Recall: 0.8261
Undirected Sensitivity: 0.8261
Undirected Specificity: 0.6512
Undirected Precision: 0.5588
Undirected Recall: 0.8261
----------------------------------------
PERCENT:50 | ALPHA:0.1 | SEED:140
Directed Sensitivity: 0.5217
Directed Specificity: 0.8532
Directed Precision: 0.4286
Directed Recall: 0.5217
Undirected Sensitivity: 0.6957
Undirected Specificity: 0.7209
Undirected Precision: 0.5714
Undirected Recall: 0.6957
----------------------------------------
PERCENT:50 | ALPHA:0.1 | SEED:150
Directed Sensitivity: 0.6087
Directed Specificity: 0.8807
Directed Precision: 0.5185
Directed Recall: 0.6087
Undirected Sensitivity: 0.6522
Undirected Specificity: 0.7209
Undirected Precision: 0.5556
Undirected Recall: 0.6522
----------------------------------------
PERCENT:50 | ALPHA:0.1 | SEED:160
Directed Sensitivity: 0.7391
Directed Specificity: 0.8807
Directed Precision: 0.5667
Directed Recall: 0.7391
Undirected Sensitivity: 0.7391
Undirected Specificity: 0.6977
Undirected Precision: 0.5667
Undirected Recall: 0.7391
----------------------------------------
PERCENT:50 | ALPHA:0.1 | SEED:170
Directed Sensitivity: 0.6087
Directed Specificity: 0.8716
Directed Precision: 0.5000
Directed Recall: 0.6087
Undirected Sensitivity: 0.6957
Undirected Specificity: 0.7209
Undirected Precision: 0.5714
Undirected Recall: 0.6957
----------------------------------------
PERCENT:50 | ALPHA:0.1 | SEED:180
Directed Sensitivity: 0.7391
Directed Specificity: 0.8991
Directed Precision: 0.6071
Directed Recall: 0.7391
Undirected Sensitivity: 0.8261
Undirected Specificity: 0.7907
Undirected Precision: 0.6786
Undirected Recall: 0.8261
----------------------------------------
PERCENT:50 | ALPHA:0.1 | SEED:190
Directed Sensitivity: 0.6087
Directed Specificity: 0.9358
Directed Precision: 0.6667
Directed Recall: 0.6087
Undirected Sensitivity: 0.6087
Undirected Specificity: 0.8372
Undirected Precision: 0.6667
Undirected Recall: 0.6087
----------------------------------------
PERCENT:50 | ALPHA:0.1 | SEED:200
Directed Sensitivity: 0.6957
Directed Specificity: 0.8440
Directed Precision: 0.4848
Directed Recall: 0.6957
Undirected Sensitivity: 0.7826
Undirected Specificity: 0.6512
Undirected Precision: 0.5455
Undirected Recall: 0.7826
----------------------------------------
PERCENT:50 | ALPHA:0.1 | SEED:210
Directed Sensitivity: 0.6522
Directed Specificity: 0.8991
Directed Precision: 0.5769
Directed Recall: 0.6522
Undirected Sensitivity: 0.6522
Undirected Specificity: 0.7442
Undirected Precision: 0.5769
Undirected Recall: 0.6522
----------------------------------------
PERCENT:50 | ALPHA:0.1 | SEED:220
Directed Sensitivity: 0.6957
Directed Specificity: 0.8716
Directed Precision: 0.5333
Directed Recall: 0.6957
Undirected Sensitivity: 0.8261
Undirected Specificity: 0.7442
Undirected Precision: 0.6333
Undirected Recall: 0.8261
----------------------------------------
PERCENT:50 | ALPHA:0.1 | SEED:230
Directed Sensitivity: 0.6957
Directed Specificity: 0.8899
Directed Precision: 0.5714
Directed Recall: 0.6957
Undirected Sensitivity: 0.7826
Undirected Specificity: 0.7674
Undirected Precision: 0.6429
Undirected Recall: 0.7826
----------------------------------------
PERCENT:50 | ALPHA:0.1 | SEED:240
Directed Sensitivity: 0.6522
Directed Specificity: 0.8899
Directed Precision: 0.5556
Directed Recall: 0.6522
Undirected Sensitivity: 0.7391
Undirected Specificity: 0.7674
Undirected Precision: 0.6296
Undirected Recall: 0.7391
----------------------------------------
PERCENT:50 | ALPHA:0.1 | SEED:250
Directed Sensitivity: 0.5652
Directed Specificity: 0.8624
Directed Precision: 0.4643
Directed Recall: 0.5652
Undirected Sensitivity: 0.5652
Undirected Specificity: 0.6512
Undirected Precision: 0.4643
Undirected Recall: 0.5652
----------------------------------------
PERCENT:50 | ALPHA:0.1 | SEED:260
Directed Sensitivity: 0.6522
Directed Specificity: 0.8165
Directed Precision: 0.4286
Directed Recall: 0.6522
Undirected Sensitivity: 0.7391
Undirected Specificity: 0.5814
Undirected Precision: 0.4857
Undirected Recall: 0.7391
----------------------------------------
PERCENT:50 | ALPHA:0.1 | SEED:270
Directed Sensitivity: 0.6957
Directed Specificity: 0.8807
Directed Precision: 0.5517
Directed Recall: 0.6957
Undirected Sensitivity: 0.7826
Undirected Specificity: 0.7442
Undirected Precision: 0.6207
Undirected Recall: 0.7826
----------------------------------------
PERCENT:50 | ALPHA:0.1 | SEED:280
Directed Sensitivity: 0.6957
Directed Specificity: 0.8532
Directed Precision: 0.5000
Directed Recall: 0.6957
Undirected Sensitivity: 0.7391
Undirected Specificity: 0.6512
Undirected Precision: 0.5312
Undirected Recall: 0.7391
----------------------------------------
PERCENT:50 | ALPHA:0.1 | SEED:290
Directed Sensitivity: 0.6522
Directed Specificity: 0.8899
Directed Precision: 0.5556
Directed Recall: 0.6522
Undirected Sensitivity: 0.6957
Undirected Specificity: 0.7442
Undirected Precision: 0.5926
Undirected Recall: 0.6957
----------------------------------------
PERCENT:50 | ALPHA:0.1 | SEED:300
Directed Sensitivity: 0.6522
Directed Specificity: 0.8440
Directed Precision: 0.4688
Directed Recall: 0.6522
Undirected Sensitivity: 0.6522
Undirected Specificity: 0.6047
Undirected Precision: 0.4688
Undirected Recall: 0.6522
----------------------------------------
PERCENT:50 | ALPHA:0.2 | SEED:10
Directed Sensitivity: 0.6957
Directed Specificity: 0.8899
Directed Precision: 0.5714
Directed Recall: 0.6957
Undirected Sensitivity: 0.6957
Undirected Specificity: 0.7209
Undirected Precision: 0.5714
Undirected Recall: 0.6957
----------------------------------------
PERCENT:50 | ALPHA:0.2 | SEED:20
Directed Sensitivity: 0.6522
Directed Specificity: 0.8899
Directed Precision: 0.5556
Directed Recall: 0.6522
Undirected Sensitivity: 0.6957
Undirected Specificity: 0.7442
Undirected Precision: 0.5926
Undirected Recall: 0.6957
----------------------------------------
PERCENT:50 | ALPHA:0.2 | SEED:30
Directed Sensitivity: 0.6957
Directed Specificity: 0.8899
Directed Precision: 0.5714
Directed Recall: 0.6957
Undirected Sensitivity: 0.7826
Undirected Specificity: 0.7674
Undirected Precision: 0.6429
Undirected Recall: 0.7826
----------------------------------------
PERCENT:50 | ALPHA:0.2 | SEED:40
Directed Sensitivity: 0.5217
Directed Specificity: 0.8807
Directed Precision: 0.4800
Directed Recall: 0.5217
Undirected Sensitivity: 0.5217
Undirected Specificity: 0.6977
Undirected Precision: 0.4800
Undirected Recall: 0.5217
----------------------------------------
PERCENT:50 | ALPHA:0.2 | SEED:50
Directed Sensitivity: 0.7391
Directed Specificity: 0.8991
Directed Precision: 0.6071
Directed Recall: 0.7391
Undirected Sensitivity: 0.7826
Undirected Specificity: 0.7674
Undirected Precision: 0.6429
Undirected Recall: 0.7826
----------------------------------------
PERCENT:50 | ALPHA:0.2 | SEED:60
Directed Sensitivity: 0.5652
Directed Specificity: 0.8716
Directed Precision: 0.4815
Directed Recall: 0.5652
Undirected Sensitivity: 0.6522
Undirected Specificity: 0.7209
Undirected Precision: 0.5556
Undirected Recall: 0.6522
----------------------------------------
PERCENT:50 | ALPHA:0.2 | SEED:70
Directed Sensitivity: 0.6957
Directed Specificity: 0.8165
Directed Precision: 0.4444
Directed Recall: 0.6957
Undirected Sensitivity: 0.7391
Undirected Specificity: 0.5581
Undirected Precision: 0.4722
Undirected Recall: 0.7391
----------------------------------------
PERCENT:50 | ALPHA:0.2 | SEED:80
Directed Sensitivity: 0.7391
Directed Specificity: 0.8807
Directed Precision: 0.5667
Directed Recall: 0.7391
Undirected Sensitivity: 0.7391
Undirected Specificity: 0.6977
Undirected Precision: 0.5667
Undirected Recall: 0.7391
----------------------------------------
PERCENT:50 | ALPHA:0.2 | SEED:90
Directed Sensitivity: 0.5652
Directed Specificity: 0.8716
Directed Precision: 0.4815
Directed Recall: 0.5652
Undirected Sensitivity: 0.5652
Undirected Specificity: 0.6744
Undirected Precision: 0.4815
Undirected Recall: 0.5652
----------------------------------------
PERCENT:50 | ALPHA:0.2 | SEED:100
Directed Sensitivity: 0.7391
Directed Specificity: 0.8899
Directed Precision: 0.5862
Directed Recall: 0.7391
Undirected Sensitivity: 0.7826
Undirected Specificity: 0.7442
Undirected Precision: 0.6207
Undirected Recall: 0.7826
----------------------------------------
PERCENT:50 | ALPHA:0.2 | SEED:110
Directed Sensitivity: 0.6087
Directed Specificity: 0.8807
Directed Precision: 0.5185
Directed Recall: 0.6087
Undirected Sensitivity: 0.7391
Undirected Specificity: 0.7674
Undirected Precision: 0.6296
Undirected Recall: 0.7391
----------------------------------------
PERCENT:50 | ALPHA:0.2 | SEED:120
Directed Sensitivity: 0.6087
Directed Specificity: 0.8257
Directed Precision: 0.4242
Directed Recall: 0.6087
Undirected Sensitivity: 0.6522
Undirected Specificity: 0.5814
Undirected Precision: 0.4545
Undirected Recall: 0.6522
----------------------------------------
PERCENT:50 | ALPHA:0.2 | SEED:130
Directed Sensitivity: 0.7826
Directed Specificity: 0.8807
Directed Precision: 0.5806
Directed Recall: 0.7826
Undirected Sensitivity: 0.7826
Undirected Specificity: 0.6977
Undirected Precision: 0.5806
Undirected Recall: 0.7826
----------------------------------------
PERCENT:50 | ALPHA:0.2 | SEED:140
Directed Sensitivity: 0.5652
Directed Specificity: 0.8807
Directed Precision: 0.5000
Directed Recall: 0.5652
Undirected Sensitivity: 0.6522
Undirected Specificity: 0.7442
Undirected Precision: 0.5769
Undirected Recall: 0.6522
----------------------------------------
PERCENT:50 | ALPHA:0.2 | SEED:150
Directed Sensitivity: 0.6087
Directed Specificity: 0.8807
Directed Precision: 0.5185
Directed Recall: 0.6087
Undirected Sensitivity: 0.6522
Undirected Specificity: 0.7209
Undirected Precision: 0.5556
Undirected Recall: 0.6522
----------------------------------------
PERCENT:50 | ALPHA:0.2 | SEED:160
Directed Sensitivity: 0.7391
Directed Specificity: 0.8807
Directed Precision: 0.5667
Directed Recall: 0.7391
Undirected Sensitivity: 0.7391
Undirected Specificity: 0.6977
Undirected Precision: 0.5667
Undirected Recall: 0.7391
----------------------------------------
PERCENT:50 | ALPHA:0.2 | SEED:170
Directed Sensitivity: 0.7391
Directed Specificity: 0.8624
Directed Precision: 0.5312
Directed Recall: 0.7391
Undirected Sensitivity: 0.8261
Undirected Specificity: 0.6977
Undirected Precision: 0.5938
Undirected Recall: 0.8261
----------------------------------------
PERCENT:50 | ALPHA:0.2 | SEED:180
Directed Sensitivity: 0.6957
Directed Specificity: 0.8991
Directed Precision: 0.5926
Directed Recall: 0.6957
Undirected Sensitivity: 0.7391
Undirected Specificity: 0.7674
Undirected Precision: 0.6296
Undirected Recall: 0.7391
----------------------------------------
PERCENT:50 | ALPHA:0.2 | SEED:190
Directed Sensitivity: 0.7391
Directed Specificity: 0.9358
Directed Precision: 0.7083
Directed Recall: 0.7391
Undirected Sensitivity: 0.7391
Undirected Specificity: 0.8372
Undirected Precision: 0.7083
Undirected Recall: 0.7391
----------------------------------------
PERCENT:50 | ALPHA:0.2 | SEED:200
Directed Sensitivity: 0.7391
Directed Specificity: 0.8532
Directed Precision: 0.5152
Directed Recall: 0.7391
Undirected Sensitivity: 0.7391
Undirected Specificity: 0.6279
Undirected Precision: 0.5152
Undirected Recall: 0.7391
----------------------------------------
PERCENT:50 | ALPHA:0.2 | SEED:210
Directed Sensitivity: 0.6522
Directed Specificity: 0.9083
Directed Precision: 0.6000
Directed Recall: 0.6522
Undirected Sensitivity: 0.6522
Undirected Specificity: 0.7674
Undirected Precision: 0.6000
Undirected Recall: 0.6522
----------------------------------------
PERCENT:50 | ALPHA:0.2 | SEED:220
Directed Sensitivity: 0.6087
Directed Specificity: 0.8532
Directed Precision: 0.4667
Directed Recall: 0.6087
Undirected Sensitivity: 0.7826
Undirected Specificity: 0.7209
Undirected Precision: 0.6000
Undirected Recall: 0.7826
----------------------------------------
PERCENT:50 | ALPHA:0.2 | SEED:230
Directed Sensitivity: 0.6522
Directed Specificity: 0.9083
Directed Precision: 0.6000
Directed Recall: 0.6522
Undirected Sensitivity: 0.6957
Undirected Specificity: 0.7907
Undirected Precision: 0.6400
Undirected Recall: 0.6957
----------------------------------------
PERCENT:50 | ALPHA:0.2 | SEED:240
Directed Sensitivity: 0.6522
Directed Specificity: 0.8716
Directed Precision: 0.5172
Directed Recall: 0.6522
Undirected Sensitivity: 0.6522
Undirected Specificity: 0.6744
Undirected Precision: 0.5172
Undirected Recall: 0.6522
----------------------------------------
PERCENT:50 | ALPHA:0.2 | SEED:250
Directed Sensitivity: 0.6087
Directed Specificity: 0.8349
Directed Precision: 0.4375
Directed Recall: 0.6087
Undirected Sensitivity: 0.6522
Undirected Specificity: 0.6047
Undirected Precision: 0.4688
Undirected Recall: 0.6522
----------------------------------------
PERCENT:50 | ALPHA:0.2 | SEED:260
Directed Sensitivity: 0.7391
Directed Specificity: 0.8349
Directed Precision: 0.4857
Directed Recall: 0.7391
Undirected Sensitivity: 0.7826
Undirected Specificity: 0.6047
Undirected Precision: 0.5143
Undirected Recall: 0.7826
----------------------------------------
PERCENT:50 | ALPHA:0.2 | SEED:270
Directed Sensitivity: 0.6522
Directed Specificity: 0.9174
Directed Precision: 0.6250
Directed Recall: 0.6522
Undirected Sensitivity: 0.6957
Undirected Specificity: 0.8140
Undirected Precision: 0.6667
Undirected Recall: 0.6957
----------------------------------------
PERCENT:50 | ALPHA:0.2 | SEED:280
Directed Sensitivity: 0.6522
Directed Specificity: 0.8440
Directed Precision: 0.4688
Directed Recall: 0.6522
Undirected Sensitivity: 0.7391
Undirected Specificity: 0.6512
Undirected Precision: 0.5312
Undirected Recall: 0.7391
----------------------------------------
PERCENT:50 | ALPHA:0.2 | SEED:290
Directed Sensitivity: 0.6087
Directed Specificity: 0.8807
Directed Precision: 0.5185
Directed Recall: 0.6087
Undirected Sensitivity: 0.6087
Undirected Specificity: 0.6977
Undirected Precision: 0.5185
Undirected Recall: 0.6087
----------------------------------------
PERCENT:50 | ALPHA:0.2 | SEED:300
Directed Sensitivity: 0.6522
Directed Specificity: 0.8532
Directed Precision: 0.4839
Directed Recall: 0.6522
Undirected Sensitivity: 0.6522
Undirected Specificity: 0.6279
Undirected Precision: 0.4839
Undirected Recall: 0.6522
----------------------------------------
