SEED:10
Directed Sensitivity: 0.3913
Directed Specificity: 0.8257
Directed Precision: 0.3214
Directed Recall:    0.3913
-------------------------
Undirected Sensitivity: 0.6957
Undirected Specificity: 0.7209
Undirected Precision: 0.5714
Undirected Recall:    0.6957
----------------------------------------
SEED:20
Directed Sensitivity: 0.3913
Directed Specificity: 0.8257
Directed Precision: 0.3214
Directed Recall:    0.3913
-------------------------
Undirected Sensitivity: 0.6957
Undirected Specificity: 0.7209
Undirected Precision: 0.5714
Undirected Recall:    0.6957
----------------------------------------
SEED:30
Directed Sensitivity: 0.4783
Directed Specificity: 0.8624
Directed Precision: 0.4231
Directed Recall:    0.4783
-------------------------
Undirected Sensitivity: 0.6522
Undirected Specificity: 0.7442
Undirected Precision: 0.5769
Undirected Recall:    0.6522
----------------------------------------
SEED:40
Directed Sensitivity: 0.3913
Directed Specificity: 0.8257
Directed Precision: 0.3214
Directed Recall:    0.3913
-------------------------
Undirected Sensitivity: 0.6957
Undirected Specificity: 0.7209
Undirected Precision: 0.5714
Undirected Recall:    0.6957
----------------------------------------
SEED:50
Directed Sensitivity: 0.3913
Directed Specificity: 0.8257
Directed Precision: 0.3214
Directed Recall:    0.3913
-------------------------
Undirected Sensitivity: 0.6957
Undirected Specificity: 0.7209
Undirected Precision: 0.5714
Undirected Recall:    0.6957
----------------------------------------
SEED:60
Directed Sensitivity: 0.3913
Directed Specificity: 0.8257
Directed Precision: 0.3214
Directed Recall:    0.3913
-------------------------
Undirected Sensitivity: 0.6957
Undirected Specificity: 0.7209
Undirected Precision: 0.5714
Undirected Recall:    0.6957
----------------------------------------
SEED:70
Directed Sensitivity: 0.3913
Directed Specificity: 0.8257
Directed Precision: 0.3214
Directed Recall:    0.3913
-------------------------
Undirected Sensitivity: 0.6957
Undirected Specificity: 0.7209
Undirected Precision: 0.5714
Undirected Recall:    0.6957
----------------------------------------
SEED:80
Directed Sensitivity: 0.3913
Directed Specificity: 0.8257
Directed Precision: 0.3214
Directed Recall:    0.3913
-------------------------
Undirected Sensitivity: 0.6957
Undirected Specificity: 0.7209
Undirected Precision: 0.5714
Undirected Recall:    0.6957
----------------------------------------
SEED:90
Directed Sensitivity: 0.3913
Directed Specificity: 0.8257
Directed Precision: 0.3214
Directed Recall:    0.3913
-------------------------
Undirected Sensitivity: 0.6957
Undirected Specificity: 0.7209
Undirected Precision: 0.5714
Undirected Recall:    0.6957
----------------------------------------
SEED:100
Directed Sensitivity: 0.3913
Directed Specificity: 0.8257
Directed Precision: 0.3214
Directed Recall:    0.3913
-------------------------
Undirected Sensitivity: 0.6957
Undirected Specificity: 0.7209
Undirected Precision: 0.5714
Undirected Recall:    0.6957
----------------------------------------
SEED:110
Directed Sensitivity: 0.3913
Directed Specificity: 0.8257
Directed Precision: 0.3214
Directed Recall:    0.3913
-------------------------
Undirected Sensitivity: 0.6957
Undirected Specificity: 0.7209
Undirected Precision: 0.5714
Undirected Recall:    0.6957
----------------------------------------
SEED:120
Directed Sensitivity: 0.3913
Directed Specificity: 0.8257
Directed Precision: 0.3214
Directed Recall:    0.3913
-------------------------
Undirected Sensitivity: 0.6957
Undirected Specificity: 0.7209
Undirected Precision: 0.5714
Undirected Recall:    0.6957
----------------------------------------
SEED:130
Directed Sensitivity: 0.3913
Directed Specificity: 0.8257
Directed Precision: 0.3214
Directed Recall:    0.3913
-------------------------
Undirected Sensitivity: 0.6957
Undirected Specificity: 0.7209
Undirected Precision: 0.5714
Undirected Recall:    0.6957
----------------------------------------
SEED:140
Directed Sensitivity: 0.3913
Directed Specificity: 0.8257
Directed Precision: 0.3214
Directed Recall:    0.3913
-------------------------
Undirected Sensitivity: 0.6957
Undirected Specificity: 0.7209
Undirected Precision: 0.5714
Undirected Recall:    0.6957
----------------------------------------
SEED:150
Directed Sensitivity: 0.3913
Directed Specificity: 0.8257
Directed Precision: 0.3214
Directed Recall:    0.3913
-------------------------
Undirected Sensitivity: 0.6957
Undirected Specificity: 0.7209
Undirected Precision: 0.5714
Undirected Recall:    0.6957
----------------------------------------
SEED:160
Directed Sensitivity: 0.3913
Directed Specificity: 0.8257
Directed Precision: 0.3214
Directed Recall:    0.3913
-------------------------
Undirected Sensitivity: 0.6957
Undirected Specificity: 0.7209
Undirected Precision: 0.5714
Undirected Recall:    0.6957
----------------------------------------
SEED:170
Directed Sensitivity: 0.3913
Directed Specificity: 0.8257
Directed Precision: 0.3214
Directed Recall:    0.3913
-------------------------
Undirected Sensitivity: 0.6957
Undirected Specificity: 0.7209
Undirected Precision: 0.5714
Undirected Recall:    0.6957
----------------------------------------
SEED:180
Directed Sensitivity: 0.3913
Directed Specificity: 0.8257
Directed Precision: 0.3214
Directed Recall:    0.3913
-------------------------
Undirected Sensitivity: 0.6957
Undirected Specificity: 0.7209
Undirected Precision: 0.5714
Undirected Recall:    0.6957
----------------------------------------
SEED:190
Directed Sensitivity: 0.3913
Directed Specificity: 0.8257
Directed Precision: 0.3214
Directed Recall:    0.3913
-------------------------
Undirected Sensitivity: 0.6957
Undirected Specificity: 0.7209
Undirected Precision: 0.5714
Undirected Recall:    0.6957
----------------------------------------
SEED:200
Directed Sensitivity: 0.3913
Directed Specificity: 0.8257
Directed Precision: 0.3214
Directed Recall:    0.3913
-------------------------
Undirected Sensitivity: 0.6957
Undirected Specificity: 0.7209
Undirected Precision: 0.5714
Undirected Recall:    0.6957
----------------------------------------
SEED:210
Directed Sensitivity: 0.3913
Directed Specificity: 0.8257
Directed Precision: 0.3214
Directed Recall:    0.3913
-------------------------
Undirected Sensitivity: 0.6957
Undirected Specificity: 0.7209
Undirected Precision: 0.5714
Undirected Recall:    0.6957
----------------------------------------
SEED:220
Directed Sensitivity: 0.3913
Directed Specificity: 0.8257
Directed Precision: 0.3214
Directed Recall:    0.3913
-------------------------
Undirected Sensitivity: 0.6957
Undirected Specificity: 0.7209
Undirected Precision: 0.5714
Undirected Recall:    0.6957
----------------------------------------
SEED:230
Directed Sensitivity: 0.3913
Directed Specificity: 0.8257
Directed Precision: 0.3214
Directed Recall:    0.3913
-------------------------
Undirected Sensitivity: 0.6957
Undirected Specificity: 0.7209
Undirected Precision: 0.5714
Undirected Recall:    0.6957
----------------------------------------
SEED:240
Directed Sensitivity: 0.3913
Directed Specificity: 0.8257
Directed Precision: 0.3214
Directed Recall:    0.3913
-------------------------
Undirected Sensitivity: 0.6957
Undirected Specificity: 0.7209
Undirected Precision: 0.5714
Undirected Recall:    0.6957
----------------------------------------
SEED:250
Directed Sensitivity: 0.3913
Directed Specificity: 0.8257
Directed Precision: 0.3214
Directed Recall:    0.3913
-------------------------
Undirected Sensitivity: 0.6957
Undirected Specificity: 0.7209
Undirected Precision: 0.5714
Undirected Recall:    0.6957
----------------------------------------
SEED:260
Directed Sensitivity: 0.3913
Directed Specificity: 0.8349
Directed Precision: 0.3333
Directed Recall:    0.3913
-------------------------
Undirected Sensitivity: 0.6957
Undirected Specificity: 0.7442
Undirected Precision: 0.5926
Undirected Recall:    0.6957
----------------------------------------
SEED:270
Directed Sensitivity: 0.3913
Directed Specificity: 0.8257
Directed Precision: 0.3214
Directed Recall:    0.3913
-------------------------
Undirected Sensitivity: 0.6957
Undirected Specificity: 0.7209
Undirected Precision: 0.5714
Undirected Recall:    0.6957
----------------------------------------
SEED:280
Directed Sensitivity: 0.3913
Directed Specificity: 0.8257
Directed Precision: 0.3214
Directed Recall:    0.3913
-------------------------
Undirected Sensitivity: 0.6957
Undirected Specificity: 0.7209
Undirected Precision: 0.5714
Undirected Recall:    0.6957
----------------------------------------
SEED:290
Directed Sensitivity: 0.3913
Directed Specificity: 0.8257
Directed Precision: 0.3214
Directed Recall:    0.3913
-------------------------
Undirected Sensitivity: 0.6957
Undirected Specificity: 0.7209
Undirected Precision: 0.5714
Undirected Recall:    0.6957
----------------------------------------
SEED:300
Directed Sensitivity: 0.3913
Directed Specificity: 0.8257
Directed Precision: 0.3214
Directed Recall:    0.3913
-------------------------
Undirected Sensitivity: 0.6957
Undirected Specificity: 0.7209
Undirected Precision: 0.5714
Undirected Recall:    0.6957
----------------------------------------
