ALPHA:0.01 | SEED:10
Directed Sensitivity: 0.3043
Directed Specificity: 0.7890
Directed Precision: 0.2333
Directed Recall: 0.3043
Undirected Sensitivity: 0.6957
Undirected Specificity: 0.6744
Undirected Precision: 0.5333
Undirected Recall: 0.6957
----------------------------------------
ALPHA:0.01 | SEED:20
Directed Sensitivity: 0.3913
Directed Specificity: 0.7982
Directed Precision: 0.2903
Directed Recall: 0.3913
Undirected Sensitivity: 0.6522
Undirected Specificity: 0.6279
Undirected Precision: 0.4839
Undirected Recall: 0.6522
----------------------------------------
ALPHA:0.01 | SEED:30
Directed Sensitivity: 0.3043
Directed Specificity: 0.7615
Directed Precision: 0.2121
Directed Recall: 0.3043
Undirected Sensitivity: 0.7391
Undirected Specificity: 0.6279
Undirected Precision: 0.5152
Undirected Recall: 0.7391
----------------------------------------
ALPHA:0.01 | SEED:40
Directed Sensitivity: 0.2174
Directed Specificity: 0.7248
Directed Precision: 0.1429
Directed Recall: 0.2174
Undirected Sensitivity: 0.6957
Undirected Specificity: 0.5581
Undirected Precision: 0.4571
Undirected Recall: 0.6957
----------------------------------------
ALPHA:0.01 | SEED:50
Directed Sensitivity: 0.2174
Directed Specificity: 0.7248
Directed Precision: 0.1429
Directed Recall: 0.2174
Undirected Sensitivity: 0.7391
Undirected Specificity: 0.5814
Undirected Precision: 0.4857
Undirected Recall: 0.7391
----------------------------------------
ALPHA:0.01 | SEED:60
Directed Sensitivity: 0.3043
Directed Specificity: 0.7890
Directed Precision: 0.2333
Directed Recall: 0.3043
Undirected Sensitivity: 0.6087
Undirected Specificity: 0.6279
Undirected Precision: 0.4667
Undirected Recall: 0.6087
----------------------------------------
ALPHA:0.01 | SEED:70
Directed Sensitivity: 0.2174
Directed Specificity: 0.7615
Directed Precision: 0.1613
Directed Recall: 0.2174
Undirected Sensitivity: 0.6522
Undirected Specificity: 0.6279
Undirected Precision: 0.4839
Undirected Recall: 0.6522
----------------------------------------
ALPHA:0.01 | SEED:80
Directed Sensitivity: 0.3478
Directed Specificity: 0.7798
Directed Precision: 0.2500
Directed Recall: 0.3478
Undirected Sensitivity: 0.6522
Undirected Specificity: 0.6047
Undirected Precision: 0.4688
Undirected Recall: 0.6522
----------------------------------------
ALPHA:0.01 | SEED:90
Directed Sensitivity: 0.3913
Directed Specificity: 0.7982
Directed Precision: 0.2903
Directed Recall: 0.3913
Undirected Sensitivity: 0.6087
Undirected Specificity: 0.6047
Undirected Precision: 0.4516
Undirected Recall: 0.6087
----------------------------------------
ALPHA:0.01 | SEED:100
Directed Sensitivity: 0.4783
Directed Specificity: 0.7615
Directed Precision: 0.2973
Directed Recall: 0.4783
Undirected Sensitivity: 0.7826
Undirected Specificity: 0.5581
Undirected Precision: 0.4865
Undirected Recall: 0.7826
----------------------------------------
ALPHA:0.01 | SEED:110
Directed Sensitivity: 0.3913
Directed Specificity: 0.7523
Directed Precision: 0.2500
Directed Recall: 0.3913
Undirected Sensitivity: 0.7391
Undirected Specificity: 0.5581
Undirected Precision: 0.4722
Undirected Recall: 0.7391
----------------------------------------
ALPHA:0.01 | SEED:120
Directed Sensitivity: 0.3043
Directed Specificity: 0.8073
Directed Precision: 0.2500
Directed Recall: 0.3043
Undirected Sensitivity: 0.6087
Undirected Specificity: 0.6744
Undirected Precision: 0.5000
Undirected Recall: 0.6087
----------------------------------------
ALPHA:0.01 | SEED:130
Directed Sensitivity: 0.4348
Directed Specificity: 0.7798
Directed Precision: 0.2941
Directed Recall: 0.4348
Undirected Sensitivity: 0.6957
Undirected Specificity: 0.5814
Undirected Precision: 0.4706
Undirected Recall: 0.6957
----------------------------------------
ALPHA:0.01 | SEED:140
Directed Sensitivity: 0.3913
Directed Specificity: 0.7431
Directed Precision: 0.2432
Directed Recall: 0.3913
Undirected Sensitivity: 0.7826
Undirected Specificity: 0.5581
Undirected Precision: 0.4865
Undirected Recall: 0.7826
----------------------------------------
ALPHA:0.01 | SEED:150
Directed Sensitivity: 0.3913
Directed Specificity: 0.7798
Directed Precision: 0.2727
Directed Recall: 0.3913
Undirected Sensitivity: 0.6522
Undirected Specificity: 0.5814
Undirected Precision: 0.4545
Undirected Recall: 0.6522
----------------------------------------
ALPHA:0.01 | SEED:160
Directed Sensitivity: 0.4348
Directed Specificity: 0.8349
Directed Precision: 0.3571
Directed Recall: 0.4348
Undirected Sensitivity: 0.6957
Undirected Specificity: 0.7209
Undirected Precision: 0.5714
Undirected Recall: 0.6957
----------------------------------------
ALPHA:0.01 | SEED:170
Directed Sensitivity: 0.2609
Directed Specificity: 0.6972
Directed Precision: 0.1538
Directed Recall: 0.2609
Undirected Sensitivity: 0.7391
Undirected Specificity: 0.4884
Undirected Precision: 0.4359
Undirected Recall: 0.7391
----------------------------------------
ALPHA:0.01 | SEED:180
Directed Sensitivity: 0.4348
Directed Specificity: 0.7982
Directed Precision: 0.3125
Directed Recall: 0.4348
Undirected Sensitivity: 0.7391
Undirected Specificity: 0.6512
Undirected Precision: 0.5312
Undirected Recall: 0.7391
----------------------------------------
ALPHA:0.01 | SEED:190
Directed Sensitivity: 0.3043
Directed Specificity: 0.7339
Directed Precision: 0.1944
Directed Recall: 0.3043
Undirected Sensitivity: 0.6957
Undirected Specificity: 0.5349
Undirected Precision: 0.4444
Undirected Recall: 0.6957
----------------------------------------
ALPHA:0.01 | SEED:200
Directed Sensitivity: 0.2174
Directed Specificity: 0.7431
Directed Precision: 0.1515
Directed Recall: 0.2174
Undirected Sensitivity: 0.6957
Undirected Specificity: 0.6047
Undirected Precision: 0.4848
Undirected Recall: 0.6957
----------------------------------------
ALPHA:0.01 | SEED:210
Directed Sensitivity: 0.3478
Directed Specificity: 0.7706
Directed Precision: 0.2424
Directed Recall: 0.3478
Undirected Sensitivity: 0.7391
Undirected Specificity: 0.6279
Undirected Precision: 0.5152
Undirected Recall: 0.7391
----------------------------------------
ALPHA:0.01 | SEED:220
Directed Sensitivity: 0.3478
Directed Specificity: 0.8257
Directed Precision: 0.2963
Directed Recall: 0.3478
Undirected Sensitivity: 0.5652
Undirected Specificity: 0.6744
Undirected Precision: 0.4815
Undirected Recall: 0.5652
----------------------------------------
ALPHA:0.01 | SEED:230
Directed Sensitivity: 0.2174
Directed Specificity: 0.6606
Directed Precision: 0.1190
Directed Recall: 0.2174
Undirected Sensitivity: 0.7391
Undirected Specificity: 0.4186
Undirected Precision: 0.4048
Undirected Recall: 0.7391
----------------------------------------
ALPHA:0.01 | SEED:240
Directed Sensitivity: 0.2609
Directed Specificity: 0.7339
Directed Precision: 0.1714
Directed Recall: 0.2609
Undirected Sensitivity: 0.6957
Undirected Specificity: 0.5581
Undirected Precision: 0.4571
Undirected Recall: 0.6957
----------------------------------------
ALPHA:0.01 | SEED:250
Directed Sensitivity: 0.1739
Directed Specificity: 0.7248
Directed Precision: 0.1176
Directed Recall: 0.1739
Undirected Sensitivity: 0.7391
Undirected Specificity: 0.6047
Undirected Precision: 0.5000
Undirected Recall: 0.7391
----------------------------------------
ALPHA:0.01 | SEED:260
Directed Sensitivity: 0.4348
Directed Specificity: 0.8073
Directed Precision: 0.3226
Directed Recall: 0.4348
Undirected Sensitivity: 0.6522
Undirected Specificity: 0.6279
Undirected Precision: 0.4839
Undirected Recall: 0.6522
----------------------------------------
ALPHA:0.01 | SEED:270
Directed Sensitivity: 0.5652
Directed Specificity: 0.7982
Directed Precision: 0.3714
Directed Recall: 0.5652
Undirected Sensitivity: 0.7391
Undirected Specificity: 0.5814
Undirected Precision: 0.4857
Undirected Recall: 0.7391
----------------------------------------
ALPHA:0.01 | SEED:280
Directed Sensitivity: 0.3913
Directed Specificity: 0.7798
Directed Precision: 0.2727
Directed Recall: 0.3913
Undirected Sensitivity: 0.6957
Undirected Specificity: 0.6047
Undirected Precision: 0.4848
Undirected Recall: 0.6957
----------------------------------------
ALPHA:0.01 | SEED:290
Directed Sensitivity: 0.3043
Directed Specificity: 0.7523
Directed Precision: 0.2059
Directed Recall: 0.3043
Undirected Sensitivity: 0.7826
Undirected Specificity: 0.6279
Undirected Precision: 0.5294
Undirected Recall: 0.7826
----------------------------------------
ALPHA:0.01 | SEED:300
Directed Sensitivity: 0.3478
Directed Specificity: 0.7615
Directed Precision: 0.2353
Directed Recall: 0.3478
Undirected Sensitivity: 0.6957
Undirected Specificity: 0.5814
Undirected Precision: 0.4706
Undirected Recall: 0.6957
----------------------------------------
ALPHA:0.05 | SEED:10
Directed Sensitivity: 0.3913
Directed Specificity: 0.7523
Directed Precision: 0.2500
Directed Recall: 0.3913
Undirected Sensitivity: 0.7826
Undirected Specificity: 0.5814
Undirected Precision: 0.5000
Undirected Recall: 0.7826
----------------------------------------
ALPHA:0.05 | SEED:20
Directed Sensitivity: 0.4348
Directed Specificity: 0.7523
Directed Precision: 0.2703
Directed Recall: 0.4348
Undirected Sensitivity: 0.7826
Undirected Specificity: 0.5581
Undirected Precision: 0.4865
Undirected Recall: 0.7826
----------------------------------------
ALPHA:0.05 | SEED:30
Directed Sensitivity: 0.3913
Directed Specificity: 0.7523
Directed Precision: 0.2500
Directed Recall: 0.3913
Undirected Sensitivity: 0.8261
Undirected Specificity: 0.6047
Undirected Precision: 0.5278
Undirected Recall: 0.8261
----------------------------------------
ALPHA:0.05 | SEED:40
Directed Sensitivity: 0.3043
Directed Specificity: 0.7064
Directed Precision: 0.1795
Directed Recall: 0.3043
Undirected Sensitivity: 0.7826
Undirected Specificity: 0.5116
Undirected Precision: 0.4615
Undirected Recall: 0.7826
----------------------------------------
ALPHA:0.05 | SEED:50
Directed Sensitivity: 0.2609
Directed Specificity: 0.6514
Directed Precision: 0.1364
Directed Recall: 0.2609
Undirected Sensitivity: 0.8696
Undirected Specificity: 0.4419
Undirected Precision: 0.4545
Undirected Recall: 0.8696
----------------------------------------
ALPHA:0.05 | SEED:60
Directed Sensitivity: 0.2609
Directed Specificity: 0.7523
Directed Precision: 0.1818
Directed Recall: 0.2609
Undirected Sensitivity: 0.7826
Undirected Specificity: 0.6512
Undirected Precision: 0.5455
Undirected Recall: 0.7826
----------------------------------------
ALPHA:0.05 | SEED:70
Directed Sensitivity: 0.2609
Directed Specificity: 0.7339
Directed Precision: 0.1714
Directed Recall: 0.2609
Undirected Sensitivity: 0.7826
Undirected Specificity: 0.6047
Undirected Precision: 0.5143
Undirected Recall: 0.7826
----------------------------------------
ALPHA:0.05 | SEED:80
Directed Sensitivity: 0.3478
Directed Specificity: 0.7431
Directed Precision: 0.2222
Directed Recall: 0.3478
Undirected Sensitivity: 0.6957
Undirected Specificity: 0.5349
Undirected Precision: 0.4444
Undirected Recall: 0.6957
----------------------------------------
ALPHA:0.05 | SEED:90
Directed Sensitivity: 0.3043
Directed Specificity: 0.7248
Directed Precision: 0.1892
Directed Recall: 0.3043
Undirected Sensitivity: 0.6522
Undirected Specificity: 0.4884
Undirected Precision: 0.4054
Undirected Recall: 0.6522
----------------------------------------
ALPHA:0.05 | SEED:100
Directed Sensitivity: 0.4348
Directed Specificity: 0.6881
Directed Precision: 0.2273
Directed Recall: 0.4348
Undirected Sensitivity: 0.8696
Undirected Specificity: 0.4419
Undirected Precision: 0.4545
Undirected Recall: 0.8696
----------------------------------------
ALPHA:0.05 | SEED:110
Directed Sensitivity: 0.3478
Directed Specificity: 0.7156
Directed Precision: 0.2051
Directed Recall: 0.3478
Undirected Sensitivity: 0.7391
Undirected Specificity: 0.4884
Undirected Precision: 0.4359
Undirected Recall: 0.7391
----------------------------------------
ALPHA:0.05 | SEED:120
Directed Sensitivity: 0.5217
Directed Specificity: 0.7798
Directed Precision: 0.3333
Directed Recall: 0.5217
Undirected Sensitivity: 0.6522
Undirected Specificity: 0.5116
Undirected Precision: 0.4167
Undirected Recall: 0.6522
----------------------------------------
ALPHA:0.05 | SEED:130
Directed Sensitivity: 0.4783
Directed Specificity: 0.7064
Directed Precision: 0.2558
Directed Recall: 0.4783
Undirected Sensitivity: 0.8261
Undirected Specificity: 0.4419
Undirected Precision: 0.4419
Undirected Recall: 0.8261
----------------------------------------
ALPHA:0.05 | SEED:140
Directed Sensitivity: 0.4348
Directed Specificity: 0.7156
Directed Precision: 0.2439
Directed Recall: 0.4348
Undirected Sensitivity: 0.8696
Undirected Specificity: 0.5116
Undirected Precision: 0.4878
Undirected Recall: 0.8696
----------------------------------------
ALPHA:0.05 | SEED:150
Directed Sensitivity: 0.5217
Directed Specificity: 0.7706
Directed Precision: 0.3243
Directed Recall: 0.5217
Undirected Sensitivity: 0.7391
Undirected Specificity: 0.5349
Undirected Precision: 0.4595
Undirected Recall: 0.7391
----------------------------------------
ALPHA:0.05 | SEED:160
Directed Sensitivity: 0.4348
Directed Specificity: 0.7890
Directed Precision: 0.3030
Directed Recall: 0.4348
Undirected Sensitivity: 0.6957
Undirected Specificity: 0.6047
Undirected Precision: 0.4848
Undirected Recall: 0.6957
----------------------------------------
ALPHA:0.05 | SEED:170
Directed Sensitivity: 0.3913
Directed Specificity: 0.7431
Directed Precision: 0.2432
Directed Recall: 0.3913
Undirected Sensitivity: 0.8261
Undirected Specificity: 0.5814
Undirected Precision: 0.5135
Undirected Recall: 0.8261
----------------------------------------
ALPHA:0.05 | SEED:180
Directed Sensitivity: 0.4348
Directed Specificity: 0.7523
Directed Precision: 0.2703
Directed Recall: 0.4348
Undirected Sensitivity: 0.8261
Undirected Specificity: 0.5814
Undirected Precision: 0.5135
Undirected Recall: 0.8261
----------------------------------------
ALPHA:0.05 | SEED:190
Directed Sensitivity: 0.3043
Directed Specificity: 0.6972
Directed Precision: 0.1750
Directed Recall: 0.3043
Undirected Sensitivity: 0.7391
Undirected Specificity: 0.4651
Undirected Precision: 0.4250
Undirected Recall: 0.7391
----------------------------------------
ALPHA:0.05 | SEED:200
Directed Sensitivity: 0.3043
Directed Specificity: 0.7156
Directed Precision: 0.1842
Directed Recall: 0.3043
Undirected Sensitivity: 0.7826
Undirected Specificity: 0.5349
Undirected Precision: 0.4737
Undirected Recall: 0.7826
----------------------------------------
ALPHA:0.05 | SEED:210
Directed Sensitivity: 0.2609
Directed Specificity: 0.6972
Directed Precision: 0.1538
Directed Recall: 0.2609
Undirected Sensitivity: 0.7391
Undirected Specificity: 0.4884
Undirected Precision: 0.4359
Undirected Recall: 0.7391
----------------------------------------
ALPHA:0.05 | SEED:220
Directed Sensitivity: 0.3913
Directed Specificity: 0.7523
Directed Precision: 0.2500
Directed Recall: 0.3913
Undirected Sensitivity: 0.8261
Undirected Specificity: 0.6047
Undirected Precision: 0.5278
Undirected Recall: 0.8261
----------------------------------------
ALPHA:0.05 | SEED:230
Directed Sensitivity: 0.2609
Directed Specificity: 0.6606
Directed Precision: 0.1395
Directed Recall: 0.2609
Undirected Sensitivity: 0.7826
Undirected Specificity: 0.4186
Undirected Precision: 0.4186
Undirected Recall: 0.7826
----------------------------------------
ALPHA:0.05 | SEED:240
Directed Sensitivity: 0.2174
Directed Specificity: 0.6514
Directed Precision: 0.1163
Directed Recall: 0.2174
Undirected Sensitivity: 0.8261
Undirected Specificity: 0.4419
Undirected Precision: 0.4419
Undirected Recall: 0.8261
----------------------------------------
ALPHA:0.05 | SEED:250
Directed Sensitivity: 0.0435
Directed Specificity: 0.6697
Directed Precision: 0.0270
Directed Recall: 0.0435
Undirected Sensitivity: 0.7826
Undirected Specificity: 0.5581
Undirected Precision: 0.4865
Undirected Recall: 0.7826
----------------------------------------
ALPHA:0.05 | SEED:260
Directed Sensitivity: 0.4348
Directed Specificity: 0.7615
Directed Precision: 0.2778
Directed Recall: 0.4348
Undirected Sensitivity: 0.7826
Undirected Specificity: 0.5814
Undirected Precision: 0.5000
Undirected Recall: 0.7826
----------------------------------------
ALPHA:0.05 | SEED:270
Directed Sensitivity: 0.4783
Directed Specificity: 0.7615
Directed Precision: 0.2973
Directed Recall: 0.4783
Undirected Sensitivity: 0.8696
Undirected Specificity: 0.6047
Undirected Precision: 0.5405
Undirected Recall: 0.8696
----------------------------------------
ALPHA:0.05 | SEED:280
Directed Sensitivity: 0.4348
Directed Specificity: 0.7156
Directed Precision: 0.2439
Directed Recall: 0.4348
Undirected Sensitivity: 0.8696
Undirected Specificity: 0.5116
Undirected Precision: 0.4878
Undirected Recall: 0.8696
----------------------------------------
ALPHA:0.05 | SEED:290
Directed Sensitivity: 0.3043
Directed Specificity: 0.6972
Directed Precision: 0.1750
Directed Recall: 0.3043
Undirected Sensitivity: 0.8261
Undirected Specificity: 0.5116
Undirected Precision: 0.4750
Undirected Recall: 0.8261
----------------------------------------
ALPHA:0.05 | SEED:300
Directed Sensitivity: 0.4783
Directed Specificity: 0.7064
Directed Precision: 0.2558
Directed Recall: 0.4783
Undirected Sensitivity: 0.8696
Undirected Specificity: 0.4651
Undirected Precision: 0.4651
Undirected Recall: 0.8696
----------------------------------------
ALPHA:0.1 | SEED:10
Directed Sensitivity: 0.4348
Directed Specificity: 0.7248
Directed Precision: 0.2500
Directed Recall: 0.4348
Undirected Sensitivity: 0.9130
Undirected Specificity: 0.5581
Undirected Precision: 0.5250
Undirected Recall: 0.9130
----------------------------------------
ALPHA:0.1 | SEED:20
Directed Sensitivity: 0.5217
Directed Specificity: 0.7064
Directed Precision: 0.2727
Directed Recall: 0.5217
Undirected Sensitivity: 0.7826
Undirected Specificity: 0.3953
Undirected Precision: 0.4091
Undirected Recall: 0.7826
----------------------------------------
ALPHA:0.1 | SEED:30
Directed Sensitivity: 0.3478
Directed Specificity: 0.6881
Directed Precision: 0.1905
Directed Recall: 0.3478
Undirected Sensitivity: 0.8261
Undirected Specificity: 0.4651
Undirected Precision: 0.4524
Undirected Recall: 0.8261
----------------------------------------
ALPHA:0.1 | SEED:40
Directed Sensitivity: 0.3478
Directed Specificity: 0.6881
Directed Precision: 0.1905
Directed Recall: 0.3478
Undirected Sensitivity: 0.9130
Undirected Specificity: 0.5116
Undirected Precision: 0.5000
Undirected Recall: 0.9130
----------------------------------------
ALPHA:0.1 | SEED:50
Directed Sensitivity: 0.1304
Directed Specificity: 0.5963
Directed Precision: 0.0638
Directed Recall: 0.1304
Undirected Sensitivity: 0.8261
Undirected Specificity: 0.3488
Undirected Precision: 0.4043
Undirected Recall: 0.8261
----------------------------------------
ALPHA:0.1 | SEED:60
Directed Sensitivity: 0.2174
Directed Specificity: 0.6697
Directed Precision: 0.1220
Directed Recall: 0.2174
Undirected Sensitivity: 0.8261
Undirected Specificity: 0.4884
Undirected Precision: 0.4634
Undirected Recall: 0.8261
----------------------------------------
ALPHA:0.1 | SEED:70
Directed Sensitivity: 0.2174
Directed Specificity: 0.6789
Directed Precision: 0.1250
Directed Recall: 0.2174
Undirected Sensitivity: 0.8261
Undirected Specificity: 0.5116
Undirected Precision: 0.4750
Undirected Recall: 0.8261
----------------------------------------
ALPHA:0.1 | SEED:80
Directed Sensitivity: 0.3913
Directed Specificity: 0.7064
Directed Precision: 0.2195
Directed Recall: 0.3913
Undirected Sensitivity: 0.7826
Undirected Specificity: 0.4651
Undirected Precision: 0.4390
Undirected Recall: 0.7826
----------------------------------------
ALPHA:0.1 | SEED:90
Directed Sensitivity: 0.2609
Directed Specificity: 0.6789
Directed Precision: 0.1463
Directed Recall: 0.2609
Undirected Sensitivity: 0.6957
Undirected Specificity: 0.4186
Undirected Precision: 0.3902
Undirected Recall: 0.6957
----------------------------------------
ALPHA:0.1 | SEED:100
Directed Sensitivity: 0.5217
Directed Specificity: 0.6789
Directed Precision: 0.2553
Directed Recall: 0.5217
Undirected Sensitivity: 0.9130
Undirected Specificity: 0.3953
Undirected Precision: 0.4468
Undirected Recall: 0.9130
----------------------------------------
ALPHA:0.1 | SEED:110
Directed Sensitivity: 0.3478
Directed Specificity: 0.7248
Directed Precision: 0.2105
Directed Recall: 0.3478
Undirected Sensitivity: 0.7826
Undirected Specificity: 0.5349
Undirected Precision: 0.4737
Undirected Recall: 0.7826
----------------------------------------
ALPHA:0.1 | SEED:120
Directed Sensitivity: 0.4783
Directed Specificity: 0.7798
Directed Precision: 0.3143
Directed Recall: 0.4783
Undirected Sensitivity: 0.7391
Undirected Specificity: 0.5814
Undirected Precision: 0.4857
Undirected Recall: 0.7391
----------------------------------------
ALPHA:0.1 | SEED:130
Directed Sensitivity: 0.5652
Directed Specificity: 0.6972
Directed Precision: 0.2826
Directed Recall: 0.5652
Undirected Sensitivity: 0.8696
Undirected Specificity: 0.3953
Undirected Precision: 0.4348
Undirected Recall: 0.8696
----------------------------------------
ALPHA:0.1 | SEED:140
Directed Sensitivity: 0.3478
Directed Specificity: 0.7064
Directed Precision: 0.2000
Directed Recall: 0.3478
Undirected Sensitivity: 0.8261
Undirected Specificity: 0.5116
Undirected Precision: 0.4750
Undirected Recall: 0.8261
----------------------------------------
ALPHA:0.1 | SEED:150
Directed Sensitivity: 0.4783
Directed Specificity: 0.7064
Directed Precision: 0.2558
Directed Recall: 0.4783
Undirected Sensitivity: 0.8261
Undirected Specificity: 0.4419
Undirected Precision: 0.4419
Undirected Recall: 0.8261
----------------------------------------
ALPHA:0.1 | SEED:160
Directed Sensitivity: 0.5652
Directed Specificity: 0.7615
Directed Precision: 0.3333
Directed Recall: 0.5652
Undirected Sensitivity: 0.8696
Undirected Specificity: 0.5581
Undirected Precision: 0.5128
Undirected Recall: 0.8696
----------------------------------------
ALPHA:0.1 | SEED:170
Directed Sensitivity: 0.2609
Directed Specificity: 0.7064
Directed Precision: 0.1579
Directed Recall: 0.2609
Undirected Sensitivity: 0.7826
Undirected Specificity: 0.5349
Undirected Precision: 0.4737
Undirected Recall: 0.7826
----------------------------------------
ALPHA:0.1 | SEED:180
Directed Sensitivity: 0.4348
Directed Specificity: 0.7248
Directed Precision: 0.2500
Directed Recall: 0.4348
Undirected Sensitivity: 0.8696
Undirected Specificity: 0.5349
Undirected Precision: 0.5000
Undirected Recall: 0.8696
----------------------------------------
ALPHA:0.1 | SEED:190
Directed Sensitivity: 0.3913
Directed Specificity: 0.7064
Directed Precision: 0.2195
Directed Recall: 0.3913
Undirected Sensitivity: 0.7391
Undirected Specificity: 0.4419
Undirected Precision: 0.4146
Undirected Recall: 0.7391
----------------------------------------
ALPHA:0.1 | SEED:200
Directed Sensitivity: 0.3913
Directed Specificity: 0.6606
Directed Precision: 0.1957
Directed Recall: 0.3913
Undirected Sensitivity: 0.8696
Undirected Specificity: 0.3953
Undirected Precision: 0.4348
Undirected Recall: 0.8696
----------------------------------------
ALPHA:0.1 | SEED:210
Directed Sensitivity: 0.3478
Directed Specificity: 0.6881
Directed Precision: 0.1905
Directed Recall: 0.3478
Undirected Sensitivity: 0.7391
Undirected Specificity: 0.4186
Undirected Precision: 0.4048
Undirected Recall: 0.7391
----------------------------------------
ALPHA:0.1 | SEED:220
Directed Sensitivity: 0.4783
Directed Specificity: 0.7248
Directed Precision: 0.2683
Directed Recall: 0.4783
Undirected Sensitivity: 0.8696
Undirected Specificity: 0.5116
Undirected Precision: 0.4878
Undirected Recall: 0.8696
----------------------------------------
ALPHA:0.1 | SEED:230
Directed Sensitivity: 0.2609
Directed Specificity: 0.6606
Directed Precision: 0.1395
Directed Recall: 0.2609
Undirected Sensitivity: 0.8261
Undirected Specificity: 0.4419
Undirected Precision: 0.4419
Undirected Recall: 0.8261
----------------------------------------
ALPHA:0.1 | SEED:240
Directed Sensitivity: 0.2174
Directed Specificity: 0.5963
Directed Precision: 0.1020
Directed Recall: 0.2174
Undirected Sensitivity: 0.8261
Undirected Specificity: 0.3023
Undirected Precision: 0.3878
Undirected Recall: 0.8261
----------------------------------------
ALPHA:0.1 | SEED:250
Directed Sensitivity: 0.0870
Directed Specificity: 0.5963
Directed Precision: 0.0435
Directed Recall: 0.0870
Undirected Sensitivity: 0.8261
Undirected Specificity: 0.3721
Undirected Precision: 0.4130
Undirected Recall: 0.8261
----------------------------------------
ALPHA:0.1 | SEED:260
Directed Sensitivity: 0.3043
Directed Specificity: 0.6697
Directed Precision: 0.1628
Directed Recall: 0.3043
Undirected Sensitivity: 0.9130
Undirected Specificity: 0.4884
Undirected Precision: 0.4884
Undirected Recall: 0.9130
----------------------------------------
ALPHA:0.1 | SEED:270
Directed Sensitivity: 0.5217
Directed Specificity: 0.7339
Directed Precision: 0.2927
Directed Recall: 0.5217
Undirected Sensitivity: 0.8696
Undirected Specificity: 0.5116
Undirected Precision: 0.4878
Undirected Recall: 0.8696
----------------------------------------
ALPHA:0.1 | SEED:280
Directed Sensitivity: 0.5217
Directed Specificity: 0.7248
Directed Precision: 0.2857
Directed Recall: 0.5217
Undirected Sensitivity: 0.8696
Undirected Specificity: 0.4884
Undirected Precision: 0.4762
Undirected Recall: 0.8696
----------------------------------------
ALPHA:0.1 | SEED:290
Directed Sensitivity: 0.3043
Directed Specificity: 0.6697
Directed Precision: 0.1628
Directed Recall: 0.3043
Undirected Sensitivity: 0.8696
Undirected Specificity: 0.4651
Undirected Precision: 0.4651
Undirected Recall: 0.8696
----------------------------------------
ALPHA:0.1 | SEED:300
Directed Sensitivity: 0.3043
Directed Specificity: 0.7064
Directed Precision: 0.1795
Directed Recall: 0.3043
Undirected Sensitivity: 0.7391
Undirected Specificity: 0.4884
Undirected Precision: 0.4359
Undirected Recall: 0.7391
----------------------------------------
ALPHA:0.2 | SEED:10
Directed Sensitivity: 0.3913
Directed Specificity: 0.6606
Directed Precision: 0.1957
Directed Recall: 0.3913
Undirected Sensitivity: 0.8696
Undirected Specificity: 0.3953
Undirected Precision: 0.4348
Undirected Recall: 0.8696
----------------------------------------
ALPHA:0.2 | SEED:20
Directed Sensitivity: 0.5217
Directed Specificity: 0.6330
Directed Precision: 0.2308
Directed Recall: 0.5217
Undirected Sensitivity: 0.8261
Undirected Specificity: 0.2326
Undirected Precision: 0.3654
Undirected Recall: 0.8261
----------------------------------------
ALPHA:0.2 | SEED:30
Directed Sensitivity: 0.2609
Directed Specificity: 0.5963
Directed Precision: 0.1200
Directed Recall: 0.2609
Undirected Sensitivity: 0.9130
Undirected Specificity: 0.3256
Undirected Precision: 0.4200
Undirected Recall: 0.9130
----------------------------------------
ALPHA:0.2 | SEED:40
Directed Sensitivity: 0.3478
Directed Specificity: 0.6239
Directed Precision: 0.1633
Directed Recall: 0.3478
Undirected Sensitivity: 0.9130
Undirected Specificity: 0.3488
Undirected Precision: 0.4286
Undirected Recall: 0.9130
----------------------------------------
ALPHA:0.2 | SEED:50
Directed Sensitivity: 0.2609
Directed Specificity: 0.5688
Directed Precision: 0.1132
Directed Recall: 0.2609
Undirected Sensitivity: 0.9565
Undirected Specificity: 0.2791
Undirected Precision: 0.4151
Undirected Recall: 0.9565
----------------------------------------
ALPHA:0.2 | SEED:60
Directed Sensitivity: 0.2609
Directed Specificity: 0.6330
Directed Precision: 0.1304
Directed Recall: 0.2609
Undirected Sensitivity: 0.8696
Undirected Specificity: 0.3953
Undirected Precision: 0.4348
Undirected Recall: 0.8696
----------------------------------------
ALPHA:0.2 | SEED:70
Directed Sensitivity: 0.2174
Directed Specificity: 0.6422
Directed Precision: 0.1136
Directed Recall: 0.2174
Undirected Sensitivity: 0.8261
Undirected Specificity: 0.4186
Undirected Precision: 0.4318
Undirected Recall: 0.8261
----------------------------------------
ALPHA:0.2 | SEED:80
Directed Sensitivity: 0.3478
Directed Specificity: 0.6697
Directed Precision: 0.1818
Directed Recall: 0.3478
Undirected Sensitivity: 0.8261
Undirected Specificity: 0.4186
Undirected Precision: 0.4318
Undirected Recall: 0.8261
----------------------------------------
ALPHA:0.2 | SEED:90
Directed Sensitivity: 0.4348
Directed Specificity: 0.6422
Directed Precision: 0.2041
Directed Recall: 0.4348
Undirected Sensitivity: 0.8696
Undirected Specificity: 0.3256
Undirected Precision: 0.4082
Undirected Recall: 0.8696
----------------------------------------
ALPHA:0.2 | SEED:100
Directed Sensitivity: 0.4783
Directed Specificity: 0.6606
Directed Precision: 0.2292
Directed Recall: 0.4783
Undirected Sensitivity: 0.8696
Undirected Specificity: 0.3488
Undirected Precision: 0.4167
Undirected Recall: 0.8696
----------------------------------------
ALPHA:0.2 | SEED:110
Directed Sensitivity: 0.6087
Directed Specificity: 0.6972
Directed Precision: 0.2979
Directed Recall: 0.6087
Undirected Sensitivity: 0.8261
Undirected Specificity: 0.3488
Undirected Precision: 0.4043
Undirected Recall: 0.8261
----------------------------------------
ALPHA:0.2 | SEED:120
Directed Sensitivity: 0.4783
Directed Specificity: 0.7156
Directed Precision: 0.2619
Directed Recall: 0.4783
Undirected Sensitivity: 0.9130
Undirected Specificity: 0.5116
Undirected Precision: 0.5000
Undirected Recall: 0.9130
----------------------------------------
ALPHA:0.2 | SEED:130
Directed Sensitivity: 0.4348
Directed Specificity: 0.6422
Directed Precision: 0.2041
Directed Recall: 0.4348
Undirected Sensitivity: 0.8696
Undirected Specificity: 0.3256
Undirected Precision: 0.4082
Undirected Recall: 0.8696
----------------------------------------
ALPHA:0.2 | SEED:140
Directed Sensitivity: 0.3913
Directed Specificity: 0.6881
Directed Precision: 0.2093
Directed Recall: 0.3913
Undirected Sensitivity: 0.7826
Undirected Specificity: 0.4186
Undirected Precision: 0.4186
Undirected Recall: 0.7826
----------------------------------------
ALPHA:0.2 | SEED:150
Directed Sensitivity: 0.5217
Directed Specificity: 0.6697
Directed Precision: 0.2500
Directed Recall: 0.5217
Undirected Sensitivity: 0.8696
Undirected Specificity: 0.3488
Undirected Precision: 0.4167
Undirected Recall: 0.8696
----------------------------------------
ALPHA:0.2 | SEED:160
Directed Sensitivity: 0.5217
Directed Specificity: 0.7156
Directed Precision: 0.2791
Directed Recall: 0.5217
Undirected Sensitivity: 0.8696
Undirected Specificity: 0.4651
Undirected Precision: 0.4651
Undirected Recall: 0.8696
----------------------------------------
ALPHA:0.2 | SEED:170
Directed Sensitivity: 0.2609
Directed Specificity: 0.6147
Directed Precision: 0.1250
Directed Recall: 0.2609
Undirected Sensitivity: 0.7391
Undirected Specificity: 0.2791
Undirected Precision: 0.3542
Undirected Recall: 0.7391
----------------------------------------
ALPHA:0.2 | SEED:180
Directed Sensitivity: 0.4348
Directed Specificity: 0.6514
Directed Precision: 0.2083
Directed Recall: 0.4348
Undirected Sensitivity: 0.9565
Undirected Specificity: 0.3953
Undirected Precision: 0.4583
Undirected Recall: 0.9565
----------------------------------------
ALPHA:0.2 | SEED:190
Directed Sensitivity: 0.5217
Directed Specificity: 0.6422
Directed Precision: 0.2353
Directed Recall: 0.5217
Undirected Sensitivity: 0.8696
Undirected Specificity: 0.2791
Undirected Precision: 0.3922
Undirected Recall: 0.8696
----------------------------------------
ALPHA:0.2 | SEED:200
Directed Sensitivity: 0.3043
Directed Specificity: 0.5963
Directed Precision: 0.1373
Directed Recall: 0.3043
Undirected Sensitivity: 0.9565
Undirected Specificity: 0.3256
Undirected Precision: 0.4314
Undirected Recall: 0.9565
----------------------------------------
ALPHA:0.2 | SEED:210
Directed Sensitivity: 0.3913
Directed Specificity: 0.6239
Directed Precision: 0.1800
Directed Recall: 0.3913
Undirected Sensitivity: 0.8696
Undirected Specificity: 0.3023
Undirected Precision: 0.4000
Undirected Recall: 0.8696
----------------------------------------
ALPHA:0.2 | SEED:220
Directed Sensitivity: 0.5652
Directed Specificity: 0.7339
Directed Precision: 0.3095
Directed Recall: 0.5652
Undirected Sensitivity: 0.8261
Undirected Specificity: 0.4651
Undirected Precision: 0.4524
Undirected Recall: 0.8261
----------------------------------------
ALPHA:0.2 | SEED:230
Directed Sensitivity: 0.3913
Directed Specificity: 0.6422
Directed Precision: 0.1875
Directed Recall: 0.3913
Undirected Sensitivity: 0.8696
Undirected Specificity: 0.3488
Undirected Precision: 0.4167
Undirected Recall: 0.8696
----------------------------------------
ALPHA:0.2 | SEED:240
Directed Sensitivity: 0.3043
Directed Specificity: 0.5872
Directed Precision: 0.1346
Directed Recall: 0.3043
Undirected Sensitivity: 0.8696
Undirected Specificity: 0.2558
Undirected Precision: 0.3846
Undirected Recall: 0.8696
----------------------------------------
ALPHA:0.2 | SEED:250
Directed Sensitivity: 0.1304
Directed Specificity: 0.5780
Directed Precision: 0.0612
Directed Recall: 0.1304
Undirected Sensitivity: 0.9565
Undirected Specificity: 0.3721
Undirected Precision: 0.4490
Undirected Recall: 0.9565
----------------------------------------
ALPHA:0.2 | SEED:260
Directed Sensitivity: 0.3913
Directed Specificity: 0.6606
Directed Precision: 0.1957
Directed Recall: 0.3913
Undirected Sensitivity: 0.9565
Undirected Specificity: 0.4419
Undirected Precision: 0.4783
Undirected Recall: 0.9565
----------------------------------------
ALPHA:0.2 | SEED:270
Directed Sensitivity: 0.5217
Directed Specificity: 0.6606
Directed Precision: 0.2449
Directed Recall: 0.5217
Undirected Sensitivity: 0.9130
Undirected Specificity: 0.3488
Undirected Precision: 0.4286
Undirected Recall: 0.9130
----------------------------------------
ALPHA:0.2 | SEED:280
Directed Sensitivity: 0.6087
Directed Specificity: 0.6789
Directed Precision: 0.2857
Directed Recall: 0.6087
Undirected Sensitivity: 0.8261
Undirected Specificity: 0.3023
Undirected Precision: 0.3878
Undirected Recall: 0.8261
----------------------------------------
ALPHA:0.2 | SEED:290
Directed Sensitivity: 0.3913
Directed Specificity: 0.6422
Directed Precision: 0.1875
Directed Recall: 0.3913
Undirected Sensitivity: 0.8696
Undirected Specificity: 0.3488
Undirected Precision: 0.4167
Undirected Recall: 0.8696
----------------------------------------
ALPHA:0.2 | SEED:300
Directed Sensitivity: 0.3043
Directed Specificity: 0.6330
Directed Precision: 0.1489
Directed Recall: 0.3043
Undirected Sensitivity: 0.8696
Undirected Specificity: 0.3721
Undirected Precision: 0.4255
Undirected Recall: 0.8696
----------------------------------------
