ALPHA:0.01 | SEED:10
Directed Sensitivity: 0.3478
Directed Specificity: 0.7706
Directed Precision: 0.2424
Directed Recall: 0.3478
Undirected Sensitivity: 0.7391
Undirected Specificity: 0.6279
Undirected Precision: 0.5152
Undirected Recall: 0.7391
----------------------------------------
ALPHA:0.01 | SEED:20
Directed Sensitivity: 0.5217
Directed Specificity: 0.8257
Directed Precision: 0.3871
Directed Recall: 0.5217
Undirected Sensitivity: 0.6522
Undirected Specificity: 0.6279
Undirected Precision: 0.4839
Undirected Recall: 0.6522
----------------------------------------
ALPHA:0.01 | SEED:30
Directed Sensitivity: 0.3478
Directed Specificity: 0.7706
Directed Precision: 0.2424
Directed Recall: 0.3478
Undirected Sensitivity: 0.6522
Undirected Specificity: 0.5814
Undirected Precision: 0.4545
Undirected Recall: 0.6522
----------------------------------------
ALPHA:0.01 | SEED:40
Directed Sensitivity: 0.2609
Directed Specificity: 0.7248
Directed Precision: 0.1667
Directed Recall: 0.2609
Undirected Sensitivity: 0.7391
Undirected Specificity: 0.5581
Undirected Precision: 0.4722
Undirected Recall: 0.7391
----------------------------------------
ALPHA:0.01 | SEED:50
Directed Sensitivity: 0.0870
Directed Specificity: 0.7248
Directed Precision: 0.0625
Directed Recall: 0.0870
Undirected Sensitivity: 0.6957
Undirected Specificity: 0.6279
Undirected Precision: 0.5000
Undirected Recall: 0.6957
----------------------------------------
ALPHA:0.01 | SEED:60
Directed Sensitivity: 0.1739
Directed Specificity: 0.8073
Directed Precision: 0.1600
Directed Recall: 0.1739
Undirected Sensitivity: 0.5652
Undirected Specificity: 0.7209
Undirected Precision: 0.5200
Undirected Recall: 0.5652
----------------------------------------
ALPHA:0.01 | SEED:70
Directed Sensitivity: 0.2609
Directed Specificity: 0.7890
Directed Precision: 0.2069
Directed Recall: 0.2609
Undirected Sensitivity: 0.6957
Undirected Specificity: 0.6977
Undirected Precision: 0.5517
Undirected Recall: 0.6957
----------------------------------------
ALPHA:0.01 | SEED:80
Directed Sensitivity: 0.3043
Directed Specificity: 0.7798
Directed Precision: 0.2258
Directed Recall: 0.3043
Undirected Sensitivity: 0.6522
Undirected Specificity: 0.6279
Undirected Precision: 0.4839
Undirected Recall: 0.6522
----------------------------------------
ALPHA:0.01 | SEED:90
Directed Sensitivity: 0.3043
Directed Specificity: 0.7706
Directed Precision: 0.2188
Directed Recall: 0.3043
Undirected Sensitivity: 0.6087
Undirected Specificity: 0.5814
Undirected Precision: 0.4375
Undirected Recall: 0.6087
----------------------------------------
ALPHA:0.01 | SEED:100
Directed Sensitivity: 0.3478
Directed Specificity: 0.7523
Directed Precision: 0.2286
Directed Recall: 0.3478
Undirected Sensitivity: 0.6522
Undirected Specificity: 0.5349
Undirected Precision: 0.4286
Undirected Recall: 0.6522
----------------------------------------
ALPHA:0.01 | SEED:110
Directed Sensitivity: 0.3913
Directed Specificity: 0.7798
Directed Precision: 0.2727
Directed Recall: 0.3913
Undirected Sensitivity: 0.6957
Undirected Specificity: 0.6047
Undirected Precision: 0.4848
Undirected Recall: 0.6957
----------------------------------------
ALPHA:0.01 | SEED:120
Directed Sensitivity: 0.4348
Directed Specificity: 0.7523
Directed Precision: 0.2703
Directed Recall: 0.4348
Undirected Sensitivity: 0.6522
Undirected Specificity: 0.4884
Undirected Precision: 0.4054
Undirected Recall: 0.6522
----------------------------------------
ALPHA:0.01 | SEED:130
Directed Sensitivity: 0.4348
Directed Specificity: 0.8073
Directed Precision: 0.3226
Directed Recall: 0.4348
Undirected Sensitivity: 0.6957
Undirected Specificity: 0.6512
Undirected Precision: 0.5161
Undirected Recall: 0.6957
----------------------------------------
ALPHA:0.01 | SEED:140
Directed Sensitivity: 0.3043
Directed Specificity: 0.7339
Directed Precision: 0.1944
Directed Recall: 0.3043
Undirected Sensitivity: 0.6522
Undirected Specificity: 0.5116
Undirected Precision: 0.4167
Undirected Recall: 0.6522
----------------------------------------
ALPHA:0.01 | SEED:150
Directed Sensitivity: 0.4783
Directed Specificity: 0.7798
Directed Precision: 0.3143
Directed Recall: 0.4783
Undirected Sensitivity: 0.7391
Undirected Specificity: 0.5814
Undirected Precision: 0.4857
Undirected Recall: 0.7391
----------------------------------------
ALPHA:0.01 | SEED:160
Directed Sensitivity: 0.5652
Directed Specificity: 0.8257
Directed Precision: 0.4062
Directed Recall: 0.5652
Undirected Sensitivity: 0.6522
Undirected Specificity: 0.6047
Undirected Precision: 0.4688
Undirected Recall: 0.6522
----------------------------------------
ALPHA:0.01 | SEED:170
Directed Sensitivity: 0.3043
Directed Specificity: 0.7615
Directed Precision: 0.2121
Directed Recall: 0.3043
Undirected Sensitivity: 0.6522
Undirected Specificity: 0.5814
Undirected Precision: 0.4545
Undirected Recall: 0.6522
----------------------------------------
ALPHA:0.01 | SEED:180
Directed Sensitivity: 0.4783
Directed Specificity: 0.7982
Directed Precision: 0.3333
Directed Recall: 0.4783
Undirected Sensitivity: 0.6957
Undirected Specificity: 0.6047
Undirected Precision: 0.4848
Undirected Recall: 0.6957
----------------------------------------
ALPHA:0.01 | SEED:190
Directed Sensitivity: 0.3478
Directed Specificity: 0.7248
Directed Precision: 0.2105
Directed Recall: 0.3478
Undirected Sensitivity: 0.7391
Undirected Specificity: 0.5116
Undirected Precision: 0.4474
Undirected Recall: 0.7391
----------------------------------------
ALPHA:0.01 | SEED:200
Directed Sensitivity: 0.3478
Directed Specificity: 0.7431
Directed Precision: 0.2222
Directed Recall: 0.3478
Undirected Sensitivity: 0.6957
Undirected Specificity: 0.5349
Undirected Precision: 0.4444
Undirected Recall: 0.6957
----------------------------------------
ALPHA:0.01 | SEED:210
Directed Sensitivity: 0.2609
Directed Specificity: 0.7523
Directed Precision: 0.1818
Directed Recall: 0.2609
Undirected Sensitivity: 0.6957
Undirected Specificity: 0.6047
Undirected Precision: 0.4848
Undirected Recall: 0.6957
----------------------------------------
ALPHA:0.01 | SEED:220
Directed Sensitivity: 0.2609
Directed Specificity: 0.6697
Directed Precision: 0.1429
Directed Recall: 0.2609
Undirected Sensitivity: 0.6957
Undirected Specificity: 0.3953
Undirected Precision: 0.3810
Undirected Recall: 0.6957
----------------------------------------
ALPHA:0.01 | SEED:230
Directed Sensitivity: 0.2609
Directed Specificity: 0.6881
Directed Precision: 0.1500
Directed Recall: 0.2609
Undirected Sensitivity: 0.7826
Undirected Specificity: 0.4884
Undirected Precision: 0.4500
Undirected Recall: 0.7826
----------------------------------------
ALPHA:0.01 | SEED:240
Directed Sensitivity: 0.2174
Directed Specificity: 0.7339
Directed Precision: 0.1471
Directed Recall: 0.2174
Undirected Sensitivity: 0.6957
Undirected Specificity: 0.5814
Undirected Precision: 0.4706
Undirected Recall: 0.6957
----------------------------------------
ALPHA:0.01 | SEED:250
Directed Sensitivity: 0.1739
Directed Specificity: 0.7431
Directed Precision: 0.1250
Directed Recall: 0.1739
Undirected Sensitivity: 0.6957
Undirected Specificity: 0.6279
Undirected Precision: 0.5000
Undirected Recall: 0.6957
----------------------------------------
ALPHA:0.01 | SEED:260
Directed Sensitivity: 0.3043
Directed Specificity: 0.7615
Directed Precision: 0.2121
Directed Recall: 0.3043
Undirected Sensitivity: 0.6087
Undirected Specificity: 0.5581
Undirected Precision: 0.4242
Undirected Recall: 0.6087
----------------------------------------
ALPHA:0.01 | SEED:270
Directed Sensitivity: 0.4348
Directed Specificity: 0.7982
Directed Precision: 0.3125
Directed Recall: 0.4348
Undirected Sensitivity: 0.7391
Undirected Specificity: 0.6512
Undirected Precision: 0.5312
Undirected Recall: 0.7391
----------------------------------------
ALPHA:0.01 | SEED:280
Directed Sensitivity: 0.5217
Directed Specificity: 0.8349
Directed Precision: 0.4000
Directed Recall: 0.5217
Undirected Sensitivity: 0.6522
Undirected Specificity: 0.6512
Undirected Precision: 0.5000
Undirected Recall: 0.6522
----------------------------------------
ALPHA:0.01 | SEED:290
Directed Sensitivity: 0.3043
Directed Specificity: 0.7523
Directed Precision: 0.2059
Directed Recall: 0.3043
Undirected Sensitivity: 0.7391
Undirected Specificity: 0.6047
Undirected Precision: 0.5000
Undirected Recall: 0.7391
----------------------------------------
ALPHA:0.01 | SEED:300
Directed Sensitivity: 0.3478
Directed Specificity: 0.7064
Directed Precision: 0.2000
Directed Recall: 0.3478
Undirected Sensitivity: 0.6957
Undirected Specificity: 0.4419
Undirected Precision: 0.4000
Undirected Recall: 0.6957
----------------------------------------
ALPHA:0.05 | SEED:10
Directed Sensitivity: 0.3478
Directed Specificity: 0.6972
Directed Precision: 0.1951
Directed Recall: 0.3478
Undirected Sensitivity: 0.8261
Undirected Specificity: 0.4884
Undirected Precision: 0.4634
Undirected Recall: 0.8261
----------------------------------------
ALPHA:0.05 | SEED:20
Directed Sensitivity: 0.4348
Directed Specificity: 0.7798
Directed Precision: 0.2941
Directed Recall: 0.4348
Undirected Sensitivity: 0.6087
Undirected Specificity: 0.5349
Undirected Precision: 0.4118
Undirected Recall: 0.6087
----------------------------------------
ALPHA:0.05 | SEED:30
Directed Sensitivity: 0.2609
Directed Specificity: 0.7248
Directed Precision: 0.1667
Directed Recall: 0.2609
Undirected Sensitivity: 0.6957
Undirected Specificity: 0.5349
Undirected Precision: 0.4444
Undirected Recall: 0.6957
----------------------------------------
ALPHA:0.05 | SEED:40
Directed Sensitivity: 0.1739
Directed Specificity: 0.6789
Directed Precision: 0.1026
Directed Recall: 0.1739
Undirected Sensitivity: 0.7391
Undirected Specificity: 0.4884
Undirected Precision: 0.4359
Undirected Recall: 0.7391
----------------------------------------
ALPHA:0.05 | SEED:50
Directed Sensitivity: 0.0870
Directed Specificity: 0.6881
Directed Precision: 0.0556
Directed Recall: 0.0870
Undirected Sensitivity: 0.8261
Undirected Specificity: 0.6047
Undirected Precision: 0.5278
Undirected Recall: 0.8261
----------------------------------------
ALPHA:0.05 | SEED:60
Directed Sensitivity: 0.3043
Directed Specificity: 0.7248
Directed Precision: 0.1892
Directed Recall: 0.3043
Undirected Sensitivity: 0.8261
Undirected Specificity: 0.5814
Undirected Precision: 0.5135
Undirected Recall: 0.8261
----------------------------------------
ALPHA:0.05 | SEED:70
Directed Sensitivity: 0.2609
Directed Specificity: 0.7156
Directed Precision: 0.1622
Directed Recall: 0.2609
Undirected Sensitivity: 0.7826
Undirected Specificity: 0.5581
Undirected Precision: 0.4865
Undirected Recall: 0.7826
----------------------------------------
ALPHA:0.05 | SEED:80
Directed Sensitivity: 0.3913
Directed Specificity: 0.7706
Directed Precision: 0.2647
Directed Recall: 0.3913
Undirected Sensitivity: 0.7391
Undirected Specificity: 0.6047
Undirected Precision: 0.5000
Undirected Recall: 0.7391
----------------------------------------
ALPHA:0.05 | SEED:90
Directed Sensitivity: 0.2609
Directed Specificity: 0.7248
Directed Precision: 0.1667
Directed Recall: 0.2609
Undirected Sensitivity: 0.6957
Undirected Specificity: 0.5349
Undirected Precision: 0.4444
Undirected Recall: 0.6957
----------------------------------------
ALPHA:0.05 | SEED:100
Directed Sensitivity: 0.5217
Directed Specificity: 0.7339
Directed Precision: 0.2927
Directed Recall: 0.5217
Undirected Sensitivity: 0.7826
Undirected Specificity: 0.4651
Undirected Precision: 0.4390
Undirected Recall: 0.7826
----------------------------------------
ALPHA:0.05 | SEED:110
Directed Sensitivity: 0.3913
Directed Specificity: 0.7523
Directed Precision: 0.2500
Directed Recall: 0.3913
Undirected Sensitivity: 0.6522
Undirected Specificity: 0.5116
Undirected Precision: 0.4167
Undirected Recall: 0.6522
----------------------------------------
ALPHA:0.05 | SEED:120
Directed Sensitivity: 0.3913
Directed Specificity: 0.7798
Directed Precision: 0.2727
Directed Recall: 0.3913
Undirected Sensitivity: 0.6522
Undirected Specificity: 0.5814
Undirected Precision: 0.4545
Undirected Recall: 0.6522
----------------------------------------
ALPHA:0.05 | SEED:130
Directed Sensitivity: 0.3913
Directed Specificity: 0.7798
Directed Precision: 0.2727
Directed Recall: 0.3913
Undirected Sensitivity: 0.6087
Undirected Specificity: 0.5581
Undirected Precision: 0.4242
Undirected Recall: 0.6087
----------------------------------------
ALPHA:0.05 | SEED:140
Directed Sensitivity: 0.4783
Directed Specificity: 0.7523
Directed Precision: 0.2895
Directed Recall: 0.4783
Undirected Sensitivity: 0.8261
Undirected Specificity: 0.5581
Undirected Precision: 0.5000
Undirected Recall: 0.8261
----------------------------------------
ALPHA:0.05 | SEED:150
Directed Sensitivity: 0.5217
Directed Specificity: 0.7890
Directed Precision: 0.3429
Directed Recall: 0.5217
Undirected Sensitivity: 0.7391
Undirected Specificity: 0.5814
Undirected Precision: 0.4857
Undirected Recall: 0.7391
----------------------------------------
ALPHA:0.05 | SEED:160
Directed Sensitivity: 0.4783
Directed Specificity: 0.8073
Directed Precision: 0.3438
Directed Recall: 0.4783
Undirected Sensitivity: 0.6957
Undirected Specificity: 0.6279
Undirected Precision: 0.5000
Undirected Recall: 0.6957
----------------------------------------
ALPHA:0.05 | SEED:170
Directed Sensitivity: 0.2609
Directed Specificity: 0.7156
Directed Precision: 0.1622
Directed Recall: 0.2609
Undirected Sensitivity: 0.7391
Undirected Specificity: 0.5349
Undirected Precision: 0.4595
Undirected Recall: 0.7391
----------------------------------------
ALPHA:0.05 | SEED:180
Directed Sensitivity: 0.5217
Directed Specificity: 0.7982
Directed Precision: 0.3529
Directed Recall: 0.5217
Undirected Sensitivity: 0.7826
Undirected Specificity: 0.6279
Undirected Precision: 0.5294
Undirected Recall: 0.7826
----------------------------------------
ALPHA:0.05 | SEED:190
Directed Sensitivity: 0.3478
Directed Specificity: 0.6606
Directed Precision: 0.1778
Directed Recall: 0.3478
Undirected Sensitivity: 0.7391
Undirected Specificity: 0.3488
Undirected Precision: 0.3778
Undirected Recall: 0.7391
----------------------------------------
ALPHA:0.05 | SEED:200
Directed Sensitivity: 0.3043
Directed Specificity: 0.6330
Directed Precision: 0.1489
Directed Recall: 0.3043
Undirected Sensitivity: 0.7391
Undirected Specificity: 0.3023
Undirected Precision: 0.3617
Undirected Recall: 0.7391
----------------------------------------
ALPHA:0.05 | SEED:210
Directed Sensitivity: 0.3043
Directed Specificity: 0.6606
Directed Precision: 0.1591
Directed Recall: 0.3043
Undirected Sensitivity: 0.7391
Undirected Specificity: 0.3721
Undirected Precision: 0.3864
Undirected Recall: 0.7391
----------------------------------------
ALPHA:0.05 | SEED:220
Directed Sensitivity: 0.3913
Directed Specificity: 0.7523
Directed Precision: 0.2500
Directed Recall: 0.3913
Undirected Sensitivity: 0.8261
Undirected Specificity: 0.6047
Undirected Precision: 0.5278
Undirected Recall: 0.8261
----------------------------------------
ALPHA:0.05 | SEED:230
Directed Sensitivity: 0.2609
Directed Specificity: 0.6514
Directed Precision: 0.1364
Directed Recall: 0.2609
Undirected Sensitivity: 0.7826
Undirected Specificity: 0.3953
Undirected Precision: 0.4091
Undirected Recall: 0.7826
----------------------------------------
ALPHA:0.05 | SEED:240
Directed Sensitivity: 0.2609
Directed Specificity: 0.6881
Directed Precision: 0.1500
Directed Recall: 0.2609
Undirected Sensitivity: 0.7391
Undirected Specificity: 0.4651
Undirected Precision: 0.4250
Undirected Recall: 0.7391
----------------------------------------
ALPHA:0.05 | SEED:250
Directed Sensitivity: 0.2609
Directed Specificity: 0.6606
Directed Precision: 0.1395
Directed Recall: 0.2609
Undirected Sensitivity: 0.7826
Undirected Specificity: 0.4186
Undirected Precision: 0.4186
Undirected Recall: 0.7826
----------------------------------------
ALPHA:0.05 | SEED:260
Directed Sensitivity: 0.3043
Directed Specificity: 0.7339
Directed Precision: 0.1944
Directed Recall: 0.3043
Undirected Sensitivity: 0.6957
Undirected Specificity: 0.5349
Undirected Precision: 0.4444
Undirected Recall: 0.6957
----------------------------------------
ALPHA:0.05 | SEED:270
Directed Sensitivity: 0.4783
Directed Specificity: 0.7431
Directed Precision: 0.2821
Directed Recall: 0.4783
Undirected Sensitivity: 0.8261
Undirected Specificity: 0.5349
Undirected Precision: 0.4872
Undirected Recall: 0.8261
----------------------------------------
ALPHA:0.05 | SEED:280
Directed Sensitivity: 0.4348
Directed Specificity: 0.7982
Directed Precision: 0.3125
Directed Recall: 0.4348
Undirected Sensitivity: 0.6522
Undirected Specificity: 0.6047
Undirected Precision: 0.4688
Undirected Recall: 0.6522
----------------------------------------
ALPHA:0.05 | SEED:290
Directed Sensitivity: 0.4348
Directed Specificity: 0.7339
Directed Precision: 0.2564
Directed Recall: 0.4348
Undirected Sensitivity: 0.8261
Undirected Specificity: 0.5349
Undirected Precision: 0.4872
Undirected Recall: 0.8261
----------------------------------------
ALPHA:0.05 | SEED:300
Directed Sensitivity: 0.2609
Directed Specificity: 0.7156
Directed Precision: 0.1622
Directed Recall: 0.2609
Undirected Sensitivity: 0.6087
Undirected Specificity: 0.4651
Undirected Precision: 0.3784
Undirected Recall: 0.6087
----------------------------------------
ALPHA:0.1 | SEED:10
Directed Sensitivity: 0.3913
Directed Specificity: 0.6697
Directed Precision: 0.2000
Directed Recall: 0.3913
Undirected Sensitivity: 0.9130
Undirected Specificity: 0.4419
Undirected Precision: 0.4667
Undirected Recall: 0.9130
----------------------------------------
ALPHA:0.1 | SEED:20
Directed Sensitivity: 0.4783
Directed Specificity: 0.7339
Directed Precision: 0.2750
Directed Recall: 0.4783
Undirected Sensitivity: 0.7391
Undirected Specificity: 0.4651
Undirected Precision: 0.4250
Undirected Recall: 0.7391
----------------------------------------
ALPHA:0.1 | SEED:30
Directed Sensitivity: 0.3043
Directed Specificity: 0.6514
Directed Precision: 0.1556
Directed Recall: 0.3043
Undirected Sensitivity: 0.7391
Undirected Specificity: 0.3488
Undirected Precision: 0.3778
Undirected Recall: 0.7391
----------------------------------------
ALPHA:0.1 | SEED:40
Directed Sensitivity: 0.2609
Directed Specificity: 0.6789
Directed Precision: 0.1463
Directed Recall: 0.2609
Undirected Sensitivity: 0.7826
Undirected Specificity: 0.4651
Undirected Precision: 0.4390
Undirected Recall: 0.7826
----------------------------------------
ALPHA:0.1 | SEED:50
Directed Sensitivity: 0.1739
Directed Specificity: 0.6881
Directed Precision: 0.1053
Directed Recall: 0.1739
Undirected Sensitivity: 0.8261
Undirected Specificity: 0.5581
Undirected Precision: 0.5000
Undirected Recall: 0.8261
----------------------------------------
ALPHA:0.1 | SEED:60
Directed Sensitivity: 0.3043
Directed Specificity: 0.6606
Directed Precision: 0.1591
Directed Recall: 0.3043
Undirected Sensitivity: 0.9130
Undirected Specificity: 0.4651
Undirected Precision: 0.4773
Undirected Recall: 0.9130
----------------------------------------
ALPHA:0.1 | SEED:70
Directed Sensitivity: 0.3043
Directed Specificity: 0.6972
Directed Precision: 0.1750
Directed Recall: 0.3043
Undirected Sensitivity: 0.8696
Undirected Specificity: 0.5349
Undirected Precision: 0.5000
Undirected Recall: 0.8696
----------------------------------------
ALPHA:0.1 | SEED:80
Directed Sensitivity: 0.3913
Directed Specificity: 0.7431
Directed Precision: 0.2432
Directed Recall: 0.3913
Undirected Sensitivity: 0.8261
Undirected Specificity: 0.5814
Undirected Precision: 0.5135
Undirected Recall: 0.8261
----------------------------------------
ALPHA:0.1 | SEED:90
Directed Sensitivity: 0.2609
Directed Specificity: 0.7156
Directed Precision: 0.1622
Directed Recall: 0.2609
Undirected Sensitivity: 0.6957
Undirected Specificity: 0.5116
Undirected Precision: 0.4324
Undirected Recall: 0.6957
----------------------------------------
ALPHA:0.1 | SEED:100
Directed Sensitivity: 0.4348
Directed Specificity: 0.6789
Directed Precision: 0.2222
Directed Recall: 0.4348
Undirected Sensitivity: 0.9130
Undirected Specificity: 0.4419
Undirected Precision: 0.4667
Undirected Recall: 0.9130
----------------------------------------
ALPHA:0.1 | SEED:110
Directed Sensitivity: 0.4783
Directed Specificity: 0.7523
Directed Precision: 0.2895
Directed Recall: 0.4783
Undirected Sensitivity: 0.7826
Undirected Specificity: 0.5349
Undirected Precision: 0.4737
Undirected Recall: 0.7826
----------------------------------------
ALPHA:0.1 | SEED:120
Directed Sensitivity: 0.5217
Directed Specificity: 0.7706
Directed Precision: 0.3243
Directed Recall: 0.5217
Undirected Sensitivity: 0.7826
Undirected Specificity: 0.5581
Undirected Precision: 0.4865
Undirected Recall: 0.7826
----------------------------------------
ALPHA:0.1 | SEED:130
Directed Sensitivity: 0.4783
Directed Specificity: 0.7156
Directed Precision: 0.2619
Directed Recall: 0.4783
Undirected Sensitivity: 0.8696
Undirected Specificity: 0.4884
Undirected Precision: 0.4762
Undirected Recall: 0.8696
----------------------------------------
ALPHA:0.1 | SEED:140
Directed Sensitivity: 0.3043
Directed Specificity: 0.6697
Directed Precision: 0.1628
Directed Recall: 0.3043
Undirected Sensitivity: 0.8261
Undirected Specificity: 0.4419
Undirected Precision: 0.4419
Undirected Recall: 0.8261
----------------------------------------
ALPHA:0.1 | SEED:150
Directed Sensitivity: 0.4348
Directed Specificity: 0.7431
Directed Precision: 0.2632
Directed Recall: 0.4348
Undirected Sensitivity: 0.7391
Undirected Specificity: 0.5116
Undirected Precision: 0.4474
Undirected Recall: 0.7391
----------------------------------------
ALPHA:0.1 | SEED:160
Directed Sensitivity: 0.5217
Directed Specificity: 0.7431
Directed Precision: 0.3000
Directed Recall: 0.5217
Undirected Sensitivity: 0.7391
Undirected Specificity: 0.4651
Undirected Precision: 0.4250
Undirected Recall: 0.7391
----------------------------------------
ALPHA:0.1 | SEED:170
Directed Sensitivity: 0.3043
Directed Specificity: 0.6606
Directed Precision: 0.1591
Directed Recall: 0.3043
Undirected Sensitivity: 0.6957
Undirected Specificity: 0.3488
Undirected Precision: 0.3636
Undirected Recall: 0.6957
----------------------------------------
ALPHA:0.1 | SEED:180
Directed Sensitivity: 0.5217
Directed Specificity: 0.7431
Directed Precision: 0.3000
Directed Recall: 0.5217
Undirected Sensitivity: 0.8261
Undirected Specificity: 0.5116
Undirected Precision: 0.4750
Undirected Recall: 0.8261
----------------------------------------
ALPHA:0.1 | SEED:190
Directed Sensitivity: 0.3478
Directed Specificity: 0.6789
Directed Precision: 0.1860
Directed Recall: 0.3478
Undirected Sensitivity: 0.8261
Undirected Specificity: 0.4419
Undirected Precision: 0.4419
Undirected Recall: 0.8261
----------------------------------------
ALPHA:0.1 | SEED:200
Directed Sensitivity: 0.3043
Directed Specificity: 0.6422
Directed Precision: 0.1522
Directed Recall: 0.3043
Undirected Sensitivity: 0.7391
Undirected Specificity: 0.3256
Undirected Precision: 0.3696
Undirected Recall: 0.7391
----------------------------------------
ALPHA:0.1 | SEED:210
Directed Sensitivity: 0.3043
Directed Specificity: 0.6881
Directed Precision: 0.1707
Directed Recall: 0.3043
Undirected Sensitivity: 0.8261
Undirected Specificity: 0.4884
Undirected Precision: 0.4634
Undirected Recall: 0.8261
----------------------------------------
ALPHA:0.1 | SEED:220
Directed Sensitivity: 0.3478
Directed Specificity: 0.7156
Directed Precision: 0.2051
Directed Recall: 0.3478
Undirected Sensitivity: 0.8261
Undirected Specificity: 0.5349
Undirected Precision: 0.4872
Undirected Recall: 0.8261
----------------------------------------
ALPHA:0.1 | SEED:230
Directed Sensitivity: 0.2609
Directed Specificity: 0.6330
Directed Precision: 0.1304
Directed Recall: 0.2609
Undirected Sensitivity: 0.7826
Undirected Specificity: 0.3488
Undirected Precision: 0.3913
Undirected Recall: 0.7826
----------------------------------------
ALPHA:0.1 | SEED:240
Directed Sensitivity: 0.2174
Directed Specificity: 0.6147
Directed Precision: 0.1064
Directed Recall: 0.2174
Undirected Sensitivity: 0.8696
Undirected Specificity: 0.3721
Undirected Precision: 0.4255
Undirected Recall: 0.8696
----------------------------------------
ALPHA:0.1 | SEED:250
Directed Sensitivity: 0.3043
Directed Specificity: 0.6789
Directed Precision: 0.1667
Directed Recall: 0.3043
Undirected Sensitivity: 0.8696
Undirected Specificity: 0.4884
Undirected Precision: 0.4762
Undirected Recall: 0.8696
----------------------------------------
ALPHA:0.1 | SEED:260
Directed Sensitivity: 0.4348
Directed Specificity: 0.7064
Directed Precision: 0.2381
Directed Recall: 0.4348
Undirected Sensitivity: 0.8696
Undirected Specificity: 0.4884
Undirected Precision: 0.4762
Undirected Recall: 0.8696
----------------------------------------
ALPHA:0.1 | SEED:270
Directed Sensitivity: 0.3913
Directed Specificity: 0.7339
Directed Precision: 0.2368
Directed Recall: 0.3913
Undirected Sensitivity: 0.8261
Undirected Specificity: 0.5581
Undirected Precision: 0.5000
Undirected Recall: 0.8261
----------------------------------------
ALPHA:0.1 | SEED:280
Directed Sensitivity: 0.4348
Directed Specificity: 0.7615
Directed Precision: 0.2778
Directed Recall: 0.4348
Undirected Sensitivity: 0.7826
Undirected Specificity: 0.5814
Undirected Precision: 0.5000
Undirected Recall: 0.7826
----------------------------------------
ALPHA:0.1 | SEED:290
Directed Sensitivity: 0.3478
Directed Specificity: 0.6972
Directed Precision: 0.1951
Directed Recall: 0.3478
Undirected Sensitivity: 0.8261
Undirected Specificity: 0.4884
Undirected Precision: 0.4634
Undirected Recall: 0.8261
----------------------------------------
ALPHA:0.1 | SEED:300
Directed Sensitivity: 0.5217
Directed Specificity: 0.6972
Directed Precision: 0.2667
Directed Recall: 0.5217
Undirected Sensitivity: 0.8261
Undirected Specificity: 0.3953
Undirected Precision: 0.4222
Undirected Recall: 0.8261
----------------------------------------
ALPHA:0.2 | SEED:10
Directed Sensitivity: 0.3478
Directed Specificity: 0.6514
Directed Precision: 0.1739
Directed Recall: 0.3478
Undirected Sensitivity: 0.8696
Undirected Specificity: 0.3953
Undirected Precision: 0.4348
Undirected Recall: 0.8696
----------------------------------------
ALPHA:0.2 | SEED:20
Directed Sensitivity: 0.6087
Directed Specificity: 0.6606
Directed Precision: 0.2745
Directed Recall: 0.6087
Undirected Sensitivity: 0.8261
Undirected Specificity: 0.2558
Undirected Precision: 0.3725
Undirected Recall: 0.8261
----------------------------------------
ALPHA:0.2 | SEED:30
Directed Sensitivity: 0.3478
Directed Specificity: 0.6422
Directed Precision: 0.1702
Directed Recall: 0.3478
Undirected Sensitivity: 0.8261
Undirected Specificity: 0.3488
Undirected Precision: 0.4043
Undirected Recall: 0.8261
----------------------------------------
ALPHA:0.2 | SEED:40
Directed Sensitivity: 0.2609
Directed Specificity: 0.6330
Directed Precision: 0.1304
Directed Recall: 0.2609
Undirected Sensitivity: 0.9130
Undirected Specificity: 0.4186
Undirected Precision: 0.4565
Undirected Recall: 0.9130
----------------------------------------
ALPHA:0.2 | SEED:50
Directed Sensitivity: 0.2174
Directed Specificity: 0.5596
Directed Precision: 0.0943
Directed Recall: 0.2174
Undirected Sensitivity: 0.8261
Undirected Specificity: 0.2093
Undirected Precision: 0.3585
Undirected Recall: 0.8261
----------------------------------------
ALPHA:0.2 | SEED:60
Directed Sensitivity: 0.3043
Directed Specificity: 0.6422
Directed Precision: 0.1522
Directed Recall: 0.3043
Undirected Sensitivity: 0.8261
Undirected Specificity: 0.3721
Undirected Precision: 0.4130
Undirected Recall: 0.8261
----------------------------------------
ALPHA:0.2 | SEED:70
Directed Sensitivity: 0.3043
Directed Specificity: 0.6422
Directed Precision: 0.1522
Directed Recall: 0.3043
Undirected Sensitivity: 0.8696
Undirected Specificity: 0.3953
Undirected Precision: 0.4348
Undirected Recall: 0.8696
----------------------------------------
ALPHA:0.2 | SEED:80
Directed Sensitivity: 0.3043
Directed Specificity: 0.6606
Directed Precision: 0.1591
Directed Recall: 0.3043
Undirected Sensitivity: 0.8261
Undirected Specificity: 0.4186
Undirected Precision: 0.4318
Undirected Recall: 0.8261
----------------------------------------
ALPHA:0.2 | SEED:90
Directed Sensitivity: 0.3478
Directed Specificity: 0.7156
Directed Precision: 0.2051
Directed Recall: 0.3478
Undirected Sensitivity: 0.7391
Undirected Specificity: 0.4884
Undirected Precision: 0.4359
Undirected Recall: 0.7391
----------------------------------------
ALPHA:0.2 | SEED:100
Directed Sensitivity: 0.4348
Directed Specificity: 0.7064
Directed Precision: 0.2381
Directed Recall: 0.4348
Undirected Sensitivity: 0.6957
Undirected Specificity: 0.3953
Undirected Precision: 0.3810
Undirected Recall: 0.6957
----------------------------------------
ALPHA:0.2 | SEED:110
Directed Sensitivity: 0.4348
Directed Specificity: 0.6697
Directed Precision: 0.2174
Directed Recall: 0.4348
Undirected Sensitivity: 0.8261
Undirected Specificity: 0.3721
Undirected Precision: 0.4130
Undirected Recall: 0.8261
----------------------------------------
ALPHA:0.2 | SEED:120
Directed Sensitivity: 0.4783
Directed Specificity: 0.7064
Directed Precision: 0.2558
Directed Recall: 0.4783
Undirected Sensitivity: 0.7826
Undirected Specificity: 0.4186
Undirected Precision: 0.4186
Undirected Recall: 0.7826
----------------------------------------
ALPHA:0.2 | SEED:130
Directed Sensitivity: 0.4783
Directed Specificity: 0.6881
Directed Precision: 0.2444
Directed Recall: 0.4783
Undirected Sensitivity: 0.7391
Undirected Specificity: 0.3488
Undirected Precision: 0.3778
Undirected Recall: 0.7391
----------------------------------------
ALPHA:0.2 | SEED:140
Directed Sensitivity: 0.4783
Directed Specificity: 0.6147
Directed Precision: 0.2075
Directed Recall: 0.4783
Undirected Sensitivity: 0.9130
Undirected Specificity: 0.2558
Undirected Precision: 0.3962
Undirected Recall: 0.9130
----------------------------------------
ALPHA:0.2 | SEED:150
Directed Sensitivity: 0.4348
Directed Specificity: 0.6972
Directed Precision: 0.2326
Directed Recall: 0.4348
Undirected Sensitivity: 0.7391
Undirected Specificity: 0.3953
Undirected Precision: 0.3953
Undirected Recall: 0.7391
----------------------------------------
ALPHA:0.2 | SEED:160
Directed Sensitivity: 0.5652
Directed Specificity: 0.7064
Directed Precision: 0.2889
Directed Recall: 0.5652
Undirected Sensitivity: 0.8261
Undirected Specificity: 0.3953
Undirected Precision: 0.4222
Undirected Recall: 0.8261
----------------------------------------
ALPHA:0.2 | SEED:170
Directed Sensitivity: 0.2609
Directed Specificity: 0.6422
Directed Precision: 0.1333
Directed Recall: 0.2609
Undirected Sensitivity: 0.7826
Undirected Specificity: 0.3721
Undirected Precision: 0.4000
Undirected Recall: 0.7826
----------------------------------------
ALPHA:0.2 | SEED:180
Directed Sensitivity: 0.5652
Directed Specificity: 0.7156
Directed Precision: 0.2955
Directed Recall: 0.5652
Undirected Sensitivity: 0.8696
Undirected Specificity: 0.4419
Undirected Precision: 0.4545
Undirected Recall: 0.8696
----------------------------------------
ALPHA:0.2 | SEED:190
Directed Sensitivity: 0.5217
Directed Specificity: 0.6422
Directed Precision: 0.2353
Directed Recall: 0.5217
Undirected Sensitivity: 0.8696
Undirected Specificity: 0.2791
Undirected Precision: 0.3922
Undirected Recall: 0.8696
----------------------------------------
ALPHA:0.2 | SEED:200
Directed Sensitivity: 0.3043
Directed Specificity: 0.6330
Directed Precision: 0.1489
Directed Recall: 0.3043
Undirected Sensitivity: 0.8696
Undirected Specificity: 0.3721
Undirected Precision: 0.4255
Undirected Recall: 0.8696
----------------------------------------
ALPHA:0.2 | SEED:210
Directed Sensitivity: 0.3478
Directed Specificity: 0.6330
Directed Precision: 0.1667
Directed Recall: 0.3478
Undirected Sensitivity: 0.9130
Undirected Specificity: 0.3721
Undirected Precision: 0.4375
Undirected Recall: 0.9130
----------------------------------------
ALPHA:0.2 | SEED:220
Directed Sensitivity: 0.4348
Directed Specificity: 0.7156
Directed Precision: 0.2439
Directed Recall: 0.4348
Undirected Sensitivity: 0.8261
Undirected Specificity: 0.4884
Undirected Precision: 0.4634
Undirected Recall: 0.8261
----------------------------------------
ALPHA:0.2 | SEED:230
Directed Sensitivity: 0.3043
Directed Specificity: 0.6239
Directed Precision: 0.1458
Directed Recall: 0.3043
Undirected Sensitivity: 0.7391
Undirected Specificity: 0.2791
Undirected Precision: 0.3542
Undirected Recall: 0.7391
----------------------------------------
ALPHA:0.2 | SEED:240
Directed Sensitivity: 0.2174
Directed Specificity: 0.5963
Directed Precision: 0.1020
Directed Recall: 0.2174
Undirected Sensitivity: 0.9130
Undirected Specificity: 0.3488
Undirected Precision: 0.4286
Undirected Recall: 0.9130
----------------------------------------
ALPHA:0.2 | SEED:250
Directed Sensitivity: 0.0870
Directed Specificity: 0.5780
Directed Precision: 0.0417
Directed Recall: 0.0870
Undirected Sensitivity: 0.8261
Undirected Specificity: 0.3256
Undirected Precision: 0.3958
Undirected Recall: 0.8261
----------------------------------------
ALPHA:0.2 | SEED:260
Directed Sensitivity: 0.3478
Directed Specificity: 0.6422
Directed Precision: 0.1702
Directed Recall: 0.3478
Undirected Sensitivity: 0.9130
Undirected Specificity: 0.3953
Undirected Precision: 0.4468
Undirected Recall: 0.9130
----------------------------------------
ALPHA:0.2 | SEED:270
Directed Sensitivity: 0.5217
Directed Specificity: 0.6972
Directed Precision: 0.2667
Directed Recall: 0.5217
Undirected Sensitivity: 0.8261
Undirected Specificity: 0.3953
Undirected Precision: 0.4222
Undirected Recall: 0.8261
----------------------------------------
ALPHA:0.2 | SEED:280
Directed Sensitivity: 0.4783
Directed Specificity: 0.7248
Directed Precision: 0.2683
Directed Recall: 0.4783
Undirected Sensitivity: 0.8696
Undirected Specificity: 0.5116
Undirected Precision: 0.4878
Undirected Recall: 0.8696
----------------------------------------
ALPHA:0.2 | SEED:290
Directed Sensitivity: 0.3478
Directed Specificity: 0.6514
Directed Precision: 0.1739
Directed Recall: 0.3478
Undirected Sensitivity: 0.8696
Undirected Specificity: 0.3953
Undirected Precision: 0.4348
Undirected Recall: 0.8696
----------------------------------------
ALPHA:0.2 | SEED:300
Directed Sensitivity: 0.4783
Directed Specificity: 0.6514
Directed Precision: 0.2245
Directed Recall: 0.4783
Undirected Sensitivity: 0.8696
Undirected Specificity: 0.3256
Undirected Precision: 0.4082
Undirected Recall: 0.8696
----------------------------------------
