PERCENT:3 | ALPHA:0.01 | SEED:10
Directed Sensitivity: 0.5882
Directed Specificity: 0.6129
Directed Precision: 0.2174
Directed Recall: 0.5882
Undirected Sensitivity: 1.0000
Undirected Specificity: 0.2368
Undirected Precision: 0.3696
Undirected Recall: 1.0000
----------------------------------------
PERCENT:3 | ALPHA:0.01 | SEED:20
Directed Sensitivity: 0.4706
Directed Specificity: 0.6129
Directed Precision: 0.1818
Directed Recall: 0.4706
Undirected Sensitivity: 0.9412
Undirected Specificity: 0.2632
Undirected Precision: 0.3636
Undirected Recall: 0.9412
----------------------------------------
PERCENT:3 | ALPHA:0.01 | SEED:30
Directed Sensitivity: 0.3529
Directed Specificity: 0.6022
Directed Precision: 0.1395
Directed Recall: 0.3529
Undirected Sensitivity: 0.8235
Undirected Specificity: 0.2368
Undirected Precision: 0.3256
Undirected Recall: 0.8235
----------------------------------------
PERCENT:3 | ALPHA:0.01 | SEED:40
Directed Sensitivity: 0.4118
Directed Specificity: 0.5699
Directed Precision: 0.1489
Directed Recall: 0.4118
Undirected Sensitivity: 0.8824
Undirected Specificity: 0.1579
Undirected Precision: 0.3191
Undirected Recall: 0.8824
----------------------------------------
PERCENT:3 | ALPHA:0.01 | SEED:50
Directed Sensitivity: 0.5882
Directed Specificity: 0.6452
Directed Precision: 0.2326
Directed Recall: 0.5882
Undirected Sensitivity: 0.8824
Undirected Specificity: 0.2632
Undirected Precision: 0.3488
Undirected Recall: 0.8824
----------------------------------------
PERCENT:3 | ALPHA:0.01 | SEED:60
Directed Sensitivity: 0.4706
Directed Specificity: 0.6559
Directed Precision: 0.2000
Directed Recall: 0.4706
Undirected Sensitivity: 0.9412
Undirected Specificity: 0.3684
Undirected Precision: 0.4000
Undirected Recall: 0.9412
----------------------------------------
PERCENT:3 | ALPHA:0.01 | SEED:70
Directed Sensitivity: 0.4118
Directed Specificity: 0.6452
Directed Precision: 0.1750
Directed Recall: 0.4118
Undirected Sensitivity: 0.8824
Undirected Specificity: 0.3421
Undirected Precision: 0.3750
Undirected Recall: 0.8824
----------------------------------------
PERCENT:3 | ALPHA:0.01 | SEED:80
Directed Sensitivity: 0.1765
Directed Specificity: 0.6129
Directed Precision: 0.0769
Directed Recall: 0.1765
Undirected Sensitivity: 0.8235
Undirected Specificity: 0.3421
Undirected Precision: 0.3590
Undirected Recall: 0.8235
----------------------------------------
PERCENT:3 | ALPHA:0.01 | SEED:90
Directed Sensitivity: 0.7059
Directed Specificity: 0.6344
Directed Precision: 0.2609
Directed Recall: 0.7059
Undirected Sensitivity: 0.9412
Undirected Specificity: 0.2105
Undirected Precision: 0.3478
Undirected Recall: 0.9412
----------------------------------------
PERCENT:3 | ALPHA:0.01 | SEED:100
Directed Sensitivity: 0.4118
Directed Specificity: 0.5484
Directed Precision: 0.1429
Directed Recall: 0.4118
Undirected Sensitivity: 0.9412
Undirected Specificity: 0.1316
Undirected Precision: 0.3265
Undirected Recall: 0.9412
----------------------------------------
PERCENT:3 | ALPHA:0.01 | SEED:110
Directed Sensitivity: 0.5294
Directed Specificity: 0.6344
Directed Precision: 0.2093
Directed Recall: 0.5294
Undirected Sensitivity: 0.9412
Undirected Specificity: 0.2895
Undirected Precision: 0.3721
Undirected Recall: 0.9412
----------------------------------------
PERCENT:3 | ALPHA:0.01 | SEED:120
Directed Sensitivity: 0.3529
Directed Specificity: 0.6559
Directed Precision: 0.1579
Directed Recall: 0.3529
Undirected Sensitivity: 0.8824
Undirected Specificity: 0.3947
Undirected Precision: 0.3947
Undirected Recall: 0.8824
----------------------------------------
PERCENT:3 | ALPHA:0.01 | SEED:130
Directed Sensitivity: 0.7059
Directed Specificity: 0.7097
Directed Precision: 0.3077
Directed Recall: 0.7059
Undirected Sensitivity: 0.9412
Undirected Specificity: 0.3947
Undirected Precision: 0.4103
Undirected Recall: 0.9412
----------------------------------------
PERCENT:3 | ALPHA:0.01 | SEED:140
Directed Sensitivity: 0.1765
Directed Specificity: 0.5914
Directed Precision: 0.0732
Directed Recall: 0.1765
Undirected Sensitivity: 0.8235
Undirected Specificity: 0.2895
Undirected Precision: 0.3415
Undirected Recall: 0.8235
----------------------------------------
PERCENT:3 | ALPHA:0.01 | SEED:150
Directed Sensitivity: 0.4706
Directed Specificity: 0.6022
Directed Precision: 0.1778
Directed Recall: 0.4706
Undirected Sensitivity: 1.0000
Undirected Specificity: 0.2632
Undirected Precision: 0.3778
Undirected Recall: 1.0000
----------------------------------------
PERCENT:3 | ALPHA:0.01 | SEED:160
Directed Sensitivity: 0.5294
Directed Specificity: 0.6022
Directed Precision: 0.1957
Directed Recall: 0.5294
Undirected Sensitivity: 0.9412
Undirected Specificity: 0.2105
Undirected Precision: 0.3478
Undirected Recall: 0.9412
----------------------------------------
PERCENT:3 | ALPHA:0.01 | SEED:170
Directed Sensitivity: 0.5882
Directed Specificity: 0.6559
Directed Precision: 0.2381
Directed Recall: 0.5882
Undirected Sensitivity: 0.9412
Undirected Specificity: 0.3158
Undirected Precision: 0.3810
Undirected Recall: 0.9412
----------------------------------------
PERCENT:3 | ALPHA:0.01 | SEED:180
Directed Sensitivity: 0.4706
Directed Specificity: 0.5914
Directed Precision: 0.1739
Directed Recall: 0.4706
Undirected Sensitivity: 0.9412
Undirected Specificity: 0.2105
Undirected Precision: 0.3478
Undirected Recall: 0.9412
----------------------------------------
PERCENT:3 | ALPHA:0.01 | SEED:190
Directed Sensitivity: 0.4118
Directed Specificity: 0.6344
Directed Precision: 0.1707
Directed Recall: 0.4118
Undirected Sensitivity: 0.8824
Undirected Specificity: 0.3158
Undirected Precision: 0.3659
Undirected Recall: 0.8824
----------------------------------------
PERCENT:3 | ALPHA:0.01 | SEED:200
Directed Sensitivity: 0.3529
Directed Specificity: 0.6559
Directed Precision: 0.1579
Directed Recall: 0.3529
Undirected Sensitivity: 0.8824
Undirected Specificity: 0.3947
Undirected Precision: 0.3947
Undirected Recall: 0.8824
----------------------------------------
PERCENT:3 | ALPHA:0.01 | SEED:210
Directed Sensitivity: 0.5294
Directed Specificity: 0.7097
Directed Precision: 0.2500
Directed Recall: 0.5294
Undirected Sensitivity: 0.8235
Undirected Specificity: 0.4211
Undirected Precision: 0.3889
Undirected Recall: 0.8235
----------------------------------------
PERCENT:3 | ALPHA:0.01 | SEED:220
Directed Sensitivity: 0.2941
Directed Specificity: 0.6344
Directed Precision: 0.1282
Directed Recall: 0.2941
Undirected Sensitivity: 0.8235
Undirected Specificity: 0.3421
Undirected Precision: 0.3590
Undirected Recall: 0.8235
----------------------------------------
PERCENT:3 | ALPHA:0.01 | SEED:230
Directed Sensitivity: 0.5294
Directed Specificity: 0.6129
Directed Precision: 0.2000
Directed Recall: 0.5294
Undirected Sensitivity: 0.8824
Undirected Specificity: 0.2105
Undirected Precision: 0.3333
Undirected Recall: 0.8824
----------------------------------------
PERCENT:3 | ALPHA:0.01 | SEED:240
Directed Sensitivity: 0.3529
Directed Specificity: 0.5699
Directed Precision: 0.1304
Directed Recall: 0.3529
Undirected Sensitivity: 0.9412
Undirected Specificity: 0.2105
Undirected Precision: 0.3478
Undirected Recall: 0.9412
----------------------------------------
PERCENT:3 | ALPHA:0.01 | SEED:250
Directed Sensitivity: 0.4118
Directed Specificity: 0.6022
Directed Precision: 0.1591
Directed Recall: 0.4118
Undirected Sensitivity: 0.8235
Undirected Specificity: 0.2105
Undirected Precision: 0.3182
Undirected Recall: 0.8235
----------------------------------------
PERCENT:3 | ALPHA:0.01 | SEED:260
Directed Sensitivity: 0.5294
Directed Specificity: 0.6989
Directed Precision: 0.2432
Directed Recall: 0.5294
Undirected Sensitivity: 0.8824
Undirected Specificity: 0.4211
Undirected Precision: 0.4054
Undirected Recall: 0.8824
----------------------------------------
PERCENT:3 | ALPHA:0.01 | SEED:270
Directed Sensitivity: 0.6471
Directed Specificity: 0.7097
Directed Precision: 0.2895
Directed Recall: 0.6471
Undirected Sensitivity: 0.9412
Undirected Specificity: 0.4211
Undirected Precision: 0.4211
Undirected Recall: 0.9412
----------------------------------------
PERCENT:3 | ALPHA:0.01 | SEED:280
Directed Sensitivity: 0.5294
Directed Specificity: 0.6882
Directed Precision: 0.2368
Directed Recall: 0.5294
Undirected Sensitivity: 0.9412
Undirected Specificity: 0.4211
Undirected Precision: 0.4211
Undirected Recall: 0.9412
----------------------------------------
PERCENT:3 | ALPHA:0.01 | SEED:290
Directed Sensitivity: 0.6471
Directed Specificity: 0.6989
Directed Precision: 0.2821
Directed Recall: 0.6471
Undirected Sensitivity: 0.8824
Undirected Specificity: 0.3684
Undirected Precision: 0.3846
Undirected Recall: 0.8824
----------------------------------------
PERCENT:3 | ALPHA:0.01 | SEED:300
Directed Sensitivity: 0.2941
Directed Specificity: 0.5914
Directed Precision: 0.1163
Directed Recall: 0.2941
Undirected Sensitivity: 0.8824
Undirected Specificity: 0.2632
Undirected Precision: 0.3488
Undirected Recall: 0.8824
----------------------------------------
PERCENT:3 | ALPHA:0.05 | SEED:10
Directed Sensitivity: 0.4706
Directed Specificity: 0.6452
Directed Precision: 0.1951
Directed Recall: 0.4706
Undirected Sensitivity: 0.9412
Undirected Specificity: 0.3421
Undirected Precision: 0.3902
Undirected Recall: 0.9412
----------------------------------------
PERCENT:3 | ALPHA:0.05 | SEED:20
Directed Sensitivity: 0.2941
Directed Specificity: 0.6022
Directed Precision: 0.1190
Directed Recall: 0.2941
Undirected Sensitivity: 0.8824
Undirected Specificity: 0.2895
Undirected Precision: 0.3571
Undirected Recall: 0.8824
----------------------------------------
PERCENT:3 | ALPHA:0.05 | SEED:30
Directed Sensitivity: 0.1765
Directed Specificity: 0.5591
Directed Precision: 0.0682
Directed Recall: 0.1765
Undirected Sensitivity: 0.9412
Undirected Specificity: 0.2632
Undirected Precision: 0.3636
Undirected Recall: 0.9412
----------------------------------------
PERCENT:3 | ALPHA:0.05 | SEED:40
Directed Sensitivity: 0.2353
Directed Specificity: 0.5914
Directed Precision: 0.0952
Directed Recall: 0.2353
Undirected Sensitivity: 0.8235
Undirected Specificity: 0.2632
Undirected Precision: 0.3333
Undirected Recall: 0.8235
----------------------------------------
PERCENT:3 | ALPHA:0.05 | SEED:50
Directed Sensitivity: 0.4706
Directed Specificity: 0.6667
Directed Precision: 0.2051
Directed Recall: 0.4706
Undirected Sensitivity: 0.8235
Undirected Specificity: 0.3421
Undirected Precision: 0.3590
Undirected Recall: 0.8235
----------------------------------------
PERCENT:3 | ALPHA:0.05 | SEED:60
Directed Sensitivity: 0.7059
Directed Specificity: 0.6667
Directed Precision: 0.2791
Directed Recall: 0.7059
Undirected Sensitivity: 1.0000
Undirected Specificity: 0.3158
Undirected Precision: 0.3953
Undirected Recall: 1.0000
----------------------------------------
PERCENT:3 | ALPHA:0.05 | SEED:70
Directed Sensitivity: 0.5882
Directed Specificity: 0.6344
Directed Precision: 0.2273
Directed Recall: 0.5882
Undirected Sensitivity: 0.9412
Undirected Specificity: 0.2632
Undirected Precision: 0.3636
Undirected Recall: 0.9412
----------------------------------------
PERCENT:3 | ALPHA:0.05 | SEED:80
Directed Sensitivity: 0.7059
Directed Specificity: 0.7204
Directed Precision: 0.3158
Directed Recall: 0.7059
Undirected Sensitivity: 0.9412
Undirected Specificity: 0.4211
Undirected Precision: 0.4211
Undirected Recall: 0.9412
----------------------------------------
PERCENT:3 | ALPHA:0.05 | SEED:90
Directed Sensitivity: 0.5294
Directed Specificity: 0.6559
Directed Precision: 0.2195
Directed Recall: 0.5294
Undirected Sensitivity: 0.8824
Undirected Specificity: 0.3158
Undirected Precision: 0.3659
Undirected Recall: 0.8824
----------------------------------------
PERCENT:3 | ALPHA:0.05 | SEED:100
Directed Sensitivity: 0.3529
Directed Specificity: 0.6022
Directed Precision: 0.1395
Directed Recall: 0.3529
Undirected Sensitivity: 0.9412
Undirected Specificity: 0.2895
Undirected Precision: 0.3721
Undirected Recall: 0.9412
----------------------------------------
PERCENT:3 | ALPHA:0.05 | SEED:110
Directed Sensitivity: 0.7059
Directed Specificity: 0.6774
Directed Precision: 0.2857
Directed Recall: 0.7059
Undirected Sensitivity: 0.9412
Undirected Specificity: 0.3158
Undirected Precision: 0.3810
Undirected Recall: 0.9412
----------------------------------------
PERCENT:3 | ALPHA:0.05 | SEED:120
Directed Sensitivity: 0.3529
Directed Specificity: 0.5806
Directed Precision: 0.1333
Directed Recall: 0.3529
Undirected Sensitivity: 0.9412
Undirected Specificity: 0.2368
Undirected Precision: 0.3556
Undirected Recall: 0.9412
----------------------------------------
PERCENT:3 | ALPHA:0.05 | SEED:130
Directed Sensitivity: 0.4706
Directed Specificity: 0.6774
Directed Precision: 0.2105
Directed Recall: 0.4706
Undirected Sensitivity: 0.8824
Undirected Specificity: 0.3947
Undirected Precision: 0.3947
Undirected Recall: 0.8824
----------------------------------------
PERCENT:3 | ALPHA:0.05 | SEED:140
Directed Sensitivity: 0.3529
Directed Specificity: 0.5699
Directed Precision: 0.1304
Directed Recall: 0.3529
Undirected Sensitivity: 0.9412
Undirected Specificity: 0.2105
Undirected Precision: 0.3478
Undirected Recall: 0.9412
----------------------------------------
PERCENT:3 | ALPHA:0.05 | SEED:150
Directed Sensitivity: 0.4118
Directed Specificity: 0.6022
Directed Precision: 0.1591
Directed Recall: 0.4118
Undirected Sensitivity: 1.0000
Undirected Specificity: 0.2895
Undirected Precision: 0.3864
Undirected Recall: 1.0000
----------------------------------------
PERCENT:3 | ALPHA:0.05 | SEED:160
Directed Sensitivity: 0.5294
Directed Specificity: 0.6344
Directed Precision: 0.2093
Directed Recall: 0.5294
Undirected Sensitivity: 1.0000
Undirected Specificity: 0.3158
Undirected Precision: 0.3953
Undirected Recall: 1.0000
----------------------------------------
PERCENT:3 | ALPHA:0.05 | SEED:170
Directed Sensitivity: 0.5294
Directed Specificity: 0.6667
Directed Precision: 0.2250
Directed Recall: 0.5294
Undirected Sensitivity: 0.9412
Undirected Specificity: 0.3684
Undirected Precision: 0.4000
Undirected Recall: 0.9412
----------------------------------------
PERCENT:3 | ALPHA:0.05 | SEED:180
Directed Sensitivity: 0.4118
Directed Specificity: 0.6022
Directed Precision: 0.1591
Directed Recall: 0.4118
Undirected Sensitivity: 0.8824
Undirected Specificity: 0.2368
Undirected Precision: 0.3409
Undirected Recall: 0.8824
----------------------------------------
PERCENT:3 | ALPHA:0.05 | SEED:190
Directed Sensitivity: 0.5294
Directed Specificity: 0.6774
Directed Precision: 0.2308
Directed Recall: 0.5294
Undirected Sensitivity: 0.9412
Undirected Specificity: 0.3947
Undirected Precision: 0.4103
Undirected Recall: 0.9412
----------------------------------------
PERCENT:3 | ALPHA:0.05 | SEED:200
Directed Sensitivity: 0.5294
Directed Specificity: 0.6452
Directed Precision: 0.2143
Directed Recall: 0.5294
Undirected Sensitivity: 1.0000
Undirected Specificity: 0.3421
Undirected Precision: 0.4048
Undirected Recall: 1.0000
----------------------------------------
PERCENT:3 | ALPHA:0.05 | SEED:210
Directed Sensitivity: 0.4706
Directed Specificity: 0.6237
Directed Precision: 0.1860
Directed Recall: 0.4706
Undirected Sensitivity: 0.9412
Undirected Specificity: 0.2895
Undirected Precision: 0.3721
Undirected Recall: 0.9412
----------------------------------------
PERCENT:3 | ALPHA:0.05 | SEED:220
Directed Sensitivity: 0.8235
Directed Specificity: 0.6989
Directed Precision: 0.3333
Directed Recall: 0.8235
Undirected Sensitivity: 1.0000
Undirected Specificity: 0.3421
Undirected Precision: 0.4048
Undirected Recall: 1.0000
----------------------------------------
PERCENT:3 | ALPHA:0.05 | SEED:230
Directed Sensitivity: 0.5294
Directed Specificity: 0.6559
Directed Precision: 0.2195
Directed Recall: 0.5294
Undirected Sensitivity: 0.8824
Undirected Specificity: 0.3158
Undirected Precision: 0.3659
Undirected Recall: 0.8824
----------------------------------------
PERCENT:3 | ALPHA:0.05 | SEED:240
Directed Sensitivity: 0.3529
Directed Specificity: 0.5914
Directed Precision: 0.1364
Directed Recall: 0.3529
Undirected Sensitivity: 0.9412
Undirected Specificity: 0.2632
Undirected Precision: 0.3636
Undirected Recall: 0.9412
----------------------------------------
PERCENT:3 | ALPHA:0.05 | SEED:250
Directed Sensitivity: 0.4118
Directed Specificity: 0.5699
Directed Precision: 0.1489
Directed Recall: 0.4118
Undirected Sensitivity: 0.9412
Undirected Specificity: 0.1842
Undirected Precision: 0.3404
Undirected Recall: 0.9412
----------------------------------------
PERCENT:3 | ALPHA:0.05 | SEED:260
Directed Sensitivity: 0.5294
Directed Specificity: 0.6129
Directed Precision: 0.2000
Directed Recall: 0.5294
Undirected Sensitivity: 0.9412
Undirected Specificity: 0.2368
Undirected Precision: 0.3556
Undirected Recall: 0.9412
----------------------------------------
PERCENT:3 | ALPHA:0.05 | SEED:270
Directed Sensitivity: 0.7059
Directed Specificity: 0.6344
Directed Precision: 0.2609
Directed Recall: 0.7059
Undirected Sensitivity: 0.9412
Undirected Specificity: 0.2105
Undirected Precision: 0.3478
Undirected Recall: 0.9412
----------------------------------------
PERCENT:3 | ALPHA:0.05 | SEED:280
Directed Sensitivity: 0.5294
Directed Specificity: 0.5376
Directed Precision: 0.1731
Directed Recall: 0.5294
Undirected Sensitivity: 1.0000
Undirected Specificity: 0.0789
Undirected Precision: 0.3269
Undirected Recall: 1.0000
----------------------------------------
PERCENT:3 | ALPHA:0.05 | SEED:290
Directed Sensitivity: 0.3529
Directed Specificity: 0.5914
Directed Precision: 0.1364
Directed Recall: 0.3529
Undirected Sensitivity: 0.9412
Undirected Specificity: 0.2632
Undirected Precision: 0.3636
Undirected Recall: 0.9412
----------------------------------------
PERCENT:3 | ALPHA:0.05 | SEED:300
Directed Sensitivity: 0.5294
Directed Specificity: 0.5914
Directed Precision: 0.1915
Directed Recall: 0.5294
Undirected Sensitivity: 0.9412
Undirected Specificity: 0.1842
Undirected Precision: 0.3404
Undirected Recall: 0.9412
----------------------------------------
PERCENT:3 | ALPHA:0.1 | SEED:10
Directed Sensitivity: 0.5294
Directed Specificity: 0.5699
Directed Precision: 0.1837
Directed Recall: 0.5294
Undirected Sensitivity: 1.0000
Undirected Specificity: 0.1579
Undirected Precision: 0.3469
Undirected Recall: 1.0000
----------------------------------------
PERCENT:3 | ALPHA:0.1 | SEED:20
Directed Sensitivity: 0.4118
Directed Specificity: 0.6129
Directed Precision: 0.1628
Directed Recall: 0.4118
Undirected Sensitivity: 0.9412
Undirected Specificity: 0.2895
Undirected Precision: 0.3721
Undirected Recall: 0.9412
----------------------------------------
PERCENT:3 | ALPHA:0.1 | SEED:30
Directed Sensitivity: 0.5294
Directed Specificity: 0.5054
Directed Precision: 0.1636
Directed Recall: 0.5294
Undirected Sensitivity: 1.0000
Undirected Specificity: 0.0000
Undirected Precision: 0.3091
Undirected Recall: 1.0000
----------------------------------------
PERCENT:3 | ALPHA:0.1 | SEED:40
Directed Sensitivity: 0.3529
Directed Specificity: 0.5484
Directed Precision: 0.1250
Directed Recall: 0.3529
Undirected Sensitivity: 1.0000
Undirected Specificity: 0.1842
Undirected Precision: 0.3542
Undirected Recall: 1.0000
----------------------------------------
PERCENT:3 | ALPHA:0.1 | SEED:50
Directed Sensitivity: 0.6471
Directed Specificity: 0.6129
Directed Precision: 0.2340
Directed Recall: 0.6471
Undirected Sensitivity: 0.9412
Undirected Specificity: 0.1842
Undirected Precision: 0.3404
Undirected Recall: 0.9412
----------------------------------------
PERCENT:3 | ALPHA:0.1 | SEED:60
Directed Sensitivity: 0.5294
Directed Specificity: 0.6129
Directed Precision: 0.2000
Directed Recall: 0.5294
Undirected Sensitivity: 0.8235
Undirected Specificity: 0.1842
Undirected Precision: 0.3111
Undirected Recall: 0.8235
----------------------------------------
PERCENT:3 | ALPHA:0.1 | SEED:70
Directed Sensitivity: 0.4706
Directed Specificity: 0.5806
Directed Precision: 0.1702
Directed Recall: 0.4706
Undirected Sensitivity: 0.9412
Undirected Specificity: 0.1842
Undirected Precision: 0.3404
Undirected Recall: 0.9412
----------------------------------------
PERCENT:3 | ALPHA:0.1 | SEED:80
Directed Sensitivity: 0.7059
Directed Specificity: 0.5484
Directed Precision: 0.2222
Directed Recall: 0.7059
Undirected Sensitivity: 1.0000
Undirected Specificity: 0.0263
Undirected Precision: 0.3148
Undirected Recall: 1.0000
----------------------------------------
PERCENT:3 | ALPHA:0.1 | SEED:90
Directed Sensitivity: 0.0588
Directed Specificity: 0.4731
Directed Precision: 0.0200
Directed Recall: 0.0588
Undirected Sensitivity: 0.9412
Undirected Specificity: 0.1053
Undirected Precision: 0.3200
Undirected Recall: 0.9412
----------------------------------------
PERCENT:3 | ALPHA:0.1 | SEED:100
Directed Sensitivity: 0.2941
Directed Specificity: 0.5699
Directed Precision: 0.1111
Directed Recall: 0.2941
Undirected Sensitivity: 0.9412
Undirected Specificity: 0.2368
Undirected Precision: 0.3556
Undirected Recall: 0.9412
----------------------------------------
PERCENT:3 | ALPHA:0.1 | SEED:110
Directed Sensitivity: 0.5294
Directed Specificity: 0.6559
Directed Precision: 0.2195
Directed Recall: 0.5294
Undirected Sensitivity: 0.8824
Undirected Specificity: 0.3158
Undirected Precision: 0.3659
Undirected Recall: 0.8824
----------------------------------------
PERCENT:3 | ALPHA:0.1 | SEED:120
Directed Sensitivity: 0.2941
Directed Specificity: 0.5484
Directed Precision: 0.1064
Directed Recall: 0.2941
Undirected Sensitivity: 0.8824
Undirected Specificity: 0.1579
Undirected Precision: 0.3191
Undirected Recall: 0.8824
----------------------------------------
PERCENT:3 | ALPHA:0.1 | SEED:130
Directed Sensitivity: 0.2353
Directed Specificity: 0.5484
Directed Precision: 0.0870
Directed Recall: 0.2353
Undirected Sensitivity: 0.9412
Undirected Specificity: 0.2105
Undirected Precision: 0.3478
Undirected Recall: 0.9412
----------------------------------------
PERCENT:3 | ALPHA:0.1 | SEED:140
Directed Sensitivity: 0.2941
Directed Specificity: 0.5806
Directed Precision: 0.1136
Directed Recall: 0.2941
Undirected Sensitivity: 0.9412
Undirected Specificity: 0.2632
Undirected Precision: 0.3636
Undirected Recall: 0.9412
----------------------------------------
PERCENT:3 | ALPHA:0.1 | SEED:150
Directed Sensitivity: 0.5882
Directed Specificity: 0.6344
Directed Precision: 0.2273
Directed Recall: 0.5882
Undirected Sensitivity: 0.7647
Undirected Specificity: 0.1842
Undirected Precision: 0.2955
Undirected Recall: 0.7647
----------------------------------------
PERCENT:3 | ALPHA:0.1 | SEED:160
Directed Sensitivity: 0.5882
Directed Specificity: 0.6022
Directed Precision: 0.2128
Directed Recall: 0.5882
Undirected Sensitivity: 0.9412
Undirected Specificity: 0.1842
Undirected Precision: 0.3404
Undirected Recall: 0.9412
----------------------------------------
PERCENT:3 | ALPHA:0.1 | SEED:170
Directed Sensitivity: 0.3529
Directed Specificity: 0.5591
Directed Precision: 0.1277
Directed Recall: 0.3529
Undirected Sensitivity: 0.9412
Undirected Specificity: 0.1842
Undirected Precision: 0.3404
Undirected Recall: 0.9412
----------------------------------------
PERCENT:3 | ALPHA:0.1 | SEED:180
Directed Sensitivity: 0.4118
Directed Specificity: 0.5269
Directed Precision: 0.1373
Directed Recall: 0.4118
Undirected Sensitivity: 1.0000
Undirected Specificity: 0.1053
Undirected Precision: 0.3333
Undirected Recall: 1.0000
----------------------------------------
PERCENT:3 | ALPHA:0.1 | SEED:190
Directed Sensitivity: 0.2353
Directed Specificity: 0.5484
Directed Precision: 0.0870
Directed Recall: 0.2353
Undirected Sensitivity: 0.9412
Undirected Specificity: 0.2105
Undirected Precision: 0.3478
Undirected Recall: 0.9412
----------------------------------------
PERCENT:3 | ALPHA:0.1 | SEED:200
Directed Sensitivity: 0.3529
Directed Specificity: 0.6237
Directed Precision: 0.1463
Directed Recall: 0.3529
Undirected Sensitivity: 0.8824
Undirected Specificity: 0.3158
Undirected Precision: 0.3659
Undirected Recall: 0.8824
----------------------------------------
PERCENT:3 | ALPHA:0.1 | SEED:210
Directed Sensitivity: 0.7059
Directed Specificity: 0.5806
Directed Precision: 0.2353
Directed Recall: 0.7059
Undirected Sensitivity: 1.0000
Undirected Specificity: 0.1053
Undirected Precision: 0.3333
Undirected Recall: 1.0000
----------------------------------------
PERCENT:3 | ALPHA:0.1 | SEED:220
Directed Sensitivity: 0.6471
Directed Specificity: 0.6452
Directed Precision: 0.2500
Directed Recall: 0.6471
Undirected Sensitivity: 0.9412
Undirected Specificity: 0.2632
Undirected Precision: 0.3636
Undirected Recall: 0.9412
----------------------------------------
PERCENT:3 | ALPHA:0.1 | SEED:230
Directed Sensitivity: 0.5294
Directed Specificity: 0.6022
Directed Precision: 0.1957
Directed Recall: 0.5294
Undirected Sensitivity: 1.0000
Undirected Specificity: 0.2368
Undirected Precision: 0.3696
Undirected Recall: 1.0000
----------------------------------------
PERCENT:3 | ALPHA:0.1 | SEED:240
Directed Sensitivity: 0.5294
Directed Specificity: 0.6237
Directed Precision: 0.2045
Directed Recall: 0.5294
Undirected Sensitivity: 0.9412
Undirected Specificity: 0.2632
Undirected Precision: 0.3636
Undirected Recall: 0.9412
----------------------------------------
PERCENT:3 | ALPHA:0.1 | SEED:250
Directed Sensitivity: 0.5882
Directed Specificity: 0.5806
Directed Precision: 0.2041
Directed Recall: 0.5882
Undirected Sensitivity: 1.0000
Undirected Specificity: 0.1579
Undirected Precision: 0.3469
Undirected Recall: 1.0000
----------------------------------------
PERCENT:3 | ALPHA:0.1 | SEED:260
Directed Sensitivity: 0.2941
Directed Specificity: 0.5591
Directed Precision: 0.1087
Directed Recall: 0.2941
Undirected Sensitivity: 0.9412
Undirected Specificity: 0.2105
Undirected Precision: 0.3478
Undirected Recall: 0.9412
----------------------------------------
PERCENT:3 | ALPHA:0.1 | SEED:270
Directed Sensitivity: 0.4118
Directed Specificity: 0.5376
Directed Precision: 0.1400
Directed Recall: 0.4118
Undirected Sensitivity: 0.9412
Undirected Specificity: 0.1053
Undirected Precision: 0.3200
Undirected Recall: 0.9412
----------------------------------------
PERCENT:3 | ALPHA:0.1 | SEED:280
Directed Sensitivity: 0.8235
Directed Specificity: 0.6667
Directed Precision: 0.3111
Directed Recall: 0.8235
Undirected Sensitivity: 1.0000
Undirected Specificity: 0.2632
Undirected Precision: 0.3778
Undirected Recall: 1.0000
----------------------------------------
PERCENT:3 | ALPHA:0.1 | SEED:290
Directed Sensitivity: 0.7059
Directed Specificity: 0.6774
Directed Precision: 0.2857
Directed Recall: 0.7059
Undirected Sensitivity: 0.9412
Undirected Specificity: 0.3158
Undirected Precision: 0.3810
Undirected Recall: 0.9412
----------------------------------------
PERCENT:3 | ALPHA:0.1 | SEED:300
Directed Sensitivity: 0.5294
Directed Specificity: 0.6344
Directed Precision: 0.2093
Directed Recall: 0.5294
Undirected Sensitivity: 0.8824
Undirected Specificity: 0.2632
Undirected Precision: 0.3488
Undirected Recall: 0.8824
----------------------------------------
PERCENT:3 | ALPHA:0.2 | SEED:10
Directed Sensitivity: 0.3529
Directed Specificity: 0.5699
Directed Precision: 0.1304
Directed Recall: 0.3529
Undirected Sensitivity: 0.8824
Undirected Specificity: 0.1842
Undirected Precision: 0.3261
Undirected Recall: 0.8824
----------------------------------------
PERCENT:3 | ALPHA:0.2 | SEED:20
Directed Sensitivity: 0.6471
Directed Specificity: 0.6129
Directed Precision: 0.2340
Directed Recall: 0.6471
Undirected Sensitivity: 0.8824
Undirected Specificity: 0.1579
Undirected Precision: 0.3191
Undirected Recall: 0.8824
----------------------------------------
PERCENT:3 | ALPHA:0.2 | SEED:30
Directed Sensitivity: 0.5294
Directed Specificity: 0.6237
Directed Precision: 0.2045
Directed Recall: 0.5294
Undirected Sensitivity: 0.9412
Undirected Specificity: 0.2632
Undirected Precision: 0.3636
Undirected Recall: 0.9412
----------------------------------------
PERCENT:3 | ALPHA:0.2 | SEED:40
Directed Sensitivity: 0.4118
Directed Specificity: 0.5269
Directed Precision: 0.1373
Directed Recall: 0.4118
Undirected Sensitivity: 1.0000
Undirected Specificity: 0.1053
Undirected Precision: 0.3333
Undirected Recall: 1.0000
----------------------------------------
PERCENT:3 | ALPHA:0.2 | SEED:50
Directed Sensitivity: 0.7647
Directed Specificity: 0.6237
Directed Precision: 0.2708
Directed Recall: 0.7647
Undirected Sensitivity: 1.0000
Undirected Specificity: 0.1842
Undirected Precision: 0.3542
Undirected Recall: 1.0000
----------------------------------------
PERCENT:3 | ALPHA:0.2 | SEED:60
Directed Sensitivity: 0.4706
Directed Specificity: 0.5591
Directed Precision: 0.1633
Directed Recall: 0.4706
Undirected Sensitivity: 1.0000
Undirected Specificity: 0.1579
Undirected Precision: 0.3469
Undirected Recall: 1.0000
----------------------------------------
PERCENT:3 | ALPHA:0.2 | SEED:70
Directed Sensitivity: 0.4706
Directed Specificity: 0.5914
Directed Precision: 0.1739
Directed Recall: 0.4706
Undirected Sensitivity: 0.8824
Undirected Specificity: 0.1842
Undirected Precision: 0.3261
Undirected Recall: 0.8824
----------------------------------------
PERCENT:3 | ALPHA:0.2 | SEED:80
Directed Sensitivity: 0.5882
Directed Specificity: 0.6022
Directed Precision: 0.2128
Directed Recall: 0.5882
Undirected Sensitivity: 1.0000
Undirected Specificity: 0.2105
Undirected Precision: 0.3617
Undirected Recall: 1.0000
----------------------------------------
PERCENT:3 | ALPHA:0.2 | SEED:90
Directed Sensitivity: 0.5882
Directed Specificity: 0.5484
Directed Precision: 0.1923
Directed Recall: 0.5882
Undirected Sensitivity: 1.0000
Undirected Specificity: 0.0789
Undirected Precision: 0.3269
Undirected Recall: 1.0000
----------------------------------------
PERCENT:3 | ALPHA:0.2 | SEED:100
Directed Sensitivity: 0.2353
Directed Specificity: 0.4946
Directed Precision: 0.0784
Directed Recall: 0.2353
Undirected Sensitivity: 1.0000
Undirected Specificity: 0.1053
Undirected Precision: 0.3333
Undirected Recall: 1.0000
----------------------------------------
PERCENT:3 | ALPHA:0.2 | SEED:110
Directed Sensitivity: 0.7647
Directed Specificity: 0.6237
Directed Precision: 0.2708
Directed Recall: 0.7647
Undirected Sensitivity: 1.0000
Undirected Specificity: 0.1842
Undirected Precision: 0.3542
Undirected Recall: 1.0000
----------------------------------------
PERCENT:3 | ALPHA:0.2 | SEED:120
Directed Sensitivity: 0.3529
Directed Specificity: 0.5806
Directed Precision: 0.1333
Directed Recall: 0.3529
Undirected Sensitivity: 0.9412
Undirected Specificity: 0.2368
Undirected Precision: 0.3556
Undirected Recall: 0.9412
----------------------------------------
PERCENT:3 | ALPHA:0.2 | SEED:130
Directed Sensitivity: 0.4118
Directed Specificity: 0.5376
Directed Precision: 0.1400
Directed Recall: 0.4118
Undirected Sensitivity: 0.9412
Undirected Specificity: 0.1053
Undirected Precision: 0.3200
Undirected Recall: 0.9412
----------------------------------------
PERCENT:3 | ALPHA:0.2 | SEED:140
Directed Sensitivity: 0.4706
Directed Specificity: 0.5699
Directed Precision: 0.1667
Directed Recall: 0.4706
Undirected Sensitivity: 0.8824
Undirected Specificity: 0.1316
Undirected Precision: 0.3125
Undirected Recall: 0.8824
----------------------------------------
PERCENT:3 | ALPHA:0.2 | SEED:150
Directed Sensitivity: 0.7647
Directed Specificity: 0.6344
Directed Precision: 0.2766
Directed Recall: 0.7647
Undirected Sensitivity: 1.0000
Undirected Specificity: 0.2105
Undirected Precision: 0.3617
Undirected Recall: 1.0000
----------------------------------------
PERCENT:3 | ALPHA:0.2 | SEED:160
Directed Sensitivity: 0.6471
Directed Specificity: 0.6774
Directed Precision: 0.2683
Directed Recall: 0.6471
Undirected Sensitivity: 0.8824
Undirected Specificity: 0.3158
Undirected Precision: 0.3659
Undirected Recall: 0.8824
----------------------------------------
PERCENT:3 | ALPHA:0.2 | SEED:170
Directed Sensitivity: 0.7647
Directed Specificity: 0.6129
Directed Precision: 0.2653
Directed Recall: 0.7647
Undirected Sensitivity: 1.0000
Undirected Specificity: 0.1579
Undirected Precision: 0.3469
Undirected Recall: 1.0000
----------------------------------------
PERCENT:3 | ALPHA:0.2 | SEED:180
Directed Sensitivity: 0.4118
Directed Specificity: 0.5914
Directed Precision: 0.1556
Directed Recall: 0.4118
Undirected Sensitivity: 1.0000
Undirected Specificity: 0.2632
Undirected Precision: 0.3778
Undirected Recall: 1.0000
----------------------------------------
PERCENT:3 | ALPHA:0.2 | SEED:190
Directed Sensitivity: 0.5294
Directed Specificity: 0.5591
Directed Precision: 0.1800
Directed Recall: 0.5294
Undirected Sensitivity: 1.0000
Undirected Specificity: 0.1316
Undirected Precision: 0.3400
Undirected Recall: 1.0000
----------------------------------------
PERCENT:3 | ALPHA:0.2 | SEED:200
Directed Sensitivity: 0.3529
Directed Specificity: 0.5806
Directed Precision: 0.1333
Directed Recall: 0.3529
Undirected Sensitivity: 0.9412
Undirected Specificity: 0.2368
Undirected Precision: 0.3556
Undirected Recall: 0.9412
----------------------------------------
PERCENT:3 | ALPHA:0.2 | SEED:210
Directed Sensitivity: 0.5294
Directed Specificity: 0.5699
Directed Precision: 0.1837
Directed Recall: 0.5294
Undirected Sensitivity: 1.0000
Undirected Specificity: 0.1579
Undirected Precision: 0.3469
Undirected Recall: 1.0000
----------------------------------------
PERCENT:3 | ALPHA:0.2 | SEED:220
Directed Sensitivity: 0.4118
Directed Specificity: 0.5806
Directed Precision: 0.1522
Directed Recall: 0.4118
Undirected Sensitivity: 1.0000
Undirected Specificity: 0.2368
Undirected Precision: 0.3696
Undirected Recall: 1.0000
----------------------------------------
PERCENT:3 | ALPHA:0.2 | SEED:230
Directed Sensitivity: 0.4706
Directed Specificity: 0.5591
Directed Precision: 0.1633
Directed Recall: 0.4706
Undirected Sensitivity: 1.0000
Undirected Specificity: 0.1579
Undirected Precision: 0.3469
Undirected Recall: 1.0000
----------------------------------------
PERCENT:3 | ALPHA:0.2 | SEED:240
Directed Sensitivity: 0.4706
Directed Specificity: 0.6129
Directed Precision: 0.1818
Directed Recall: 0.4706
Undirected Sensitivity: 0.9412
Undirected Specificity: 0.2632
Undirected Precision: 0.3636
Undirected Recall: 0.9412
----------------------------------------
PERCENT:3 | ALPHA:0.2 | SEED:250
Directed Sensitivity: 0.1765
Directed Specificity: 0.4946
Directed Precision: 0.0600
Directed Recall: 0.1765
Undirected Sensitivity: 0.9412
Undirected Specificity: 0.1053
Undirected Precision: 0.3200
Undirected Recall: 0.9412
----------------------------------------
PERCENT:3 | ALPHA:0.2 | SEED:260
Directed Sensitivity: 0.4118
Directed Specificity: 0.5806
Directed Precision: 0.1522
Directed Recall: 0.4118
Undirected Sensitivity: 1.0000
Undirected Specificity: 0.2368
Undirected Precision: 0.3696
Undirected Recall: 1.0000
----------------------------------------
PERCENT:3 | ALPHA:0.2 | SEED:270
Directed Sensitivity: 0.7059
Directed Specificity: 0.5914
Directed Precision: 0.2400
Directed Recall: 0.7059
Undirected Sensitivity: 1.0000
Undirected Specificity: 0.1316
Undirected Precision: 0.3400
Undirected Recall: 1.0000
----------------------------------------
PERCENT:3 | ALPHA:0.2 | SEED:280
Directed Sensitivity: 0.1176
Directed Specificity: 0.4839
Directed Precision: 0.0400
Directed Recall: 0.1176
Undirected Sensitivity: 0.9412
Undirected Specificity: 0.1053
Undirected Precision: 0.3200
Undirected Recall: 0.9412
----------------------------------------
PERCENT:3 | ALPHA:0.2 | SEED:290
Directed Sensitivity: 0.5882
Directed Specificity: 0.6022
Directed Precision: 0.2128
Directed Recall: 0.5882
Undirected Sensitivity: 0.8824
Undirected Specificity: 0.1579
Undirected Precision: 0.3191
Undirected Recall: 0.8824
----------------------------------------
PERCENT:3 | ALPHA:0.2 | SEED:300
Directed Sensitivity: 0.4706
Directed Specificity: 0.6022
Directed Precision: 0.1778
Directed Recall: 0.4706
Undirected Sensitivity: 1.0000
Undirected Specificity: 0.2632
Undirected Precision: 0.3778
Undirected Recall: 1.0000
----------------------------------------
