PERCENT:50 | ALPHA:0.01 | SEED:10
Directed Sensitivity: 0.6471
Directed Specificity: 0.8710
Directed Precision: 0.4783
Directed Recall: 0.6471
Undirected Sensitivity: 0.7059
Undirected Specificity: 0.7105
Undirected Precision: 0.5217
Undirected Recall: 0.7059
----------------------------------------
PERCENT:50 | ALPHA:0.01 | SEED:20
Directed Sensitivity: 0.6471
Directed Specificity: 0.8602
Directed Precision: 0.4583
Directed Recall: 0.6471
Undirected Sensitivity: 0.7647
Undirected Specificity: 0.7105
Undirected Precision: 0.5417
Undirected Recall: 0.7647
----------------------------------------
PERCENT:50 | ALPHA:0.01 | SEED:30
Directed Sensitivity: 0.4118
Directed Specificity: 0.8172
Directed Precision: 0.2917
Directed Recall: 0.4118
Undirected Sensitivity: 0.7647
Undirected Specificity: 0.7368
Undirected Precision: 0.5652
Undirected Recall: 0.7647
----------------------------------------
PERCENT:50 | ALPHA:0.01 | SEED:40
Directed Sensitivity: 0.5294
Directed Specificity: 0.8387
Directed Precision: 0.3750
Directed Recall: 0.5294
Undirected Sensitivity: 0.7059
Undirected Specificity: 0.6842
Undirected Precision: 0.5000
Undirected Recall: 0.7059
----------------------------------------
PERCENT:50 | ALPHA:0.01 | SEED:50
Directed Sensitivity: 0.7059
Directed Specificity: 0.8817
Directed Precision: 0.5217
Directed Recall: 0.7059
Undirected Sensitivity: 0.7059
Undirected Specificity: 0.7105
Undirected Precision: 0.5217
Undirected Recall: 0.7059
----------------------------------------
PERCENT:50 | ALPHA:0.01 | SEED:60
Directed Sensitivity: 0.7059
Directed Specificity: 0.9032
Directed Precision: 0.5714
Directed Recall: 0.7059
Undirected Sensitivity: 0.7059
Undirected Specificity: 0.7632
Undirected Precision: 0.5714
Undirected Recall: 0.7059
----------------------------------------
PERCENT:50 | ALPHA:0.01 | SEED:70
Directed Sensitivity: 0.6471
Directed Specificity: 0.8710
Directed Precision: 0.4783
Directed Recall: 0.6471
Undirected Sensitivity: 0.7059
Undirected Specificity: 0.7368
Undirected Precision: 0.5455
Undirected Recall: 0.7059
----------------------------------------
PERCENT:50 | ALPHA:0.01 | SEED:80
Directed Sensitivity: 0.7059
Directed Specificity: 0.8925
Directed Precision: 0.5455
Directed Recall: 0.7059
Undirected Sensitivity: 0.7059
Undirected Specificity: 0.7368
Undirected Precision: 0.5455
Undirected Recall: 0.7059
----------------------------------------
PERCENT:50 | ALPHA:0.01 | SEED:90
Directed Sensitivity: 0.6471
Directed Specificity: 0.8710
Directed Precision: 0.4783
Directed Recall: 0.6471
Undirected Sensitivity: 0.7647
Undirected Specificity: 0.7368
Undirected Precision: 0.5652
Undirected Recall: 0.7647
----------------------------------------
PERCENT:50 | ALPHA:0.01 | SEED:100
Directed Sensitivity: 0.5882
Directed Specificity: 0.8495
Directed Precision: 0.4167
Directed Recall: 0.5882
Undirected Sensitivity: 0.7647
Undirected Specificity: 0.7105
Undirected Precision: 0.5417
Undirected Recall: 0.7647
----------------------------------------
PERCENT:50 | ALPHA:0.01 | SEED:110
Directed Sensitivity: 0.7647
Directed Specificity: 0.8817
Directed Precision: 0.5417
Directed Recall: 0.7647
Undirected Sensitivity: 0.7647
Undirected Specificity: 0.7368
Undirected Precision: 0.5652
Undirected Recall: 0.7647
----------------------------------------
PERCENT:50 | ALPHA:0.01 | SEED:120
Directed Sensitivity: 0.7059
Directed Specificity: 0.8925
Directed Precision: 0.5455
Directed Recall: 0.7059
Undirected Sensitivity: 0.7059
Undirected Specificity: 0.7368
Undirected Precision: 0.5455
Undirected Recall: 0.7059
----------------------------------------
PERCENT:50 | ALPHA:0.01 | SEED:130
Directed Sensitivity: 0.5882
Directed Specificity: 0.8710
Directed Precision: 0.4545
Directed Recall: 0.5882
Undirected Sensitivity: 0.7059
Undirected Specificity: 0.7368
Undirected Precision: 0.5455
Undirected Recall: 0.7059
----------------------------------------
PERCENT:50 | ALPHA:0.01 | SEED:140
Directed Sensitivity: 0.7059
Directed Specificity: 0.8817
Directed Precision: 0.5217
Directed Recall: 0.7059
Undirected Sensitivity: 0.7059
Undirected Specificity: 0.7105
Undirected Precision: 0.5217
Undirected Recall: 0.7059
----------------------------------------
PERCENT:50 | ALPHA:0.01 | SEED:150
Directed Sensitivity: 0.7059
Directed Specificity: 0.9247
Directed Precision: 0.6316
Directed Recall: 0.7059
Undirected Sensitivity: 0.7059
Undirected Specificity: 0.8158
Undirected Precision: 0.6316
Undirected Recall: 0.7059
----------------------------------------
PERCENT:50 | ALPHA:0.01 | SEED:160
Directed Sensitivity: 0.7059
Directed Specificity: 0.8925
Directed Precision: 0.5455
Directed Recall: 0.7059
Undirected Sensitivity: 0.7059
Undirected Specificity: 0.7632
Undirected Precision: 0.5714
Undirected Recall: 0.7059
----------------------------------------
PERCENT:50 | ALPHA:0.01 | SEED:170
Directed Sensitivity: 0.4118
Directed Specificity: 0.8172
Directed Precision: 0.2917
Directed Recall: 0.4118
Undirected Sensitivity: 0.7059
Undirected Specificity: 0.7105
Undirected Precision: 0.5217
Undirected Recall: 0.7059
----------------------------------------
PERCENT:50 | ALPHA:0.01 | SEED:180
Directed Sensitivity: 0.6471
Directed Specificity: 0.8602
Directed Precision: 0.4583
Directed Recall: 0.6471
Undirected Sensitivity: 0.7059
Undirected Specificity: 0.7105
Undirected Precision: 0.5217
Undirected Recall: 0.7059
----------------------------------------
PERCENT:50 | ALPHA:0.01 | SEED:190
Directed Sensitivity: 0.5294
Directed Specificity: 0.8387
Directed Precision: 0.3750
Directed Recall: 0.5294
Undirected Sensitivity: 0.7647
Undirected Specificity: 0.7105
Undirected Precision: 0.5417
Undirected Recall: 0.7647
----------------------------------------
PERCENT:50 | ALPHA:0.01 | SEED:200
Directed Sensitivity: 0.6471
Directed Specificity: 0.8710
Directed Precision: 0.4783
Directed Recall: 0.6471
Undirected Sensitivity: 0.7059
Undirected Specificity: 0.7105
Undirected Precision: 0.5217
Undirected Recall: 0.7059
----------------------------------------
PERCENT:50 | ALPHA:0.01 | SEED:210
Directed Sensitivity: 0.5294
Directed Specificity: 0.8602
Directed Precision: 0.4091
Directed Recall: 0.5294
Undirected Sensitivity: 0.7647
Undirected Specificity: 0.7632
Undirected Precision: 0.5909
Undirected Recall: 0.7647
----------------------------------------
PERCENT:50 | ALPHA:0.01 | SEED:220
Directed Sensitivity: 0.5882
Directed Specificity: 0.8710
Directed Precision: 0.4545
Directed Recall: 0.5882
Undirected Sensitivity: 0.7059
Undirected Specificity: 0.7368
Undirected Precision: 0.5455
Undirected Recall: 0.7059
----------------------------------------
PERCENT:50 | ALPHA:0.01 | SEED:230
Directed Sensitivity: 0.5882
Directed Specificity: 0.8925
Directed Precision: 0.5000
Directed Recall: 0.5882
Undirected Sensitivity: 0.7059
Undirected Specificity: 0.7895
Undirected Precision: 0.6000
Undirected Recall: 0.7059
----------------------------------------
PERCENT:50 | ALPHA:0.01 | SEED:240
Directed Sensitivity: 0.7059
Directed Specificity: 0.8710
Directed Precision: 0.5000
Directed Recall: 0.7059
Undirected Sensitivity: 0.7647
Undirected Specificity: 0.7105
Undirected Precision: 0.5417
Undirected Recall: 0.7647
----------------------------------------
PERCENT:50 | ALPHA:0.01 | SEED:250
Directed Sensitivity: 0.4706
Directed Specificity: 0.8387
Directed Precision: 0.3478
Directed Recall: 0.4706
Undirected Sensitivity: 0.7059
Undirected Specificity: 0.7105
Undirected Precision: 0.5217
Undirected Recall: 0.7059
----------------------------------------
PERCENT:50 | ALPHA:0.01 | SEED:260
Directed Sensitivity: 0.5882
Directed Specificity: 0.8710
Directed Precision: 0.4545
Directed Recall: 0.5882
Undirected Sensitivity: 0.7059
Undirected Specificity: 0.7368
Undirected Precision: 0.5455
Undirected Recall: 0.7059
----------------------------------------
PERCENT:50 | ALPHA:0.01 | SEED:270
Directed Sensitivity: 0.6471
Directed Specificity: 0.8817
Directed Precision: 0.5000
Directed Recall: 0.6471
Undirected Sensitivity: 0.7647
Undirected Specificity: 0.7632
Undirected Precision: 0.5909
Undirected Recall: 0.7647
----------------------------------------
PERCENT:50 | ALPHA:0.01 | SEED:280
Directed Sensitivity: 0.7059
Directed Specificity: 0.8710
Directed Precision: 0.5000
Directed Recall: 0.7059
Undirected Sensitivity: 0.7647
Undirected Specificity: 0.7368
Undirected Precision: 0.5652
Undirected Recall: 0.7647
----------------------------------------
PERCENT:50 | ALPHA:0.01 | SEED:290
Directed Sensitivity: 0.6471
Directed Specificity: 0.8925
Directed Precision: 0.5238
Directed Recall: 0.6471
Undirected Sensitivity: 0.7059
Undirected Specificity: 0.7632
Undirected Precision: 0.5714
Undirected Recall: 0.7059
----------------------------------------
PERCENT:50 | ALPHA:0.01 | SEED:300
Directed Sensitivity: 0.4706
Directed Specificity: 0.8710
Directed Precision: 0.4000
Directed Recall: 0.4706
Undirected Sensitivity: 0.7059
Undirected Specificity: 0.7895
Undirected Precision: 0.6000
Undirected Recall: 0.7059
----------------------------------------
PERCENT:50 | ALPHA:0.05 | SEED:10
Directed Sensitivity: 0.6471
Directed Specificity: 0.8387
Directed Precision: 0.4231
Directed Recall: 0.6471
Undirected Sensitivity: 0.7647
Undirected Specificity: 0.6579
Undirected Precision: 0.5000
Undirected Recall: 0.7647
----------------------------------------
PERCENT:50 | ALPHA:0.05 | SEED:20
Directed Sensitivity: 0.7059
Directed Specificity: 0.8495
Directed Precision: 0.4615
Directed Recall: 0.7059
Undirected Sensitivity: 0.7647
Undirected Specificity: 0.6579
Undirected Precision: 0.5000
Undirected Recall: 0.7647
----------------------------------------
PERCENT:50 | ALPHA:0.05 | SEED:30
Directed Sensitivity: 0.4118
Directed Specificity: 0.7957
Directed Precision: 0.2692
Directed Recall: 0.4118
Undirected Sensitivity: 0.7647
Undirected Specificity: 0.6842
Undirected Precision: 0.5200
Undirected Recall: 0.7647
----------------------------------------
PERCENT:50 | ALPHA:0.05 | SEED:40
Directed Sensitivity: 0.5882
Directed Specificity: 0.8172
Directed Precision: 0.3704
Directed Recall: 0.5882
Undirected Sensitivity: 0.7647
Undirected Specificity: 0.6316
Undirected Precision: 0.4815
Undirected Recall: 0.7647
----------------------------------------
PERCENT:50 | ALPHA:0.05 | SEED:50
Directed Sensitivity: 0.7647
Directed Specificity: 0.8602
Directed Precision: 0.5000
Directed Recall: 0.7647
Undirected Sensitivity: 0.7647
Undirected Specificity: 0.6842
Undirected Precision: 0.5200
Undirected Recall: 0.7647
----------------------------------------
PERCENT:50 | ALPHA:0.05 | SEED:60
Directed Sensitivity: 0.7647
Directed Specificity: 0.8817
Directed Precision: 0.5417
Directed Recall: 0.7647
Undirected Sensitivity: 0.7647
Undirected Specificity: 0.7105
Undirected Precision: 0.5417
Undirected Recall: 0.7647
----------------------------------------
PERCENT:50 | ALPHA:0.05 | SEED:70
Directed Sensitivity: 0.7059
Directed Specificity: 0.8710
Directed Precision: 0.5000
Directed Recall: 0.7059
Undirected Sensitivity: 0.7647
Undirected Specificity: 0.7105
Undirected Precision: 0.5417
Undirected Recall: 0.7647
----------------------------------------
PERCENT:50 | ALPHA:0.05 | SEED:80
Directed Sensitivity: 0.7647
Directed Specificity: 0.8925
Directed Precision: 0.5652
Directed Recall: 0.7647
Undirected Sensitivity: 0.7647
Undirected Specificity: 0.7368
Undirected Precision: 0.5652
Undirected Recall: 0.7647
----------------------------------------
PERCENT:50 | ALPHA:0.05 | SEED:90
Directed Sensitivity: 0.6471
Directed Specificity: 0.8495
Directed Precision: 0.4400
Directed Recall: 0.6471
Undirected Sensitivity: 0.7647
Undirected Specificity: 0.6842
Undirected Precision: 0.5200
Undirected Recall: 0.7647
----------------------------------------
PERCENT:50 | ALPHA:0.05 | SEED:100
Directed Sensitivity: 0.5882
Directed Specificity: 0.8387
Directed Precision: 0.4000
Directed Recall: 0.5882
Undirected Sensitivity: 0.7647
Undirected Specificity: 0.6842
Undirected Precision: 0.5200
Undirected Recall: 0.7647
----------------------------------------
PERCENT:50 | ALPHA:0.05 | SEED:110
Directed Sensitivity: 0.7647
Directed Specificity: 0.8710
Directed Precision: 0.5200
Directed Recall: 0.7647
Undirected Sensitivity: 0.7647
Undirected Specificity: 0.7105
Undirected Precision: 0.5417
Undirected Recall: 0.7647
----------------------------------------
PERCENT:50 | ALPHA:0.05 | SEED:120
Directed Sensitivity: 0.7059
Directed Specificity: 0.8710
Directed Precision: 0.5000
Directed Recall: 0.7059
Undirected Sensitivity: 0.7647
Undirected Specificity: 0.7105
Undirected Precision: 0.5417
Undirected Recall: 0.7647
----------------------------------------
PERCENT:50 | ALPHA:0.05 | SEED:130
Directed Sensitivity: 0.6471
Directed Specificity: 0.8710
Directed Precision: 0.4783
Directed Recall: 0.6471
Undirected Sensitivity: 0.7647
Undirected Specificity: 0.7368
Undirected Precision: 0.5652
Undirected Recall: 0.7647
----------------------------------------
PERCENT:50 | ALPHA:0.05 | SEED:140
Directed Sensitivity: 0.7647
Directed Specificity: 0.8602
Directed Precision: 0.5000
Directed Recall: 0.7647
Undirected Sensitivity: 0.7647
Undirected Specificity: 0.6579
Undirected Precision: 0.5000
Undirected Recall: 0.7647
----------------------------------------
PERCENT:50 | ALPHA:0.05 | SEED:150
Directed Sensitivity: 0.7647
Directed Specificity: 0.8925
Directed Precision: 0.5652
Directed Recall: 0.7647
Undirected Sensitivity: 0.8235
Undirected Specificity: 0.7632
Undirected Precision: 0.6087
Undirected Recall: 0.8235
----------------------------------------
PERCENT:50 | ALPHA:0.05 | SEED:160
Directed Sensitivity: 0.7647
Directed Specificity: 0.8925
Directed Precision: 0.5652
Directed Recall: 0.7647
Undirected Sensitivity: 0.7647
Undirected Specificity: 0.7632
Undirected Precision: 0.5909
Undirected Recall: 0.7647
----------------------------------------
PERCENT:50 | ALPHA:0.05 | SEED:170
Directed Sensitivity: 0.5882
Directed Specificity: 0.8172
Directed Precision: 0.3704
Directed Recall: 0.5882
Undirected Sensitivity: 0.7647
Undirected Specificity: 0.6316
Undirected Precision: 0.4815
Undirected Recall: 0.7647
----------------------------------------
PERCENT:50 | ALPHA:0.05 | SEED:180
Directed Sensitivity: 0.6471
Directed Specificity: 0.8387
Directed Precision: 0.4231
Directed Recall: 0.6471
Undirected Sensitivity: 0.7647
Undirected Specificity: 0.6842
Undirected Precision: 0.5200
Undirected Recall: 0.7647
----------------------------------------
PERCENT:50 | ALPHA:0.05 | SEED:190
Directed Sensitivity: 0.5882
Directed Specificity: 0.8387
Directed Precision: 0.4000
Directed Recall: 0.5882
Undirected Sensitivity: 0.7647
Undirected Specificity: 0.6842
Undirected Precision: 0.5200
Undirected Recall: 0.7647
----------------------------------------
PERCENT:50 | ALPHA:0.05 | SEED:200
Directed Sensitivity: 0.7059
Directed Specificity: 0.8495
Directed Precision: 0.4615
Directed Recall: 0.7059
Undirected Sensitivity: 0.7647
Undirected Specificity: 0.6579
Undirected Precision: 0.5000
Undirected Recall: 0.7647
----------------------------------------
PERCENT:50 | ALPHA:0.05 | SEED:210
Directed Sensitivity: 0.5294
Directed Specificity: 0.8387
Directed Precision: 0.3750
Directed Recall: 0.5294
Undirected Sensitivity: 0.7647
Undirected Specificity: 0.7105
Undirected Precision: 0.5417
Undirected Recall: 0.7647
----------------------------------------
PERCENT:50 | ALPHA:0.05 | SEED:220
Directed Sensitivity: 0.5882
Directed Specificity: 0.8280
Directed Precision: 0.3846
Directed Recall: 0.5882
Undirected Sensitivity: 0.7647
Undirected Specificity: 0.6842
Undirected Precision: 0.5200
Undirected Recall: 0.7647
----------------------------------------
PERCENT:50 | ALPHA:0.05 | SEED:230
Directed Sensitivity: 0.6471
Directed Specificity: 0.8710
Directed Precision: 0.4783
Directed Recall: 0.6471
Undirected Sensitivity: 0.7647
Undirected Specificity: 0.7368
Undirected Precision: 0.5652
Undirected Recall: 0.7647
----------------------------------------
PERCENT:50 | ALPHA:0.05 | SEED:240
Directed Sensitivity: 0.7059
Directed Specificity: 0.8602
Directed Precision: 0.4800
Directed Recall: 0.7059
Undirected Sensitivity: 0.7647
Undirected Specificity: 0.6842
Undirected Precision: 0.5200
Undirected Recall: 0.7647
----------------------------------------
PERCENT:50 | ALPHA:0.05 | SEED:250
Directed Sensitivity: 0.5294
Directed Specificity: 0.8387
Directed Precision: 0.3750
Directed Recall: 0.5294
Undirected Sensitivity: 0.7647
Undirected Specificity: 0.7105
Undirected Precision: 0.5417
Undirected Recall: 0.7647
----------------------------------------
PERCENT:50 | ALPHA:0.05 | SEED:260
Directed Sensitivity: 0.5882
Directed Specificity: 0.8280
Directed Precision: 0.3846
Directed Recall: 0.5882
Undirected Sensitivity: 0.7647
Undirected Specificity: 0.6842
Undirected Precision: 0.5200
Undirected Recall: 0.7647
----------------------------------------
PERCENT:50 | ALPHA:0.05 | SEED:270
Directed Sensitivity: 0.6471
Directed Specificity: 0.8817
Directed Precision: 0.5000
Directed Recall: 0.6471
Undirected Sensitivity: 0.7647
Undirected Specificity: 0.7632
Undirected Precision: 0.5909
Undirected Recall: 0.7647
----------------------------------------
PERCENT:50 | ALPHA:0.05 | SEED:280
Directed Sensitivity: 0.7647
Directed Specificity: 0.8710
Directed Precision: 0.5200
Directed Recall: 0.7647
Undirected Sensitivity: 0.7647
Undirected Specificity: 0.7105
Undirected Precision: 0.5417
Undirected Recall: 0.7647
----------------------------------------
PERCENT:50 | ALPHA:0.05 | SEED:290
Directed Sensitivity: 0.7647
Directed Specificity: 0.8602
Directed Precision: 0.5000
Directed Recall: 0.7647
Undirected Sensitivity: 0.8235
Undirected Specificity: 0.7105
Undirected Precision: 0.5600
Undirected Recall: 0.8235
----------------------------------------
PERCENT:50 | ALPHA:0.05 | SEED:300
Directed Sensitivity: 0.5294
Directed Specificity: 0.8710
Directed Precision: 0.4286
Directed Recall: 0.5294
Undirected Sensitivity: 0.7647
Undirected Specificity: 0.7895
Undirected Precision: 0.6190
Undirected Recall: 0.7647
----------------------------------------
PERCENT:50 | ALPHA:0.1 | SEED:10
Directed Sensitivity: 0.6471
Directed Specificity: 0.8280
Directed Precision: 0.4074
Directed Recall: 0.6471
Undirected Sensitivity: 0.7647
Undirected Specificity: 0.6316
Undirected Precision: 0.4815
Undirected Recall: 0.7647
----------------------------------------
PERCENT:50 | ALPHA:0.1 | SEED:20
Directed Sensitivity: 0.7059
Directed Specificity: 0.8495
Directed Precision: 0.4615
Directed Recall: 0.7059
Undirected Sensitivity: 0.7647
Undirected Specificity: 0.6579
Undirected Precision: 0.5000
Undirected Recall: 0.7647
----------------------------------------
PERCENT:50 | ALPHA:0.1 | SEED:30
Directed Sensitivity: 0.4118
Directed Specificity: 0.7957
Directed Precision: 0.2692
Directed Recall: 0.4118
Undirected Sensitivity: 0.7647
Undirected Specificity: 0.6842
Undirected Precision: 0.5200
Undirected Recall: 0.7647
----------------------------------------
PERCENT:50 | ALPHA:0.1 | SEED:40
Directed Sensitivity: 0.5882
Directed Specificity: 0.8172
Directed Precision: 0.3704
Directed Recall: 0.5882
Undirected Sensitivity: 0.7647
Undirected Specificity: 0.6316
Undirected Precision: 0.4815
Undirected Recall: 0.7647
----------------------------------------
PERCENT:50 | ALPHA:0.1 | SEED:50
Directed Sensitivity: 0.7647
Directed Specificity: 0.8602
Directed Precision: 0.5000
Directed Recall: 0.7647
Undirected Sensitivity: 0.7647
Undirected Specificity: 0.6842
Undirected Precision: 0.5200
Undirected Recall: 0.7647
----------------------------------------
PERCENT:50 | ALPHA:0.1 | SEED:60
Directed Sensitivity: 0.7647
Directed Specificity: 0.8710
Directed Precision: 0.5200
Directed Recall: 0.7647
Undirected Sensitivity: 0.7647
Undirected Specificity: 0.6842
Undirected Precision: 0.5200
Undirected Recall: 0.7647
----------------------------------------
PERCENT:50 | ALPHA:0.1 | SEED:70
Directed Sensitivity: 0.7059
Directed Specificity: 0.8495
Directed Precision: 0.4615
Directed Recall: 0.7059
Undirected Sensitivity: 0.7647
Undirected Specificity: 0.6842
Undirected Precision: 0.5200
Undirected Recall: 0.7647
----------------------------------------
PERCENT:50 | ALPHA:0.1 | SEED:80
Directed Sensitivity: 0.7647
Directed Specificity: 0.8817
Directed Precision: 0.5417
Directed Recall: 0.7647
Undirected Sensitivity: 0.7647
Undirected Specificity: 0.7105
Undirected Precision: 0.5417
Undirected Recall: 0.7647
----------------------------------------
PERCENT:50 | ALPHA:0.1 | SEED:90
Directed Sensitivity: 0.6471
Directed Specificity: 0.8495
Directed Precision: 0.4400
Directed Recall: 0.6471
Undirected Sensitivity: 0.7647
Undirected Specificity: 0.6842
Undirected Precision: 0.5200
Undirected Recall: 0.7647
----------------------------------------
PERCENT:50 | ALPHA:0.1 | SEED:100
Directed Sensitivity: 0.5882
Directed Specificity: 0.8387
Directed Precision: 0.4000
Directed Recall: 0.5882
Undirected Sensitivity: 0.7647
Undirected Specificity: 0.6842
Undirected Precision: 0.5200
Undirected Recall: 0.7647
----------------------------------------
PERCENT:50 | ALPHA:0.1 | SEED:110
Directed Sensitivity: 0.7647
Directed Specificity: 0.8710
Directed Precision: 0.5200
Directed Recall: 0.7647
Undirected Sensitivity: 0.7647
Undirected Specificity: 0.7105
Undirected Precision: 0.5417
Undirected Recall: 0.7647
----------------------------------------
PERCENT:50 | ALPHA:0.1 | SEED:120
Directed Sensitivity: 0.7059
Directed Specificity: 0.8602
Directed Precision: 0.4800
Directed Recall: 0.7059
Undirected Sensitivity: 0.7647
Undirected Specificity: 0.6842
Undirected Precision: 0.5200
Undirected Recall: 0.7647
----------------------------------------
PERCENT:50 | ALPHA:0.1 | SEED:130
Directed Sensitivity: 0.6471
Directed Specificity: 0.8602
Directed Precision: 0.4583
Directed Recall: 0.6471
Undirected Sensitivity: 0.7647
Undirected Specificity: 0.7105
Undirected Precision: 0.5417
Undirected Recall: 0.7647
----------------------------------------
PERCENT:50 | ALPHA:0.1 | SEED:140
Directed Sensitivity: 0.7647
Directed Specificity: 0.8602
Directed Precision: 0.5000
Directed Recall: 0.7647
Undirected Sensitivity: 0.7647
Undirected Specificity: 0.6579
Undirected Precision: 0.5000
Undirected Recall: 0.7647
----------------------------------------
PERCENT:50 | ALPHA:0.1 | SEED:150
Directed Sensitivity: 0.7647
Directed Specificity: 0.8817
Directed Precision: 0.5417
Directed Recall: 0.7647
Undirected Sensitivity: 0.8235
Undirected Specificity: 0.7368
Undirected Precision: 0.5833
Undirected Recall: 0.8235
----------------------------------------
PERCENT:50 | ALPHA:0.1 | SEED:160
Directed Sensitivity: 0.7647
Directed Specificity: 0.8925
Directed Precision: 0.5652
Directed Recall: 0.7647
Undirected Sensitivity: 0.7647
Undirected Specificity: 0.7368
Undirected Precision: 0.5652
Undirected Recall: 0.7647
----------------------------------------
PERCENT:50 | ALPHA:0.1 | SEED:170
Directed Sensitivity: 0.5882
Directed Specificity: 0.8065
Directed Precision: 0.3571
Directed Recall: 0.5882
Undirected Sensitivity: 0.7647
Undirected Specificity: 0.6053
Undirected Precision: 0.4643
Undirected Recall: 0.7647
----------------------------------------
PERCENT:50 | ALPHA:0.1 | SEED:180
Directed Sensitivity: 0.6471
Directed Specificity: 0.8280
Directed Precision: 0.4074
Directed Recall: 0.6471
Undirected Sensitivity: 0.7647
Undirected Specificity: 0.6579
Undirected Precision: 0.5000
Undirected Recall: 0.7647
----------------------------------------
PERCENT:50 | ALPHA:0.1 | SEED:190
Directed Sensitivity: 0.5882
Directed Specificity: 0.8387
Directed Precision: 0.4000
Directed Recall: 0.5882
Undirected Sensitivity: 0.7647
Undirected Specificity: 0.6842
Undirected Precision: 0.5200
Undirected Recall: 0.7647
----------------------------------------
PERCENT:50 | ALPHA:0.1 | SEED:200
Directed Sensitivity: 0.7059
Directed Specificity: 0.8387
Directed Precision: 0.4444
Directed Recall: 0.7059
Undirected Sensitivity: 0.7647
Undirected Specificity: 0.6316
Undirected Precision: 0.4815
Undirected Recall: 0.7647
----------------------------------------
PERCENT:50 | ALPHA:0.1 | SEED:210
Directed Sensitivity: 0.5294
Directed Specificity: 0.8387
Directed Precision: 0.3750
Directed Recall: 0.5294
Undirected Sensitivity: 0.7647
Undirected Specificity: 0.7105
Undirected Precision: 0.5417
Undirected Recall: 0.7647
----------------------------------------
PERCENT:50 | ALPHA:0.1 | SEED:220
Directed Sensitivity: 0.5882
Directed Specificity: 0.8280
Directed Precision: 0.3846
Directed Recall: 0.5882
Undirected Sensitivity: 0.7647
Undirected Specificity: 0.6579
Undirected Precision: 0.5000
Undirected Recall: 0.7647
----------------------------------------
PERCENT:50 | ALPHA:0.1 | SEED:230
Directed Sensitivity: 0.6471
Directed Specificity: 0.8602
Directed Precision: 0.4583
Directed Recall: 0.6471
Undirected Sensitivity: 0.7647
Undirected Specificity: 0.7105
Undirected Precision: 0.5417
Undirected Recall: 0.7647
----------------------------------------
PERCENT:50 | ALPHA:0.1 | SEED:240
Directed Sensitivity: 0.7059
Directed Specificity: 0.8602
Directed Precision: 0.4800
Directed Recall: 0.7059
Undirected Sensitivity: 0.7647
Undirected Specificity: 0.6842
Undirected Precision: 0.5200
Undirected Recall: 0.7647
----------------------------------------
PERCENT:50 | ALPHA:0.1 | SEED:250
Directed Sensitivity: 0.6471
Directed Specificity: 0.8495
Directed Precision: 0.4400
Directed Recall: 0.6471
Undirected Sensitivity: 0.7647
Undirected Specificity: 0.6842
Undirected Precision: 0.5200
Undirected Recall: 0.7647
----------------------------------------
PERCENT:50 | ALPHA:0.1 | SEED:260
Directed Sensitivity: 0.5882
Directed Specificity: 0.8280
Directed Precision: 0.3846
Directed Recall: 0.5882
Undirected Sensitivity: 0.7647
Undirected Specificity: 0.6842
Undirected Precision: 0.5200
Undirected Recall: 0.7647
----------------------------------------
PERCENT:50 | ALPHA:0.1 | SEED:270
Directed Sensitivity: 0.7059
Directed Specificity: 0.8925
Directed Precision: 0.5455
Directed Recall: 0.7059
Undirected Sensitivity: 0.7647
Undirected Specificity: 0.7632
Undirected Precision: 0.5909
Undirected Recall: 0.7647
----------------------------------------
PERCENT:50 | ALPHA:0.1 | SEED:280
Directed Sensitivity: 0.7647
Directed Specificity: 0.8710
Directed Precision: 0.5200
Directed Recall: 0.7647
Undirected Sensitivity: 0.7647
Undirected Specificity: 0.7105
Undirected Precision: 0.5417
Undirected Recall: 0.7647
----------------------------------------
PERCENT:50 | ALPHA:0.1 | SEED:290
Directed Sensitivity: 0.7647
Directed Specificity: 0.8280
Directed Precision: 0.4483
Directed Recall: 0.7647
Undirected Sensitivity: 0.8235
Undirected Specificity: 0.6842
Undirected Precision: 0.5385
Undirected Recall: 0.8235
----------------------------------------
PERCENT:50 | ALPHA:0.1 | SEED:300
Directed Sensitivity: 0.4706
Directed Specificity: 0.8495
Directed Precision: 0.3636
Directed Recall: 0.4706
Undirected Sensitivity: 0.7647
Undirected Specificity: 0.7632
Undirected Precision: 0.5909
Undirected Recall: 0.7647
----------------------------------------
PERCENT:50 | ALPHA:0.2 | SEED:10
Directed Sensitivity: 0.6471
Directed Specificity: 0.8172
Directed Precision: 0.3929
Directed Recall: 0.6471
Undirected Sensitivity: 0.7647
Undirected Specificity: 0.6316
Undirected Precision: 0.4815
Undirected Recall: 0.7647
----------------------------------------
PERCENT:50 | ALPHA:0.2 | SEED:20
Directed Sensitivity: 0.7059
Directed Specificity: 0.8495
Directed Precision: 0.4615
Directed Recall: 0.7059
Undirected Sensitivity: 0.7647
Undirected Specificity: 0.6579
Undirected Precision: 0.5000
Undirected Recall: 0.7647
----------------------------------------
PERCENT:50 | ALPHA:0.2 | SEED:30
Directed Sensitivity: 0.4706
Directed Specificity: 0.8065
Directed Precision: 0.3077
Directed Recall: 0.4706
Undirected Sensitivity: 0.7647
Undirected Specificity: 0.6842
Undirected Precision: 0.5200
Undirected Recall: 0.7647
----------------------------------------
PERCENT:50 | ALPHA:0.2 | SEED:40
Directed Sensitivity: 0.5294
Directed Specificity: 0.8065
Directed Precision: 0.3333
Directed Recall: 0.5294
Undirected Sensitivity: 0.7647
Undirected Specificity: 0.6316
Undirected Precision: 0.4815
Undirected Recall: 0.7647
----------------------------------------
PERCENT:50 | ALPHA:0.2 | SEED:50
Directed Sensitivity: 0.7647
Directed Specificity: 0.8602
Directed Precision: 0.5000
Directed Recall: 0.7647
Undirected Sensitivity: 0.7647
Undirected Specificity: 0.6842
Undirected Precision: 0.5200
Undirected Recall: 0.7647
----------------------------------------
PERCENT:50 | ALPHA:0.2 | SEED:60
Directed Sensitivity: 0.7647
Directed Specificity: 0.8710
Directed Precision: 0.5200
Directed Recall: 0.7647
Undirected Sensitivity: 0.7647
Undirected Specificity: 0.6842
Undirected Precision: 0.5200
Undirected Recall: 0.7647
----------------------------------------
PERCENT:50 | ALPHA:0.2 | SEED:70
Directed Sensitivity: 0.7059
Directed Specificity: 0.8495
Directed Precision: 0.4615
Directed Recall: 0.7059
Undirected Sensitivity: 0.7647
Undirected Specificity: 0.6842
Undirected Precision: 0.5200
Undirected Recall: 0.7647
----------------------------------------
PERCENT:50 | ALPHA:0.2 | SEED:80
Directed Sensitivity: 0.8235
Directed Specificity: 0.8817
Directed Precision: 0.5600
Directed Recall: 0.8235
Undirected Sensitivity: 0.8235
Undirected Specificity: 0.7105
Undirected Precision: 0.5600
Undirected Recall: 0.8235
----------------------------------------
PERCENT:50 | ALPHA:0.2 | SEED:90
Directed Sensitivity: 0.7647
Directed Specificity: 0.8602
Directed Precision: 0.5000
Directed Recall: 0.7647
Undirected Sensitivity: 0.8235
Undirected Specificity: 0.6842
Undirected Precision: 0.5385
Undirected Recall: 0.8235
----------------------------------------
PERCENT:50 | ALPHA:0.2 | SEED:100
Directed Sensitivity: 0.5882
Directed Specificity: 0.8387
Directed Precision: 0.4000
Directed Recall: 0.5882
Undirected Sensitivity: 0.7647
Undirected Specificity: 0.6842
Undirected Precision: 0.5200
Undirected Recall: 0.7647
----------------------------------------
PERCENT:50 | ALPHA:0.2 | SEED:110
Directed Sensitivity: 0.7647
Directed Specificity: 0.8710
Directed Precision: 0.5200
Directed Recall: 0.7647
Undirected Sensitivity: 0.7647
Undirected Specificity: 0.7105
Undirected Precision: 0.5417
Undirected Recall: 0.7647
----------------------------------------
PERCENT:50 | ALPHA:0.2 | SEED:120
Directed Sensitivity: 0.8235
Directed Specificity: 0.8710
Directed Precision: 0.5385
Directed Recall: 0.8235
Undirected Sensitivity: 0.8235
Undirected Specificity: 0.6842
Undirected Precision: 0.5385
Undirected Recall: 0.8235
----------------------------------------
PERCENT:50 | ALPHA:0.2 | SEED:130
Directed Sensitivity: 0.7059
Directed Specificity: 0.8602
Directed Precision: 0.4800
Directed Recall: 0.7059
Undirected Sensitivity: 0.8235
Undirected Specificity: 0.7105
Undirected Precision: 0.5600
Undirected Recall: 0.8235
----------------------------------------
PERCENT:50 | ALPHA:0.2 | SEED:140
Directed Sensitivity: 0.7647
Directed Specificity: 0.8602
Directed Precision: 0.5000
Directed Recall: 0.7647
Undirected Sensitivity: 0.7647
Undirected Specificity: 0.6579
Undirected Precision: 0.5000
Undirected Recall: 0.7647
----------------------------------------
PERCENT:50 | ALPHA:0.2 | SEED:150
Directed Sensitivity: 0.8235
Directed Specificity: 0.8925
Directed Precision: 0.5833
Directed Recall: 0.8235
Undirected Sensitivity: 0.8235
Undirected Specificity: 0.7368
Undirected Precision: 0.5833
Undirected Recall: 0.8235
----------------------------------------
PERCENT:50 | ALPHA:0.2 | SEED:160
Directed Sensitivity: 0.8235
Directed Specificity: 0.8925
Directed Precision: 0.5833
Directed Recall: 0.8235
Undirected Sensitivity: 0.8235
Undirected Specificity: 0.7368
Undirected Precision: 0.5833
Undirected Recall: 0.8235
----------------------------------------
PERCENT:50 | ALPHA:0.2 | SEED:170
Directed Sensitivity: 0.5882
Directed Specificity: 0.8065
Directed Precision: 0.3571
Directed Recall: 0.5882
Undirected Sensitivity: 0.7647
Undirected Specificity: 0.6053
Undirected Precision: 0.4643
Undirected Recall: 0.7647
----------------------------------------
PERCENT:50 | ALPHA:0.2 | SEED:180
Directed Sensitivity: 0.7059
Directed Specificity: 0.8280
Directed Precision: 0.4286
Directed Recall: 0.7059
Undirected Sensitivity: 0.7647
Undirected Specificity: 0.6316
Undirected Precision: 0.4815
Undirected Recall: 0.7647
----------------------------------------
PERCENT:50 | ALPHA:0.2 | SEED:190
Directed Sensitivity: 0.5882
Directed Specificity: 0.8387
Directed Precision: 0.4000
Directed Recall: 0.5882
Undirected Sensitivity: 0.7647
Undirected Specificity: 0.6842
Undirected Precision: 0.5200
Undirected Recall: 0.7647
----------------------------------------
PERCENT:50 | ALPHA:0.2 | SEED:200
Directed Sensitivity: 0.6471
Directed Specificity: 0.8280
Directed Precision: 0.4074
Directed Recall: 0.6471
Undirected Sensitivity: 0.7647
Undirected Specificity: 0.6316
Undirected Precision: 0.4815
Undirected Recall: 0.7647
----------------------------------------
PERCENT:50 | ALPHA:0.2 | SEED:210
Directed Sensitivity: 0.5882
Directed Specificity: 0.8387
Directed Precision: 0.4000
Directed Recall: 0.5882
Undirected Sensitivity: 0.7647
Undirected Specificity: 0.6842
Undirected Precision: 0.5200
Undirected Recall: 0.7647
----------------------------------------
PERCENT:50 | ALPHA:0.2 | SEED:220
Directed Sensitivity: 0.5882
Directed Specificity: 0.8280
Directed Precision: 0.3846
Directed Recall: 0.5882
Undirected Sensitivity: 0.7647
Undirected Specificity: 0.6579
Undirected Precision: 0.5000
Undirected Recall: 0.7647
----------------------------------------
PERCENT:50 | ALPHA:0.2 | SEED:230
Directed Sensitivity: 0.6471
Directed Specificity: 0.8495
Directed Precision: 0.4400
Directed Recall: 0.6471
Undirected Sensitivity: 0.7647
Undirected Specificity: 0.6842
Undirected Precision: 0.5200
Undirected Recall: 0.7647
----------------------------------------
PERCENT:50 | ALPHA:0.2 | SEED:240
Directed Sensitivity: 0.7059
Directed Specificity: 0.8602
Directed Precision: 0.4800
Directed Recall: 0.7059
Undirected Sensitivity: 0.7647
Undirected Specificity: 0.6842
Undirected Precision: 0.5200
Undirected Recall: 0.7647
----------------------------------------
PERCENT:50 | ALPHA:0.2 | SEED:250
Directed Sensitivity: 0.6471
Directed Specificity: 0.8495
Directed Precision: 0.4400
Directed Recall: 0.6471
Undirected Sensitivity: 0.7647
Undirected Specificity: 0.6842
Undirected Precision: 0.5200
Undirected Recall: 0.7647
----------------------------------------
PERCENT:50 | ALPHA:0.2 | SEED:260
Directed Sensitivity: 0.5882
Directed Specificity: 0.8280
Directed Precision: 0.3846
Directed Recall: 0.5882
Undirected Sensitivity: 0.7647
Undirected Specificity: 0.6842
Undirected Precision: 0.5200
Undirected Recall: 0.7647
----------------------------------------
PERCENT:50 | ALPHA:0.2 | SEED:270
Directed Sensitivity: 0.6471
Directed Specificity: 0.8817
Directed Precision: 0.5000
Directed Recall: 0.6471
Undirected Sensitivity: 0.7647
Undirected Specificity: 0.7632
Undirected Precision: 0.5909
Undirected Recall: 0.7647
----------------------------------------
PERCENT:50 | ALPHA:0.2 | SEED:280
Directed Sensitivity: 0.8235
Directed Specificity: 0.8817
Directed Precision: 0.5600
Directed Recall: 0.8235
Undirected Sensitivity: 0.8235
Undirected Specificity: 0.7105
Undirected Precision: 0.5600
Undirected Recall: 0.8235
----------------------------------------
PERCENT:50 | ALPHA:0.2 | SEED:290
Directed Sensitivity: 0.7647
Directed Specificity: 0.8387
Directed Precision: 0.4643
Directed Recall: 0.7647
Undirected Sensitivity: 0.8235
Undirected Specificity: 0.6842
Undirected Precision: 0.5385
Undirected Recall: 0.8235
----------------------------------------
PERCENT:50 | ALPHA:0.2 | SEED:300
Directed Sensitivity: 0.5294
Directed Specificity: 0.8495
Directed Precision: 0.3913
Directed Recall: 0.5294
Undirected Sensitivity: 0.7647
Undirected Specificity: 0.7368
Undirected Precision: 0.5652
Undirected Recall: 0.7647
----------------------------------------
