SEED:10
Directed Sensitivity: 0.5294
Directed Specificity: 0.7419
Directed Precision: 0.2727
Directed Recall:    0.5294
-------------------------
Undirected Sensitivity: 0.8235
Undirected Specificity: 0.5000
Undirected Precision: 0.4242
Undirected Recall:    0.8235
----------------------------------------
SEED:20
Directed Sensitivity: 0.5294
Directed Specificity: 0.7419
Directed Precision: 0.2727
Directed Recall:    0.5294
-------------------------
Undirected Sensitivity: 0.8235
Undirected Specificity: 0.5000
Undirected Precision: 0.4242
Undirected Recall:    0.8235
----------------------------------------
SEED:30
Directed Sensitivity: 0.5294
Directed Specificity: 0.7312
Directed Precision: 0.2647
Directed Recall:    0.5294
-------------------------
Undirected Sensitivity: 0.9412
Undirected Specificity: 0.5263
Undirected Precision: 0.4706
Undirected Recall:    0.9412
----------------------------------------
SEED:40
Directed Sensitivity: 0.4118
Directed Specificity: 0.6989
Directed Precision: 0.2000
Directed Recall:    0.4118
-------------------------
Undirected Sensitivity: 0.8824
Undirected Specificity: 0.4737
Undirected Precision: 0.4286
Undirected Recall:    0.8824
----------------------------------------
SEED:50
Directed Sensitivity: 0.6471
Directed Specificity: 0.7634
Directed Precision: 0.3333
Directed Recall:    0.6471
-------------------------
Undirected Sensitivity: 0.8235
Undirected Specificity: 0.5000
Undirected Precision: 0.4242
Undirected Recall:    0.8235
----------------------------------------
SEED:60
Directed Sensitivity: 0.6471
Directed Specificity: 0.7634
Directed Precision: 0.3333
Directed Recall:    0.6471
-------------------------
Undirected Sensitivity: 0.8235
Undirected Specificity: 0.5000
Undirected Precision: 0.4242
Undirected Recall:    0.8235
----------------------------------------
SEED:70
Directed Sensitivity: 0.5882
Directed Specificity: 0.7527
Directed Precision: 0.3030
Directed Recall:    0.5882
-------------------------
Undirected Sensitivity: 0.8235
Undirected Specificity: 0.5000
Undirected Precision: 0.4242
Undirected Recall:    0.8235
----------------------------------------
SEED:80
Directed Sensitivity: 0.4118
Directed Specificity: 0.7419
Directed Precision: 0.2258
Directed Recall:    0.4118
-------------------------
Undirected Sensitivity: 0.7647
Undirected Specificity: 0.5263
Undirected Precision: 0.4194
Undirected Recall:    0.7647
----------------------------------------
SEED:90
Directed Sensitivity: 0.7059
Directed Specificity: 0.7634
Directed Precision: 0.3529
Directed Recall:    0.7059
-------------------------
Undirected Sensitivity: 0.8824
Undirected Specificity: 0.5000
Undirected Precision: 0.4412
Undirected Recall:    0.8824
----------------------------------------
SEED:100
Directed Sensitivity: 0.5882
Directed Specificity: 0.7312
Directed Precision: 0.2857
Directed Recall:    0.5882
-------------------------
Undirected Sensitivity: 0.8235
Undirected Specificity: 0.4474
Undirected Precision: 0.4000
Undirected Recall:    0.8235
----------------------------------------
SEED:110
Directed Sensitivity: 0.4706
Directed Specificity: 0.6882
Directed Precision: 0.2162
Directed Recall:    0.4706
-------------------------
Undirected Sensitivity: 0.8824
Undirected Specificity: 0.4211
Undirected Precision: 0.4054
Undirected Recall:    0.8824
----------------------------------------
SEED:120
Directed Sensitivity: 0.5294
Directed Specificity: 0.7204
Directed Precision: 0.2571
Directed Recall:    0.5294
-------------------------
Undirected Sensitivity: 0.8824
Undirected Specificity: 0.4737
Undirected Precision: 0.4286
Undirected Recall:    0.8824
----------------------------------------
SEED:130
Directed Sensitivity: 0.5294
Directed Specificity: 0.7419
Directed Precision: 0.2727
Directed Recall:    0.5294
-------------------------
Undirected Sensitivity: 0.8235
Undirected Specificity: 0.5000
Undirected Precision: 0.4242
Undirected Recall:    0.8235
----------------------------------------
SEED:140
Directed Sensitivity: 0.5294
Directed Specificity: 0.7204
Directed Precision: 0.2571
Directed Recall:    0.5294
-------------------------
Undirected Sensitivity: 0.8824
Undirected Specificity: 0.4737
Undirected Precision: 0.4286
Undirected Recall:    0.8824
----------------------------------------
SEED:150
Directed Sensitivity: 0.2941
Directed Specificity: 0.6882
Directed Precision: 0.1471
Directed Recall:    0.2941
-------------------------
Undirected Sensitivity: 0.8235
Undirected Specificity: 0.4737
Undirected Precision: 0.4118
Undirected Recall:    0.8235
----------------------------------------
SEED:160
Directed Sensitivity: 0.5882
Directed Specificity: 0.7204
Directed Precision: 0.2778
Directed Recall:    0.5882
-------------------------
Undirected Sensitivity: 0.7647
Undirected Specificity: 0.3947
Undirected Precision: 0.3611
Undirected Recall:    0.7647
----------------------------------------
SEED:170
Directed Sensitivity: 0.4706
Directed Specificity: 0.7204
Directed Precision: 0.2353
Directed Recall:    0.4706
-------------------------
Undirected Sensitivity: 0.8824
Undirected Specificity: 0.5000
Undirected Precision: 0.4412
Undirected Recall:    0.8824
----------------------------------------
SEED:180
Directed Sensitivity: 0.4706
Directed Specificity: 0.7312
Directed Precision: 0.2424
Directed Recall:    0.4706
-------------------------
Undirected Sensitivity: 0.8824
Undirected Specificity: 0.5263
Undirected Precision: 0.4545
Undirected Recall:    0.8824
----------------------------------------
SEED:190
Directed Sensitivity: 0.5882
Directed Specificity: 0.7419
Directed Precision: 0.2941
Directed Recall:    0.5882
-------------------------
Undirected Sensitivity: 0.8824
Undirected Specificity: 0.5000
Undirected Precision: 0.4412
Undirected Recall:    0.8824
----------------------------------------
SEED:200
Directed Sensitivity: 0.4706
Directed Specificity: 0.7312
Directed Precision: 0.2424
Directed Recall:    0.4706
-------------------------
Undirected Sensitivity: 0.8235
Undirected Specificity: 0.5000
Undirected Precision: 0.4242
Undirected Recall:    0.8235
----------------------------------------
SEED:210
Directed Sensitivity: 0.4706
Directed Specificity: 0.7097
Directed Precision: 0.2286
Directed Recall:    0.4706
-------------------------
Undirected Sensitivity: 0.9412
Undirected Specificity: 0.5000
Undirected Precision: 0.4571
Undirected Recall:    0.9412
----------------------------------------
SEED:220
Directed Sensitivity: 0.6471
Directed Specificity: 0.7527
Directed Precision: 0.3235
Directed Recall:    0.6471
-------------------------
Undirected Sensitivity: 0.8235
Undirected Specificity: 0.4737
Undirected Precision: 0.4118
Undirected Recall:    0.8235
----------------------------------------
SEED:230
Directed Sensitivity: 0.5882
Directed Specificity: 0.7849
Directed Precision: 0.3333
Directed Recall:    0.5882
-------------------------
Undirected Sensitivity: 0.8235
Undirected Specificity: 0.5789
Undirected Precision: 0.4667
Undirected Recall:    0.8235
----------------------------------------
SEED:240
Directed Sensitivity: 0.5294
Directed Specificity: 0.7204
Directed Precision: 0.2571
Directed Recall:    0.5294
-------------------------
Undirected Sensitivity: 0.8235
Undirected Specificity: 0.4474
Undirected Precision: 0.4000
Undirected Recall:    0.8235
----------------------------------------
SEED:250
Directed Sensitivity: 0.4706
Directed Specificity: 0.6989
Directed Precision: 0.2222
Directed Recall:    0.4706
-------------------------
Undirected Sensitivity: 0.8235
Undirected Specificity: 0.4211
Undirected Precision: 0.3889
Undirected Recall:    0.8235
----------------------------------------
SEED:260
Directed Sensitivity: 0.4706
Directed Specificity: 0.7097
Directed Precision: 0.2286
Directed Recall:    0.4706
-------------------------
Undirected Sensitivity: 0.7647
Undirected Specificity: 0.4211
Undirected Precision: 0.3714
Undirected Recall:    0.7647
----------------------------------------
SEED:270
Directed Sensitivity: 0.5882
Directed Specificity: 0.7634
Directed Precision: 0.3125
Directed Recall:    0.5882
-------------------------
Undirected Sensitivity: 0.8235
Undirected Specificity: 0.5263
Undirected Precision: 0.4375
Undirected Recall:    0.8235
----------------------------------------
SEED:280
Directed Sensitivity: 0.5882
Directed Specificity: 0.7097
Directed Precision: 0.2703
Directed Recall:    0.5882
-------------------------
Undirected Sensitivity: 0.9412
Undirected Specificity: 0.4474
Undirected Precision: 0.4324
Undirected Recall:    0.9412
----------------------------------------
SEED:290
Directed Sensitivity: 0.7059
Directed Specificity: 0.7419
Directed Precision: 0.3333
Directed Recall:    0.7059
-------------------------
Undirected Sensitivity: 0.8235
Undirected Specificity: 0.4211
Undirected Precision: 0.3889
Undirected Recall:    0.8235
----------------------------------------
SEED:300
Directed Sensitivity: 0.4118
Directed Specificity: 0.7419
Directed Precision: 0.2258
Directed Recall:    0.4118
-------------------------
Undirected Sensitivity: 0.7647
Undirected Specificity: 0.5263
Undirected Precision: 0.4194
Undirected Recall:    0.7647
----------------------------------------
