SEED:10
Directed Sensitivity: 0.7059
Directed Specificity: 0.7634
Directed Precision: 0.3529
Directed Recall:    0.7059
-------------------------
Undirected Sensitivity: 0.8824
Undirected Specificity: 0.5000
Undirected Precision: 0.4412
Undirected Recall:    0.8824
----------------------------------------
SEED:20
Directed Sensitivity: 0.7647
Directed Specificity: 0.7849
Directed Precision: 0.3939
Directed Recall:    0.7647
-------------------------
Undirected Sensitivity: 0.8824
Undirected Specificity: 0.5263
Undirected Precision: 0.4545
Undirected Recall:    0.8824
----------------------------------------
SEED:30
Directed Sensitivity: 0.7647
Directed Specificity: 0.7527
Directed Precision: 0.3611
Directed Recall:    0.7647
-------------------------
Undirected Sensitivity: 0.9412
Undirected Specificity: 0.4737
Undirected Precision: 0.4444
Undirected Recall:    0.9412
----------------------------------------
SEED:40
Directed Sensitivity: 0.6471
Directed Specificity: 0.7312
Directed Precision: 0.3056
Directed Recall:    0.6471
-------------------------
Undirected Sensitivity: 0.9412
Undirected Specificity: 0.4737
Undirected Precision: 0.4444
Undirected Recall:    0.9412
----------------------------------------
SEED:50
Directed Sensitivity: 0.6471
Directed Specificity: 0.7742
Directed Precision: 0.3438
Directed Recall:    0.6471
-------------------------
Undirected Sensitivity: 0.8235
Undirected Specificity: 0.5263
Undirected Precision: 0.4375
Undirected Recall:    0.8235
----------------------------------------
SEED:60
Directed Sensitivity: 0.7059
Directed Specificity: 0.7742
Directed Precision: 0.3636
Directed Recall:    0.7059
-------------------------
Undirected Sensitivity: 0.8235
Undirected Specificity: 0.5000
Undirected Precision: 0.4242
Undirected Recall:    0.8235
----------------------------------------
SEED:70
Directed Sensitivity: 0.6471
Directed Specificity: 0.7634
Directed Precision: 0.3333
Directed Recall:    0.6471
-------------------------
Undirected Sensitivity: 0.8235
Undirected Specificity: 0.5000
Undirected Precision: 0.4242
Undirected Recall:    0.8235
----------------------------------------
SEED:80
Directed Sensitivity: 0.4706
Directed Specificity: 0.7419
Directed Precision: 0.2500
Directed Recall:    0.4706
-------------------------
Undirected Sensitivity: 0.8235
Undirected Specificity: 0.5263
Undirected Precision: 0.4375
Undirected Recall:    0.8235
----------------------------------------
SEED:90
Directed Sensitivity: 0.7647
Directed Specificity: 0.7957
Directed Precision: 0.4062
Directed Recall:    0.7647
-------------------------
Undirected Sensitivity: 1.0000
Undirected Specificity: 0.6053
Undirected Precision: 0.5312
Undirected Recall:    1.0000
----------------------------------------
SEED:100
Directed Sensitivity: 0.6471
Directed Specificity: 0.7634
Directed Precision: 0.3333
Directed Recall:    0.6471
-------------------------
Undirected Sensitivity: 0.8235
Undirected Specificity: 0.5000
Undirected Precision: 0.4242
Undirected Recall:    0.8235
----------------------------------------
SEED:110
Directed Sensitivity: 0.5882
Directed Specificity: 0.7312
Directed Precision: 0.2857
Directed Recall:    0.5882
-------------------------
Undirected Sensitivity: 0.7059
Undirected Specificity: 0.3947
Undirected Precision: 0.3429
Undirected Recall:    0.7059
----------------------------------------
SEED:120
Directed Sensitivity: 0.7647
Directed Specificity: 0.7957
Directed Precision: 0.4062
Directed Recall:    0.7647
-------------------------
Undirected Sensitivity: 0.9412
Undirected Specificity: 0.5789
Undirected Precision: 0.5000
Undirected Recall:    0.9412
----------------------------------------
SEED:130
Directed Sensitivity: 0.5882
Directed Specificity: 0.7849
Directed Precision: 0.3333
Directed Recall:    0.5882
-------------------------
Undirected Sensitivity: 0.8235
Undirected Specificity: 0.5789
Undirected Precision: 0.4667
Undirected Recall:    0.8235
----------------------------------------
SEED:140
Directed Sensitivity: 0.6471
Directed Specificity: 0.7742
Directed Precision: 0.3438
Directed Recall:    0.6471
-------------------------
Undirected Sensitivity: 0.8235
Undirected Specificity: 0.5263
Undirected Precision: 0.4375
Undirected Recall:    0.8235
----------------------------------------
SEED:150
Directed Sensitivity: 0.5294
Directed Specificity: 0.7097
Directed Precision: 0.2500
Directed Recall:    0.5294
-------------------------
Undirected Sensitivity: 0.8824
Undirected Specificity: 0.4474
Undirected Precision: 0.4167
Undirected Recall:    0.8824
----------------------------------------
SEED:160
Directed Sensitivity: 0.5882
Directed Specificity: 0.7312
Directed Precision: 0.2857
Directed Recall:    0.5882
-------------------------
Undirected Sensitivity: 0.7647
Undirected Specificity: 0.4211
Undirected Precision: 0.3714
Undirected Recall:    0.7647
----------------------------------------
SEED:170
Directed Sensitivity: 0.5882
Directed Specificity: 0.7312
Directed Precision: 0.2857
Directed Recall:    0.5882
-------------------------
Undirected Sensitivity: 0.8824
Undirected Specificity: 0.4737
Undirected Precision: 0.4286
Undirected Recall:    0.8824
----------------------------------------
SEED:180
Directed Sensitivity: 0.6471
Directed Specificity: 0.7957
Directed Precision: 0.3667
Directed Recall:    0.6471
-------------------------
Undirected Sensitivity: 0.8235
Undirected Specificity: 0.5789
Undirected Precision: 0.4667
Undirected Recall:    0.8235
----------------------------------------
SEED:190
Directed Sensitivity: 0.7059
Directed Specificity: 0.7849
Directed Precision: 0.3750
Directed Recall:    0.7059
-------------------------
Undirected Sensitivity: 0.8824
Undirected Specificity: 0.5526
Undirected Precision: 0.4688
Undirected Recall:    0.8824
----------------------------------------
SEED:200
Directed Sensitivity: 0.8235
Directed Specificity: 0.7634
Directed Precision: 0.3889
Directed Recall:    0.8235
-------------------------
Undirected Sensitivity: 0.9412
Undirected Specificity: 0.4737
Undirected Precision: 0.4444
Undirected Recall:    0.9412
----------------------------------------
SEED:210
Directed Sensitivity: 0.5294
Directed Specificity: 0.7312
Directed Precision: 0.2647
Directed Recall:    0.5294
-------------------------
Undirected Sensitivity: 0.9412
Undirected Specificity: 0.5263
Undirected Precision: 0.4706
Undirected Recall:    0.9412
----------------------------------------
SEED:220
Directed Sensitivity: 0.6471
Directed Specificity: 0.7742
Directed Precision: 0.3438
Directed Recall:    0.6471
-------------------------
Undirected Sensitivity: 0.8235
Undirected Specificity: 0.5263
Undirected Precision: 0.4375
Undirected Recall:    0.8235
----------------------------------------
SEED:230
Directed Sensitivity: 0.7059
Directed Specificity: 0.8065
Directed Precision: 0.4000
Directed Recall:    0.7059
-------------------------
Undirected Sensitivity: 0.8824
Undirected Specificity: 0.6053
Undirected Precision: 0.5000
Undirected Recall:    0.8824
----------------------------------------
SEED:240
Directed Sensitivity: 0.7059
Directed Specificity: 0.7419
Directed Precision: 0.3333
Directed Recall:    0.7059
-------------------------
Undirected Sensitivity: 0.8824
Undirected Specificity: 0.4474
Undirected Precision: 0.4167
Undirected Recall:    0.8824
----------------------------------------
SEED:250
Directed Sensitivity: 0.6471
Directed Specificity: 0.7419
Directed Precision: 0.3143
Directed Recall:    0.6471
-------------------------
Undirected Sensitivity: 0.8824
Undirected Specificity: 0.4737
Undirected Precision: 0.4286
Undirected Recall:    0.8824
----------------------------------------
SEED:260
Directed Sensitivity: 0.7647
Directed Specificity: 0.7204
Directed Precision: 0.3333
Directed Recall:    0.7647
-------------------------
Undirected Sensitivity: 1.0000
Undirected Specificity: 0.4211
Undirected Precision: 0.4359
Undirected Recall:    1.0000
----------------------------------------
SEED:270
Directed Sensitivity: 0.7647
Directed Specificity: 0.7849
Directed Precision: 0.3939
Directed Recall:    0.7647
-------------------------
Undirected Sensitivity: 0.8824
Undirected Specificity: 0.5263
Undirected Precision: 0.4545
Undirected Recall:    0.8824
----------------------------------------
SEED:280
Directed Sensitivity: 0.7647
Directed Specificity: 0.7849
Directed Precision: 0.3939
Directed Recall:    0.7647
-------------------------
Undirected Sensitivity: 0.9412
Undirected Specificity: 0.5526
Undirected Precision: 0.4848
Undirected Recall:    0.9412
----------------------------------------
SEED:290
Directed Sensitivity: 0.7647
Directed Specificity: 0.7419
Directed Precision: 0.3514
Directed Recall:    0.7647
-------------------------
Undirected Sensitivity: 0.8824
Undirected Specificity: 0.4211
Undirected Precision: 0.4054
Undirected Recall:    0.8824
----------------------------------------
SEED:300
Directed Sensitivity: 0.6471
Directed Specificity: 0.7742
Directed Precision: 0.3438
Directed Recall:    0.6471
-------------------------
Undirected Sensitivity: 0.8824
Undirected Specificity: 0.5526
Undirected Precision: 0.4688
Undirected Recall:    0.8824
----------------------------------------
