PERCENT:50 | ALPHA:0.01 | SEED:10
Directed Sensitivity: 0.8462
Directed Specificity: 0.8621
Directed Precision: 0.7333
Directed Recall: 0.8462
Undirected Sensitivity: 0.9231
Undirected Specificity: 0.6250
Undirected Precision: 0.8000
Undirected Recall: 0.9231
----------------------------------------
PERCENT:50 | ALPHA:0.01 | SEED:20
Directed Sensitivity: 0.9231
Directed Specificity: 0.8276
Directed Precision: 0.7059
Directed Recall: 0.9231
Undirected Sensitivity: 1.0000
Undirected Specificity: 0.5000
Undirected Precision: 0.7647
Undirected Recall: 1.0000
----------------------------------------
PERCENT:50 | ALPHA:0.01 | SEED:30
Directed Sensitivity: 0.8462
Directed Specificity: 0.7241
Directed Precision: 0.5789
Directed Recall: 0.8462
Undirected Sensitivity: 1.0000
Undirected Specificity: 0.2500
Undirected Precision: 0.6842
Undirected Recall: 1.0000
----------------------------------------
PERCENT:50 | ALPHA:0.01 | SEED:40
Directed Sensitivity: 0.9231
Directed Specificity: 0.8276
Directed Precision: 0.7059
Directed Recall: 0.9231
Undirected Sensitivity: 1.0000
Undirected Specificity: 0.5000
Undirected Precision: 0.7647
Undirected Recall: 1.0000
----------------------------------------
PERCENT:50 | ALPHA:0.01 | SEED:50
Directed Sensitivity: 0.6154
Directed Specificity: 0.7241
Directed Precision: 0.5000
Directed Recall: 0.6154
Undirected Sensitivity: 0.9231
Undirected Specificity: 0.5000
Undirected Precision: 0.7500
Undirected Recall: 0.9231
----------------------------------------
PERCENT:50 | ALPHA:0.01 | SEED:60
Directed Sensitivity: 0.7692
Directed Specificity: 0.7241
Directed Precision: 0.5556
Directed Recall: 0.7692
Undirected Sensitivity: 1.0000
Undirected Specificity: 0.3750
Undirected Precision: 0.7222
Undirected Recall: 1.0000
----------------------------------------
PERCENT:50 | ALPHA:0.01 | SEED:70
Directed Sensitivity: 0.9231
Directed Specificity: 0.8276
Directed Precision: 0.7059
Directed Recall: 0.9231
Undirected Sensitivity: 0.9231
Undirected Specificity: 0.3750
Undirected Precision: 0.7059
Undirected Recall: 0.9231
----------------------------------------
PERCENT:50 | ALPHA:0.01 | SEED:80
Directed Sensitivity: 0.9231
Directed Specificity: 0.8276
Directed Precision: 0.7059
Directed Recall: 0.9231
Undirected Sensitivity: 1.0000
Undirected Specificity: 0.5000
Undirected Precision: 0.7647
Undirected Recall: 1.0000
----------------------------------------
PERCENT:50 | ALPHA:0.01 | SEED:90
Directed Sensitivity: 0.8462
Directed Specificity: 0.7586
Directed Precision: 0.6111
Directed Recall: 0.8462
Undirected Sensitivity: 1.0000
Undirected Specificity: 0.3750
Undirected Precision: 0.7222
Undirected Recall: 1.0000
----------------------------------------
PERCENT:50 | ALPHA:0.01 | SEED:100
Directed Sensitivity: 1.0000
Directed Specificity: 0.9310
Directed Precision: 0.8667
Directed Recall: 1.0000
Undirected Sensitivity: 1.0000
Undirected Specificity: 0.7500
Undirected Precision: 0.8667
Undirected Recall: 1.0000
----------------------------------------
PERCENT:50 | ALPHA:0.01 | SEED:110
Directed Sensitivity: 1.0000
Directed Specificity: 0.8966
Directed Precision: 0.8125
Directed Recall: 1.0000
Undirected Sensitivity: 1.0000
Undirected Specificity: 0.6250
Undirected Precision: 0.8125
Undirected Recall: 1.0000
----------------------------------------
PERCENT:50 | ALPHA:0.01 | SEED:120
Directed Sensitivity: 0.9231
Directed Specificity: 0.8621
Directed Precision: 0.7500
Directed Recall: 0.9231
Undirected Sensitivity: 1.0000
Undirected Specificity: 0.6250
Undirected Precision: 0.8125
Undirected Recall: 1.0000
----------------------------------------
PERCENT:50 | ALPHA:0.01 | SEED:130
Directed Sensitivity: 0.8462
Directed Specificity: 0.7931
Directed Precision: 0.6471
Directed Recall: 0.8462
Undirected Sensitivity: 1.0000
Undirected Specificity: 0.5000
Undirected Precision: 0.7647
Undirected Recall: 1.0000
----------------------------------------
PERCENT:50 | ALPHA:0.01 | SEED:140
Directed Sensitivity: 0.9231
Directed Specificity: 0.8621
Directed Precision: 0.7500
Directed Recall: 0.9231
Undirected Sensitivity: 1.0000
Undirected Specificity: 0.6250
Undirected Precision: 0.8125
Undirected Recall: 1.0000
----------------------------------------
PERCENT:50 | ALPHA:0.01 | SEED:150
Directed Sensitivity: 1.0000
Directed Specificity: 0.8966
Directed Precision: 0.8125
Directed Recall: 1.0000
Undirected Sensitivity: 1.0000
Undirected Specificity: 0.6250
Undirected Precision: 0.8125
Undirected Recall: 1.0000
----------------------------------------
PERCENT:50 | ALPHA:0.01 | SEED:160
Directed Sensitivity: 0.7692
Directed Specificity: 0.8276
Directed Precision: 0.6667
Directed Recall: 0.7692
Undirected Sensitivity: 0.9231
Undirected Specificity: 0.6250
Undirected Precision: 0.8000
Undirected Recall: 0.9231
----------------------------------------
PERCENT:50 | ALPHA:0.01 | SEED:170
Directed Sensitivity: 0.8462
Directed Specificity: 0.7931
Directed Precision: 0.6471
Directed Recall: 0.8462
Undirected Sensitivity: 0.9231
Undirected Specificity: 0.3750
Undirected Precision: 0.7059
Undirected Recall: 0.9231
----------------------------------------
PERCENT:50 | ALPHA:0.01 | SEED:180
Directed Sensitivity: 1.0000
Directed Specificity: 0.9310
Directed Precision: 0.8667
Directed Recall: 1.0000
Undirected Sensitivity: 1.0000
Undirected Specificity: 0.7500
Undirected Precision: 0.8667
Undirected Recall: 1.0000
----------------------------------------
PERCENT:50 | ALPHA:0.01 | SEED:190
Directed Sensitivity: 1.0000
Directed Specificity: 0.8966
Directed Precision: 0.8125
Directed Recall: 1.0000
Undirected Sensitivity: 1.0000
Undirected Specificity: 0.6250
Undirected Precision: 0.8125
Undirected Recall: 1.0000
----------------------------------------
PERCENT:50 | ALPHA:0.01 | SEED:200
Directed Sensitivity: 1.0000
Directed Specificity: 0.8276
Directed Precision: 0.7222
Directed Recall: 1.0000
Undirected Sensitivity: 1.0000
Undirected Specificity: 0.3750
Undirected Precision: 0.7222
Undirected Recall: 1.0000
----------------------------------------
PERCENT:50 | ALPHA:0.01 | SEED:210
Directed Sensitivity: 0.7692
Directed Specificity: 0.7586
Directed Precision: 0.5882
Directed Recall: 0.7692
Undirected Sensitivity: 1.0000
Undirected Specificity: 0.5000
Undirected Precision: 0.7647
Undirected Recall: 1.0000
----------------------------------------
PERCENT:50 | ALPHA:0.01 | SEED:220
Directed Sensitivity: 0.8462
Directed Specificity: 0.8621
Directed Precision: 0.7333
Directed Recall: 0.8462
Undirected Sensitivity: 0.8462
Undirected Specificity: 0.5000
Undirected Precision: 0.7333
Undirected Recall: 0.8462
----------------------------------------
PERCENT:50 | ALPHA:0.01 | SEED:230
Directed Sensitivity: 0.9231
Directed Specificity: 0.8621
Directed Precision: 0.7500
Directed Recall: 0.9231
Undirected Sensitivity: 1.0000
Undirected Specificity: 0.6250
Undirected Precision: 0.8125
Undirected Recall: 1.0000
----------------------------------------
PERCENT:50 | ALPHA:0.01 | SEED:240
Directed Sensitivity: 0.9231
Directed Specificity: 0.7931
Directed Precision: 0.6667
Directed Recall: 0.9231
Undirected Sensitivity: 1.0000
Undirected Specificity: 0.3750
Undirected Precision: 0.7222
Undirected Recall: 1.0000
----------------------------------------
PERCENT:50 | ALPHA:0.01 | SEED:250
Directed Sensitivity: 0.8462
Directed Specificity: 0.7241
Directed Precision: 0.5789
Directed Recall: 0.8462
Undirected Sensitivity: 1.0000
Undirected Specificity: 0.2500
Undirected Precision: 0.6842
Undirected Recall: 1.0000
----------------------------------------
PERCENT:50 | ALPHA:0.01 | SEED:260
Directed Sensitivity: 0.9231
Directed Specificity: 0.7931
Directed Precision: 0.6667
Directed Recall: 0.9231
Undirected Sensitivity: 1.0000
Undirected Specificity: 0.3750
Undirected Precision: 0.7222
Undirected Recall: 1.0000
----------------------------------------
PERCENT:50 | ALPHA:0.01 | SEED:270
Directed Sensitivity: 0.8462
Directed Specificity: 0.8621
Directed Precision: 0.7333
Directed Recall: 0.8462
Undirected Sensitivity: 0.9231
Undirected Specificity: 0.6250
Undirected Precision: 0.8000
Undirected Recall: 0.9231
----------------------------------------
PERCENT:50 | ALPHA:0.01 | SEED:280
Directed Sensitivity: 0.6923
Directed Specificity: 0.7241
Directed Precision: 0.5294
Directed Recall: 0.6923
Undirected Sensitivity: 0.9231
Undirected Specificity: 0.3750
Undirected Precision: 0.7059
Undirected Recall: 0.9231
----------------------------------------
PERCENT:50 | ALPHA:0.01 | SEED:290
Directed Sensitivity: 0.7692
Directed Specificity: 0.7241
Directed Precision: 0.5556
Directed Recall: 0.7692
Undirected Sensitivity: 1.0000
Undirected Specificity: 0.3750
Undirected Precision: 0.7222
Undirected Recall: 1.0000
----------------------------------------
PERCENT:50 | ALPHA:0.01 | SEED:300
Directed Sensitivity: 0.9231
Directed Specificity: 0.8276
Directed Precision: 0.7059
Directed Recall: 0.9231
Undirected Sensitivity: 1.0000
Undirected Specificity: 0.5000
Undirected Precision: 0.7647
Undirected Recall: 1.0000
----------------------------------------
PERCENT:50 | ALPHA:0.05 | SEED:10
Directed Sensitivity: 0.8462
Directed Specificity: 0.8621
Directed Precision: 0.7333
Directed Recall: 0.8462
Undirected Sensitivity: 0.9231
Undirected Specificity: 0.6250
Undirected Precision: 0.8000
Undirected Recall: 0.9231
----------------------------------------
PERCENT:50 | ALPHA:0.05 | SEED:20
Directed Sensitivity: 0.9231
Directed Specificity: 0.8276
Directed Precision: 0.7059
Directed Recall: 0.9231
Undirected Sensitivity: 1.0000
Undirected Specificity: 0.5000
Undirected Precision: 0.7647
Undirected Recall: 1.0000
----------------------------------------
PERCENT:50 | ALPHA:0.05 | SEED:30
Directed Sensitivity: 0.8462
Directed Specificity: 0.7241
Directed Precision: 0.5789
Directed Recall: 0.8462
Undirected Sensitivity: 1.0000
Undirected Specificity: 0.2500
Undirected Precision: 0.6842
Undirected Recall: 1.0000
----------------------------------------
PERCENT:50 | ALPHA:0.05 | SEED:40
Directed Sensitivity: 0.9231
Directed Specificity: 0.8276
Directed Precision: 0.7059
Directed Recall: 0.9231
Undirected Sensitivity: 1.0000
Undirected Specificity: 0.5000
Undirected Precision: 0.7647
Undirected Recall: 1.0000
----------------------------------------
PERCENT:50 | ALPHA:0.05 | SEED:50
Directed Sensitivity: 0.6154
Directed Specificity: 0.7241
Directed Precision: 0.5000
Directed Recall: 0.6154
Undirected Sensitivity: 0.9231
Undirected Specificity: 0.5000
Undirected Precision: 0.7500
Undirected Recall: 0.9231
----------------------------------------
PERCENT:50 | ALPHA:0.05 | SEED:60
Directed Sensitivity: 0.7692
Directed Specificity: 0.7241
Directed Precision: 0.5556
Directed Recall: 0.7692
Undirected Sensitivity: 1.0000
Undirected Specificity: 0.3750
Undirected Precision: 0.7222
Undirected Recall: 1.0000
----------------------------------------
PERCENT:50 | ALPHA:0.05 | SEED:70
Directed Sensitivity: 0.9231
Directed Specificity: 0.8276
Directed Precision: 0.7059
Directed Recall: 0.9231
Undirected Sensitivity: 0.9231
Undirected Specificity: 0.3750
Undirected Precision: 0.7059
Undirected Recall: 0.9231
----------------------------------------
PERCENT:50 | ALPHA:0.05 | SEED:80
Directed Sensitivity: 0.9231
Directed Specificity: 0.8276
Directed Precision: 0.7059
Directed Recall: 0.9231
Undirected Sensitivity: 1.0000
Undirected Specificity: 0.5000
Undirected Precision: 0.7647
Undirected Recall: 1.0000
----------------------------------------
PERCENT:50 | ALPHA:0.05 | SEED:90
Directed Sensitivity: 0.8462
Directed Specificity: 0.7586
Directed Precision: 0.6111
Directed Recall: 0.8462
Undirected Sensitivity: 1.0000
Undirected Specificity: 0.3750
Undirected Precision: 0.7222
Undirected Recall: 1.0000
----------------------------------------
PERCENT:50 | ALPHA:0.05 | SEED:100
Directed Sensitivity: 1.0000
Directed Specificity: 0.9310
Directed Precision: 0.8667
Directed Recall: 1.0000
Undirected Sensitivity: 1.0000
Undirected Specificity: 0.7500
Undirected Precision: 0.8667
Undirected Recall: 1.0000
----------------------------------------
PERCENT:50 | ALPHA:0.05 | SEED:110
Directed Sensitivity: 1.0000
Directed Specificity: 0.8966
Directed Precision: 0.8125
Directed Recall: 1.0000
Undirected Sensitivity: 1.0000
Undirected Specificity: 0.6250
Undirected Precision: 0.8125
Undirected Recall: 1.0000
----------------------------------------
PERCENT:50 | ALPHA:0.05 | SEED:120
Directed Sensitivity: 0.9231
Directed Specificity: 0.8621
Directed Precision: 0.7500
Directed Recall: 0.9231
Undirected Sensitivity: 1.0000
Undirected Specificity: 0.6250
Undirected Precision: 0.8125
Undirected Recall: 1.0000
----------------------------------------
PERCENT:50 | ALPHA:0.05 | SEED:130
Directed Sensitivity: 0.8462
Directed Specificity: 0.7931
Directed Precision: 0.6471
Directed Recall: 0.8462
Undirected Sensitivity: 1.0000
Undirected Specificity: 0.5000
Undirected Precision: 0.7647
Undirected Recall: 1.0000
----------------------------------------
PERCENT:50 | ALPHA:0.05 | SEED:140
Directed Sensitivity: 0.9231
Directed Specificity: 0.8621
Directed Precision: 0.7500
Directed Recall: 0.9231
Undirected Sensitivity: 1.0000
Undirected Specificity: 0.6250
Undirected Precision: 0.8125
Undirected Recall: 1.0000
----------------------------------------
PERCENT:50 | ALPHA:0.05 | SEED:150
Directed Sensitivity: 1.0000
Directed Specificity: 0.8966
Directed Precision: 0.8125
Directed Recall: 1.0000
Undirected Sensitivity: 1.0000
Undirected Specificity: 0.6250
Undirected Precision: 0.8125
Undirected Recall: 1.0000
----------------------------------------
PERCENT:50 | ALPHA:0.05 | SEED:160
Directed Sensitivity: 0.6154
Directed Specificity: 0.7931
Directed Precision: 0.5714
Directed Recall: 0.6154
Undirected Sensitivity: 0.8462
Undirected Specificity: 0.6250
Undirected Precision: 0.7857
Undirected Recall: 0.8462
----------------------------------------
PERCENT:50 | ALPHA:0.05 | SEED:170
Directed Sensitivity: 0.8462
Directed Specificity: 0.7931
Directed Precision: 0.6471
Directed Recall: 0.8462
Undirected Sensitivity: 0.9231
Undirected Specificity: 0.3750
Undirected Precision: 0.7059
Undirected Recall: 0.9231
----------------------------------------
PERCENT:50 | ALPHA:0.05 | SEED:180
Directed Sensitivity: 1.0000
Directed Specificity: 0.9310
Directed Precision: 0.8667
Directed Recall: 1.0000
Undirected Sensitivity: 1.0000
Undirected Specificity: 0.7500
Undirected Precision: 0.8667
Undirected Recall: 1.0000
----------------------------------------
PERCENT:50 | ALPHA:0.05 | SEED:190
Directed Sensitivity: 1.0000
Directed Specificity: 0.8966
Directed Precision: 0.8125
Directed Recall: 1.0000
Undirected Sensitivity: 1.0000
Undirected Specificity: 0.6250
Undirected Precision: 0.8125
Undirected Recall: 1.0000
----------------------------------------
PERCENT:50 | ALPHA:0.05 | SEED:200
Directed Sensitivity: 1.0000
Directed Specificity: 0.8276
Directed Precision: 0.7222
Directed Recall: 1.0000
Undirected Sensitivity: 1.0000
Undirected Specificity: 0.3750
Undirected Precision: 0.7222
Undirected Recall: 1.0000
----------------------------------------
PERCENT:50 | ALPHA:0.05 | SEED:210
Directed Sensitivity: 0.7692
Directed Specificity: 0.7586
Directed Precision: 0.5882
Directed Recall: 0.7692
Undirected Sensitivity: 1.0000
Undirected Specificity: 0.5000
Undirected Precision: 0.7647
Undirected Recall: 1.0000
----------------------------------------
PERCENT:50 | ALPHA:0.05 | SEED:220
Directed Sensitivity: 0.8462
Directed Specificity: 0.8621
Directed Precision: 0.7333
Directed Recall: 0.8462
Undirected Sensitivity: 0.8462
Undirected Specificity: 0.5000
Undirected Precision: 0.7333
Undirected Recall: 0.8462
----------------------------------------
PERCENT:50 | ALPHA:0.05 | SEED:230
Directed Sensitivity: 0.9231
Directed Specificity: 0.8621
Directed Precision: 0.7500
Directed Recall: 0.9231
Undirected Sensitivity: 1.0000
Undirected Specificity: 0.6250
Undirected Precision: 0.8125
Undirected Recall: 1.0000
----------------------------------------
PERCENT:50 | ALPHA:0.05 | SEED:240
Directed Sensitivity: 0.9231
Directed Specificity: 0.7931
Directed Precision: 0.6667
Directed Recall: 0.9231
Undirected Sensitivity: 1.0000
Undirected Specificity: 0.3750
Undirected Precision: 0.7222
Undirected Recall: 1.0000
----------------------------------------
PERCENT:50 | ALPHA:0.05 | SEED:250
Directed Sensitivity: 0.8462
Directed Specificity: 0.7241
Directed Precision: 0.5789
Directed Recall: 0.8462
Undirected Sensitivity: 1.0000
Undirected Specificity: 0.2500
Undirected Precision: 0.6842
Undirected Recall: 1.0000
----------------------------------------
PERCENT:50 | ALPHA:0.05 | SEED:260
Directed Sensitivity: 0.9231
Directed Specificity: 0.7931
Directed Precision: 0.6667
Directed Recall: 0.9231
Undirected Sensitivity: 1.0000
Undirected Specificity: 0.3750
Undirected Precision: 0.7222
Undirected Recall: 1.0000
----------------------------------------
PERCENT:50 | ALPHA:0.05 | SEED:270
Directed Sensitivity: 0.8462
Directed Specificity: 0.8621
Directed Precision: 0.7333
Directed Recall: 0.8462
Undirected Sensitivity: 0.9231
Undirected Specificity: 0.6250
Undirected Precision: 0.8000
Undirected Recall: 0.9231
----------------------------------------
PERCENT:50 | ALPHA:0.05 | SEED:280
Directed Sensitivity: 0.6923
Directed Specificity: 0.7241
Directed Precision: 0.5294
Directed Recall: 0.6923
Undirected Sensitivity: 0.9231
Undirected Specificity: 0.3750
Undirected Precision: 0.7059
Undirected Recall: 0.9231
----------------------------------------
PERCENT:50 | ALPHA:0.05 | SEED:290
Directed Sensitivity: 0.7692
Directed Specificity: 0.7241
Directed Precision: 0.5556
Directed Recall: 0.7692
Undirected Sensitivity: 1.0000
Undirected Specificity: 0.3750
Undirected Precision: 0.7222
Undirected Recall: 1.0000
----------------------------------------
PERCENT:50 | ALPHA:0.05 | SEED:300
Directed Sensitivity: 0.9231
Directed Specificity: 0.8276
Directed Precision: 0.7059
Directed Recall: 0.9231
Undirected Sensitivity: 1.0000
Undirected Specificity: 0.5000
Undirected Precision: 0.7647
Undirected Recall: 1.0000
----------------------------------------
PERCENT:50 | ALPHA:0.1 | SEED:10
Directed Sensitivity: 0.8462
Directed Specificity: 0.8621
Directed Precision: 0.7333
Directed Recall: 0.8462
Undirected Sensitivity: 0.9231
Undirected Specificity: 0.6250
Undirected Precision: 0.8000
Undirected Recall: 0.9231
----------------------------------------
PERCENT:50 | ALPHA:0.1 | SEED:20
Directed Sensitivity: 0.9231
Directed Specificity: 0.8276
Directed Precision: 0.7059
Directed Recall: 0.9231
Undirected Sensitivity: 1.0000
Undirected Specificity: 0.5000
Undirected Precision: 0.7647
Undirected Recall: 1.0000
----------------------------------------
PERCENT:50 | ALPHA:0.1 | SEED:30
Directed Sensitivity: 0.8462
Directed Specificity: 0.7241
Directed Precision: 0.5789
Directed Recall: 0.8462
Undirected Sensitivity: 1.0000
Undirected Specificity: 0.2500
Undirected Precision: 0.6842
Undirected Recall: 1.0000
----------------------------------------
PERCENT:50 | ALPHA:0.1 | SEED:40
Directed Sensitivity: 0.9231
Directed Specificity: 0.8276
Directed Precision: 0.7059
Directed Recall: 0.9231
Undirected Sensitivity: 1.0000
Undirected Specificity: 0.5000
Undirected Precision: 0.7647
Undirected Recall: 1.0000
----------------------------------------
PERCENT:50 | ALPHA:0.1 | SEED:50
Directed Sensitivity: 0.6154
Directed Specificity: 0.7241
Directed Precision: 0.5000
Directed Recall: 0.6154
Undirected Sensitivity: 0.9231
Undirected Specificity: 0.5000
Undirected Precision: 0.7500
Undirected Recall: 0.9231
----------------------------------------
PERCENT:50 | ALPHA:0.1 | SEED:60
Directed Sensitivity: 0.7692
Directed Specificity: 0.7241
Directed Precision: 0.5556
Directed Recall: 0.7692
Undirected Sensitivity: 1.0000
Undirected Specificity: 0.3750
Undirected Precision: 0.7222
Undirected Recall: 1.0000
----------------------------------------
PERCENT:50 | ALPHA:0.1 | SEED:70
Directed Sensitivity: 0.9231
Directed Specificity: 0.8276
Directed Precision: 0.7059
Directed Recall: 0.9231
Undirected Sensitivity: 0.9231
Undirected Specificity: 0.3750
Undirected Precision: 0.7059
Undirected Recall: 0.9231
----------------------------------------
PERCENT:50 | ALPHA:0.1 | SEED:80
Directed Sensitivity: 0.9231
Directed Specificity: 0.8276
Directed Precision: 0.7059
Directed Recall: 0.9231
Undirected Sensitivity: 1.0000
Undirected Specificity: 0.5000
Undirected Precision: 0.7647
Undirected Recall: 1.0000
----------------------------------------
PERCENT:50 | ALPHA:0.1 | SEED:90
Directed Sensitivity: 0.8462
Directed Specificity: 0.7586
Directed Precision: 0.6111
Directed Recall: 0.8462
Undirected Sensitivity: 1.0000
Undirected Specificity: 0.3750
Undirected Precision: 0.7222
Undirected Recall: 1.0000
----------------------------------------
PERCENT:50 | ALPHA:0.1 | SEED:100
Directed Sensitivity: 1.0000
Directed Specificity: 0.9310
Directed Precision: 0.8667
Directed Recall: 1.0000
Undirected Sensitivity: 1.0000
Undirected Specificity: 0.7500
Undirected Precision: 0.8667
Undirected Recall: 1.0000
----------------------------------------
PERCENT:50 | ALPHA:0.1 | SEED:110
Directed Sensitivity: 1.0000
Directed Specificity: 0.8966
Directed Precision: 0.8125
Directed Recall: 1.0000
Undirected Sensitivity: 1.0000
Undirected Specificity: 0.6250
Undirected Precision: 0.8125
Undirected Recall: 1.0000
----------------------------------------
PERCENT:50 | ALPHA:0.1 | SEED:120
Directed Sensitivity: 0.9231
Directed Specificity: 0.8621
Directed Precision: 0.7500
Directed Recall: 0.9231
Undirected Sensitivity: 1.0000
Undirected Specificity: 0.6250
Undirected Precision: 0.8125
Undirected Recall: 1.0000
----------------------------------------
PERCENT:50 | ALPHA:0.1 | SEED:130
Directed Sensitivity: 0.8462
Directed Specificity: 0.7931
Directed Precision: 0.6471
Directed Recall: 0.8462
Undirected Sensitivity: 1.0000
Undirected Specificity: 0.5000
Undirected Precision: 0.7647
Undirected Recall: 1.0000
----------------------------------------
PERCENT:50 | ALPHA:0.1 | SEED:140
Directed Sensitivity: 0.9231
Directed Specificity: 0.8621
Directed Precision: 0.7500
Directed Recall: 0.9231
Undirected Sensitivity: 1.0000
Undirected Specificity: 0.6250
Undirected Precision: 0.8125
Undirected Recall: 1.0000
----------------------------------------
PERCENT:50 | ALPHA:0.1 | SEED:150
Directed Sensitivity: 1.0000
Directed Specificity: 0.8966
Directed Precision: 0.8125
Directed Recall: 1.0000
Undirected Sensitivity: 1.0000
Undirected Specificity: 0.6250
Undirected Precision: 0.8125
Undirected Recall: 1.0000
----------------------------------------
PERCENT:50 | ALPHA:0.1 | SEED:160
Directed Sensitivity: 0.6154
Directed Specificity: 0.7931
Directed Precision: 0.5714
Directed Recall: 0.6154
Undirected Sensitivity: 0.8462
Undirected Specificity: 0.6250
Undirected Precision: 0.7857
Undirected Recall: 0.8462
----------------------------------------
PERCENT:50 | ALPHA:0.1 | SEED:170
Directed Sensitivity: 0.8462
Directed Specificity: 0.7931
Directed Precision: 0.6471
Directed Recall: 0.8462
Undirected Sensitivity: 0.9231
Undirected Specificity: 0.3750
Undirected Precision: 0.7059
Undirected Recall: 0.9231
----------------------------------------
PERCENT:50 | ALPHA:0.1 | SEED:180
Directed Sensitivity: 1.0000
Directed Specificity: 0.9310
Directed Precision: 0.8667
Directed Recall: 1.0000
Undirected Sensitivity: 1.0000
Undirected Specificity: 0.7500
Undirected Precision: 0.8667
Undirected Recall: 1.0000
----------------------------------------
PERCENT:50 | ALPHA:0.1 | SEED:190
Directed Sensitivity: 1.0000
Directed Specificity: 0.8966
Directed Precision: 0.8125
Directed Recall: 1.0000
Undirected Sensitivity: 1.0000
Undirected Specificity: 0.6250
Undirected Precision: 0.8125
Undirected Recall: 1.0000
----------------------------------------
PERCENT:50 | ALPHA:0.1 | SEED:200
Directed Sensitivity: 1.0000
Directed Specificity: 0.8276
Directed Precision: 0.7222
Directed Recall: 1.0000
Undirected Sensitivity: 1.0000
Undirected Specificity: 0.3750
Undirected Precision: 0.7222
Undirected Recall: 1.0000
----------------------------------------
PERCENT:50 | ALPHA:0.1 | SEED:210
Directed Sensitivity: 0.7692
Directed Specificity: 0.7586
Directed Precision: 0.5882
Directed Recall: 0.7692
Undirected Sensitivity: 1.0000
Undirected Specificity: 0.5000
Undirected Precision: 0.7647
Undirected Recall: 1.0000
----------------------------------------
PERCENT:50 | ALPHA:0.1 | SEED:220
Directed Sensitivity: 0.8462
Directed Specificity: 0.8621
Directed Precision: 0.7333
Directed Recall: 0.8462
Undirected Sensitivity: 0.8462
Undirected Specificity: 0.5000
Undirected Precision: 0.7333
Undirected Recall: 0.8462
----------------------------------------
PERCENT:50 | ALPHA:0.1 | SEED:230
Directed Sensitivity: 0.9231
Directed Specificity: 0.8621
Directed Precision: 0.7500
Directed Recall: 0.9231
Undirected Sensitivity: 1.0000
Undirected Specificity: 0.6250
Undirected Precision: 0.8125
Undirected Recall: 1.0000
----------------------------------------
PERCENT:50 | ALPHA:0.1 | SEED:240
Directed Sensitivity: 0.9231
Directed Specificity: 0.7931
Directed Precision: 0.6667
Directed Recall: 0.9231
Undirected Sensitivity: 1.0000
Undirected Specificity: 0.3750
Undirected Precision: 0.7222
Undirected Recall: 1.0000
----------------------------------------
PERCENT:50 | ALPHA:0.1 | SEED:250
Directed Sensitivity: 0.8462
Directed Specificity: 0.7241
Directed Precision: 0.5789
Directed Recall: 0.8462
Undirected Sensitivity: 1.0000
Undirected Specificity: 0.2500
Undirected Precision: 0.6842
Undirected Recall: 1.0000
----------------------------------------
PERCENT:50 | ALPHA:0.1 | SEED:260
Directed Sensitivity: 0.9231
Directed Specificity: 0.7931
Directed Precision: 0.6667
Directed Recall: 0.9231
Undirected Sensitivity: 1.0000
Undirected Specificity: 0.3750
Undirected Precision: 0.7222
Undirected Recall: 1.0000
----------------------------------------
PERCENT:50 | ALPHA:0.1 | SEED:270
Directed Sensitivity: 0.8462
Directed Specificity: 0.8621
Directed Precision: 0.7333
Directed Recall: 0.8462
Undirected Sensitivity: 0.9231
Undirected Specificity: 0.6250
Undirected Precision: 0.8000
Undirected Recall: 0.9231
----------------------------------------
PERCENT:50 | ALPHA:0.1 | SEED:280
Directed Sensitivity: 0.6923
Directed Specificity: 0.7241
Directed Precision: 0.5294
Directed Recall: 0.6923
Undirected Sensitivity: 0.9231
Undirected Specificity: 0.3750
Undirected Precision: 0.7059
Undirected Recall: 0.9231
----------------------------------------
PERCENT:50 | ALPHA:0.1 | SEED:290
Directed Sensitivity: 0.7692
Directed Specificity: 0.7241
Directed Precision: 0.5556
Directed Recall: 0.7692
Undirected Sensitivity: 1.0000
Undirected Specificity: 0.3750
Undirected Precision: 0.7222
Undirected Recall: 1.0000
----------------------------------------
PERCENT:50 | ALPHA:0.1 | SEED:300
Directed Sensitivity: 0.9231
Directed Specificity: 0.8276
Directed Precision: 0.7059
Directed Recall: 0.9231
Undirected Sensitivity: 1.0000
Undirected Specificity: 0.5000
Undirected Precision: 0.7647
Undirected Recall: 1.0000
----------------------------------------
PERCENT:50 | ALPHA:0.2 | SEED:10
Directed Sensitivity: 0.8462
Directed Specificity: 0.8621
Directed Precision: 0.7333
Directed Recall: 0.8462
Undirected Sensitivity: 0.9231
Undirected Specificity: 0.6250
Undirected Precision: 0.8000
Undirected Recall: 0.9231
----------------------------------------
PERCENT:50 | ALPHA:0.2 | SEED:20
Directed Sensitivity: 0.9231
Directed Specificity: 0.8276
Directed Precision: 0.7059
Directed Recall: 0.9231
Undirected Sensitivity: 1.0000
Undirected Specificity: 0.5000
Undirected Precision: 0.7647
Undirected Recall: 1.0000
----------------------------------------
PERCENT:50 | ALPHA:0.2 | SEED:30
Directed Sensitivity: 0.8462
Directed Specificity: 0.7241
Directed Precision: 0.5789
Directed Recall: 0.8462
Undirected Sensitivity: 1.0000
Undirected Specificity: 0.2500
Undirected Precision: 0.6842
Undirected Recall: 1.0000
----------------------------------------
PERCENT:50 | ALPHA:0.2 | SEED:40
Directed Sensitivity: 0.9231
Directed Specificity: 0.8276
Directed Precision: 0.7059
Directed Recall: 0.9231
Undirected Sensitivity: 1.0000
Undirected Specificity: 0.5000
Undirected Precision: 0.7647
Undirected Recall: 1.0000
----------------------------------------
PERCENT:50 | ALPHA:0.2 | SEED:50
Directed Sensitivity: 0.6154
Directed Specificity: 0.7241
Directed Precision: 0.5000
Directed Recall: 0.6154
Undirected Sensitivity: 0.9231
Undirected Specificity: 0.5000
Undirected Precision: 0.7500
Undirected Recall: 0.9231
----------------------------------------
PERCENT:50 | ALPHA:0.2 | SEED:60
Directed Sensitivity: 0.7692
Directed Specificity: 0.7241
Directed Precision: 0.5556
Directed Recall: 0.7692
Undirected Sensitivity: 1.0000
Undirected Specificity: 0.3750
Undirected Precision: 0.7222
Undirected Recall: 1.0000
----------------------------------------
PERCENT:50 | ALPHA:0.2 | SEED:70
Directed Sensitivity: 0.9231
Directed Specificity: 0.8276
Directed Precision: 0.7059
Directed Recall: 0.9231
Undirected Sensitivity: 0.9231
Undirected Specificity: 0.3750
Undirected Precision: 0.7059
Undirected Recall: 0.9231
----------------------------------------
PERCENT:50 | ALPHA:0.2 | SEED:80
Directed Sensitivity: 0.9231
Directed Specificity: 0.8276
Directed Precision: 0.7059
Directed Recall: 0.9231
Undirected Sensitivity: 1.0000
Undirected Specificity: 0.5000
Undirected Precision: 0.7647
Undirected Recall: 1.0000
----------------------------------------
PERCENT:50 | ALPHA:0.2 | SEED:90
Directed Sensitivity: 0.8462
Directed Specificity: 0.7586
Directed Precision: 0.6111
Directed Recall: 0.8462
Undirected Sensitivity: 1.0000
Undirected Specificity: 0.3750
Undirected Precision: 0.7222
Undirected Recall: 1.0000
----------------------------------------
PERCENT:50 | ALPHA:0.2 | SEED:100
Directed Sensitivity: 1.0000
Directed Specificity: 0.9310
Directed Precision: 0.8667
Directed Recall: 1.0000
Undirected Sensitivity: 1.0000
Undirected Specificity: 0.7500
Undirected Precision: 0.8667
Undirected Recall: 1.0000
----------------------------------------
PERCENT:50 | ALPHA:0.2 | SEED:110
Directed Sensitivity: 1.0000
Directed Specificity: 0.8966
Directed Precision: 0.8125
Directed Recall: 1.0000
Undirected Sensitivity: 1.0000
Undirected Specificity: 0.6250
Undirected Precision: 0.8125
Undirected Recall: 1.0000
----------------------------------------
PERCENT:50 | ALPHA:0.2 | SEED:120
Directed Sensitivity: 0.9231
Directed Specificity: 0.8621
Directed Precision: 0.7500
Directed Recall: 0.9231
Undirected Sensitivity: 1.0000
Undirected Specificity: 0.6250
Undirected Precision: 0.8125
Undirected Recall: 1.0000
----------------------------------------
PERCENT:50 | ALPHA:0.2 | SEED:130
Directed Sensitivity: 0.8462
Directed Specificity: 0.7931
Directed Precision: 0.6471
Directed Recall: 0.8462
Undirected Sensitivity: 1.0000
Undirected Specificity: 0.5000
Undirected Precision: 0.7647
Undirected Recall: 1.0000
----------------------------------------
PERCENT:50 | ALPHA:0.2 | SEED:140
Directed Sensitivity: 0.9231
Directed Specificity: 0.8621
Directed Precision: 0.7500
Directed Recall: 0.9231
Undirected Sensitivity: 1.0000
Undirected Specificity: 0.6250
Undirected Precision: 0.8125
Undirected Recall: 1.0000
----------------------------------------
PERCENT:50 | ALPHA:0.2 | SEED:150
Directed Sensitivity: 1.0000
Directed Specificity: 0.8966
Directed Precision: 0.8125
Directed Recall: 1.0000
Undirected Sensitivity: 1.0000
Undirected Specificity: 0.6250
Undirected Precision: 0.8125
Undirected Recall: 1.0000
----------------------------------------
PERCENT:50 | ALPHA:0.2 | SEED:160
Directed Sensitivity: 0.6154
Directed Specificity: 0.7931
Directed Precision: 0.5714
Directed Recall: 0.6154
Undirected Sensitivity: 0.8462
Undirected Specificity: 0.6250
Undirected Precision: 0.7857
Undirected Recall: 0.8462
----------------------------------------
PERCENT:50 | ALPHA:0.2 | SEED:170
Directed Sensitivity: 0.8462
Directed Specificity: 0.7931
Directed Precision: 0.6471
Directed Recall: 0.8462
Undirected Sensitivity: 0.9231
Undirected Specificity: 0.3750
Undirected Precision: 0.7059
Undirected Recall: 0.9231
----------------------------------------
PERCENT:50 | ALPHA:0.2 | SEED:180
Directed Sensitivity: 1.0000
Directed Specificity: 0.9310
Directed Precision: 0.8667
Directed Recall: 1.0000
Undirected Sensitivity: 1.0000
Undirected Specificity: 0.7500
Undirected Precision: 0.8667
Undirected Recall: 1.0000
----------------------------------------
PERCENT:50 | ALPHA:0.2 | SEED:190
Directed Sensitivity: 1.0000
Directed Specificity: 0.8966
Directed Precision: 0.8125
Directed Recall: 1.0000
Undirected Sensitivity: 1.0000
Undirected Specificity: 0.6250
Undirected Precision: 0.8125
Undirected Recall: 1.0000
----------------------------------------
PERCENT:50 | ALPHA:0.2 | SEED:200
Directed Sensitivity: 1.0000
Directed Specificity: 0.8276
Directed Precision: 0.7222
Directed Recall: 1.0000
Undirected Sensitivity: 1.0000
Undirected Specificity: 0.3750
Undirected Precision: 0.7222
Undirected Recall: 1.0000
----------------------------------------
PERCENT:50 | ALPHA:0.2 | SEED:210
Directed Sensitivity: 0.7692
Directed Specificity: 0.7586
Directed Precision: 0.5882
Directed Recall: 0.7692
Undirected Sensitivity: 1.0000
Undirected Specificity: 0.5000
Undirected Precision: 0.7647
Undirected Recall: 1.0000
----------------------------------------
PERCENT:50 | ALPHA:0.2 | SEED:220
Directed Sensitivity: 0.8462
Directed Specificity: 0.8621
Directed Precision: 0.7333
Directed Recall: 0.8462
Undirected Sensitivity: 0.8462
Undirected Specificity: 0.5000
Undirected Precision: 0.7333
Undirected Recall: 0.8462
----------------------------------------
PERCENT:50 | ALPHA:0.2 | SEED:230
Directed Sensitivity: 0.6923
Directed Specificity: 0.7586
Directed Precision: 0.5625
Directed Recall: 0.6923
Undirected Sensitivity: 0.8462
Undirected Specificity: 0.3750
Undirected Precision: 0.6875
Undirected Recall: 0.8462
----------------------------------------
PERCENT:50 | ALPHA:0.2 | SEED:240
Directed Sensitivity: 0.9231
Directed Specificity: 0.7931
Directed Precision: 0.6667
Directed Recall: 0.9231
Undirected Sensitivity: 1.0000
Undirected Specificity: 0.3750
Undirected Precision: 0.7222
Undirected Recall: 1.0000
----------------------------------------
PERCENT:50 | ALPHA:0.2 | SEED:250
Directed Sensitivity: 0.8462
Directed Specificity: 0.7241
Directed Precision: 0.5789
Directed Recall: 0.8462
Undirected Sensitivity: 1.0000
Undirected Specificity: 0.2500
Undirected Precision: 0.6842
Undirected Recall: 1.0000
----------------------------------------
PERCENT:50 | ALPHA:0.2 | SEED:260
Directed Sensitivity: 0.9231
Directed Specificity: 0.7931
Directed Precision: 0.6667
Directed Recall: 0.9231
Undirected Sensitivity: 1.0000
Undirected Specificity: 0.3750
Undirected Precision: 0.7222
Undirected Recall: 1.0000
----------------------------------------
PERCENT:50 | ALPHA:0.2 | SEED:270
Directed Sensitivity: 0.8462
Directed Specificity: 0.8621
Directed Precision: 0.7333
Directed Recall: 0.8462
Undirected Sensitivity: 0.9231
Undirected Specificity: 0.6250
Undirected Precision: 0.8000
Undirected Recall: 0.9231
----------------------------------------
PERCENT:50 | ALPHA:0.2 | SEED:280
Directed Sensitivity: 0.6923
Directed Specificity: 0.7241
Directed Precision: 0.5294
Directed Recall: 0.6923
Undirected Sensitivity: 0.9231
Undirected Specificity: 0.3750
Undirected Precision: 0.7059
Undirected Recall: 0.9231
----------------------------------------
PERCENT:50 | ALPHA:0.2 | SEED:290
Directed Sensitivity: 0.7692
Directed Specificity: 0.7241
Directed Precision: 0.5556
Directed Recall: 0.7692
Undirected Sensitivity: 1.0000
Undirected Specificity: 0.3750
Undirected Precision: 0.7222
Undirected Recall: 1.0000
----------------------------------------
PERCENT:50 | ALPHA:0.2 | SEED:300
Directed Sensitivity: 0.9231
Directed Specificity: 0.8276
Directed Precision: 0.7059
Directed Recall: 0.9231
Undirected Sensitivity: 1.0000
Undirected Specificity: 0.5000
Undirected Precision: 0.7647
Undirected Recall: 1.0000
----------------------------------------
