PERCENT:5 | ALPHA:0.01 | SEED:10
Directed Sensitivity: 0.5217
Directed Specificity: 0.8165
Directed Precision: 0.3750
Directed Recall: 0.5217
Undirected Sensitivity: 0.7391
Undirected Specificity: 0.6512
Undirected Precision: 0.5312
Undirected Recall: 0.7391
----------------------------------------
PERCENT:5 | ALPHA:0.01 | SEED:20
Directed Sensitivity: 0.2609
Directed Specificity: 0.7248
Directed Precision: 0.1667
Directed Recall: 0.2609
Undirected Sensitivity: 0.6522
Undirected Specificity: 0.5116
Undirected Precision: 0.4167
Undirected Recall: 0.6522
----------------------------------------
PERCENT:5 | ALPHA:0.01 | SEED:30
Directed Sensitivity: 0.3478
Directed Specificity: 0.8165
Directed Precision: 0.2857
Directed Recall: 0.3478
Undirected Sensitivity: 0.5652
Undirected Specificity: 0.6512
Undirected Precision: 0.4643
Undirected Recall: 0.5652
----------------------------------------
PERCENT:5 | ALPHA:0.01 | SEED:40
Directed Sensitivity: 0.3043
Directed Specificity: 0.7248
Directed Precision: 0.1892
Directed Recall: 0.3043
Undirected Sensitivity: 0.5652
Undirected Specificity: 0.4419
Undirected Precision: 0.3514
Undirected Recall: 0.5652
----------------------------------------
PERCENT:5 | ALPHA:0.01 | SEED:50
Directed Sensitivity: 0.3478
Directed Specificity: 0.7615
Directed Precision: 0.2353
Directed Recall: 0.3478
Undirected Sensitivity: 0.6957
Undirected Specificity: 0.5814
Undirected Precision: 0.4706
Undirected Recall: 0.6957
----------------------------------------
PERCENT:5 | ALPHA:0.01 | SEED:60
Directed Sensitivity: 0.2609
Directed Specificity: 0.7248
Directed Precision: 0.1667
Directed Recall: 0.2609
Undirected Sensitivity: 0.6522
Undirected Specificity: 0.5116
Undirected Precision: 0.4167
Undirected Recall: 0.6522
----------------------------------------
PERCENT:5 | ALPHA:0.01 | SEED:70
Directed Sensitivity: 0.5217
Directed Specificity: 0.8257
Directed Precision: 0.3871
Directed Recall: 0.5217
Undirected Sensitivity: 0.7391
Undirected Specificity: 0.6744
Undirected Precision: 0.5484
Undirected Recall: 0.7391
----------------------------------------
PERCENT:5 | ALPHA:0.01 | SEED:80
Directed Sensitivity: 0.4783
Directed Specificity: 0.8532
Directed Precision: 0.4074
Directed Recall: 0.4783
Undirected Sensitivity: 0.6957
Undirected Specificity: 0.7442
Undirected Precision: 0.5926
Undirected Recall: 0.6957
----------------------------------------
PERCENT:5 | ALPHA:0.01 | SEED:90
Directed Sensitivity: 0.3043
Directed Specificity: 0.8716
Directed Precision: 0.3333
Directed Recall: 0.3043
Undirected Sensitivity: 0.4783
Undirected Specificity: 0.7674
Undirected Precision: 0.5238
Undirected Recall: 0.4783
----------------------------------------
PERCENT:5 | ALPHA:0.01 | SEED:100
Directed Sensitivity: 0.4348
Directed Specificity: 0.7890
Directed Precision: 0.3030
Directed Recall: 0.4348
Undirected Sensitivity: 0.8261
Undirected Specificity: 0.6744
Undirected Precision: 0.5758
Undirected Recall: 0.8261
----------------------------------------
PERCENT:5 | ALPHA:0.01 | SEED:110
Directed Sensitivity: 0.2609
Directed Specificity: 0.7798
Directed Precision: 0.2000
Directed Recall: 0.2609
Undirected Sensitivity: 0.5652
Undirected Specificity: 0.6047
Undirected Precision: 0.4333
Undirected Recall: 0.5652
----------------------------------------
PERCENT:5 | ALPHA:0.01 | SEED:120
Directed Sensitivity: 0.3043
Directed Specificity: 0.7431
Directed Precision: 0.2000
Directed Recall: 0.3043
Undirected Sensitivity: 0.6957
Undirected Specificity: 0.5581
Undirected Precision: 0.4571
Undirected Recall: 0.6957
----------------------------------------
PERCENT:5 | ALPHA:0.01 | SEED:130
Directed Sensitivity: 0.4783
Directed Specificity: 0.8440
Directed Precision: 0.3929
Directed Recall: 0.4783
Undirected Sensitivity: 0.7391
Undirected Specificity: 0.7442
Undirected Precision: 0.6071
Undirected Recall: 0.7391
----------------------------------------
PERCENT:5 | ALPHA:0.01 | SEED:140
Directed Sensitivity: 0.2609
Directed Specificity: 0.7890
Directed Precision: 0.2069
Directed Recall: 0.2609
Undirected Sensitivity: 0.5652
Undirected Specificity: 0.6279
Undirected Precision: 0.4483
Undirected Recall: 0.5652
----------------------------------------
PERCENT:5 | ALPHA:0.01 | SEED:150
Directed Sensitivity: 0.3478
Directed Specificity: 0.7798
Directed Precision: 0.2500
Directed Recall: 0.3478
Undirected Sensitivity: 0.6087
Undirected Specificity: 0.5814
Undirected Precision: 0.4375
Undirected Recall: 0.6087
----------------------------------------
PERCENT:5 | ALPHA:0.01 | SEED:160
Directed Sensitivity: 0.5652
Directed Specificity: 0.8991
Directed Precision: 0.5417
Directed Recall: 0.5652
Undirected Sensitivity: 0.7826
Undirected Specificity: 0.8605
Undirected Precision: 0.7500
Undirected Recall: 0.7826
----------------------------------------
PERCENT:5 | ALPHA:0.01 | SEED:170
Directed Sensitivity: 0.3478
Directed Specificity: 0.8165
Directed Precision: 0.2857
Directed Recall: 0.3478
Undirected Sensitivity: 0.6522
Undirected Specificity: 0.6977
Undirected Precision: 0.5357
Undirected Recall: 0.6522
----------------------------------------
PERCENT:5 | ALPHA:0.01 | SEED:180
Directed Sensitivity: 0.3478
Directed Specificity: 0.7982
Directed Precision: 0.2667
Directed Recall: 0.3478
Undirected Sensitivity: 0.5652
Undirected Specificity: 0.6047
Undirected Precision: 0.4333
Undirected Recall: 0.5652
----------------------------------------
PERCENT:5 | ALPHA:0.01 | SEED:190
Directed Sensitivity: 0.8261
Directed Specificity: 0.8624
Directed Precision: 0.5588
Directed Recall: 0.8261
Undirected Sensitivity: 0.8696
Undirected Specificity: 0.6744
Undirected Precision: 0.5882
Undirected Recall: 0.8696
----------------------------------------
PERCENT:5 | ALPHA:0.01 | SEED:200
Directed Sensitivity: 0.5217
Directed Specificity: 0.7890
Directed Precision: 0.3429
Directed Recall: 0.5217
Undirected Sensitivity: 0.7391
Undirected Specificity: 0.5814
Undirected Precision: 0.4857
Undirected Recall: 0.7391
----------------------------------------
PERCENT:5 | ALPHA:0.01 | SEED:210
Directed Sensitivity: 0.2609
Directed Specificity: 0.7523
Directed Precision: 0.1818
Directed Recall: 0.2609
Undirected Sensitivity: 0.6087
Undirected Specificity: 0.5581
Undirected Precision: 0.4242
Undirected Recall: 0.6087
----------------------------------------
PERCENT:5 | ALPHA:0.01 | SEED:220
Directed Sensitivity: 0.4348
Directed Specificity: 0.8165
Directed Precision: 0.3333
Directed Recall: 0.4348
Undirected Sensitivity: 0.6522
Undirected Specificity: 0.6512
Undirected Precision: 0.5000
Undirected Recall: 0.6522
----------------------------------------
PERCENT:5 | ALPHA:0.01 | SEED:230
Directed Sensitivity: 0.4783
Directed Specificity: 0.7706
Directed Precision: 0.3056
Directed Recall: 0.4783
Undirected Sensitivity: 0.6957
Undirected Specificity: 0.5349
Undirected Precision: 0.4444
Undirected Recall: 0.6957
----------------------------------------
PERCENT:5 | ALPHA:0.01 | SEED:240
Directed Sensitivity: 0.4783
Directed Specificity: 0.8349
Directed Precision: 0.3793
Directed Recall: 0.4783
Undirected Sensitivity: 0.6087
Undirected Specificity: 0.6512
Undirected Precision: 0.4828
Undirected Recall: 0.6087
----------------------------------------
PERCENT:5 | ALPHA:0.01 | SEED:250
Directed Sensitivity: 0.6087
Directed Specificity: 0.8899
Directed Precision: 0.5385
Directed Recall: 0.6087
Undirected Sensitivity: 0.6957
Undirected Specificity: 0.7674
Undirected Precision: 0.6154
Undirected Recall: 0.6957
----------------------------------------
PERCENT:5 | ALPHA:0.01 | SEED:260
Directed Sensitivity: 0.2609
Directed Specificity: 0.7615
Directed Precision: 0.1875
Directed Recall: 0.2609
Undirected Sensitivity: 0.4783
Undirected Specificity: 0.5116
Undirected Precision: 0.3438
Undirected Recall: 0.4783
----------------------------------------
PERCENT:5 | ALPHA:0.01 | SEED:270
Directed Sensitivity: 0.2609
Directed Specificity: 0.7798
Directed Precision: 0.2000
Directed Recall: 0.2609
Undirected Sensitivity: 0.6522
Undirected Specificity: 0.6512
Undirected Precision: 0.5000
Undirected Recall: 0.6522
----------------------------------------
PERCENT:5 | ALPHA:0.01 | SEED:280
Directed Sensitivity: 0.3043
Directed Specificity: 0.7982
Directed Precision: 0.2414
Directed Recall: 0.3043
Undirected Sensitivity: 0.6522
Undirected Specificity: 0.6744
Undirected Precision: 0.5172
Undirected Recall: 0.6522
----------------------------------------
PERCENT:5 | ALPHA:0.01 | SEED:290
Directed Sensitivity: 0.3913
Directed Specificity: 0.7798
Directed Precision: 0.2727
Directed Recall: 0.3913
Undirected Sensitivity: 0.7391
Undirected Specificity: 0.6279
Undirected Precision: 0.5152
Undirected Recall: 0.7391
----------------------------------------
PERCENT:5 | ALPHA:0.01 | SEED:300
Directed Sensitivity: 0.3478
Directed Specificity: 0.7798
Directed Precision: 0.2500
Directed Recall: 0.3478
Undirected Sensitivity: 0.6957
Undirected Specificity: 0.6279
Undirected Precision: 0.5000
Undirected Recall: 0.6957
----------------------------------------
PERCENT:5 | ALPHA:0.05 | SEED:10
Directed Sensitivity: 0.4348
Directed Specificity: 0.7431
Directed Precision: 0.2632
Directed Recall: 0.4348
Undirected Sensitivity: 0.7391
Undirected Specificity: 0.5116
Undirected Precision: 0.4474
Undirected Recall: 0.7391
----------------------------------------
PERCENT:5 | ALPHA:0.05 | SEED:20
Directed Sensitivity: 0.2174
Directed Specificity: 0.7156
Directed Precision: 0.1389
Directed Recall: 0.2174
Undirected Sensitivity: 0.6087
Undirected Specificity: 0.4884
Undirected Precision: 0.3889
Undirected Recall: 0.6087
----------------------------------------
PERCENT:5 | ALPHA:0.05 | SEED:30
Directed Sensitivity: 0.4348
Directed Specificity: 0.7615
Directed Precision: 0.2778
Directed Recall: 0.4348
Undirected Sensitivity: 0.6087
Undirected Specificity: 0.4884
Undirected Precision: 0.3889
Undirected Recall: 0.6087
----------------------------------------
PERCENT:5 | ALPHA:0.05 | SEED:40
Directed Sensitivity: 0.3043
Directed Specificity: 0.7431
Directed Precision: 0.2000
Directed Recall: 0.3043
Undirected Sensitivity: 0.5217
Undirected Specificity: 0.4651
Undirected Precision: 0.3429
Undirected Recall: 0.5217
----------------------------------------
PERCENT:5 | ALPHA:0.05 | SEED:50
Directed Sensitivity: 0.3478
Directed Specificity: 0.6972
Directed Precision: 0.1951
Directed Recall: 0.3478
Undirected Sensitivity: 0.7391
Undirected Specificity: 0.4419
Undirected Precision: 0.4146
Undirected Recall: 0.7391
----------------------------------------
PERCENT:5 | ALPHA:0.05 | SEED:60
Directed Sensitivity: 0.1739
Directed Specificity: 0.7431
Directed Precision: 0.1250
Directed Recall: 0.1739
Undirected Sensitivity: 0.5217
Undirected Specificity: 0.5349
Undirected Precision: 0.3750
Undirected Recall: 0.5217
----------------------------------------
PERCENT:5 | ALPHA:0.05 | SEED:70
Directed Sensitivity: 0.4783
Directed Specificity: 0.8165
Directed Precision: 0.3548
Directed Recall: 0.4783
Undirected Sensitivity: 0.7826
Undirected Specificity: 0.6977
Undirected Precision: 0.5806
Undirected Recall: 0.7826
----------------------------------------
PERCENT:5 | ALPHA:0.05 | SEED:80
Directed Sensitivity: 0.3913
Directed Specificity: 0.7431
Directed Precision: 0.2432
Directed Recall: 0.3913
Undirected Sensitivity: 0.7391
Undirected Specificity: 0.5349
Undirected Precision: 0.4595
Undirected Recall: 0.7391
----------------------------------------
PERCENT:5 | ALPHA:0.05 | SEED:90
Directed Sensitivity: 0.4783
Directed Specificity: 0.7706
Directed Precision: 0.3056
Directed Recall: 0.4783
Undirected Sensitivity: 0.6087
Undirected Specificity: 0.4884
Undirected Precision: 0.3889
Undirected Recall: 0.6087
----------------------------------------
PERCENT:5 | ALPHA:0.05 | SEED:100
Directed Sensitivity: 0.5652
Directed Specificity: 0.7798
Directed Precision: 0.3514
Directed Recall: 0.5652
Undirected Sensitivity: 0.8696
Undirected Specificity: 0.6047
Undirected Precision: 0.5405
Undirected Recall: 0.8696
----------------------------------------
PERCENT:5 | ALPHA:0.05 | SEED:110
Directed Sensitivity: 0.3913
Directed Specificity: 0.7523
Directed Precision: 0.2500
Directed Recall: 0.3913
Undirected Sensitivity: 0.6522
Undirected Specificity: 0.5116
Undirected Precision: 0.4167
Undirected Recall: 0.6522
----------------------------------------
PERCENT:5 | ALPHA:0.05 | SEED:120
Directed Sensitivity: 0.3478
Directed Specificity: 0.7523
Directed Precision: 0.2286
Directed Recall: 0.3478
Undirected Sensitivity: 0.6522
Undirected Specificity: 0.5349
Undirected Precision: 0.4286
Undirected Recall: 0.6522
----------------------------------------
PERCENT:5 | ALPHA:0.05 | SEED:130
Directed Sensitivity: 0.5652
Directed Specificity: 0.8257
Directed Precision: 0.4062
Directed Recall: 0.5652
Undirected Sensitivity: 0.7826
Undirected Specificity: 0.6744
Undirected Precision: 0.5625
Undirected Recall: 0.7826
----------------------------------------
PERCENT:5 | ALPHA:0.05 | SEED:140
Directed Sensitivity: 0.3043
Directed Specificity: 0.7248
Directed Precision: 0.1892
Directed Recall: 0.3043
Undirected Sensitivity: 0.6087
Undirected Specificity: 0.4651
Undirected Precision: 0.3784
Undirected Recall: 0.6087
----------------------------------------
PERCENT:5 | ALPHA:0.05 | SEED:150
Directed Sensitivity: 0.3478
Directed Specificity: 0.7339
Directed Precision: 0.2162
Directed Recall: 0.3478
Undirected Sensitivity: 0.6522
Undirected Specificity: 0.4884
Undirected Precision: 0.4054
Undirected Recall: 0.6522
----------------------------------------
PERCENT:5 | ALPHA:0.05 | SEED:160
Directed Sensitivity: 0.6522
Directed Specificity: 0.8165
Directed Precision: 0.4286
Directed Recall: 0.6522
Undirected Sensitivity: 0.9565
Undirected Specificity: 0.6977
Undirected Precision: 0.6286
Undirected Recall: 0.9565
----------------------------------------
PERCENT:5 | ALPHA:0.05 | SEED:170
Directed Sensitivity: 0.5217
Directed Specificity: 0.8073
Directed Precision: 0.3636
Directed Recall: 0.5217
Undirected Sensitivity: 0.7391
Undirected Specificity: 0.6279
Undirected Precision: 0.5152
Undirected Recall: 0.7391
----------------------------------------
PERCENT:5 | ALPHA:0.05 | SEED:180
Directed Sensitivity: 0.6522
Directed Specificity: 0.8165
Directed Precision: 0.4286
Directed Recall: 0.6522
Undirected Sensitivity: 0.8261
Undirected Specificity: 0.6279
Undirected Precision: 0.5429
Undirected Recall: 0.8261
----------------------------------------
PERCENT:5 | ALPHA:0.05 | SEED:190
Directed Sensitivity: 0.6522
Directed Specificity: 0.8991
Directed Precision: 0.5769
Directed Recall: 0.6522
Undirected Sensitivity: 0.6957
Undirected Specificity: 0.7674
Undirected Precision: 0.6154
Undirected Recall: 0.6957
----------------------------------------
PERCENT:5 | ALPHA:0.05 | SEED:200
Directed Sensitivity: 0.5217
Directed Specificity: 0.7523
Directed Precision: 0.3077
Directed Recall: 0.5217
Undirected Sensitivity: 0.6957
Undirected Specificity: 0.4651
Undirected Precision: 0.4103
Undirected Recall: 0.6957
----------------------------------------
PERCENT:5 | ALPHA:0.05 | SEED:210
Directed Sensitivity: 0.2609
Directed Specificity: 0.7156
Directed Precision: 0.1622
Directed Recall: 0.2609
Undirected Sensitivity: 0.6522
Undirected Specificity: 0.4884
Undirected Precision: 0.4054
Undirected Recall: 0.6522
----------------------------------------
PERCENT:5 | ALPHA:0.05 | SEED:220
Directed Sensitivity: 0.3913
Directed Specificity: 0.7248
Directed Precision: 0.2308
Directed Recall: 0.3913
Undirected Sensitivity: 0.6522
Undirected Specificity: 0.4419
Undirected Precision: 0.3846
Undirected Recall: 0.6522
----------------------------------------
PERCENT:5 | ALPHA:0.05 | SEED:230
Directed Sensitivity: 0.5217
Directed Specificity: 0.7615
Directed Precision: 0.3158
Directed Recall: 0.5217
Undirected Sensitivity: 0.6522
Undirected Specificity: 0.4651
Undirected Precision: 0.3947
Undirected Recall: 0.6522
----------------------------------------
PERCENT:5 | ALPHA:0.05 | SEED:240
Directed Sensitivity: 0.3043
Directed Specificity: 0.7064
Directed Precision: 0.1795
Directed Recall: 0.3043
Undirected Sensitivity: 0.6957
Undirected Specificity: 0.4651
Undirected Precision: 0.4103
Undirected Recall: 0.6957
----------------------------------------
PERCENT:5 | ALPHA:0.05 | SEED:250
Directed Sensitivity: 0.6522
Directed Specificity: 0.8624
Directed Precision: 0.5000
Directed Recall: 0.6522
Undirected Sensitivity: 0.7826
Undirected Specificity: 0.7209
Undirected Precision: 0.6000
Undirected Recall: 0.7826
----------------------------------------
PERCENT:5 | ALPHA:0.05 | SEED:260
Directed Sensitivity: 0.2609
Directed Specificity: 0.7064
Directed Precision: 0.1579
Directed Recall: 0.2609
Undirected Sensitivity: 0.6087
Undirected Specificity: 0.4419
Undirected Precision: 0.3684
Undirected Recall: 0.6087
----------------------------------------
PERCENT:5 | ALPHA:0.05 | SEED:270
Directed Sensitivity: 0.3913
Directed Specificity: 0.7615
Directed Precision: 0.2571
Directed Recall: 0.3913
Undirected Sensitivity: 0.7826
Undirected Specificity: 0.6047
Undirected Precision: 0.5143
Undirected Recall: 0.7826
----------------------------------------
PERCENT:5 | ALPHA:0.05 | SEED:280
Directed Sensitivity: 0.4348
Directed Specificity: 0.7064
Directed Precision: 0.2381
Directed Recall: 0.4348
Undirected Sensitivity: 0.8261
Undirected Specificity: 0.4651
Undirected Precision: 0.4524
Undirected Recall: 0.8261
----------------------------------------
PERCENT:5 | ALPHA:0.05 | SEED:290
Directed Sensitivity: 0.6957
Directed Specificity: 0.8532
Directed Precision: 0.5000
Directed Recall: 0.6957
Undirected Sensitivity: 0.9130
Undirected Specificity: 0.7442
Undirected Precision: 0.6562
Undirected Recall: 0.9130
----------------------------------------
PERCENT:5 | ALPHA:0.05 | SEED:300
Directed Sensitivity: 0.3913
Directed Specificity: 0.7615
Directed Precision: 0.2571
Directed Recall: 0.3913
Undirected Sensitivity: 0.6522
Undirected Specificity: 0.5349
Undirected Precision: 0.4286
Undirected Recall: 0.6522
----------------------------------------
PERCENT:5 | ALPHA:0.1 | SEED:10
Directed Sensitivity: 0.3913
Directed Specificity: 0.7615
Directed Precision: 0.2571
Directed Recall: 0.3913
Undirected Sensitivity: 0.6957
Undirected Specificity: 0.5581
Undirected Precision: 0.4571
Undirected Recall: 0.6957
----------------------------------------
PERCENT:5 | ALPHA:0.1 | SEED:20
Directed Sensitivity: 0.2174
Directed Specificity: 0.6881
Directed Precision: 0.1282
Directed Recall: 0.2174
Undirected Sensitivity: 0.6522
Undirected Specificity: 0.4419
Undirected Precision: 0.3846
Undirected Recall: 0.6522
----------------------------------------
PERCENT:5 | ALPHA:0.1 | SEED:30
Directed Sensitivity: 0.4348
Directed Specificity: 0.7431
Directed Precision: 0.2632
Directed Recall: 0.4348
Undirected Sensitivity: 0.6957
Undirected Specificity: 0.4884
Undirected Precision: 0.4211
Undirected Recall: 0.6957
----------------------------------------
PERCENT:5 | ALPHA:0.1 | SEED:40
Directed Sensitivity: 0.2174
Directed Specificity: 0.7064
Directed Precision: 0.1351
Directed Recall: 0.2174
Undirected Sensitivity: 0.5652
Undirected Specificity: 0.4419
Undirected Precision: 0.3514
Undirected Recall: 0.5652
----------------------------------------
PERCENT:5 | ALPHA:0.1 | SEED:50
Directed Sensitivity: 0.3913
Directed Specificity: 0.6697
Directed Precision: 0.2000
Directed Recall: 0.3913
Undirected Sensitivity: 0.7826
Undirected Specificity: 0.3721
Undirected Precision: 0.4000
Undirected Recall: 0.7826
----------------------------------------
PERCENT:5 | ALPHA:0.1 | SEED:60
Directed Sensitivity: 0.2609
Directed Specificity: 0.7064
Directed Precision: 0.1579
Directed Recall: 0.2609
Undirected Sensitivity: 0.6087
Undirected Specificity: 0.4419
Undirected Precision: 0.3684
Undirected Recall: 0.6087
----------------------------------------
PERCENT:5 | ALPHA:0.1 | SEED:70
Directed Sensitivity: 0.5652
Directed Specificity: 0.7706
Directed Precision: 0.3421
Directed Recall: 0.5652
Undirected Sensitivity: 0.8261
Undirected Specificity: 0.5581
Undirected Precision: 0.5000
Undirected Recall: 0.8261
----------------------------------------
PERCENT:5 | ALPHA:0.1 | SEED:80
Directed Sensitivity: 0.4348
Directed Specificity: 0.7156
Directed Precision: 0.2439
Directed Recall: 0.4348
Undirected Sensitivity: 0.7826
Undirected Specificity: 0.4651
Undirected Precision: 0.4390
Undirected Recall: 0.7826
----------------------------------------
PERCENT:5 | ALPHA:0.1 | SEED:90
Directed Sensitivity: 0.6087
Directed Specificity: 0.7339
Directed Precision: 0.3256
Directed Recall: 0.6087
Undirected Sensitivity: 0.8261
Undirected Specificity: 0.4419
Undirected Precision: 0.4419
Undirected Recall: 0.8261
----------------------------------------
PERCENT:5 | ALPHA:0.1 | SEED:100
Directed Sensitivity: 0.4783
Directed Specificity: 0.7431
Directed Precision: 0.2821
Directed Recall: 0.4783
Undirected Sensitivity: 0.8261
Undirected Specificity: 0.5349
Undirected Precision: 0.4872
Undirected Recall: 0.8261
----------------------------------------
PERCENT:5 | ALPHA:0.1 | SEED:110
Directed Sensitivity: 0.4348
Directed Specificity: 0.7339
Directed Precision: 0.2564
Directed Recall: 0.4348
Undirected Sensitivity: 0.6957
Undirected Specificity: 0.4651
Undirected Precision: 0.4103
Undirected Recall: 0.6957
----------------------------------------
PERCENT:5 | ALPHA:0.1 | SEED:120
Directed Sensitivity: 0.3043
Directed Specificity: 0.7248
Directed Precision: 0.1892
Directed Recall: 0.3043
Undirected Sensitivity: 0.6522
Undirected Specificity: 0.4884
Undirected Precision: 0.4054
Undirected Recall: 0.6522
----------------------------------------
PERCENT:5 | ALPHA:0.1 | SEED:130
Directed Sensitivity: 0.6087
Directed Specificity: 0.7890
Directed Precision: 0.3784
Directed Recall: 0.6087
Undirected Sensitivity: 0.8696
Undirected Specificity: 0.6047
Undirected Precision: 0.5405
Undirected Recall: 0.8696
----------------------------------------
PERCENT:5 | ALPHA:0.1 | SEED:140
Directed Sensitivity: 0.4348
Directed Specificity: 0.7156
Directed Precision: 0.2439
Directed Recall: 0.4348
Undirected Sensitivity: 0.7826
Undirected Specificity: 0.4651
Undirected Precision: 0.4390
Undirected Recall: 0.7826
----------------------------------------
PERCENT:5 | ALPHA:0.1 | SEED:150
Directed Sensitivity: 0.6522
Directed Specificity: 0.7798
Directed Precision: 0.3846
Directed Recall: 0.6522
Undirected Sensitivity: 0.8696
Undirected Specificity: 0.5581
Undirected Precision: 0.5128
Undirected Recall: 0.8696
----------------------------------------
PERCENT:5 | ALPHA:0.1 | SEED:160
Directed Sensitivity: 0.5652
Directed Specificity: 0.7431
Directed Precision: 0.3171
Directed Recall: 0.5652
Undirected Sensitivity: 0.8261
Undirected Specificity: 0.4884
Undirected Precision: 0.4634
Undirected Recall: 0.8261
----------------------------------------
PERCENT:5 | ALPHA:0.1 | SEED:170
Directed Sensitivity: 0.4348
Directed Specificity: 0.6972
Directed Precision: 0.2326
Directed Recall: 0.4348
Undirected Sensitivity: 0.6957
Undirected Specificity: 0.3721
Undirected Precision: 0.3721
Undirected Recall: 0.6957
----------------------------------------
PERCENT:5 | ALPHA:0.1 | SEED:180
Directed Sensitivity: 0.1739
Directed Specificity: 0.7431
Directed Precision: 0.1250
Directed Recall: 0.1739
Undirected Sensitivity: 0.4783
Undirected Specificity: 0.5116
Undirected Precision: 0.3438
Undirected Recall: 0.4783
----------------------------------------
PERCENT:5 | ALPHA:0.1 | SEED:190
Directed Sensitivity: 0.7391
Directed Specificity: 0.8349
Directed Precision: 0.4857
Directed Recall: 0.7391
Undirected Sensitivity: 0.7826
Undirected Specificity: 0.6047
Undirected Precision: 0.5143
Undirected Recall: 0.7826
----------------------------------------
PERCENT:5 | ALPHA:0.1 | SEED:200
Directed Sensitivity: 0.4783
Directed Specificity: 0.7064
Directed Precision: 0.2558
Directed Recall: 0.4783
Undirected Sensitivity: 0.7391
Undirected Specificity: 0.3953
Undirected Precision: 0.3953
Undirected Recall: 0.7391
----------------------------------------
PERCENT:5 | ALPHA:0.1 | SEED:210
Directed Sensitivity: 0.2609
Directed Specificity: 0.7064
Directed Precision: 0.1579
Directed Recall: 0.2609
Undirected Sensitivity: 0.6087
Undirected Specificity: 0.4419
Undirected Precision: 0.3684
Undirected Recall: 0.6087
----------------------------------------
PERCENT:5 | ALPHA:0.1 | SEED:220
Directed Sensitivity: 0.3478
Directed Specificity: 0.6697
Directed Precision: 0.1818
Directed Recall: 0.3478
Undirected Sensitivity: 0.6522
Undirected Specificity: 0.3256
Undirected Precision: 0.3409
Undirected Recall: 0.6522
----------------------------------------
PERCENT:5 | ALPHA:0.1 | SEED:230
Directed Sensitivity: 0.4783
Directed Specificity: 0.6972
Directed Precision: 0.2500
Directed Recall: 0.4783
Undirected Sensitivity: 0.6957
Undirected Specificity: 0.3488
Undirected Precision: 0.3636
Undirected Recall: 0.6957
----------------------------------------
PERCENT:5 | ALPHA:0.1 | SEED:240
Directed Sensitivity: 0.3913
Directed Specificity: 0.7064
Directed Precision: 0.2195
Directed Recall: 0.3913
Undirected Sensitivity: 0.7391
Undirected Specificity: 0.4419
Undirected Precision: 0.4146
Undirected Recall: 0.7391
----------------------------------------
PERCENT:5 | ALPHA:0.1 | SEED:250
Directed Sensitivity: 0.5217
Directed Specificity: 0.7615
Directed Precision: 0.3158
Directed Recall: 0.5217
Undirected Sensitivity: 0.7391
Undirected Specificity: 0.5116
Undirected Precision: 0.4474
Undirected Recall: 0.7391
----------------------------------------
PERCENT:5 | ALPHA:0.1 | SEED:260
Directed Sensitivity: 0.2609
Directed Specificity: 0.7248
Directed Precision: 0.1667
Directed Recall: 0.2609
Undirected Sensitivity: 0.6087
Undirected Specificity: 0.4884
Undirected Precision: 0.3889
Undirected Recall: 0.6087
----------------------------------------
PERCENT:5 | ALPHA:0.1 | SEED:270
Directed Sensitivity: 0.3913
Directed Specificity: 0.7523
Directed Precision: 0.2500
Directed Recall: 0.3913
Undirected Sensitivity: 0.8261
Undirected Specificity: 0.6047
Undirected Precision: 0.5278
Undirected Recall: 0.8261
----------------------------------------
PERCENT:5 | ALPHA:0.1 | SEED:280
Directed Sensitivity: 0.3478
Directed Specificity: 0.6514
Directed Precision: 0.1739
Directed Recall: 0.3478
Undirected Sensitivity: 0.7391
Undirected Specificity: 0.3256
Undirected Precision: 0.3696
Undirected Recall: 0.7391
----------------------------------------
PERCENT:5 | ALPHA:0.1 | SEED:290
Directed Sensitivity: 0.4348
Directed Specificity: 0.6606
Directed Precision: 0.2128
Directed Recall: 0.4348
Undirected Sensitivity: 0.8261
Undirected Specificity: 0.3488
Undirected Precision: 0.4043
Undirected Recall: 0.8261
----------------------------------------
PERCENT:5 | ALPHA:0.1 | SEED:300
Directed Sensitivity: 0.4348
Directed Specificity: 0.6881
Directed Precision: 0.2273
Directed Recall: 0.4348
Undirected Sensitivity: 0.6522
Undirected Specificity: 0.3256
Undirected Precision: 0.3409
Undirected Recall: 0.6522
----------------------------------------
PERCENT:5 | ALPHA:0.2 | SEED:10
Directed Sensitivity: 0.6522
Directed Specificity: 0.7706
Directed Precision: 0.3750
Directed Recall: 0.6522
Undirected Sensitivity: 0.8696
Undirected Specificity: 0.5349
Undirected Precision: 0.5000
Undirected Recall: 0.8696
----------------------------------------
PERCENT:5 | ALPHA:0.2 | SEED:20
Directed Sensitivity: 0.2609
Directed Specificity: 0.5780
Directed Precision: 0.1154
Directed Recall: 0.2609
Undirected Sensitivity: 0.6957
Undirected Specificity: 0.1628
Undirected Precision: 0.3077
Undirected Recall: 0.6957
----------------------------------------
PERCENT:5 | ALPHA:0.2 | SEED:30
Directed Sensitivity: 0.4348
Directed Specificity: 0.7064
Directed Precision: 0.2381
Directed Recall: 0.4348
Undirected Sensitivity: 0.6522
Undirected Specificity: 0.3721
Undirected Precision: 0.3571
Undirected Recall: 0.6522
----------------------------------------
PERCENT:5 | ALPHA:0.2 | SEED:40
Directed Sensitivity: 0.3478
Directed Specificity: 0.6697
Directed Precision: 0.1818
Directed Recall: 0.3478
Undirected Sensitivity: 0.7391
Undirected Specificity: 0.3721
Undirected Precision: 0.3864
Undirected Recall: 0.7391
----------------------------------------
PERCENT:5 | ALPHA:0.2 | SEED:50
Directed Sensitivity: 0.3913
Directed Specificity: 0.6789
Directed Precision: 0.2045
Directed Recall: 0.3913
Undirected Sensitivity: 0.7391
Undirected Specificity: 0.3721
Undirected Precision: 0.3864
Undirected Recall: 0.7391
----------------------------------------
PERCENT:5 | ALPHA:0.2 | SEED:60
Directed Sensitivity: 0.2174
Directed Specificity: 0.6514
Directed Precision: 0.1163
Directed Recall: 0.2174
Undirected Sensitivity: 0.6957
Undirected Specificity: 0.3721
Undirected Precision: 0.3721
Undirected Recall: 0.6957
----------------------------------------
PERCENT:5 | ALPHA:0.2 | SEED:70
Directed Sensitivity: 0.5652
Directed Specificity: 0.7339
Directed Precision: 0.3095
Directed Recall: 0.5652
Undirected Sensitivity: 0.8696
Undirected Specificity: 0.4884
Undirected Precision: 0.4762
Undirected Recall: 0.8696
----------------------------------------
PERCENT:5 | ALPHA:0.2 | SEED:80
Directed Sensitivity: 0.4783
Directed Specificity: 0.6789
Directed Precision: 0.2391
Directed Recall: 0.4783
Undirected Sensitivity: 0.7826
Undirected Specificity: 0.3488
Undirected Precision: 0.3913
Undirected Recall: 0.7826
----------------------------------------
PERCENT:5 | ALPHA:0.2 | SEED:90
Directed Sensitivity: 0.7391
Directed Specificity: 0.7615
Directed Precision: 0.3953
Directed Recall: 0.7391
Undirected Sensitivity: 0.8696
Undirected Specificity: 0.4651
Undirected Precision: 0.4651
Undirected Recall: 0.8696
----------------------------------------
PERCENT:5 | ALPHA:0.2 | SEED:100
Directed Sensitivity: 0.4783
Directed Specificity: 0.6881
Directed Precision: 0.2444
Directed Recall: 0.4783
Undirected Sensitivity: 0.8261
Undirected Specificity: 0.3953
Undirected Precision: 0.4222
Undirected Recall: 0.8261
----------------------------------------
PERCENT:5 | ALPHA:0.2 | SEED:110
Directed Sensitivity: 0.3043
Directed Specificity: 0.6514
Directed Precision: 0.1556
Directed Recall: 0.3043
Undirected Sensitivity: 0.6957
Undirected Specificity: 0.3256
Undirected Precision: 0.3556
Undirected Recall: 0.6957
----------------------------------------
PERCENT:5 | ALPHA:0.2 | SEED:120
Directed Sensitivity: 0.3478
Directed Specificity: 0.6422
Directed Precision: 0.1702
Directed Recall: 0.3478
Undirected Sensitivity: 0.7826
Undirected Specificity: 0.3256
Undirected Precision: 0.3830
Undirected Recall: 0.7826
----------------------------------------
PERCENT:5 | ALPHA:0.2 | SEED:130
Directed Sensitivity: 0.4783
Directed Specificity: 0.6606
Directed Precision: 0.2292
Directed Recall: 0.4783
Undirected Sensitivity: 0.8696
Undirected Specificity: 0.3488
Undirected Precision: 0.4167
Undirected Recall: 0.8696
----------------------------------------
PERCENT:5 | ALPHA:0.2 | SEED:140
Directed Sensitivity: 0.3913
Directed Specificity: 0.6514
Directed Precision: 0.1915
Directed Recall: 0.3913
Undirected Sensitivity: 0.7826
Undirected Specificity: 0.3256
Undirected Precision: 0.3830
Undirected Recall: 0.7826
----------------------------------------
PERCENT:5 | ALPHA:0.2 | SEED:150
Directed Sensitivity: 0.3478
Directed Specificity: 0.6422
Directed Precision: 0.1702
Directed Recall: 0.3478
Undirected Sensitivity: 0.6957
Undirected Specificity: 0.2791
Undirected Precision: 0.3404
Undirected Recall: 0.6957
----------------------------------------
PERCENT:5 | ALPHA:0.2 | SEED:160
Directed Sensitivity: 0.5217
Directed Specificity: 0.7156
Directed Precision: 0.2791
Directed Recall: 0.5217
Undirected Sensitivity: 0.8261
Undirected Specificity: 0.4419
Undirected Precision: 0.4419
Undirected Recall: 0.8261
----------------------------------------
PERCENT:5 | ALPHA:0.2 | SEED:170
Directed Sensitivity: 0.5217
Directed Specificity: 0.7431
Directed Precision: 0.3000
Directed Recall: 0.5217
Undirected Sensitivity: 0.7826
Undirected Specificity: 0.4884
Undirected Precision: 0.4500
Undirected Recall: 0.7826
----------------------------------------
PERCENT:5 | ALPHA:0.2 | SEED:180
Directed Sensitivity: 0.6087
Directed Specificity: 0.7156
Directed Precision: 0.3111
Directed Recall: 0.6087
Undirected Sensitivity: 0.8696
Undirected Specificity: 0.4186
Undirected Precision: 0.4444
Undirected Recall: 0.8696
----------------------------------------
PERCENT:5 | ALPHA:0.2 | SEED:190
Directed Sensitivity: 0.6522
Directed Specificity: 0.7798
Directed Precision: 0.3846
Directed Recall: 0.6522
Undirected Sensitivity: 0.6957
Undirected Specificity: 0.4651
Undirected Precision: 0.4103
Undirected Recall: 0.6957
----------------------------------------
PERCENT:5 | ALPHA:0.2 | SEED:200
Directed Sensitivity: 0.6087
Directed Specificity: 0.6422
Directed Precision: 0.2642
Directed Recall: 0.6087
Undirected Sensitivity: 0.9130
Undirected Specificity: 0.2558
Undirected Precision: 0.3962
Undirected Recall: 0.9130
----------------------------------------
PERCENT:5 | ALPHA:0.2 | SEED:210
Directed Sensitivity: 0.2609
Directed Specificity: 0.6514
Directed Precision: 0.1364
Directed Recall: 0.2609
Undirected Sensitivity: 0.7391
Undirected Specificity: 0.3721
Undirected Precision: 0.3864
Undirected Recall: 0.7391
----------------------------------------
PERCENT:5 | ALPHA:0.2 | SEED:220
Directed Sensitivity: 0.3478
Directed Specificity: 0.6239
Directed Precision: 0.1633
Directed Recall: 0.3478
Undirected Sensitivity: 0.8261
Undirected Specificity: 0.3023
Undirected Precision: 0.3878
Undirected Recall: 0.8261
----------------------------------------
PERCENT:5 | ALPHA:0.2 | SEED:230
Directed Sensitivity: 0.6957
Directed Specificity: 0.7523
Directed Precision: 0.3721
Directed Recall: 0.6957
Undirected Sensitivity: 0.8261
Undirected Specificity: 0.4419
Undirected Precision: 0.4419
Undirected Recall: 0.8261
----------------------------------------
PERCENT:5 | ALPHA:0.2 | SEED:240
Directed Sensitivity: 0.3913
Directed Specificity: 0.6789
Directed Precision: 0.2045
Directed Recall: 0.3913
Undirected Sensitivity: 0.7826
Undirected Specificity: 0.3953
Undirected Precision: 0.4091
Undirected Recall: 0.7826
----------------------------------------
PERCENT:5 | ALPHA:0.2 | SEED:250
Directed Sensitivity: 0.7826
Directed Specificity: 0.8257
Directed Precision: 0.4865
Directed Recall: 0.7826
Undirected Sensitivity: 0.8696
Undirected Specificity: 0.6047
Undirected Precision: 0.5405
Undirected Recall: 0.8696
----------------------------------------
PERCENT:5 | ALPHA:0.2 | SEED:260
Directed Sensitivity: 0.2609
Directed Specificity: 0.6055
Directed Precision: 0.1224
Directed Recall: 0.2609
Undirected Sensitivity: 0.6957
Undirected Specificity: 0.2326
Undirected Precision: 0.3265
Undirected Recall: 0.6957
----------------------------------------
PERCENT:5 | ALPHA:0.2 | SEED:270
Directed Sensitivity: 0.3478
Directed Specificity: 0.6697
Directed Precision: 0.1818
Directed Recall: 0.3478
Undirected Sensitivity: 0.7391
Undirected Specificity: 0.3721
Undirected Precision: 0.3864
Undirected Recall: 0.7391
----------------------------------------
PERCENT:5 | ALPHA:0.2 | SEED:280
Directed Sensitivity: 0.5652
Directed Specificity: 0.6972
Directed Precision: 0.2826
Directed Recall: 0.5652
Undirected Sensitivity: 0.9565
Undirected Specificity: 0.4419
Undirected Precision: 0.4783
Undirected Recall: 0.9565
----------------------------------------
PERCENT:5 | ALPHA:0.2 | SEED:290
Directed Sensitivity: 0.4783
Directed Specificity: 0.6147
Directed Precision: 0.2075
Directed Recall: 0.4783
Undirected Sensitivity: 0.9130
Undirected Specificity: 0.2558
Undirected Precision: 0.3962
Undirected Recall: 0.9130
----------------------------------------
PERCENT:5 | ALPHA:0.2 | SEED:300
Directed Sensitivity: 0.5217
Directed Specificity: 0.7064
Directed Precision: 0.2727
Directed Recall: 0.5217
Undirected Sensitivity: 0.7391
Undirected Specificity: 0.3721
Undirected Precision: 0.3864
Undirected Recall: 0.7391
----------------------------------------
