PERCENT:40 | ALPHA:0.01 | SEED:10
Directed Sensitivity: 0.8261
Directed Specificity: 0.9266
Directed Precision: 0.7037
Directed Recall: 0.8261
Undirected Sensitivity: 0.8696
Undirected Specificity: 0.8372
Undirected Precision: 0.7407
Undirected Recall: 0.8696
----------------------------------------
PERCENT:40 | ALPHA:0.01 | SEED:20
Directed Sensitivity: 0.8261
Directed Specificity: 0.8991
Directed Precision: 0.6333
Directed Recall: 0.8261
Undirected Sensitivity: 0.8696
Undirected Specificity: 0.7674
Undirected Precision: 0.6667
Undirected Recall: 0.8696
----------------------------------------
PERCENT:40 | ALPHA:0.01 | SEED:30
Directed Sensitivity: 0.7826
Directed Specificity: 0.9450
Directed Precision: 0.7500
Directed Recall: 0.7826
Undirected Sensitivity: 0.8261
Undirected Specificity: 0.8837
Undirected Precision: 0.7917
Undirected Recall: 0.8261
----------------------------------------
PERCENT:40 | ALPHA:0.01 | SEED:40
Directed Sensitivity: 0.8696
Directed Specificity: 0.8899
Directed Precision: 0.6250
Directed Recall: 0.8696
Undirected Sensitivity: 0.9130
Undirected Specificity: 0.7442
Undirected Precision: 0.6562
Undirected Recall: 0.9130
----------------------------------------
PERCENT:40 | ALPHA:0.01 | SEED:50
Directed Sensitivity: 0.6957
Directed Specificity: 0.9358
Directed Precision: 0.6957
Directed Recall: 0.6957
Undirected Sensitivity: 0.7391
Undirected Specificity: 0.8605
Undirected Precision: 0.7391
Undirected Recall: 0.7391
----------------------------------------
PERCENT:40 | ALPHA:0.01 | SEED:60
Directed Sensitivity: 0.8261
Directed Specificity: 0.9450
Directed Precision: 0.7600
Directed Recall: 0.8261
Undirected Sensitivity: 0.8696
Undirected Specificity: 0.8837
Undirected Precision: 0.8000
Undirected Recall: 0.8696
----------------------------------------
PERCENT:40 | ALPHA:0.01 | SEED:70
Directed Sensitivity: 0.6957
Directed Specificity: 0.8991
Directed Precision: 0.5926
Directed Recall: 0.6957
Undirected Sensitivity: 0.7826
Undirected Specificity: 0.7907
Undirected Precision: 0.6667
Undirected Recall: 0.7826
----------------------------------------
PERCENT:40 | ALPHA:0.01 | SEED:80
Directed Sensitivity: 0.7826
Directed Specificity: 0.9450
Directed Precision: 0.7500
Directed Recall: 0.7826
Undirected Sensitivity: 0.8261
Undirected Specificity: 0.8837
Undirected Precision: 0.7917
Undirected Recall: 0.8261
----------------------------------------
PERCENT:40 | ALPHA:0.01 | SEED:90
Directed Sensitivity: 0.7826
Directed Specificity: 0.9266
Directed Precision: 0.6923
Directed Recall: 0.7826
Undirected Sensitivity: 0.8261
Undirected Specificity: 0.8372
Undirected Precision: 0.7308
Undirected Recall: 0.8261
----------------------------------------
PERCENT:40 | ALPHA:0.01 | SEED:100
Directed Sensitivity: 0.7391
Directed Specificity: 0.9541
Directed Precision: 0.7727
Directed Recall: 0.7391
Undirected Sensitivity: 0.7826
Undirected Specificity: 0.9070
Undirected Precision: 0.8182
Undirected Recall: 0.7826
----------------------------------------
PERCENT:40 | ALPHA:0.01 | SEED:110
Directed Sensitivity: 0.6957
Directed Specificity: 0.9450
Directed Precision: 0.7273
Directed Recall: 0.6957
Undirected Sensitivity: 0.7391
Undirected Specificity: 0.8837
Undirected Precision: 0.7727
Undirected Recall: 0.7391
----------------------------------------
PERCENT:40 | ALPHA:0.01 | SEED:120
Directed Sensitivity: 0.8261
Directed Specificity: 0.9358
Directed Precision: 0.7308
Directed Recall: 0.8261
Undirected Sensitivity: 0.9130
Undirected Specificity: 0.8837
Undirected Precision: 0.8077
Undirected Recall: 0.9130
----------------------------------------
PERCENT:40 | ALPHA:0.01 | SEED:130
Directed Sensitivity: 0.7826
Directed Specificity: 0.9358
Directed Precision: 0.7200
Directed Recall: 0.7826
Undirected Sensitivity: 0.8261
Undirected Specificity: 0.8605
Undirected Precision: 0.7600
Undirected Recall: 0.8261
----------------------------------------
PERCENT:40 | ALPHA:0.01 | SEED:140
Directed Sensitivity: 0.8261
Directed Specificity: 0.9541
Directed Precision: 0.7917
Directed Recall: 0.8261
Undirected Sensitivity: 0.8261
Undirected Specificity: 0.8837
Undirected Precision: 0.7917
Undirected Recall: 0.8261
----------------------------------------
PERCENT:40 | ALPHA:0.01 | SEED:150
Directed Sensitivity: 0.7391
Directed Specificity: 0.9725
Directed Precision: 0.8500
Directed Recall: 0.7391
Undirected Sensitivity: 0.7391
Undirected Specificity: 0.9302
Undirected Precision: 0.8500
Undirected Recall: 0.7391
----------------------------------------
PERCENT:40 | ALPHA:0.01 | SEED:160
Directed Sensitivity: 0.7826
Directed Specificity: 0.9266
Directed Precision: 0.6923
Directed Recall: 0.7826
Undirected Sensitivity: 0.8261
Undirected Specificity: 0.8372
Undirected Precision: 0.7308
Undirected Recall: 0.8261
----------------------------------------
PERCENT:40 | ALPHA:0.01 | SEED:170
Directed Sensitivity: 0.6522
Directed Specificity: 0.8899
Directed Precision: 0.5556
Directed Recall: 0.6522
Undirected Sensitivity: 0.6957
Undirected Specificity: 0.7442
Undirected Precision: 0.5926
Undirected Recall: 0.6957
----------------------------------------
PERCENT:40 | ALPHA:0.01 | SEED:180
Directed Sensitivity: 0.6957
Directed Specificity: 0.9817
Directed Precision: 0.8889
Directed Recall: 0.6957
Undirected Sensitivity: 0.6957
Undirected Specificity: 0.9535
Undirected Precision: 0.8889
Undirected Recall: 0.6957
----------------------------------------
PERCENT:40 | ALPHA:0.01 | SEED:190
Directed Sensitivity: 0.6957
Directed Specificity: 0.8991
Directed Precision: 0.5926
Directed Recall: 0.6957
Undirected Sensitivity: 0.8696
Undirected Specificity: 0.8372
Undirected Precision: 0.7407
Undirected Recall: 0.8696
----------------------------------------
PERCENT:40 | ALPHA:0.01 | SEED:200
Directed Sensitivity: 0.6957
Directed Specificity: 0.9266
Directed Precision: 0.6667
Directed Recall: 0.6957
Undirected Sensitivity: 0.7826
Undirected Specificity: 0.8605
Undirected Precision: 0.7500
Undirected Recall: 0.7826
----------------------------------------
PERCENT:40 | ALPHA:0.01 | SEED:210
Directed Sensitivity: 0.7826
Directed Specificity: 0.9083
Directed Precision: 0.6429
Directed Recall: 0.7826
Undirected Sensitivity: 0.8261
Undirected Specificity: 0.7907
Undirected Precision: 0.6786
Undirected Recall: 0.8261
----------------------------------------
PERCENT:40 | ALPHA:0.01 | SEED:220
Directed Sensitivity: 0.8696
Directed Specificity: 0.9358
Directed Precision: 0.7407
Directed Recall: 0.8696
Undirected Sensitivity: 0.8696
Undirected Specificity: 0.8372
Undirected Precision: 0.7407
Undirected Recall: 0.8696
----------------------------------------
PERCENT:40 | ALPHA:0.01 | SEED:230
Directed Sensitivity: 0.8696
Directed Specificity: 0.9541
Directed Precision: 0.8000
Directed Recall: 0.8696
Undirected Sensitivity: 0.8696
Undirected Specificity: 0.8837
Undirected Precision: 0.8000
Undirected Recall: 0.8696
----------------------------------------
PERCENT:40 | ALPHA:0.01 | SEED:240
Directed Sensitivity: 0.7391
Directed Specificity: 0.9266
Directed Precision: 0.6800
Directed Recall: 0.7391
Undirected Sensitivity: 0.8696
Undirected Specificity: 0.8837
Undirected Precision: 0.8000
Undirected Recall: 0.8696
----------------------------------------
PERCENT:40 | ALPHA:0.01 | SEED:250
Directed Sensitivity: 0.6957
Directed Specificity: 0.9083
Directed Precision: 0.6154
Directed Recall: 0.6957
Undirected Sensitivity: 0.7826
Undirected Specificity: 0.8140
Undirected Precision: 0.6923
Undirected Recall: 0.7826
----------------------------------------
PERCENT:40 | ALPHA:0.01 | SEED:260
Directed Sensitivity: 0.7391
Directed Specificity: 0.9083
Directed Precision: 0.6296
Directed Recall: 0.7391
Undirected Sensitivity: 0.7391
Undirected Specificity: 0.7674
Undirected Precision: 0.6296
Undirected Recall: 0.7391
----------------------------------------
PERCENT:40 | ALPHA:0.01 | SEED:270
Directed Sensitivity: 0.8261
Directed Specificity: 0.8899
Directed Precision: 0.6129
Directed Recall: 0.8261
Undirected Sensitivity: 0.9565
Undirected Specificity: 0.7907
Undirected Precision: 0.7097
Undirected Recall: 0.9565
----------------------------------------
PERCENT:40 | ALPHA:0.01 | SEED:280
Directed Sensitivity: 0.7391
Directed Specificity: 0.9633
Directed Precision: 0.8095
Directed Recall: 0.7391
Undirected Sensitivity: 0.7391
Undirected Specificity: 0.9070
Undirected Precision: 0.8095
Undirected Recall: 0.7391
----------------------------------------
PERCENT:40 | ALPHA:0.01 | SEED:290
Directed Sensitivity: 0.7826
Directed Specificity: 0.9266
Directed Precision: 0.6923
Directed Recall: 0.7826
Undirected Sensitivity: 0.8696
Undirected Specificity: 0.8605
Undirected Precision: 0.7692
Undirected Recall: 0.8696
----------------------------------------
PERCENT:40 | ALPHA:0.01 | SEED:300
Directed Sensitivity: 0.7391
Directed Specificity: 0.8624
Directed Precision: 0.5312
Directed Recall: 0.7391
Undirected Sensitivity: 0.8261
Undirected Specificity: 0.6977
Undirected Precision: 0.5938
Undirected Recall: 0.8261
----------------------------------------
PERCENT:40 | ALPHA:0.05 | SEED:10
Directed Sensitivity: 0.8261
Directed Specificity: 0.9450
Directed Precision: 0.7600
Directed Recall: 0.8261
Undirected Sensitivity: 0.8696
Undirected Specificity: 0.8837
Undirected Precision: 0.8000
Undirected Recall: 0.8696
----------------------------------------
PERCENT:40 | ALPHA:0.05 | SEED:20
Directed Sensitivity: 0.8696
Directed Specificity: 0.8899
Directed Precision: 0.6250
Directed Recall: 0.8696
Undirected Sensitivity: 0.9130
Undirected Specificity: 0.7442
Undirected Precision: 0.6562
Undirected Recall: 0.9130
----------------------------------------
PERCENT:40 | ALPHA:0.05 | SEED:30
Directed Sensitivity: 0.7826
Directed Specificity: 0.8899
Directed Precision: 0.6000
Directed Recall: 0.7826
Undirected Sensitivity: 0.8261
Undirected Specificity: 0.7442
Undirected Precision: 0.6333
Undirected Recall: 0.8261
----------------------------------------
PERCENT:40 | ALPHA:0.05 | SEED:40
Directed Sensitivity: 0.8696
Directed Specificity: 0.8716
Directed Precision: 0.5882
Directed Recall: 0.8696
Undirected Sensitivity: 0.9130
Undirected Specificity: 0.6977
Undirected Precision: 0.6176
Undirected Recall: 0.9130
----------------------------------------
PERCENT:40 | ALPHA:0.05 | SEED:50
Directed Sensitivity: 0.7826
Directed Specificity: 0.8807
Directed Precision: 0.5806
Directed Recall: 0.7826
Undirected Sensitivity: 0.8696
Undirected Specificity: 0.7442
Undirected Precision: 0.6452
Undirected Recall: 0.8696
----------------------------------------
PERCENT:40 | ALPHA:0.05 | SEED:60
Directed Sensitivity: 0.8261
Directed Specificity: 0.9450
Directed Precision: 0.7600
Directed Recall: 0.8261
Undirected Sensitivity: 0.8261
Undirected Specificity: 0.8605
Undirected Precision: 0.7600
Undirected Recall: 0.8261
----------------------------------------
PERCENT:40 | ALPHA:0.05 | SEED:70
Directed Sensitivity: 0.7826
Directed Specificity: 0.9174
Directed Precision: 0.6667
Directed Recall: 0.7826
Undirected Sensitivity: 0.8261
Undirected Specificity: 0.8140
Undirected Precision: 0.7037
Undirected Recall: 0.8261
----------------------------------------
PERCENT:40 | ALPHA:0.05 | SEED:80
Directed Sensitivity: 0.7826
Directed Specificity: 0.8807
Directed Precision: 0.5806
Directed Recall: 0.7826
Undirected Sensitivity: 0.8696
Undirected Specificity: 0.7442
Undirected Precision: 0.6452
Undirected Recall: 0.8696
----------------------------------------
PERCENT:40 | ALPHA:0.05 | SEED:90
Directed Sensitivity: 0.8696
Directed Specificity: 0.9541
Directed Precision: 0.8000
Directed Recall: 0.8696
Undirected Sensitivity: 0.8696
Undirected Specificity: 0.8837
Undirected Precision: 0.8000
Undirected Recall: 0.8696
----------------------------------------
PERCENT:40 | ALPHA:0.05 | SEED:100
Directed Sensitivity: 0.7826
Directed Specificity: 0.9450
Directed Precision: 0.7500
Directed Recall: 0.7826
Undirected Sensitivity: 0.8261
Undirected Specificity: 0.8837
Undirected Precision: 0.7917
Undirected Recall: 0.8261
----------------------------------------
PERCENT:40 | ALPHA:0.05 | SEED:110
Directed Sensitivity: 0.8696
Directed Specificity: 0.8991
Directed Precision: 0.6452
Directed Recall: 0.8696
Undirected Sensitivity: 0.9130
Undirected Specificity: 0.7674
Undirected Precision: 0.6774
Undirected Recall: 0.9130
----------------------------------------
PERCENT:40 | ALPHA:0.05 | SEED:120
Directed Sensitivity: 0.7391
Directed Specificity: 0.9266
Directed Precision: 0.6800
Directed Recall: 0.7391
Undirected Sensitivity: 0.8261
Undirected Specificity: 0.8605
Undirected Precision: 0.7600
Undirected Recall: 0.8261
----------------------------------------
PERCENT:40 | ALPHA:0.05 | SEED:130
Directed Sensitivity: 0.7826
Directed Specificity: 0.9358
Directed Precision: 0.7200
Directed Recall: 0.7826
Undirected Sensitivity: 0.7826
Undirected Specificity: 0.8372
Undirected Precision: 0.7200
Undirected Recall: 0.7826
----------------------------------------
PERCENT:40 | ALPHA:0.05 | SEED:140
Directed Sensitivity: 0.8696
Directed Specificity: 0.9174
Directed Precision: 0.6897
Directed Recall: 0.8696
Undirected Sensitivity: 0.8696
Undirected Specificity: 0.7907
Undirected Precision: 0.6897
Undirected Recall: 0.8696
----------------------------------------
PERCENT:40 | ALPHA:0.05 | SEED:150
Directed Sensitivity: 0.7391
Directed Specificity: 0.8991
Directed Precision: 0.6071
Directed Recall: 0.7391
Undirected Sensitivity: 0.8261
Undirected Specificity: 0.7907
Undirected Precision: 0.6786
Undirected Recall: 0.8261
----------------------------------------
PERCENT:40 | ALPHA:0.05 | SEED:160
Directed Sensitivity: 0.8696
Directed Specificity: 0.9266
Directed Precision: 0.7143
Directed Recall: 0.8696
Undirected Sensitivity: 0.8696
Undirected Specificity: 0.8140
Undirected Precision: 0.7143
Undirected Recall: 0.8696
----------------------------------------
PERCENT:40 | ALPHA:0.05 | SEED:170
Directed Sensitivity: 0.6087
Directed Specificity: 0.8624
Directed Precision: 0.4828
Directed Recall: 0.6087
Undirected Sensitivity: 0.6957
Undirected Specificity: 0.6977
Undirected Precision: 0.5517
Undirected Recall: 0.6957
----------------------------------------
PERCENT:40 | ALPHA:0.05 | SEED:180
Directed Sensitivity: 0.7391
Directed Specificity: 0.8899
Directed Precision: 0.5862
Directed Recall: 0.7391
Undirected Sensitivity: 0.7826
Undirected Specificity: 0.7442
Undirected Precision: 0.6207
Undirected Recall: 0.7826
----------------------------------------
PERCENT:40 | ALPHA:0.05 | SEED:190
Directed Sensitivity: 0.6957
Directed Specificity: 0.8165
Directed Precision: 0.4444
Directed Recall: 0.6957
Undirected Sensitivity: 0.8696
Undirected Specificity: 0.6279
Undirected Precision: 0.5556
Undirected Recall: 0.8696
----------------------------------------
PERCENT:40 | ALPHA:0.05 | SEED:200
Directed Sensitivity: 0.6957
Directed Specificity: 0.8532
Directed Precision: 0.5000
Directed Recall: 0.6957
Undirected Sensitivity: 0.8261
Undirected Specificity: 0.6977
Undirected Precision: 0.5938
Undirected Recall: 0.8261
----------------------------------------
PERCENT:40 | ALPHA:0.05 | SEED:210
Directed Sensitivity: 0.9130
Directed Specificity: 0.9266
Directed Precision: 0.7241
Directed Recall: 0.9130
Undirected Sensitivity: 0.9130
Undirected Specificity: 0.8140
Undirected Precision: 0.7241
Undirected Recall: 0.9130
----------------------------------------
PERCENT:40 | ALPHA:0.05 | SEED:220
Directed Sensitivity: 0.9565
Directed Specificity: 0.9083
Directed Precision: 0.6875
Directed Recall: 0.9565
Undirected Sensitivity: 0.9565
Undirected Specificity: 0.7674
Undirected Precision: 0.6875
Undirected Recall: 0.9565
----------------------------------------
PERCENT:40 | ALPHA:0.05 | SEED:230
Directed Sensitivity: 0.7826
Directed Specificity: 0.9174
Directed Precision: 0.6667
Directed Recall: 0.7826
Undirected Sensitivity: 0.8261
Undirected Specificity: 0.8140
Undirected Precision: 0.7037
Undirected Recall: 0.8261
----------------------------------------
PERCENT:40 | ALPHA:0.05 | SEED:240
Directed Sensitivity: 0.7391
Directed Specificity: 0.8716
Directed Precision: 0.5484
Directed Recall: 0.7391
Undirected Sensitivity: 0.9130
Undirected Specificity: 0.7674
Undirected Precision: 0.6774
Undirected Recall: 0.9130
----------------------------------------
PERCENT:40 | ALPHA:0.05 | SEED:250
Directed Sensitivity: 0.7391
Directed Specificity: 0.8532
Directed Precision: 0.5152
Directed Recall: 0.7391
Undirected Sensitivity: 0.9130
Undirected Specificity: 0.7209
Undirected Precision: 0.6364
Undirected Recall: 0.9130
----------------------------------------
PERCENT:40 | ALPHA:0.05 | SEED:260
Directed Sensitivity: 0.7826
Directed Specificity: 0.9174
Directed Precision: 0.6667
Directed Recall: 0.7826
Undirected Sensitivity: 0.7826
Undirected Specificity: 0.7907
Undirected Precision: 0.6667
Undirected Recall: 0.7826
----------------------------------------
PERCENT:40 | ALPHA:0.05 | SEED:270
Directed Sensitivity: 0.7391
Directed Specificity: 0.8532
Directed Precision: 0.5152
Directed Recall: 0.7391
Undirected Sensitivity: 0.8696
Undirected Specificity: 0.6977
Undirected Precision: 0.6061
Undirected Recall: 0.8696
----------------------------------------
PERCENT:40 | ALPHA:0.05 | SEED:280
Directed Sensitivity: 0.8261
Directed Specificity: 0.9174
Directed Precision: 0.6786
Directed Recall: 0.8261
Undirected Sensitivity: 0.8261
Undirected Specificity: 0.7907
Undirected Precision: 0.6786
Undirected Recall: 0.8261
----------------------------------------
PERCENT:40 | ALPHA:0.05 | SEED:290
Directed Sensitivity: 0.7826
Directed Specificity: 0.9266
Directed Precision: 0.6923
Directed Recall: 0.7826
Undirected Sensitivity: 0.9130
Undirected Specificity: 0.8837
Undirected Precision: 0.8077
Undirected Recall: 0.9130
----------------------------------------
PERCENT:40 | ALPHA:0.05 | SEED:300
Directed Sensitivity: 0.6522
Directed Specificity: 0.8165
Directed Precision: 0.4286
Directed Recall: 0.6522
Undirected Sensitivity: 0.8261
Undirected Specificity: 0.6279
Undirected Precision: 0.5429
Undirected Recall: 0.8261
----------------------------------------
PERCENT:40 | ALPHA:0.1 | SEED:10
Directed Sensitivity: 0.7391
Directed Specificity: 0.9266
Directed Precision: 0.6800
Directed Recall: 0.7391
Undirected Sensitivity: 0.7826
Undirected Specificity: 0.8372
Undirected Precision: 0.7200
Undirected Recall: 0.7826
----------------------------------------
PERCENT:40 | ALPHA:0.1 | SEED:20
Directed Sensitivity: 0.8261
Directed Specificity: 0.8807
Directed Precision: 0.5938
Directed Recall: 0.8261
Undirected Sensitivity: 0.8696
Undirected Specificity: 0.7209
Undirected Precision: 0.6250
Undirected Recall: 0.8696
----------------------------------------
PERCENT:40 | ALPHA:0.1 | SEED:30
Directed Sensitivity: 0.7826
Directed Specificity: 0.8716
Directed Precision: 0.5625
Directed Recall: 0.7826
Undirected Sensitivity: 0.8261
Undirected Specificity: 0.6977
Undirected Precision: 0.5938
Undirected Recall: 0.8261
----------------------------------------
PERCENT:40 | ALPHA:0.1 | SEED:40
Directed Sensitivity: 0.8696
Directed Specificity: 0.8440
Directed Precision: 0.5405
Directed Recall: 0.8696
Undirected Sensitivity: 0.9130
Undirected Specificity: 0.6279
Undirected Precision: 0.5676
Undirected Recall: 0.9130
----------------------------------------
PERCENT:40 | ALPHA:0.1 | SEED:50
Directed Sensitivity: 0.9130
Directed Specificity: 0.9174
Directed Precision: 0.7000
Directed Recall: 0.9130
Undirected Sensitivity: 0.9130
Undirected Specificity: 0.7907
Undirected Precision: 0.7000
Undirected Recall: 0.9130
----------------------------------------
PERCENT:40 | ALPHA:0.1 | SEED:60
Directed Sensitivity: 0.8696
Directed Specificity: 0.8899
Directed Precision: 0.6250
Directed Recall: 0.8696
Undirected Sensitivity: 0.9130
Undirected Specificity: 0.7442
Undirected Precision: 0.6562
Undirected Recall: 0.9130
----------------------------------------
PERCENT:40 | ALPHA:0.1 | SEED:70
Directed Sensitivity: 0.7391
Directed Specificity: 0.8624
Directed Precision: 0.5312
Directed Recall: 0.7391
Undirected Sensitivity: 0.8696
Undirected Specificity: 0.7209
Undirected Precision: 0.6250
Undirected Recall: 0.8696
----------------------------------------
PERCENT:40 | ALPHA:0.1 | SEED:80
Directed Sensitivity: 0.9565
Directed Specificity: 0.9450
Directed Precision: 0.7857
Directed Recall: 0.9565
Undirected Sensitivity: 1.0000
Undirected Specificity: 0.8837
Undirected Precision: 0.8214
Undirected Recall: 1.0000
----------------------------------------
PERCENT:40 | ALPHA:0.1 | SEED:90
Directed Sensitivity: 0.8696
Directed Specificity: 0.8899
Directed Precision: 0.6250
Directed Recall: 0.8696
Undirected Sensitivity: 0.9130
Undirected Specificity: 0.7442
Undirected Precision: 0.6562
Undirected Recall: 0.9130
----------------------------------------
PERCENT:40 | ALPHA:0.1 | SEED:100
Directed Sensitivity: 0.8261
Directed Specificity: 0.9450
Directed Precision: 0.7600
Directed Recall: 0.8261
Undirected Sensitivity: 0.8261
Undirected Specificity: 0.8605
Undirected Precision: 0.7600
Undirected Recall: 0.8261
----------------------------------------
PERCENT:40 | ALPHA:0.1 | SEED:110
Directed Sensitivity: 0.7826
Directed Specificity: 0.8899
Directed Precision: 0.6000
Directed Recall: 0.7826
Undirected Sensitivity: 0.8261
Undirected Specificity: 0.7442
Undirected Precision: 0.6333
Undirected Recall: 0.8261
----------------------------------------
PERCENT:40 | ALPHA:0.1 | SEED:120
Directed Sensitivity: 0.8261
Directed Specificity: 0.9174
Directed Precision: 0.6786
Directed Recall: 0.8261
Undirected Sensitivity: 0.8696
Undirected Specificity: 0.8140
Undirected Precision: 0.7143
Undirected Recall: 0.8696
----------------------------------------
PERCENT:40 | ALPHA:0.1 | SEED:130
Directed Sensitivity: 0.7826
Directed Specificity: 0.9174
Directed Precision: 0.6667
Directed Recall: 0.7826
Undirected Sensitivity: 0.8261
Undirected Specificity: 0.8140
Undirected Precision: 0.7037
Undirected Recall: 0.8261
----------------------------------------
PERCENT:40 | ALPHA:0.1 | SEED:140
Directed Sensitivity: 0.8261
Directed Specificity: 0.9083
Directed Precision: 0.6552
Directed Recall: 0.8261
Undirected Sensitivity: 0.8261
Undirected Specificity: 0.7674
Undirected Precision: 0.6552
Undirected Recall: 0.8261
----------------------------------------
PERCENT:40 | ALPHA:0.1 | SEED:150
Directed Sensitivity: 0.7391
Directed Specificity: 0.9266
Directed Precision: 0.6800
Directed Recall: 0.7391
Undirected Sensitivity: 0.7826
Undirected Specificity: 0.8372
Undirected Precision: 0.7200
Undirected Recall: 0.7826
----------------------------------------
PERCENT:40 | ALPHA:0.1 | SEED:160
Directed Sensitivity: 0.7826
Directed Specificity: 0.8440
Directed Precision: 0.5143
Directed Recall: 0.7826
Undirected Sensitivity: 0.8696
Undirected Specificity: 0.6512
Undirected Precision: 0.5714
Undirected Recall: 0.8696
----------------------------------------
PERCENT:40 | ALPHA:0.1 | SEED:170
Directed Sensitivity: 0.7826
Directed Specificity: 0.8624
Directed Precision: 0.5455
Directed Recall: 0.7826
Undirected Sensitivity: 0.8261
Undirected Specificity: 0.6744
Undirected Precision: 0.5758
Undirected Recall: 0.8261
----------------------------------------
PERCENT:40 | ALPHA:0.1 | SEED:180
Directed Sensitivity: 0.6957
Directed Specificity: 0.8899
Directed Precision: 0.5714
Directed Recall: 0.6957
Undirected Sensitivity: 0.7391
Undirected Specificity: 0.7442
Undirected Precision: 0.6071
Undirected Recall: 0.7391
----------------------------------------
PERCENT:40 | ALPHA:0.1 | SEED:190
Directed Sensitivity: 0.6957
Directed Specificity: 0.8073
Directed Precision: 0.4324
Directed Recall: 0.6957
Undirected Sensitivity: 0.9130
Undirected Specificity: 0.6279
Undirected Precision: 0.5676
Undirected Recall: 0.9130
----------------------------------------
PERCENT:40 | ALPHA:0.1 | SEED:200
Directed Sensitivity: 0.7826
Directed Specificity: 0.8624
Directed Precision: 0.5455
Directed Recall: 0.7826
Undirected Sensitivity: 0.8696
Undirected Specificity: 0.6977
Undirected Precision: 0.6061
Undirected Recall: 0.8696
----------------------------------------
PERCENT:40 | ALPHA:0.1 | SEED:210
Directed Sensitivity: 0.8261
Directed Specificity: 0.8532
Directed Precision: 0.5429
Directed Recall: 0.8261
Undirected Sensitivity: 0.8696
Undirected Specificity: 0.6512
Undirected Precision: 0.5714
Undirected Recall: 0.8696
----------------------------------------
PERCENT:40 | ALPHA:0.1 | SEED:220
Directed Sensitivity: 0.9565
Directed Specificity: 0.8991
Directed Precision: 0.6667
Directed Recall: 0.9565
Undirected Sensitivity: 0.9565
Undirected Specificity: 0.7442
Undirected Precision: 0.6667
Undirected Recall: 0.9565
----------------------------------------
PERCENT:40 | ALPHA:0.1 | SEED:230
Directed Sensitivity: 0.7826
Directed Specificity: 0.8991
Directed Precision: 0.6207
Directed Recall: 0.7826
Undirected Sensitivity: 0.8696
Undirected Specificity: 0.7907
Undirected Precision: 0.6897
Undirected Recall: 0.8696
----------------------------------------
PERCENT:40 | ALPHA:0.1 | SEED:240
Directed Sensitivity: 0.8261
Directed Specificity: 0.8807
Directed Precision: 0.5938
Directed Recall: 0.8261
Undirected Sensitivity: 0.8696
Undirected Specificity: 0.7209
Undirected Precision: 0.6250
Undirected Recall: 0.8696
----------------------------------------
PERCENT:40 | ALPHA:0.1 | SEED:250
Directed Sensitivity: 0.8261
Directed Specificity: 0.8073
Directed Precision: 0.4750
Directed Recall: 0.8261
Undirected Sensitivity: 0.9565
Undirected Specificity: 0.5814
Undirected Precision: 0.5500
Undirected Recall: 0.9565
----------------------------------------
PERCENT:40 | ALPHA:0.1 | SEED:260
Directed Sensitivity: 0.7391
Directed Specificity: 0.8899
Directed Precision: 0.5862
Directed Recall: 0.7391
Undirected Sensitivity: 0.7391
Undirected Specificity: 0.7209
Undirected Precision: 0.5862
Undirected Recall: 0.7391
----------------------------------------
PERCENT:40 | ALPHA:0.1 | SEED:270
Directed Sensitivity: 0.6522
Directed Specificity: 0.8073
Directed Precision: 0.4167
Directed Recall: 0.6522
Undirected Sensitivity: 0.8696
Undirected Specificity: 0.6279
Undirected Precision: 0.5556
Undirected Recall: 0.8696
----------------------------------------
PERCENT:40 | ALPHA:0.1 | SEED:280
Directed Sensitivity: 0.8261
Directed Specificity: 0.8991
Directed Precision: 0.6333
Directed Recall: 0.8261
Undirected Sensitivity: 0.8261
Undirected Specificity: 0.7442
Undirected Precision: 0.6333
Undirected Recall: 0.8261
----------------------------------------
PERCENT:40 | ALPHA:0.1 | SEED:290
Directed Sensitivity: 0.8261
Directed Specificity: 0.8899
Directed Precision: 0.6129
Directed Recall: 0.8261
Undirected Sensitivity: 0.9130
Undirected Specificity: 0.7674
Undirected Precision: 0.6774
Undirected Recall: 0.9130
----------------------------------------
PERCENT:40 | ALPHA:0.1 | SEED:300
Directed Sensitivity: 0.6957
Directed Specificity: 0.8532
Directed Precision: 0.5000
Directed Recall: 0.6957
Undirected Sensitivity: 0.8696
Undirected Specificity: 0.7209
Undirected Precision: 0.6250
Undirected Recall: 0.8696
----------------------------------------
PERCENT:40 | ALPHA:0.2 | SEED:10
Directed Sensitivity: 0.8261
Directed Specificity: 0.8807
Directed Precision: 0.5938
Directed Recall: 0.8261
Undirected Sensitivity: 0.9130
Undirected Specificity: 0.7442
Undirected Precision: 0.6562
Undirected Recall: 0.9130
----------------------------------------
PERCENT:40 | ALPHA:0.2 | SEED:20
Directed Sensitivity: 0.9565
Directed Specificity: 0.8532
Directed Precision: 0.5789
Directed Recall: 0.9565
Undirected Sensitivity: 1.0000
Undirected Specificity: 0.6512
Undirected Precision: 0.6053
Undirected Recall: 1.0000
----------------------------------------
PERCENT:40 | ALPHA:0.2 | SEED:30
Directed Sensitivity: 0.8696
Directed Specificity: 0.8349
Directed Precision: 0.5263
Directed Recall: 0.8696
Undirected Sensitivity: 0.9130
Undirected Specificity: 0.6047
Undirected Precision: 0.5526
Undirected Recall: 0.9130
----------------------------------------
PERCENT:40 | ALPHA:0.2 | SEED:40
Directed Sensitivity: 0.9130
Directed Specificity: 0.8440
Directed Precision: 0.5526
Directed Recall: 0.9130
Undirected Sensitivity: 0.9565
Undirected Specificity: 0.6279
Undirected Precision: 0.5789
Undirected Recall: 0.9565
----------------------------------------
PERCENT:40 | ALPHA:0.2 | SEED:50
Directed Sensitivity: 0.7826
Directed Specificity: 0.8624
Directed Precision: 0.5455
Directed Recall: 0.7826
Undirected Sensitivity: 0.7826
Undirected Specificity: 0.6512
Undirected Precision: 0.5455
Undirected Recall: 0.7826
----------------------------------------
PERCENT:40 | ALPHA:0.2 | SEED:60
Directed Sensitivity: 0.8696
Directed Specificity: 0.8532
Directed Precision: 0.5556
Directed Recall: 0.8696
Undirected Sensitivity: 0.9130
Undirected Specificity: 0.6512
Undirected Precision: 0.5833
Undirected Recall: 0.9130
----------------------------------------
PERCENT:40 | ALPHA:0.2 | SEED:70
Directed Sensitivity: 0.7826
Directed Specificity: 0.8624
Directed Precision: 0.5455
Directed Recall: 0.7826
Undirected Sensitivity: 0.8696
Undirected Specificity: 0.6977
Undirected Precision: 0.6061
Undirected Recall: 0.8696
----------------------------------------
PERCENT:40 | ALPHA:0.2 | SEED:80
Directed Sensitivity: 0.9565
Directed Specificity: 0.9266
Directed Precision: 0.7333
Directed Recall: 0.9565
Undirected Sensitivity: 1.0000
Undirected Specificity: 0.8372
Undirected Precision: 0.7667
Undirected Recall: 1.0000
----------------------------------------
PERCENT:40 | ALPHA:0.2 | SEED:90
Directed Sensitivity: 0.8696
Directed Specificity: 0.9083
Directed Precision: 0.6667
Directed Recall: 0.8696
Undirected Sensitivity: 0.9130
Undirected Specificity: 0.7907
Undirected Precision: 0.7000
Undirected Recall: 0.9130
----------------------------------------
PERCENT:40 | ALPHA:0.2 | SEED:100
Directed Sensitivity: 0.8261
Directed Specificity: 0.8899
Directed Precision: 0.6129
Directed Recall: 0.8261
Undirected Sensitivity: 0.8261
Undirected Specificity: 0.7209
Undirected Precision: 0.6129
Undirected Recall: 0.8261
----------------------------------------
PERCENT:40 | ALPHA:0.2 | SEED:110
Directed Sensitivity: 0.7826
Directed Specificity: 0.8532
Directed Precision: 0.5294
Directed Recall: 0.7826
Undirected Sensitivity: 0.8696
Undirected Specificity: 0.6744
Undirected Precision: 0.5882
Undirected Recall: 0.8696
----------------------------------------
PERCENT:40 | ALPHA:0.2 | SEED:120
Directed Sensitivity: 0.8261
Directed Specificity: 0.8991
Directed Precision: 0.6333
Directed Recall: 0.8261
Undirected Sensitivity: 0.8696
Undirected Specificity: 0.7674
Undirected Precision: 0.6667
Undirected Recall: 0.8696
----------------------------------------
PERCENT:40 | ALPHA:0.2 | SEED:130
Directed Sensitivity: 0.8696
Directed Specificity: 0.9358
Directed Precision: 0.7407
Directed Recall: 0.8696
Undirected Sensitivity: 0.9130
Undirected Specificity: 0.8605
Undirected Precision: 0.7778
Undirected Recall: 0.9130
----------------------------------------
PERCENT:40 | ALPHA:0.2 | SEED:140
Directed Sensitivity: 0.8261
Directed Specificity: 0.8807
Directed Precision: 0.5938
Directed Recall: 0.8261
Undirected Sensitivity: 0.8696
Undirected Specificity: 0.7209
Undirected Precision: 0.6250
Undirected Recall: 0.8696
----------------------------------------
PERCENT:40 | ALPHA:0.2 | SEED:150
Directed Sensitivity: 0.8696
Directed Specificity: 0.9174
Directed Precision: 0.6897
Directed Recall: 0.8696
Undirected Sensitivity: 0.8696
Undirected Specificity: 0.7907
Undirected Precision: 0.6897
Undirected Recall: 0.8696
----------------------------------------
PERCENT:40 | ALPHA:0.2 | SEED:160
Directed Sensitivity: 0.9565
Directed Specificity: 0.8899
Directed Precision: 0.6471
Directed Recall: 0.9565
Undirected Sensitivity: 0.9565
Undirected Specificity: 0.7209
Undirected Precision: 0.6471
Undirected Recall: 0.9565
----------------------------------------
PERCENT:40 | ALPHA:0.2 | SEED:170
Directed Sensitivity: 0.8696
Directed Specificity: 0.8716
Directed Precision: 0.5882
Directed Recall: 0.8696
Undirected Sensitivity: 0.9130
Undirected Specificity: 0.6977
Undirected Precision: 0.6176
Undirected Recall: 0.9130
----------------------------------------
PERCENT:40 | ALPHA:0.2 | SEED:180
Directed Sensitivity: 0.8261
Directed Specificity: 0.8716
Directed Precision: 0.5758
Directed Recall: 0.8261
Undirected Sensitivity: 0.8696
Undirected Specificity: 0.6977
Undirected Precision: 0.6061
Undirected Recall: 0.8696
----------------------------------------
PERCENT:40 | ALPHA:0.2 | SEED:190
Directed Sensitivity: 0.6957
Directed Specificity: 0.7890
Directed Precision: 0.4103
Directed Recall: 0.6957
Undirected Sensitivity: 1.0000
Undirected Specificity: 0.6279
Undirected Precision: 0.5897
Undirected Recall: 1.0000
----------------------------------------
PERCENT:40 | ALPHA:0.2 | SEED:200
Directed Sensitivity: 0.7826
Directed Specificity: 0.8349
Directed Precision: 0.5000
Directed Recall: 0.7826
Undirected Sensitivity: 0.8261
Undirected Specificity: 0.6047
Undirected Precision: 0.5278
Undirected Recall: 0.8261
----------------------------------------
PERCENT:40 | ALPHA:0.2 | SEED:210
Directed Sensitivity: 0.8261
Directed Specificity: 0.8532
Directed Precision: 0.5429
Directed Recall: 0.8261
Undirected Sensitivity: 0.8261
Undirected Specificity: 0.6279
Undirected Precision: 0.5429
Undirected Recall: 0.8261
----------------------------------------
PERCENT:40 | ALPHA:0.2 | SEED:220
Directed Sensitivity: 0.9130
Directed Specificity: 0.8899
Directed Precision: 0.6364
Directed Recall: 0.9130
Undirected Sensitivity: 0.9130
Undirected Specificity: 0.7209
Undirected Precision: 0.6364
Undirected Recall: 0.9130
----------------------------------------
PERCENT:40 | ALPHA:0.2 | SEED:230
Directed Sensitivity: 0.7826
Directed Specificity: 0.8899
Directed Precision: 0.6000
Directed Recall: 0.7826
Undirected Sensitivity: 0.8696
Undirected Specificity: 0.7674
Undirected Precision: 0.6667
Undirected Recall: 0.8696
----------------------------------------
PERCENT:40 | ALPHA:0.2 | SEED:240
Directed Sensitivity: 0.8696
Directed Specificity: 0.8991
Directed Precision: 0.6452
Directed Recall: 0.8696
Undirected Sensitivity: 0.9130
Undirected Specificity: 0.7674
Undirected Precision: 0.6774
Undirected Recall: 0.9130
----------------------------------------
PERCENT:40 | ALPHA:0.2 | SEED:250
Directed Sensitivity: 0.7826
Directed Specificity: 0.8073
Directed Precision: 0.4615
Directed Recall: 0.7826
Undirected Sensitivity: 0.9130
Undirected Specificity: 0.5814
Undirected Precision: 0.5385
Undirected Recall: 0.9130
----------------------------------------
PERCENT:40 | ALPHA:0.2 | SEED:260
Directed Sensitivity: 0.7391
Directed Specificity: 0.8807
Directed Precision: 0.5667
Directed Recall: 0.7391
Undirected Sensitivity: 0.7391
Undirected Specificity: 0.6977
Undirected Precision: 0.5667
Undirected Recall: 0.7391
----------------------------------------
PERCENT:40 | ALPHA:0.2 | SEED:270
Directed Sensitivity: 0.7826
Directed Specificity: 0.8807
Directed Precision: 0.5806
Directed Recall: 0.7826
Undirected Sensitivity: 0.9130
Undirected Specificity: 0.7674
Undirected Precision: 0.6774
Undirected Recall: 0.9130
----------------------------------------
PERCENT:40 | ALPHA:0.2 | SEED:280
Directed Sensitivity: 0.8696
Directed Specificity: 0.8716
Directed Precision: 0.5882
Directed Recall: 0.8696
Undirected Sensitivity: 0.8696
Undirected Specificity: 0.6744
Undirected Precision: 0.5882
Undirected Recall: 0.8696
----------------------------------------
PERCENT:40 | ALPHA:0.2 | SEED:290
Directed Sensitivity: 0.8261
Directed Specificity: 0.8807
Directed Precision: 0.5938
Directed Recall: 0.8261
Undirected Sensitivity: 0.9130
Undirected Specificity: 0.7442
Undirected Precision: 0.6562
Undirected Recall: 0.9130
----------------------------------------
PERCENT:40 | ALPHA:0.2 | SEED:300
Directed Sensitivity: 0.7826
Directed Specificity: 0.8716
Directed Precision: 0.5625
Directed Recall: 0.7826
Undirected Sensitivity: 0.9130
Undirected Specificity: 0.7442
Undirected Precision: 0.6562
Undirected Recall: 0.9130
----------------------------------------
