PERCENT:40 | ALPHA:0.01 | SEED:10
Directed Sensitivity: 0.7500
Directed Specificity: 0.8333
Directed Precision: 0.6429
Directed Recall: 0.7500
Undirected Sensitivity: 0.8333
Undirected Specificity: 0.5556
Undirected Precision: 0.7143
Undirected Recall: 0.8333
----------------------------------------
PERCENT:40 | ALPHA:0.01 | SEED:20
Directed Sensitivity: 0.4167
Directed Specificity: 0.6667
Directed Precision: 0.3333
Directed Recall: 0.4167
Undirected Sensitivity: 0.7500
Undirected Specificity: 0.3333
Undirected Precision: 0.6000
Undirected Recall: 0.7500
----------------------------------------
PERCENT:40 | ALPHA:0.01 | SEED:30
Directed Sensitivity: 0.8333
Directed Specificity: 0.8000
Directed Precision: 0.6250
Directed Recall: 0.8333
Undirected Sensitivity: 0.9167
Undirected Specificity: 0.4444
Undirected Precision: 0.6875
Undirected Recall: 0.9167
----------------------------------------
PERCENT:40 | ALPHA:0.01 | SEED:40
Directed Sensitivity: 0.6667
Directed Specificity: 0.7667
Directed Precision: 0.5333
Directed Recall: 0.6667
Undirected Sensitivity: 0.8333
Undirected Specificity: 0.4444
Undirected Precision: 0.6667
Undirected Recall: 0.8333
----------------------------------------
PERCENT:40 | ALPHA:0.01 | SEED:50
Directed Sensitivity: 0.8333
Directed Specificity: 0.8333
Directed Precision: 0.6667
Directed Recall: 0.8333
Undirected Sensitivity: 0.9167
Undirected Specificity: 0.5556
Undirected Precision: 0.7333
Undirected Recall: 0.9167
----------------------------------------
PERCENT:40 | ALPHA:0.01 | SEED:60
Directed Sensitivity: 0.7500
Directed Specificity: 0.8667
Directed Precision: 0.6923
Directed Recall: 0.7500
Undirected Sensitivity: 0.7500
Undirected Specificity: 0.5556
Undirected Precision: 0.6923
Undirected Recall: 0.7500
----------------------------------------
PERCENT:40 | ALPHA:0.01 | SEED:70
Directed Sensitivity: 0.9167
Directed Specificity: 0.9000
Directed Precision: 0.7857
Directed Recall: 0.9167
Undirected Sensitivity: 0.9167
Undirected Specificity: 0.6667
Undirected Precision: 0.7857
Undirected Recall: 0.9167
----------------------------------------
PERCENT:40 | ALPHA:0.01 | SEED:80
Directed Sensitivity: 0.5833
Directed Specificity: 0.8667
Directed Precision: 0.6364
Directed Recall: 0.5833
Undirected Sensitivity: 0.6667
Undirected Specificity: 0.6667
Undirected Precision: 0.7273
Undirected Recall: 0.6667
----------------------------------------
PERCENT:40 | ALPHA:0.01 | SEED:90
Directed Sensitivity: 0.8333
Directed Specificity: 0.8333
Directed Precision: 0.6667
Directed Recall: 0.8333
Undirected Sensitivity: 0.8333
Undirected Specificity: 0.4444
Undirected Precision: 0.6667
Undirected Recall: 0.8333
----------------------------------------
PERCENT:40 | ALPHA:0.01 | SEED:100
Directed Sensitivity: 0.5833
Directed Specificity: 0.6333
Directed Precision: 0.3889
Directed Recall: 0.5833
Undirected Sensitivity: 0.9167
Undirected Specificity: 0.2222
Undirected Precision: 0.6111
Undirected Recall: 0.9167
----------------------------------------
PERCENT:40 | ALPHA:0.01 | SEED:110
Directed Sensitivity: 0.5833
Directed Specificity: 0.7000
Directed Precision: 0.4375
Directed Recall: 0.5833
Undirected Sensitivity: 0.7500
Undirected Specificity: 0.2222
Undirected Precision: 0.5625
Undirected Recall: 0.7500
----------------------------------------
PERCENT:40 | ALPHA:0.01 | SEED:120
Directed Sensitivity: 0.5833
Directed Specificity: 0.7000
Directed Precision: 0.4375
Directed Recall: 0.5833
Undirected Sensitivity: 0.9167
Undirected Specificity: 0.4444
Undirected Precision: 0.6875
Undirected Recall: 0.9167
----------------------------------------
PERCENT:40 | ALPHA:0.01 | SEED:130
Directed Sensitivity: 0.9167
Directed Specificity: 0.8333
Directed Precision: 0.6875
Directed Recall: 0.9167
Undirected Sensitivity: 1.0000
Undirected Specificity: 0.5556
Undirected Precision: 0.7500
Undirected Recall: 1.0000
----------------------------------------
PERCENT:40 | ALPHA:0.01 | SEED:140
Directed Sensitivity: 0.6667
Directed Specificity: 0.8000
Directed Precision: 0.5714
Directed Recall: 0.6667
Undirected Sensitivity: 0.9167
Undirected Specificity: 0.6667
Undirected Precision: 0.7857
Undirected Recall: 0.9167
----------------------------------------
PERCENT:40 | ALPHA:0.01 | SEED:150
Directed Sensitivity: 0.6667
Directed Specificity: 0.8000
Directed Precision: 0.5714
Directed Recall: 0.6667
Undirected Sensitivity: 0.7500
Undirected Specificity: 0.4444
Undirected Precision: 0.6429
Undirected Recall: 0.7500
----------------------------------------
PERCENT:40 | ALPHA:0.01 | SEED:160
Directed Sensitivity: 0.9167
Directed Specificity: 0.8333
Directed Precision: 0.6875
Directed Recall: 0.9167
Undirected Sensitivity: 1.0000
Undirected Specificity: 0.5556
Undirected Precision: 0.7500
Undirected Recall: 1.0000
----------------------------------------
PERCENT:40 | ALPHA:0.01 | SEED:170
Directed Sensitivity: 0.6667
Directed Specificity: 0.8333
Directed Precision: 0.6154
Directed Recall: 0.6667
Undirected Sensitivity: 0.7500
Undirected Specificity: 0.5556
Undirected Precision: 0.6923
Undirected Recall: 0.7500
----------------------------------------
PERCENT:40 | ALPHA:0.01 | SEED:180
Directed Sensitivity: 0.9167
Directed Specificity: 0.8333
Directed Precision: 0.6875
Directed Recall: 0.9167
Undirected Sensitivity: 0.9167
Undirected Specificity: 0.4444
Undirected Precision: 0.6875
Undirected Recall: 0.9167
----------------------------------------
PERCENT:40 | ALPHA:0.01 | SEED:190
Directed Sensitivity: 0.9167
Directed Specificity: 0.8667
Directed Precision: 0.7333
Directed Recall: 0.9167
Undirected Sensitivity: 1.0000
Undirected Specificity: 0.6667
Undirected Precision: 0.8000
Undirected Recall: 1.0000
----------------------------------------
PERCENT:40 | ALPHA:0.01 | SEED:200
Directed Sensitivity: 0.6667
Directed Specificity: 0.7667
Directed Precision: 0.5333
Directed Recall: 0.6667
Undirected Sensitivity: 0.7500
Undirected Specificity: 0.3333
Undirected Precision: 0.6000
Undirected Recall: 0.7500
----------------------------------------
PERCENT:40 | ALPHA:0.01 | SEED:210
Directed Sensitivity: 0.7500
Directed Specificity: 0.7000
Directed Precision: 0.5000
Directed Recall: 0.7500
Undirected Sensitivity: 0.9167
Undirected Specificity: 0.2222
Undirected Precision: 0.6111
Undirected Recall: 0.9167
----------------------------------------
PERCENT:40 | ALPHA:0.01 | SEED:220
Directed Sensitivity: 0.7500
Directed Specificity: 0.8333
Directed Precision: 0.6429
Directed Recall: 0.7500
Undirected Sensitivity: 0.7500
Undirected Specificity: 0.4444
Undirected Precision: 0.6429
Undirected Recall: 0.7500
----------------------------------------
PERCENT:40 | ALPHA:0.01 | SEED:230
Directed Sensitivity: 0.7500
Directed Specificity: 0.8333
Directed Precision: 0.6429
Directed Recall: 0.7500
Undirected Sensitivity: 0.8333
Undirected Specificity: 0.5556
Undirected Precision: 0.7143
Undirected Recall: 0.8333
----------------------------------------
PERCENT:40 | ALPHA:0.01 | SEED:240
Directed Sensitivity: 0.8333
Directed Specificity: 0.8000
Directed Precision: 0.6250
Directed Recall: 0.8333
Undirected Sensitivity: 0.9167
Undirected Specificity: 0.4444
Undirected Precision: 0.6875
Undirected Recall: 0.9167
----------------------------------------
PERCENT:40 | ALPHA:0.01 | SEED:250
Directed Sensitivity: 0.5833
Directed Specificity: 0.6667
Directed Precision: 0.4118
Directed Recall: 0.5833
Undirected Sensitivity: 0.9167
Undirected Specificity: 0.3333
Undirected Precision: 0.6471
Undirected Recall: 0.9167
----------------------------------------
PERCENT:40 | ALPHA:0.01 | SEED:260
Directed Sensitivity: 0.7500
Directed Specificity: 0.8000
Directed Precision: 0.6000
Directed Recall: 0.7500
Undirected Sensitivity: 0.9167
Undirected Specificity: 0.5556
Undirected Precision: 0.7333
Undirected Recall: 0.9167
----------------------------------------
PERCENT:40 | ALPHA:0.01 | SEED:270
Directed Sensitivity: 0.7500
Directed Specificity: 0.8667
Directed Precision: 0.6923
Directed Recall: 0.7500
Undirected Sensitivity: 0.8333
Undirected Specificity: 0.6667
Undirected Precision: 0.7692
Undirected Recall: 0.8333
----------------------------------------
PERCENT:40 | ALPHA:0.01 | SEED:280
Directed Sensitivity: 0.9167
Directed Specificity: 0.8000
Directed Precision: 0.6471
Directed Recall: 0.9167
Undirected Sensitivity: 1.0000
Undirected Specificity: 0.4444
Undirected Precision: 0.7059
Undirected Recall: 1.0000
----------------------------------------
PERCENT:40 | ALPHA:0.01 | SEED:290
Directed Sensitivity: 0.8333
Directed Specificity: 0.6333
Directed Precision: 0.4762
Directed Recall: 0.8333
Undirected Sensitivity: 1.0000
Undirected Specificity: 0.0000
Undirected Precision: 0.5714
Undirected Recall: 1.0000
----------------------------------------
PERCENT:40 | ALPHA:0.01 | SEED:300
Directed Sensitivity: 0.5833
Directed Specificity: 0.7667
Directed Precision: 0.5000
Directed Recall: 0.5833
Undirected Sensitivity: 0.8333
Undirected Specificity: 0.5556
Undirected Precision: 0.7143
Undirected Recall: 0.8333
----------------------------------------
PERCENT:40 | ALPHA:0.05 | SEED:10
Directed Sensitivity: 0.7500
Directed Specificity: 0.8333
Directed Precision: 0.6429
Directed Recall: 0.7500
Undirected Sensitivity: 0.8333
Undirected Specificity: 0.5556
Undirected Precision: 0.7143
Undirected Recall: 0.8333
----------------------------------------
PERCENT:40 | ALPHA:0.05 | SEED:20
Directed Sensitivity: 0.5000
Directed Specificity: 0.7000
Directed Precision: 0.4000
Directed Recall: 0.5000
Undirected Sensitivity: 0.7500
Undirected Specificity: 0.3333
Undirected Precision: 0.6000
Undirected Recall: 0.7500
----------------------------------------
PERCENT:40 | ALPHA:0.05 | SEED:30
Directed Sensitivity: 0.9167
Directed Specificity: 0.8000
Directed Precision: 0.6471
Directed Recall: 0.9167
Undirected Sensitivity: 1.0000
Undirected Specificity: 0.4444
Undirected Precision: 0.7059
Undirected Recall: 1.0000
----------------------------------------
PERCENT:40 | ALPHA:0.05 | SEED:40
Directed Sensitivity: 0.6667
Directed Specificity: 0.7667
Directed Precision: 0.5333
Directed Recall: 0.6667
Undirected Sensitivity: 0.8333
Undirected Specificity: 0.4444
Undirected Precision: 0.6667
Undirected Recall: 0.8333
----------------------------------------
PERCENT:40 | ALPHA:0.05 | SEED:50
Directed Sensitivity: 0.8333
Directed Specificity: 0.8333
Directed Precision: 0.6667
Directed Recall: 0.8333
Undirected Sensitivity: 0.9167
Undirected Specificity: 0.5556
Undirected Precision: 0.7333
Undirected Recall: 0.9167
----------------------------------------
PERCENT:40 | ALPHA:0.05 | SEED:60
Directed Sensitivity: 0.7500
Directed Specificity: 0.8667
Directed Precision: 0.6923
Directed Recall: 0.7500
Undirected Sensitivity: 0.7500
Undirected Specificity: 0.5556
Undirected Precision: 0.6923
Undirected Recall: 0.7500
----------------------------------------
PERCENT:40 | ALPHA:0.05 | SEED:70
Directed Sensitivity: 0.9167
Directed Specificity: 0.8667
Directed Precision: 0.7333
Directed Recall: 0.9167
Undirected Sensitivity: 0.9167
Undirected Specificity: 0.5556
Undirected Precision: 0.7333
Undirected Recall: 0.9167
----------------------------------------
PERCENT:40 | ALPHA:0.05 | SEED:80
Directed Sensitivity: 0.5833
Directed Specificity: 0.8667
Directed Precision: 0.6364
Directed Recall: 0.5833
Undirected Sensitivity: 0.6667
Undirected Specificity: 0.6667
Undirected Precision: 0.7273
Undirected Recall: 0.6667
----------------------------------------
PERCENT:40 | ALPHA:0.05 | SEED:90
Directed Sensitivity: 0.8333
Directed Specificity: 0.8333
Directed Precision: 0.6667
Directed Recall: 0.8333
Undirected Sensitivity: 0.8333
Undirected Specificity: 0.4444
Undirected Precision: 0.6667
Undirected Recall: 0.8333
----------------------------------------
PERCENT:40 | ALPHA:0.05 | SEED:100
Directed Sensitivity: 0.5833
Directed Specificity: 0.6333
Directed Precision: 0.3889
Directed Recall: 0.5833
Undirected Sensitivity: 0.9167
Undirected Specificity: 0.2222
Undirected Precision: 0.6111
Undirected Recall: 0.9167
----------------------------------------
PERCENT:40 | ALPHA:0.05 | SEED:110
Directed Sensitivity: 0.5833
Directed Specificity: 0.7000
Directed Precision: 0.4375
Directed Recall: 0.5833
Undirected Sensitivity: 0.7500
Undirected Specificity: 0.2222
Undirected Precision: 0.5625
Undirected Recall: 0.7500
----------------------------------------
PERCENT:40 | ALPHA:0.05 | SEED:120
Directed Sensitivity: 0.5833
Directed Specificity: 0.7000
Directed Precision: 0.4375
Directed Recall: 0.5833
Undirected Sensitivity: 0.9167
Undirected Specificity: 0.4444
Undirected Precision: 0.6875
Undirected Recall: 0.9167
----------------------------------------
PERCENT:40 | ALPHA:0.05 | SEED:130
Directed Sensitivity: 0.9167
Directed Specificity: 0.8333
Directed Precision: 0.6875
Directed Recall: 0.9167
Undirected Sensitivity: 0.9167
Undirected Specificity: 0.4444
Undirected Precision: 0.6875
Undirected Recall: 0.9167
----------------------------------------
PERCENT:40 | ALPHA:0.05 | SEED:140
Directed Sensitivity: 0.6667
Directed Specificity: 0.8000
Directed Precision: 0.5714
Directed Recall: 0.6667
Undirected Sensitivity: 0.9167
Undirected Specificity: 0.6667
Undirected Precision: 0.7857
Undirected Recall: 0.9167
----------------------------------------
PERCENT:40 | ALPHA:0.05 | SEED:150
Directed Sensitivity: 0.6667
Directed Specificity: 0.8000
Directed Precision: 0.5714
Directed Recall: 0.6667
Undirected Sensitivity: 0.7500
Undirected Specificity: 0.4444
Undirected Precision: 0.6429
Undirected Recall: 0.7500
----------------------------------------
PERCENT:40 | ALPHA:0.05 | SEED:160
Directed Sensitivity: 0.9167
Directed Specificity: 0.8333
Directed Precision: 0.6875
Directed Recall: 0.9167
Undirected Sensitivity: 1.0000
Undirected Specificity: 0.5556
Undirected Precision: 0.7500
Undirected Recall: 1.0000
----------------------------------------
PERCENT:40 | ALPHA:0.05 | SEED:170
Directed Sensitivity: 0.7500
Directed Specificity: 0.8333
Directed Precision: 0.6429
Directed Recall: 0.7500
Undirected Sensitivity: 0.8333
Undirected Specificity: 0.5556
Undirected Precision: 0.7143
Undirected Recall: 0.8333
----------------------------------------
PERCENT:40 | ALPHA:0.05 | SEED:180
Directed Sensitivity: 0.9167
Directed Specificity: 0.8333
Directed Precision: 0.6875
Directed Recall: 0.9167
Undirected Sensitivity: 0.9167
Undirected Specificity: 0.4444
Undirected Precision: 0.6875
Undirected Recall: 0.9167
----------------------------------------
PERCENT:40 | ALPHA:0.05 | SEED:190
Directed Sensitivity: 0.9167
Directed Specificity: 0.8667
Directed Precision: 0.7333
Directed Recall: 0.9167
Undirected Sensitivity: 0.9167
Undirected Specificity: 0.5556
Undirected Precision: 0.7333
Undirected Recall: 0.9167
----------------------------------------
PERCENT:40 | ALPHA:0.05 | SEED:200
Directed Sensitivity: 0.6667
Directed Specificity: 0.7333
Directed Precision: 0.5000
Directed Recall: 0.6667
Undirected Sensitivity: 0.7500
Undirected Specificity: 0.2222
Undirected Precision: 0.5625
Undirected Recall: 0.7500
----------------------------------------
PERCENT:40 | ALPHA:0.05 | SEED:210
Directed Sensitivity: 0.7500
Directed Specificity: 0.7000
Directed Precision: 0.5000
Directed Recall: 0.7500
Undirected Sensitivity: 0.9167
Undirected Specificity: 0.2222
Undirected Precision: 0.6111
Undirected Recall: 0.9167
----------------------------------------
PERCENT:40 | ALPHA:0.05 | SEED:220
Directed Sensitivity: 0.7500
Directed Specificity: 0.8333
Directed Precision: 0.6429
Directed Recall: 0.7500
Undirected Sensitivity: 0.7500
Undirected Specificity: 0.4444
Undirected Precision: 0.6429
Undirected Recall: 0.7500
----------------------------------------
PERCENT:40 | ALPHA:0.05 | SEED:230
Directed Sensitivity: 0.6667
Directed Specificity: 0.7667
Directed Precision: 0.5333
Directed Recall: 0.6667
Undirected Sensitivity: 0.9167
Undirected Specificity: 0.5556
Undirected Precision: 0.7333
Undirected Recall: 0.9167
----------------------------------------
PERCENT:40 | ALPHA:0.05 | SEED:240
Directed Sensitivity: 0.8333
Directed Specificity: 0.8000
Directed Precision: 0.6250
Directed Recall: 0.8333
Undirected Sensitivity: 0.9167
Undirected Specificity: 0.4444
Undirected Precision: 0.6875
Undirected Recall: 0.9167
----------------------------------------
PERCENT:40 | ALPHA:0.05 | SEED:250
Directed Sensitivity: 0.5833
Directed Specificity: 0.6667
Directed Precision: 0.4118
Directed Recall: 0.5833
Undirected Sensitivity: 0.9167
Undirected Specificity: 0.3333
Undirected Precision: 0.6471
Undirected Recall: 0.9167
----------------------------------------
PERCENT:40 | ALPHA:0.05 | SEED:260
Directed Sensitivity: 0.8333
Directed Specificity: 0.7333
Directed Precision: 0.5556
Directed Recall: 0.8333
Undirected Sensitivity: 1.0000
Undirected Specificity: 0.3333
Undirected Precision: 0.6667
Undirected Recall: 1.0000
----------------------------------------
PERCENT:40 | ALPHA:0.05 | SEED:270
Directed Sensitivity: 0.7500
Directed Specificity: 0.9000
Directed Precision: 0.7500
Directed Recall: 0.7500
Undirected Sensitivity: 0.8333
Undirected Specificity: 0.7778
Undirected Precision: 0.8333
Undirected Recall: 0.8333
----------------------------------------
PERCENT:40 | ALPHA:0.05 | SEED:280
Directed Sensitivity: 0.9167
Directed Specificity: 0.8000
Directed Precision: 0.6471
Directed Recall: 0.9167
Undirected Sensitivity: 1.0000
Undirected Specificity: 0.4444
Undirected Precision: 0.7059
Undirected Recall: 1.0000
----------------------------------------
PERCENT:40 | ALPHA:0.05 | SEED:290
Directed Sensitivity: 0.8333
Directed Specificity: 0.6333
Directed Precision: 0.4762
Directed Recall: 0.8333
Undirected Sensitivity: 1.0000
Undirected Specificity: 0.0000
Undirected Precision: 0.5714
Undirected Recall: 1.0000
----------------------------------------
PERCENT:40 | ALPHA:0.05 | SEED:300
Directed Sensitivity: 0.5833
Directed Specificity: 0.7667
Directed Precision: 0.5000
Directed Recall: 0.5833
Undirected Sensitivity: 0.8333
Undirected Specificity: 0.5556
Undirected Precision: 0.7143
Undirected Recall: 0.8333
----------------------------------------
PERCENT:40 | ALPHA:0.1 | SEED:10
Directed Sensitivity: 0.7500
Directed Specificity: 0.8000
Directed Precision: 0.6000
Directed Recall: 0.7500
Undirected Sensitivity: 0.8333
Undirected Specificity: 0.4444
Undirected Precision: 0.6667
Undirected Recall: 0.8333
----------------------------------------
PERCENT:40 | ALPHA:0.1 | SEED:20
Directed Sensitivity: 0.5000
Directed Specificity: 0.7000
Directed Precision: 0.4000
Directed Recall: 0.5000
Undirected Sensitivity: 0.7500
Undirected Specificity: 0.3333
Undirected Precision: 0.6000
Undirected Recall: 0.7500
----------------------------------------
PERCENT:40 | ALPHA:0.1 | SEED:30
Directed Sensitivity: 0.9167
Directed Specificity: 0.8000
Directed Precision: 0.6471
Directed Recall: 0.9167
Undirected Sensitivity: 1.0000
Undirected Specificity: 0.4444
Undirected Precision: 0.7059
Undirected Recall: 1.0000
----------------------------------------
PERCENT:40 | ALPHA:0.1 | SEED:40
Directed Sensitivity: 0.6667
Directed Specificity: 0.7667
Directed Precision: 0.5333
Directed Recall: 0.6667
Undirected Sensitivity: 0.8333
Undirected Specificity: 0.4444
Undirected Precision: 0.6667
Undirected Recall: 0.8333
----------------------------------------
PERCENT:40 | ALPHA:0.1 | SEED:50
Directed Sensitivity: 0.8333
Directed Specificity: 0.8333
Directed Precision: 0.6667
Directed Recall: 0.8333
Undirected Sensitivity: 0.9167
Undirected Specificity: 0.5556
Undirected Precision: 0.7333
Undirected Recall: 0.9167
----------------------------------------
PERCENT:40 | ALPHA:0.1 | SEED:60
Directed Sensitivity: 0.8333
Directed Specificity: 0.8667
Directed Precision: 0.7143
Directed Recall: 0.8333
Undirected Sensitivity: 0.8333
Undirected Specificity: 0.5556
Undirected Precision: 0.7143
Undirected Recall: 0.8333
----------------------------------------
PERCENT:40 | ALPHA:0.1 | SEED:70
Directed Sensitivity: 0.8333
Directed Specificity: 0.9333
Directed Precision: 0.8333
Directed Recall: 0.8333
Undirected Sensitivity: 0.8333
Undirected Specificity: 0.7778
Undirected Precision: 0.8333
Undirected Recall: 0.8333
----------------------------------------
PERCENT:40 | ALPHA:0.1 | SEED:80
Directed Sensitivity: 0.6667
Directed Specificity: 0.8667
Directed Precision: 0.6667
Directed Recall: 0.6667
Undirected Sensitivity: 0.7500
Undirected Specificity: 0.6667
Undirected Precision: 0.7500
Undirected Recall: 0.7500
----------------------------------------
PERCENT:40 | ALPHA:0.1 | SEED:90
Directed Sensitivity: 0.8333
Directed Specificity: 0.8333
Directed Precision: 0.6667
Directed Recall: 0.8333
Undirected Sensitivity: 0.8333
Undirected Specificity: 0.4444
Undirected Precision: 0.6667
Undirected Recall: 0.8333
----------------------------------------
PERCENT:40 | ALPHA:0.1 | SEED:100
Directed Sensitivity: 0.5833
Directed Specificity: 0.7000
Directed Precision: 0.4375
Directed Recall: 0.5833
Undirected Sensitivity: 0.8333
Undirected Specificity: 0.3333
Undirected Precision: 0.6250
Undirected Recall: 0.8333
----------------------------------------
PERCENT:40 | ALPHA:0.1 | SEED:110
Directed Sensitivity: 0.5833
Directed Specificity: 0.7000
Directed Precision: 0.4375
Directed Recall: 0.5833
Undirected Sensitivity: 0.7500
Undirected Specificity: 0.2222
Undirected Precision: 0.5625
Undirected Recall: 0.7500
----------------------------------------
PERCENT:40 | ALPHA:0.1 | SEED:120
Directed Sensitivity: 0.5833
Directed Specificity: 0.6667
Directed Precision: 0.4118
Directed Recall: 0.5833
Undirected Sensitivity: 1.0000
Undirected Specificity: 0.4444
Undirected Precision: 0.7059
Undirected Recall: 1.0000
----------------------------------------
PERCENT:40 | ALPHA:0.1 | SEED:130
Directed Sensitivity: 0.9167
Directed Specificity: 0.8333
Directed Precision: 0.6875
Directed Recall: 0.9167
Undirected Sensitivity: 0.9167
Undirected Specificity: 0.4444
Undirected Precision: 0.6875
Undirected Recall: 0.9167
----------------------------------------
PERCENT:40 | ALPHA:0.1 | SEED:140
Directed Sensitivity: 0.6667
Directed Specificity: 0.7333
Directed Precision: 0.5000
Directed Recall: 0.6667
Undirected Sensitivity: 0.9167
Undirected Specificity: 0.4444
Undirected Precision: 0.6875
Undirected Recall: 0.9167
----------------------------------------
PERCENT:40 | ALPHA:0.1 | SEED:150
Directed Sensitivity: 0.7500
Directed Specificity: 0.7667
Directed Precision: 0.5625
Directed Recall: 0.7500
Undirected Sensitivity: 0.9167
Undirected Specificity: 0.4444
Undirected Precision: 0.6875
Undirected Recall: 0.9167
----------------------------------------
PERCENT:40 | ALPHA:0.1 | SEED:160
Directed Sensitivity: 0.9167
Directed Specificity: 0.8333
Directed Precision: 0.6875
Directed Recall: 0.9167
Undirected Sensitivity: 1.0000
Undirected Specificity: 0.5556
Undirected Precision: 0.7500
Undirected Recall: 1.0000
----------------------------------------
PERCENT:40 | ALPHA:0.1 | SEED:170
Directed Sensitivity: 0.7500
Directed Specificity: 0.8333
Directed Precision: 0.6429
Directed Recall: 0.7500
Undirected Sensitivity: 0.8333
Undirected Specificity: 0.5556
Undirected Precision: 0.7143
Undirected Recall: 0.8333
----------------------------------------
PERCENT:40 | ALPHA:0.1 | SEED:180
Directed Sensitivity: 0.9167
Directed Specificity: 0.8000
Directed Precision: 0.6471
Directed Recall: 0.9167
Undirected Sensitivity: 1.0000
Undirected Specificity: 0.4444
Undirected Precision: 0.7059
Undirected Recall: 1.0000
----------------------------------------
PERCENT:40 | ALPHA:0.1 | SEED:190
Directed Sensitivity: 0.9167
Directed Specificity: 0.8667
Directed Precision: 0.7333
Directed Recall: 0.9167
Undirected Sensitivity: 0.9167
Undirected Specificity: 0.5556
Undirected Precision: 0.7333
Undirected Recall: 0.9167
----------------------------------------
PERCENT:40 | ALPHA:0.1 | SEED:200
Directed Sensitivity: 0.6667
Directed Specificity: 0.7333
Directed Precision: 0.5000
Directed Recall: 0.6667
Undirected Sensitivity: 0.7500
Undirected Specificity: 0.2222
Undirected Precision: 0.5625
Undirected Recall: 0.7500
----------------------------------------
PERCENT:40 | ALPHA:0.1 | SEED:210
Directed Sensitivity: 0.7500
Directed Specificity: 0.7000
Directed Precision: 0.5000
Directed Recall: 0.7500
Undirected Sensitivity: 0.9167
Undirected Specificity: 0.2222
Undirected Precision: 0.6111
Undirected Recall: 0.9167
----------------------------------------
PERCENT:40 | ALPHA:0.1 | SEED:220
Directed Sensitivity: 0.7500
Directed Specificity: 0.8333
Directed Precision: 0.6429
Directed Recall: 0.7500
Undirected Sensitivity: 0.7500
Undirected Specificity: 0.4444
Undirected Precision: 0.6429
Undirected Recall: 0.7500
----------------------------------------
PERCENT:40 | ALPHA:0.1 | SEED:230
Directed Sensitivity: 0.6667
Directed Specificity: 0.7667
Directed Precision: 0.5333
Directed Recall: 0.6667
Undirected Sensitivity: 0.9167
Undirected Specificity: 0.5556
Undirected Precision: 0.7333
Undirected Recall: 0.9167
----------------------------------------
PERCENT:40 | ALPHA:0.1 | SEED:240
Directed Sensitivity: 0.8333
Directed Specificity: 0.8000
Directed Precision: 0.6250
Directed Recall: 0.8333
Undirected Sensitivity: 0.9167
Undirected Specificity: 0.4444
Undirected Precision: 0.6875
Undirected Recall: 0.9167
----------------------------------------
PERCENT:40 | ALPHA:0.1 | SEED:250
Directed Sensitivity: 0.5833
Directed Specificity: 0.6667
Directed Precision: 0.4118
Directed Recall: 0.5833
Undirected Sensitivity: 0.9167
Undirected Specificity: 0.3333
Undirected Precision: 0.6471
Undirected Recall: 0.9167
----------------------------------------
PERCENT:40 | ALPHA:0.1 | SEED:260
Directed Sensitivity: 0.8333
Directed Specificity: 0.7333
Directed Precision: 0.5556
Directed Recall: 0.8333
Undirected Sensitivity: 1.0000
Undirected Specificity: 0.3333
Undirected Precision: 0.6667
Undirected Recall: 1.0000
----------------------------------------
PERCENT:40 | ALPHA:0.1 | SEED:270
Directed Sensitivity: 0.8333
Directed Specificity: 0.8667
Directed Precision: 0.7143
Directed Recall: 0.8333
Undirected Sensitivity: 0.9167
Undirected Specificity: 0.6667
Undirected Precision: 0.7857
Undirected Recall: 0.9167
----------------------------------------
PERCENT:40 | ALPHA:0.1 | SEED:280
Directed Sensitivity: 0.9167
Directed Specificity: 0.8000
Directed Precision: 0.6471
Directed Recall: 0.9167
Undirected Sensitivity: 1.0000
Undirected Specificity: 0.4444
Undirected Precision: 0.7059
Undirected Recall: 1.0000
----------------------------------------
PERCENT:40 | ALPHA:0.1 | SEED:290
Directed Sensitivity: 0.8333
Directed Specificity: 0.6333
Directed Precision: 0.4762
Directed Recall: 0.8333
Undirected Sensitivity: 1.0000
Undirected Specificity: 0.0000
Undirected Precision: 0.5714
Undirected Recall: 1.0000
----------------------------------------
PERCENT:40 | ALPHA:0.1 | SEED:300
Directed Sensitivity: 0.5833
Directed Specificity: 0.7667
Directed Precision: 0.5000
Directed Recall: 0.5833
Undirected Sensitivity: 0.8333
Undirected Specificity: 0.5556
Undirected Precision: 0.7143
Undirected Recall: 0.8333
----------------------------------------
PERCENT:40 | ALPHA:0.2 | SEED:10
Directed Sensitivity: 0.7500
Directed Specificity: 0.8000
Directed Precision: 0.6000
Directed Recall: 0.7500
Undirected Sensitivity: 0.8333
Undirected Specificity: 0.4444
Undirected Precision: 0.6667
Undirected Recall: 0.8333
----------------------------------------
PERCENT:40 | ALPHA:0.2 | SEED:20
Directed Sensitivity: 0.6667
Directed Specificity: 0.8000
Directed Precision: 0.5714
Directed Recall: 0.6667
Undirected Sensitivity: 0.8333
Undirected Specificity: 0.5556
Undirected Precision: 0.7143
Undirected Recall: 0.8333
----------------------------------------
PERCENT:40 | ALPHA:0.2 | SEED:30
Directed Sensitivity: 0.9167
Directed Specificity: 0.7667
Directed Precision: 0.6111
Directed Recall: 0.9167
Undirected Sensitivity: 1.0000
Undirected Specificity: 0.3333
Undirected Precision: 0.6667
Undirected Recall: 1.0000
----------------------------------------
PERCENT:40 | ALPHA:0.2 | SEED:40
Directed Sensitivity: 0.6667
Directed Specificity: 0.7667
Directed Precision: 0.5333
Directed Recall: 0.6667
Undirected Sensitivity: 0.8333
Undirected Specificity: 0.4444
Undirected Precision: 0.6667
Undirected Recall: 0.8333
----------------------------------------
PERCENT:40 | ALPHA:0.2 | SEED:50
Directed Sensitivity: 0.8333
Directed Specificity: 0.8333
Directed Precision: 0.6667
Directed Recall: 0.8333
Undirected Sensitivity: 0.9167
Undirected Specificity: 0.5556
Undirected Precision: 0.7333
Undirected Recall: 0.9167
----------------------------------------
PERCENT:40 | ALPHA:0.2 | SEED:60
Directed Sensitivity: 0.8333
Directed Specificity: 0.8667
Directed Precision: 0.7143
Directed Recall: 0.8333
Undirected Sensitivity: 0.8333
Undirected Specificity: 0.5556
Undirected Precision: 0.7143
Undirected Recall: 0.8333
----------------------------------------
PERCENT:40 | ALPHA:0.2 | SEED:70
Directed Sensitivity: 0.8333
Directed Specificity: 0.9333
Directed Precision: 0.8333
Directed Recall: 0.8333
Undirected Sensitivity: 0.8333
Undirected Specificity: 0.7778
Undirected Precision: 0.8333
Undirected Recall: 0.8333
----------------------------------------
PERCENT:40 | ALPHA:0.2 | SEED:80
Directed Sensitivity: 0.7500
Directed Specificity: 0.8667
Directed Precision: 0.6923
Directed Recall: 0.7500
Undirected Sensitivity: 0.8333
Undirected Specificity: 0.6667
Undirected Precision: 0.7692
Undirected Recall: 0.8333
----------------------------------------
PERCENT:40 | ALPHA:0.2 | SEED:90
Directed Sensitivity: 0.8333
Directed Specificity: 0.8333
Directed Precision: 0.6667
Directed Recall: 0.8333
Undirected Sensitivity: 0.8333
Undirected Specificity: 0.4444
Undirected Precision: 0.6667
Undirected Recall: 0.8333
----------------------------------------
PERCENT:40 | ALPHA:0.2 | SEED:100
Directed Sensitivity: 0.7500
Directed Specificity: 0.6667
Directed Precision: 0.4737
Directed Recall: 0.7500
Undirected Sensitivity: 1.0000
Undirected Specificity: 0.2222
Undirected Precision: 0.6316
Undirected Recall: 1.0000
----------------------------------------
PERCENT:40 | ALPHA:0.2 | SEED:110
Directed Sensitivity: 0.5833
Directed Specificity: 0.7000
Directed Precision: 0.4375
Directed Recall: 0.5833
Undirected Sensitivity: 0.7500
Undirected Specificity: 0.2222
Undirected Precision: 0.5625
Undirected Recall: 0.7500
----------------------------------------
PERCENT:40 | ALPHA:0.2 | SEED:120
Directed Sensitivity: 0.5833
Directed Specificity: 0.6667
Directed Precision: 0.4118
Directed Recall: 0.5833
Undirected Sensitivity: 1.0000
Undirected Specificity: 0.4444
Undirected Precision: 0.7059
Undirected Recall: 1.0000
----------------------------------------
PERCENT:40 | ALPHA:0.2 | SEED:130
Directed Sensitivity: 0.9167
Directed Specificity: 0.8333
Directed Precision: 0.6875
Directed Recall: 0.9167
Undirected Sensitivity: 0.9167
Undirected Specificity: 0.4444
Undirected Precision: 0.6875
Undirected Recall: 0.9167
----------------------------------------
PERCENT:40 | ALPHA:0.2 | SEED:140
Directed Sensitivity: 0.7500
Directed Specificity: 0.8000
Directed Precision: 0.6000
Directed Recall: 0.7500
Undirected Sensitivity: 0.9167
Undirected Specificity: 0.5556
Undirected Precision: 0.7333
Undirected Recall: 0.9167
----------------------------------------
PERCENT:40 | ALPHA:0.2 | SEED:150
Directed Sensitivity: 0.8333
Directed Specificity: 0.8000
Directed Precision: 0.6250
Directed Recall: 0.8333
Undirected Sensitivity: 0.9167
Undirected Specificity: 0.4444
Undirected Precision: 0.6875
Undirected Recall: 0.9167
----------------------------------------
PERCENT:40 | ALPHA:0.2 | SEED:160
Directed Sensitivity: 0.9167
Directed Specificity: 0.8333
Directed Precision: 0.6875
Directed Recall: 0.9167
Undirected Sensitivity: 1.0000
Undirected Specificity: 0.5556
Undirected Precision: 0.7500
Undirected Recall: 1.0000
----------------------------------------
PERCENT:40 | ALPHA:0.2 | SEED:170
Directed Sensitivity: 0.7500
Directed Specificity: 0.8333
Directed Precision: 0.6429
Directed Recall: 0.7500
Undirected Sensitivity: 0.8333
Undirected Specificity: 0.5556
Undirected Precision: 0.7143
Undirected Recall: 0.8333
----------------------------------------
PERCENT:40 | ALPHA:0.2 | SEED:180
Directed Sensitivity: 0.9167
Directed Specificity: 0.8000
Directed Precision: 0.6471
Directed Recall: 0.9167
Undirected Sensitivity: 1.0000
Undirected Specificity: 0.4444
Undirected Precision: 0.7059
Undirected Recall: 1.0000
----------------------------------------
PERCENT:40 | ALPHA:0.2 | SEED:190
Directed Sensitivity: 0.9167
Directed Specificity: 0.8667
Directed Precision: 0.7333
Directed Recall: 0.9167
Undirected Sensitivity: 0.9167
Undirected Specificity: 0.5556
Undirected Precision: 0.7333
Undirected Recall: 0.9167
----------------------------------------
PERCENT:40 | ALPHA:0.2 | SEED:200
Directed Sensitivity: 0.6667
Directed Specificity: 0.7333
Directed Precision: 0.5000
Directed Recall: 0.6667
Undirected Sensitivity: 0.7500
Undirected Specificity: 0.2222
Undirected Precision: 0.5625
Undirected Recall: 0.7500
----------------------------------------
PERCENT:40 | ALPHA:0.2 | SEED:210
Directed Sensitivity: 0.7500
Directed Specificity: 0.7000
Directed Precision: 0.5000
Directed Recall: 0.7500
Undirected Sensitivity: 0.9167
Undirected Specificity: 0.2222
Undirected Precision: 0.6111
Undirected Recall: 0.9167
----------------------------------------
PERCENT:40 | ALPHA:0.2 | SEED:220
Directed Sensitivity: 0.7500
Directed Specificity: 0.8333
Directed Precision: 0.6429
Directed Recall: 0.7500
Undirected Sensitivity: 0.7500
Undirected Specificity: 0.4444
Undirected Precision: 0.6429
Undirected Recall: 0.7500
----------------------------------------
PERCENT:40 | ALPHA:0.2 | SEED:230
Directed Sensitivity: 0.6667
Directed Specificity: 0.8000
Directed Precision: 0.5714
Directed Recall: 0.6667
Undirected Sensitivity: 0.8333
Undirected Specificity: 0.5556
Undirected Precision: 0.7143
Undirected Recall: 0.8333
----------------------------------------
PERCENT:40 | ALPHA:0.2 | SEED:240
Directed Sensitivity: 0.8333
Directed Specificity: 0.8000
Directed Precision: 0.6250
Directed Recall: 0.8333
Undirected Sensitivity: 0.9167
Undirected Specificity: 0.4444
Undirected Precision: 0.6875
Undirected Recall: 0.9167
----------------------------------------
PERCENT:40 | ALPHA:0.2 | SEED:250
Directed Sensitivity: 0.5833
Directed Specificity: 0.6333
Directed Precision: 0.3889
Directed Recall: 0.5833
Undirected Sensitivity: 0.9167
Undirected Specificity: 0.2222
Undirected Precision: 0.6111
Undirected Recall: 0.9167
----------------------------------------
PERCENT:40 | ALPHA:0.2 | SEED:260
Directed Sensitivity: 0.8333
Directed Specificity: 0.7333
Directed Precision: 0.5556
Directed Recall: 0.8333
Undirected Sensitivity: 1.0000
Undirected Specificity: 0.3333
Undirected Precision: 0.6667
Undirected Recall: 1.0000
----------------------------------------
PERCENT:40 | ALPHA:0.2 | SEED:270
Directed Sensitivity: 0.8333
Directed Specificity: 0.8333
Directed Precision: 0.6667
Directed Recall: 0.8333
Undirected Sensitivity: 0.9167
Undirected Specificity: 0.5556
Undirected Precision: 0.7333
Undirected Recall: 0.9167
----------------------------------------
PERCENT:40 | ALPHA:0.2 | SEED:280
Directed Sensitivity: 0.9167
Directed Specificity: 0.8000
Directed Precision: 0.6471
Directed Recall: 0.9167
Undirected Sensitivity: 1.0000
Undirected Specificity: 0.4444
Undirected Precision: 0.7059
Undirected Recall: 1.0000
----------------------------------------
PERCENT:40 | ALPHA:0.2 | SEED:290
Directed Sensitivity: 0.6667
Directed Specificity: 0.6333
Directed Precision: 0.4211
Directed Recall: 0.6667
Undirected Sensitivity: 1.0000
Undirected Specificity: 0.2222
Undirected Precision: 0.6316
Undirected Recall: 1.0000
----------------------------------------
PERCENT:40 | ALPHA:0.2 | SEED:300
Directed Sensitivity: 0.5833
Directed Specificity: 0.6667
Directed Precision: 0.4118
Directed Recall: 0.5833
Undirected Sensitivity: 0.9167
Undirected Specificity: 0.3333
Undirected Precision: 0.6471
Undirected Recall: 0.9167
----------------------------------------
