PERCENT:25 | ALPHA:0.01 | SEED:10
Directed Sensitivity: 0.5714
Directed Specificity: 0.8261
Directed Precision: 0.5000
Directed Recall: 0.5714
Undirected Sensitivity: 0.7143
Undirected Specificity: 0.6250
Undirected Precision: 0.6250
Undirected Recall: 0.7143
----------------------------------------
PERCENT:25 | ALPHA:0.01 | SEED:20
Directed Sensitivity: 0.8571
Directed Specificity: 0.6957
Directed Precision: 0.4615
Directed Recall: 0.8571
Undirected Sensitivity: 1.0000
Undirected Specificity: 0.2500
Undirected Precision: 0.5385
Undirected Recall: 1.0000
----------------------------------------
PERCENT:25 | ALPHA:0.01 | SEED:30
Directed Sensitivity: 0.8571
Directed Specificity: 0.7391
Directed Precision: 0.5000
Directed Recall: 0.8571
Undirected Sensitivity: 0.8571
Undirected Specificity: 0.2500
Undirected Precision: 0.5000
Undirected Recall: 0.8571
----------------------------------------
PERCENT:25 | ALPHA:0.01 | SEED:40
Directed Sensitivity: 0.4286
Directed Specificity: 0.7391
Directed Precision: 0.3333
Directed Recall: 0.4286
Undirected Sensitivity: 0.7143
Undirected Specificity: 0.5000
Undirected Precision: 0.5556
Undirected Recall: 0.7143
----------------------------------------
PERCENT:25 | ALPHA:0.01 | SEED:50
Directed Sensitivity: 0.7143
Directed Specificity: 0.7826
Directed Precision: 0.5000
Directed Recall: 0.7143
Undirected Sensitivity: 0.8571
Undirected Specificity: 0.5000
Undirected Precision: 0.6000
Undirected Recall: 0.8571
----------------------------------------
PERCENT:25 | ALPHA:0.01 | SEED:60
Directed Sensitivity: 0.7143
Directed Specificity: 0.7826
Directed Precision: 0.5000
Directed Recall: 0.7143
Undirected Sensitivity: 0.8571
Undirected Specificity: 0.5000
Undirected Precision: 0.6000
Undirected Recall: 0.8571
----------------------------------------
PERCENT:25 | ALPHA:0.01 | SEED:70
Directed Sensitivity: 0.7143
Directed Specificity: 0.8696
Directed Precision: 0.6250
Directed Recall: 0.7143
Undirected Sensitivity: 0.8571
Undirected Specificity: 0.7500
Undirected Precision: 0.7500
Undirected Recall: 0.8571
----------------------------------------
PERCENT:25 | ALPHA:0.01 | SEED:80
Directed Sensitivity: 0.2857
Directed Specificity: 0.7826
Directed Precision: 0.2857
Directed Recall: 0.2857
Undirected Sensitivity: 0.5714
Undirected Specificity: 0.6250
Undirected Precision: 0.5714
Undirected Recall: 0.5714
----------------------------------------
PERCENT:25 | ALPHA:0.01 | SEED:90
Directed Sensitivity: 0.2857
Directed Specificity: 0.8261
Directed Precision: 0.3333
Directed Recall: 0.2857
Undirected Sensitivity: 0.4286
Undirected Specificity: 0.6250
Undirected Precision: 0.5000
Undirected Recall: 0.4286
----------------------------------------
PERCENT:25 | ALPHA:0.01 | SEED:100
Directed Sensitivity: 0.7143
Directed Specificity: 0.7391
Directed Precision: 0.4545
Directed Recall: 0.7143
Undirected Sensitivity: 0.8571
Undirected Specificity: 0.3750
Undirected Precision: 0.5455
Undirected Recall: 0.8571
----------------------------------------
PERCENT:25 | ALPHA:0.01 | SEED:110
Directed Sensitivity: 0.4286
Directed Specificity: 0.7826
Directed Precision: 0.3750
Directed Recall: 0.4286
Undirected Sensitivity: 0.5714
Undirected Specificity: 0.5000
Undirected Precision: 0.5000
Undirected Recall: 0.5714
----------------------------------------
PERCENT:25 | ALPHA:0.01 | SEED:120
Directed Sensitivity: 1.0000
Directed Specificity: 0.8696
Directed Precision: 0.7000
Directed Recall: 1.0000
Undirected Sensitivity: 1.0000
Undirected Specificity: 0.6250
Undirected Precision: 0.7000
Undirected Recall: 1.0000
----------------------------------------
PERCENT:25 | ALPHA:0.01 | SEED:130
Directed Sensitivity: 0.7143
Directed Specificity: 0.7391
Directed Precision: 0.4545
Directed Recall: 0.7143
Undirected Sensitivity: 0.7143
Undirected Specificity: 0.2500
Undirected Precision: 0.4545
Undirected Recall: 0.7143
----------------------------------------
PERCENT:25 | ALPHA:0.01 | SEED:140
Directed Sensitivity: 0.8571
Directed Specificity: 0.8261
Directed Precision: 0.6000
Directed Recall: 0.8571
Undirected Sensitivity: 0.8571
Undirected Specificity: 0.5000
Undirected Precision: 0.6000
Undirected Recall: 0.8571
----------------------------------------
PERCENT:25 | ALPHA:0.01 | SEED:150
Directed Sensitivity: 0.4286
Directed Specificity: 0.8261
Directed Precision: 0.4286
Directed Recall: 0.4286
Undirected Sensitivity: 0.8571
Undirected Specificity: 0.8750
Undirected Precision: 0.8571
Undirected Recall: 0.8571
----------------------------------------
PERCENT:25 | ALPHA:0.01 | SEED:160
Directed Sensitivity: 0.4286
Directed Specificity: 0.6957
Directed Precision: 0.3000
Directed Recall: 0.4286
Undirected Sensitivity: 0.5714
Undirected Specificity: 0.2500
Undirected Precision: 0.4000
Undirected Recall: 0.5714
----------------------------------------
PERCENT:25 | ALPHA:0.01 | SEED:170
Directed Sensitivity: 0.7143
Directed Specificity: 0.7391
Directed Precision: 0.4545
Directed Recall: 0.7143
Undirected Sensitivity: 0.7143
Undirected Specificity: 0.2500
Undirected Precision: 0.4545
Undirected Recall: 0.7143
----------------------------------------
PERCENT:25 | ALPHA:0.01 | SEED:180
Directed Sensitivity: 0.5714
Directed Specificity: 0.6522
Directed Precision: 0.3333
Directed Recall: 0.5714
Undirected Sensitivity: 0.8571
Undirected Specificity: 0.2500
Undirected Precision: 0.5000
Undirected Recall: 0.8571
----------------------------------------
PERCENT:25 | ALPHA:0.01 | SEED:190
Directed Sensitivity: 0.7143
Directed Specificity: 0.7826
Directed Precision: 0.5000
Directed Recall: 0.7143
Undirected Sensitivity: 0.8571
Undirected Specificity: 0.5000
Undirected Precision: 0.6000
Undirected Recall: 0.8571
----------------------------------------
PERCENT:25 | ALPHA:0.01 | SEED:200
Directed Sensitivity: 0.2857
Directed Specificity: 0.8261
Directed Precision: 0.3333
Directed Recall: 0.2857
Undirected Sensitivity: 0.4286
Undirected Specificity: 0.6250
Undirected Precision: 0.5000
Undirected Recall: 0.4286
----------------------------------------
PERCENT:25 | ALPHA:0.01 | SEED:210
Directed Sensitivity: 0.4286
Directed Specificity: 0.6957
Directed Precision: 0.3000
Directed Recall: 0.4286
Undirected Sensitivity: 0.5714
Undirected Specificity: 0.2500
Undirected Precision: 0.4000
Undirected Recall: 0.5714
----------------------------------------
PERCENT:25 | ALPHA:0.01 | SEED:220
Directed Sensitivity: 0.4286
Directed Specificity: 0.6957
Directed Precision: 0.3000
Directed Recall: 0.4286
Undirected Sensitivity: 0.5714
Undirected Specificity: 0.2500
Undirected Precision: 0.4000
Undirected Recall: 0.5714
----------------------------------------
PERCENT:25 | ALPHA:0.01 | SEED:230
Directed Sensitivity: 0.4286
Directed Specificity: 0.7826
Directed Precision: 0.3750
Directed Recall: 0.4286
Undirected Sensitivity: 0.5714
Undirected Specificity: 0.5000
Undirected Precision: 0.5000
Undirected Recall: 0.5714
----------------------------------------
PERCENT:25 | ALPHA:0.01 | SEED:240
Directed Sensitivity: 0.5714
Directed Specificity: 0.8696
Directed Precision: 0.5714
Directed Recall: 0.5714
Undirected Sensitivity: 0.5714
Undirected Specificity: 0.6250
Undirected Precision: 0.5714
Undirected Recall: 0.5714
----------------------------------------
PERCENT:25 | ALPHA:0.01 | SEED:250
Directed Sensitivity: 0.1429
Directed Specificity: 0.9130
Directed Precision: 0.3333
Directed Recall: 0.1429
Undirected Sensitivity: 0.1429
Undirected Specificity: 0.7500
Undirected Precision: 0.3333
Undirected Recall: 0.1429
----------------------------------------
PERCENT:25 | ALPHA:0.01 | SEED:260
Directed Sensitivity: 0.1429
Directed Specificity: 0.6957
Directed Precision: 0.1250
Directed Recall: 0.1429
Undirected Sensitivity: 0.4286
Undirected Specificity: 0.3750
Undirected Precision: 0.3750
Undirected Recall: 0.4286
----------------------------------------
PERCENT:25 | ALPHA:0.01 | SEED:270
Directed Sensitivity: 0.4286
Directed Specificity: 0.7391
Directed Precision: 0.3333
Directed Recall: 0.4286
Undirected Sensitivity: 0.7143
Undirected Specificity: 0.5000
Undirected Precision: 0.5556
Undirected Recall: 0.7143
----------------------------------------
PERCENT:25 | ALPHA:0.01 | SEED:280
Directed Sensitivity: 0.5714
Directed Specificity: 0.7391
Directed Precision: 0.4000
Directed Recall: 0.5714
Undirected Sensitivity: 0.7143
Undirected Specificity: 0.3750
Undirected Precision: 0.5000
Undirected Recall: 0.7143
----------------------------------------
PERCENT:25 | ALPHA:0.01 | SEED:290
Directed Sensitivity: 0.4286
Directed Specificity: 0.8696
Directed Precision: 0.5000
Directed Recall: 0.4286
Undirected Sensitivity: 0.7143
Undirected Specificity: 0.8750
Undirected Precision: 0.8333
Undirected Recall: 0.7143
----------------------------------------
PERCENT:25 | ALPHA:0.01 | SEED:300
Directed Sensitivity: 0.2857
Directed Specificity: 0.8261
Directed Precision: 0.3333
Directed Recall: 0.2857
Undirected Sensitivity: 0.5714
Undirected Specificity: 0.7500
Undirected Precision: 0.6667
Undirected Recall: 0.5714
----------------------------------------
PERCENT:25 | ALPHA:0.05 | SEED:10
Directed Sensitivity: 0.4286
Directed Specificity: 0.8696
Directed Precision: 0.5000
Directed Recall: 0.4286
Undirected Sensitivity: 0.4286
Undirected Specificity: 0.6250
Undirected Precision: 0.5000
Undirected Recall: 0.4286
----------------------------------------
PERCENT:25 | ALPHA:0.05 | SEED:20
Directed Sensitivity: 0.7143
Directed Specificity: 0.7391
Directed Precision: 0.4545
Directed Recall: 0.7143
Undirected Sensitivity: 0.8571
Undirected Specificity: 0.3750
Undirected Precision: 0.5455
Undirected Recall: 0.8571
----------------------------------------
PERCENT:25 | ALPHA:0.05 | SEED:30
Directed Sensitivity: 0.7143
Directed Specificity: 0.7826
Directed Precision: 0.5000
Directed Recall: 0.7143
Undirected Sensitivity: 0.8571
Undirected Specificity: 0.5000
Undirected Precision: 0.6000
Undirected Recall: 0.8571
----------------------------------------
PERCENT:25 | ALPHA:0.05 | SEED:40
Directed Sensitivity: 0.4286
Directed Specificity: 0.7826
Directed Precision: 0.3750
Directed Recall: 0.4286
Undirected Sensitivity: 0.7143
Undirected Specificity: 0.6250
Undirected Precision: 0.6250
Undirected Recall: 0.7143
----------------------------------------
PERCENT:25 | ALPHA:0.05 | SEED:50
Directed Sensitivity: 0.2857
Directed Specificity: 0.7826
Directed Precision: 0.2857
Directed Recall: 0.2857
Undirected Sensitivity: 0.5714
Undirected Specificity: 0.6250
Undirected Precision: 0.5714
Undirected Recall: 0.5714
----------------------------------------
PERCENT:25 | ALPHA:0.05 | SEED:60
Directed Sensitivity: 0.5714
Directed Specificity: 0.8261
Directed Precision: 0.5000
Directed Recall: 0.5714
Undirected Sensitivity: 0.5714
Undirected Specificity: 0.5000
Undirected Precision: 0.5000
Undirected Recall: 0.5714
----------------------------------------
PERCENT:25 | ALPHA:0.05 | SEED:70
Directed Sensitivity: 1.0000
Directed Specificity: 0.8696
Directed Precision: 0.7000
Directed Recall: 1.0000
Undirected Sensitivity: 1.0000
Undirected Specificity: 0.6250
Undirected Precision: 0.7000
Undirected Recall: 1.0000
----------------------------------------
PERCENT:25 | ALPHA:0.05 | SEED:80
Directed Sensitivity: 0.7143
Directed Specificity: 0.7826
Directed Precision: 0.5000
Directed Recall: 0.7143
Undirected Sensitivity: 0.8571
Undirected Specificity: 0.5000
Undirected Precision: 0.6000
Undirected Recall: 0.8571
----------------------------------------
PERCENT:25 | ALPHA:0.05 | SEED:90
Directed Sensitivity: 0.1429
Directed Specificity: 0.7391
Directed Precision: 0.1429
Directed Recall: 0.1429
Undirected Sensitivity: 0.5714
Undirected Specificity: 0.6250
Undirected Precision: 0.5714
Undirected Recall: 0.5714
----------------------------------------
PERCENT:25 | ALPHA:0.05 | SEED:100
Directed Sensitivity: 0.8571
Directed Specificity: 0.7391
Directed Precision: 0.5000
Directed Recall: 0.8571
Undirected Sensitivity: 1.0000
Undirected Specificity: 0.3750
Undirected Precision: 0.5833
Undirected Recall: 1.0000
----------------------------------------
PERCENT:25 | ALPHA:0.05 | SEED:110
Directed Sensitivity: 0.8571
Directed Specificity: 0.8696
Directed Precision: 0.6667
Directed Recall: 0.8571
Undirected Sensitivity: 0.8571
Undirected Specificity: 0.6250
Undirected Precision: 0.6667
Undirected Recall: 0.8571
----------------------------------------
PERCENT:25 | ALPHA:0.05 | SEED:120
Directed Sensitivity: 0.2857
Directed Specificity: 0.7826
Directed Precision: 0.2857
Directed Recall: 0.2857
Undirected Sensitivity: 0.5714
Undirected Specificity: 0.6250
Undirected Precision: 0.5714
Undirected Recall: 0.5714
----------------------------------------
PERCENT:25 | ALPHA:0.05 | SEED:130
Directed Sensitivity: 0.7143
Directed Specificity: 0.8261
Directed Precision: 0.5556
Directed Recall: 0.7143
Undirected Sensitivity: 0.7143
Undirected Specificity: 0.5000
Undirected Precision: 0.5556
Undirected Recall: 0.7143
----------------------------------------
PERCENT:25 | ALPHA:0.05 | SEED:140
Directed Sensitivity: 0.5714
Directed Specificity: 0.7391
Directed Precision: 0.4000
Directed Recall: 0.5714
Undirected Sensitivity: 0.7143
Undirected Specificity: 0.3750
Undirected Precision: 0.5000
Undirected Recall: 0.7143
----------------------------------------
PERCENT:25 | ALPHA:0.05 | SEED:150
Directed Sensitivity: 0.5714
Directed Specificity: 0.7826
Directed Precision: 0.4444
Directed Recall: 0.5714
Undirected Sensitivity: 0.5714
Undirected Specificity: 0.3750
Undirected Precision: 0.4444
Undirected Recall: 0.5714
----------------------------------------
PERCENT:25 | ALPHA:0.05 | SEED:160
Directed Sensitivity: 0.2857
Directed Specificity: 0.6957
Directed Precision: 0.2222
Directed Recall: 0.2857
Undirected Sensitivity: 0.5714
Undirected Specificity: 0.3750
Undirected Precision: 0.4444
Undirected Recall: 0.5714
----------------------------------------
PERCENT:25 | ALPHA:0.05 | SEED:170
Directed Sensitivity: 0.7143
Directed Specificity: 0.6957
Directed Precision: 0.4167
Directed Recall: 0.7143
Undirected Sensitivity: 0.7143
Undirected Specificity: 0.1250
Undirected Precision: 0.4167
Undirected Recall: 0.7143
----------------------------------------
PERCENT:25 | ALPHA:0.05 | SEED:180
Directed Sensitivity: 0.4286
Directed Specificity: 0.7826
Directed Precision: 0.3750
Directed Recall: 0.4286
Undirected Sensitivity: 0.5714
Undirected Specificity: 0.5000
Undirected Precision: 0.5000
Undirected Recall: 0.5714
----------------------------------------
PERCENT:25 | ALPHA:0.05 | SEED:190
Directed Sensitivity: 0.8571
Directed Specificity: 0.8696
Directed Precision: 0.6667
Directed Recall: 0.8571
Undirected Sensitivity: 1.0000
Undirected Specificity: 0.7500
Undirected Precision: 0.7778
Undirected Recall: 1.0000
----------------------------------------
PERCENT:25 | ALPHA:0.05 | SEED:200
Directed Sensitivity: 0.4286
Directed Specificity: 0.8261
Directed Precision: 0.4286
Directed Recall: 0.4286
Undirected Sensitivity: 0.5714
Undirected Specificity: 0.6250
Undirected Precision: 0.5714
Undirected Recall: 0.5714
----------------------------------------
PERCENT:25 | ALPHA:0.05 | SEED:210
Directed Sensitivity: 0.2857
Directed Specificity: 0.7391
Directed Precision: 0.2500
Directed Recall: 0.2857
Undirected Sensitivity: 0.2857
Undirected Specificity: 0.2500
Undirected Precision: 0.2500
Undirected Recall: 0.2857
----------------------------------------
PERCENT:25 | ALPHA:0.05 | SEED:220
Directed Sensitivity: 0.4286
Directed Specificity: 0.6957
Directed Precision: 0.3000
Directed Recall: 0.4286
Undirected Sensitivity: 0.7143
Undirected Specificity: 0.3750
Undirected Precision: 0.5000
Undirected Recall: 0.7143
----------------------------------------
PERCENT:25 | ALPHA:0.05 | SEED:230
Directed Sensitivity: 0.4286
Directed Specificity: 0.7826
Directed Precision: 0.3750
Directed Recall: 0.4286
Undirected Sensitivity: 0.4286
Undirected Specificity: 0.3750
Undirected Precision: 0.3750
Undirected Recall: 0.4286
----------------------------------------
PERCENT:25 | ALPHA:0.05 | SEED:240
Directed Sensitivity: 0.4286
Directed Specificity: 0.8261
Directed Precision: 0.4286
Directed Recall: 0.4286
Undirected Sensitivity: 0.7143
Undirected Specificity: 0.7500
Undirected Precision: 0.7143
Undirected Recall: 0.7143
----------------------------------------
PERCENT:25 | ALPHA:0.05 | SEED:250
Directed Sensitivity: 0.7143
Directed Specificity: 0.6522
Directed Precision: 0.3846
Directed Recall: 0.7143
Undirected Sensitivity: 0.8571
Undirected Specificity: 0.1250
Undirected Precision: 0.4615
Undirected Recall: 0.8571
----------------------------------------
PERCENT:25 | ALPHA:0.05 | SEED:260
Directed Sensitivity: 0.2857
Directed Specificity: 0.7826
Directed Precision: 0.2857
Directed Recall: 0.2857
Undirected Sensitivity: 0.2857
Undirected Specificity: 0.3750
Undirected Precision: 0.2857
Undirected Recall: 0.2857
----------------------------------------
PERCENT:25 | ALPHA:0.05 | SEED:270
Directed Sensitivity: 0.5714
Directed Specificity: 0.8696
Directed Precision: 0.5714
Directed Recall: 0.5714
Undirected Sensitivity: 0.8571
Undirected Specificity: 0.8750
Undirected Precision: 0.8571
Undirected Recall: 0.8571
----------------------------------------
PERCENT:25 | ALPHA:0.05 | SEED:280
Directed Sensitivity: 0.4286
Directed Specificity: 0.6522
Directed Precision: 0.2727
Directed Recall: 0.4286
Undirected Sensitivity: 0.7143
Undirected Specificity: 0.2500
Undirected Precision: 0.4545
Undirected Recall: 0.7143
----------------------------------------
PERCENT:25 | ALPHA:0.05 | SEED:290
Directed Sensitivity: 0.4286
Directed Specificity: 0.8696
Directed Precision: 0.5000
Directed Recall: 0.4286
Undirected Sensitivity: 0.7143
Undirected Specificity: 0.8750
Undirected Precision: 0.8333
Undirected Recall: 0.7143
----------------------------------------
PERCENT:25 | ALPHA:0.05 | SEED:300
Directed Sensitivity: 0.4286
Directed Specificity: 0.7391
Directed Precision: 0.3333
Directed Recall: 0.4286
Undirected Sensitivity: 0.5714
Undirected Specificity: 0.3750
Undirected Precision: 0.4444
Undirected Recall: 0.5714
----------------------------------------
PERCENT:25 | ALPHA:0.1 | SEED:10
Directed Sensitivity: 0.1429
Directed Specificity: 0.7826
Directed Precision: 0.1667
Directed Recall: 0.1429
Undirected Sensitivity: 0.4286
Undirected Specificity: 0.6250
Undirected Precision: 0.5000
Undirected Recall: 0.4286
----------------------------------------
PERCENT:25 | ALPHA:0.1 | SEED:20
Directed Sensitivity: 0.5714
Directed Specificity: 0.7391
Directed Precision: 0.4000
Directed Recall: 0.5714
Undirected Sensitivity: 0.7143
Undirected Specificity: 0.3750
Undirected Precision: 0.5000
Undirected Recall: 0.7143
----------------------------------------
PERCENT:25 | ALPHA:0.1 | SEED:30
Directed Sensitivity: 0.8571
Directed Specificity: 0.8261
Directed Precision: 0.6000
Directed Recall: 0.8571
Undirected Sensitivity: 0.8571
Undirected Specificity: 0.5000
Undirected Precision: 0.6000
Undirected Recall: 0.8571
----------------------------------------
PERCENT:25 | ALPHA:0.1 | SEED:40
Directed Sensitivity: 0.1429
Directed Specificity: 0.7391
Directed Precision: 0.1429
Directed Recall: 0.1429
Undirected Sensitivity: 0.5714
Undirected Specificity: 0.6250
Undirected Precision: 0.5714
Undirected Recall: 0.5714
----------------------------------------
PERCENT:25 | ALPHA:0.1 | SEED:50
Directed Sensitivity: 0.5714
Directed Specificity: 0.7826
Directed Precision: 0.4444
Directed Recall: 0.5714
Undirected Sensitivity: 0.7143
Undirected Specificity: 0.5000
Undirected Precision: 0.5556
Undirected Recall: 0.7143
----------------------------------------
PERCENT:25 | ALPHA:0.1 | SEED:60
Directed Sensitivity: 0.4286
Directed Specificity: 0.7391
Directed Precision: 0.3333
Directed Recall: 0.4286
Undirected Sensitivity: 0.5714
Undirected Specificity: 0.3750
Undirected Precision: 0.4444
Undirected Recall: 0.5714
----------------------------------------
PERCENT:25 | ALPHA:0.1 | SEED:70
Directed Sensitivity: 0.7143
Directed Specificity: 0.7826
Directed Precision: 0.5000
Directed Recall: 0.7143
Undirected Sensitivity: 0.8571
Undirected Specificity: 0.5000
Undirected Precision: 0.6000
Undirected Recall: 0.8571
----------------------------------------
PERCENT:25 | ALPHA:0.1 | SEED:80
Directed Sensitivity: 0.7143
Directed Specificity: 0.8261
Directed Precision: 0.5556
Directed Recall: 0.7143
Undirected Sensitivity: 0.8571
Undirected Specificity: 0.6250
Undirected Precision: 0.6667
Undirected Recall: 0.8571
----------------------------------------
PERCENT:25 | ALPHA:0.1 | SEED:90
Directed Sensitivity: 0.4286
Directed Specificity: 0.7826
Directed Precision: 0.3750
Directed Recall: 0.4286
Undirected Sensitivity: 0.5714
Undirected Specificity: 0.5000
Undirected Precision: 0.5000
Undirected Recall: 0.5714
----------------------------------------
PERCENT:25 | ALPHA:0.1 | SEED:100
Directed Sensitivity: 0.4286
Directed Specificity: 0.6957
Directed Precision: 0.3000
Directed Recall: 0.4286
Undirected Sensitivity: 0.5714
Undirected Specificity: 0.2500
Undirected Precision: 0.4000
Undirected Recall: 0.5714
----------------------------------------
PERCENT:25 | ALPHA:0.1 | SEED:110
Directed Sensitivity: 0.4286
Directed Specificity: 0.6957
Directed Precision: 0.3000
Directed Recall: 0.4286
Undirected Sensitivity: 0.7143
Undirected Specificity: 0.3750
Undirected Precision: 0.5000
Undirected Recall: 0.7143
----------------------------------------
PERCENT:25 | ALPHA:0.1 | SEED:120
Directed Sensitivity: 0.5714
Directed Specificity: 0.7826
Directed Precision: 0.4444
Directed Recall: 0.5714
Undirected Sensitivity: 0.7143
Undirected Specificity: 0.5000
Undirected Precision: 0.5556
Undirected Recall: 0.7143
----------------------------------------
PERCENT:25 | ALPHA:0.1 | SEED:130
Directed Sensitivity: 0.7143
Directed Specificity: 0.8261
Directed Precision: 0.5556
Directed Recall: 0.7143
Undirected Sensitivity: 0.8571
Undirected Specificity: 0.6250
Undirected Precision: 0.6667
Undirected Recall: 0.8571
----------------------------------------
PERCENT:25 | ALPHA:0.1 | SEED:140
Directed Sensitivity: 0.8571
Directed Specificity: 0.6957
Directed Precision: 0.4615
Directed Recall: 0.8571
Undirected Sensitivity: 0.8571
Undirected Specificity: 0.1250
Undirected Precision: 0.4615
Undirected Recall: 0.8571
----------------------------------------
PERCENT:25 | ALPHA:0.1 | SEED:150
Directed Sensitivity: 0.7143
Directed Specificity: 0.8261
Directed Precision: 0.5556
Directed Recall: 0.7143
Undirected Sensitivity: 0.7143
Undirected Specificity: 0.5000
Undirected Precision: 0.5556
Undirected Recall: 0.7143
----------------------------------------
PERCENT:25 | ALPHA:0.1 | SEED:160
Directed Sensitivity: 0.2857
Directed Specificity: 0.6957
Directed Precision: 0.2222
Directed Recall: 0.2857
Undirected Sensitivity: 0.5714
Undirected Specificity: 0.3750
Undirected Precision: 0.4444
Undirected Recall: 0.5714
----------------------------------------
PERCENT:25 | ALPHA:0.1 | SEED:170
Directed Sensitivity: 0.5714
Directed Specificity: 0.7391
Directed Precision: 0.4000
Directed Recall: 0.5714
Undirected Sensitivity: 0.7143
Undirected Specificity: 0.3750
Undirected Precision: 0.5000
Undirected Recall: 0.7143
----------------------------------------
PERCENT:25 | ALPHA:0.1 | SEED:180
Directed Sensitivity: 0.2857
Directed Specificity: 0.7391
Directed Precision: 0.2500
Directed Recall: 0.2857
Undirected Sensitivity: 0.5714
Undirected Specificity: 0.5000
Undirected Precision: 0.5000
Undirected Recall: 0.5714
----------------------------------------
PERCENT:25 | ALPHA:0.1 | SEED:190
Directed Sensitivity: 0.7143
Directed Specificity: 0.6957
Directed Precision: 0.4167
Directed Recall: 0.7143
Undirected Sensitivity: 0.8571
Undirected Specificity: 0.2500
Undirected Precision: 0.5000
Undirected Recall: 0.8571
----------------------------------------
PERCENT:25 | ALPHA:0.1 | SEED:200
Directed Sensitivity: 0.1429
Directed Specificity: 0.7826
Directed Precision: 0.1667
Directed Recall: 0.1429
Undirected Sensitivity: 0.2857
Undirected Specificity: 0.5000
Undirected Precision: 0.3333
Undirected Recall: 0.2857
----------------------------------------
PERCENT:25 | ALPHA:0.1 | SEED:210
Directed Sensitivity: 0.5714
Directed Specificity: 0.8261
Directed Precision: 0.5000
Directed Recall: 0.5714
Undirected Sensitivity: 0.8571
Undirected Specificity: 0.7500
Undirected Precision: 0.7500
Undirected Recall: 0.8571
----------------------------------------
PERCENT:25 | ALPHA:0.1 | SEED:220
Directed Sensitivity: 0.5714
Directed Specificity: 0.7391
Directed Precision: 0.4000
Directed Recall: 0.5714
Undirected Sensitivity: 0.7143
Undirected Specificity: 0.3750
Undirected Precision: 0.5000
Undirected Recall: 0.7143
----------------------------------------
PERCENT:25 | ALPHA:0.1 | SEED:230
Directed Sensitivity: 0.5714
Directed Specificity: 0.6957
Directed Precision: 0.3636
Directed Recall: 0.5714
Undirected Sensitivity: 0.7143
Undirected Specificity: 0.2500
Undirected Precision: 0.4545
Undirected Recall: 0.7143
----------------------------------------
PERCENT:25 | ALPHA:0.1 | SEED:240
Directed Sensitivity: 0.4286
Directed Specificity: 0.7391
Directed Precision: 0.3333
Directed Recall: 0.4286
Undirected Sensitivity: 0.4286
Undirected Specificity: 0.2500
Undirected Precision: 0.3333
Undirected Recall: 0.4286
----------------------------------------
PERCENT:25 | ALPHA:0.1 | SEED:250
Directed Sensitivity: 1.0000
Directed Specificity: 0.8696
Directed Precision: 0.7000
Directed Recall: 1.0000
Undirected Sensitivity: 1.0000
Undirected Specificity: 0.6250
Undirected Precision: 0.7000
Undirected Recall: 1.0000
----------------------------------------
PERCENT:25 | ALPHA:0.1 | SEED:260
Directed Sensitivity: 0.4286
Directed Specificity: 0.7826
Directed Precision: 0.3750
Directed Recall: 0.4286
Undirected Sensitivity: 0.7143
Undirected Specificity: 0.6250
Undirected Precision: 0.6250
Undirected Recall: 0.7143
----------------------------------------
PERCENT:25 | ALPHA:0.1 | SEED:270
Directed Sensitivity: 0.5714
Directed Specificity: 0.7826
Directed Precision: 0.4444
Directed Recall: 0.5714
Undirected Sensitivity: 0.5714
Undirected Specificity: 0.3750
Undirected Precision: 0.4444
Undirected Recall: 0.5714
----------------------------------------
PERCENT:25 | ALPHA:0.1 | SEED:280
Directed Sensitivity: 0.8571
Directed Specificity: 0.7826
Directed Precision: 0.5455
Directed Recall: 0.8571
Undirected Sensitivity: 1.0000
Undirected Specificity: 0.5000
Undirected Precision: 0.6364
Undirected Recall: 1.0000
----------------------------------------
PERCENT:25 | ALPHA:0.1 | SEED:290
Directed Sensitivity: 0.2857
Directed Specificity: 0.6957
Directed Precision: 0.2222
Directed Recall: 0.2857
Undirected Sensitivity: 0.8571
Undirected Specificity: 0.6250
Undirected Precision: 0.6667
Undirected Recall: 0.8571
----------------------------------------
PERCENT:25 | ALPHA:0.1 | SEED:300
Directed Sensitivity: 0.1429
Directed Specificity: 0.7826
Directed Precision: 0.1667
Directed Recall: 0.1429
Undirected Sensitivity: 0.4286
Undirected Specificity: 0.6250
Undirected Precision: 0.5000
Undirected Recall: 0.4286
----------------------------------------
PERCENT:25 | ALPHA:0.2 | SEED:10
Directed Sensitivity: 0.4286
Directed Specificity: 0.7391
Directed Precision: 0.3333
Directed Recall: 0.4286
Undirected Sensitivity: 0.5714
Undirected Specificity: 0.3750
Undirected Precision: 0.4444
Undirected Recall: 0.5714
----------------------------------------
PERCENT:25 | ALPHA:0.2 | SEED:20
Directed Sensitivity: 0.5714
Directed Specificity: 0.6957
Directed Precision: 0.3636
Directed Recall: 0.5714
Undirected Sensitivity: 0.8571
Undirected Specificity: 0.3750
Undirected Precision: 0.5455
Undirected Recall: 0.8571
----------------------------------------
PERCENT:25 | ALPHA:0.2 | SEED:30
Directed Sensitivity: 0.7143
Directed Specificity: 0.7826
Directed Precision: 0.5000
Directed Recall: 0.7143
Undirected Sensitivity: 0.8571
Undirected Specificity: 0.5000
Undirected Precision: 0.6000
Undirected Recall: 0.8571
----------------------------------------
PERCENT:25 | ALPHA:0.2 | SEED:40
Directed Sensitivity: 0.4286
Directed Specificity: 0.7391
Directed Precision: 0.3333
Directed Recall: 0.4286
Undirected Sensitivity: 0.5714
Undirected Specificity: 0.3750
Undirected Precision: 0.4444
Undirected Recall: 0.5714
----------------------------------------
PERCENT:25 | ALPHA:0.2 | SEED:50
Directed Sensitivity: 0.2857
Directed Specificity: 0.7826
Directed Precision: 0.2857
Directed Recall: 0.2857
Undirected Sensitivity: 0.5714
Undirected Specificity: 0.6250
Undirected Precision: 0.5714
Undirected Recall: 0.5714
----------------------------------------
PERCENT:25 | ALPHA:0.2 | SEED:60
Directed Sensitivity: 0.4286
Directed Specificity: 0.8261
Directed Precision: 0.4286
Directed Recall: 0.4286
Undirected Sensitivity: 0.7143
Undirected Specificity: 0.7500
Undirected Precision: 0.7143
Undirected Recall: 0.7143
----------------------------------------
PERCENT:25 | ALPHA:0.2 | SEED:70
Directed Sensitivity: 0.2857
Directed Specificity: 0.7826
Directed Precision: 0.2857
Directed Recall: 0.2857
Undirected Sensitivity: 0.5714
Undirected Specificity: 0.6250
Undirected Precision: 0.5714
Undirected Recall: 0.5714
----------------------------------------
PERCENT:25 | ALPHA:0.2 | SEED:80
Directed Sensitivity: 0.5714
Directed Specificity: 0.8696
Directed Precision: 0.5714
Directed Recall: 0.5714
Undirected Sensitivity: 0.5714
Undirected Specificity: 0.6250
Undirected Precision: 0.5714
Undirected Recall: 0.5714
----------------------------------------
PERCENT:25 | ALPHA:0.2 | SEED:90
Directed Sensitivity: 0.5714
Directed Specificity: 0.7826
Directed Precision: 0.4444
Directed Recall: 0.5714
Undirected Sensitivity: 0.7143
Undirected Specificity: 0.5000
Undirected Precision: 0.5556
Undirected Recall: 0.7143
----------------------------------------
PERCENT:25 | ALPHA:0.2 | SEED:100
Directed Sensitivity: 0.5714
Directed Specificity: 0.7826
Directed Precision: 0.4444
Directed Recall: 0.5714
Undirected Sensitivity: 0.5714
Undirected Specificity: 0.3750
Undirected Precision: 0.4444
Undirected Recall: 0.5714
----------------------------------------
PERCENT:25 | ALPHA:0.2 | SEED:110
Directed Sensitivity: 0.4286
Directed Specificity: 0.7391
Directed Precision: 0.3333
Directed Recall: 0.4286
Undirected Sensitivity: 0.5714
Undirected Specificity: 0.3750
Undirected Precision: 0.4444
Undirected Recall: 0.5714
----------------------------------------
PERCENT:25 | ALPHA:0.2 | SEED:120
Directed Sensitivity: 0.2857
Directed Specificity: 0.6957
Directed Precision: 0.2222
Directed Recall: 0.2857
Undirected Sensitivity: 0.8571
Undirected Specificity: 0.6250
Undirected Precision: 0.6667
Undirected Recall: 0.8571
----------------------------------------
PERCENT:25 | ALPHA:0.2 | SEED:130
Directed Sensitivity: 0.7143
Directed Specificity: 0.8261
Directed Precision: 0.5556
Directed Recall: 0.7143
Undirected Sensitivity: 0.8571
Undirected Specificity: 0.6250
Undirected Precision: 0.6667
Undirected Recall: 0.8571
----------------------------------------
PERCENT:25 | ALPHA:0.2 | SEED:140
Directed Sensitivity: 0.7143
Directed Specificity: 0.7391
Directed Precision: 0.4545
Directed Recall: 0.7143
Undirected Sensitivity: 0.8571
Undirected Specificity: 0.3750
Undirected Precision: 0.5455
Undirected Recall: 0.8571
----------------------------------------
PERCENT:25 | ALPHA:0.2 | SEED:150
Directed Sensitivity: 0.2857
Directed Specificity: 0.7826
Directed Precision: 0.2857
Directed Recall: 0.2857
Undirected Sensitivity: 0.5714
Undirected Specificity: 0.6250
Undirected Precision: 0.5714
Undirected Recall: 0.5714
----------------------------------------
PERCENT:25 | ALPHA:0.2 | SEED:160
Directed Sensitivity: 0.4286
Directed Specificity: 0.7391
Directed Precision: 0.3333
Directed Recall: 0.4286
Undirected Sensitivity: 0.5714
Undirected Specificity: 0.3750
Undirected Precision: 0.4444
Undirected Recall: 0.5714
----------------------------------------
PERCENT:25 | ALPHA:0.2 | SEED:170
Directed Sensitivity: 0.5714
Directed Specificity: 0.6957
Directed Precision: 0.3636
Directed Recall: 0.5714
Undirected Sensitivity: 0.8571
Undirected Specificity: 0.3750
Undirected Precision: 0.5455
Undirected Recall: 0.8571
----------------------------------------
PERCENT:25 | ALPHA:0.2 | SEED:180
Directed Sensitivity: 1.0000
Directed Specificity: 0.7826
Directed Precision: 0.5833
Directed Recall: 1.0000
Undirected Sensitivity: 1.0000
Undirected Specificity: 0.3750
Undirected Precision: 0.5833
Undirected Recall: 1.0000
----------------------------------------
PERCENT:25 | ALPHA:0.2 | SEED:190
Directed Sensitivity: 0.5714
Directed Specificity: 0.8261
Directed Precision: 0.5000
Directed Recall: 0.5714
Undirected Sensitivity: 0.7143
Undirected Specificity: 0.6250
Undirected Precision: 0.6250
Undirected Recall: 0.7143
----------------------------------------
PERCENT:25 | ALPHA:0.2 | SEED:200
Directed Sensitivity: 0.4286
Directed Specificity: 0.7826
Directed Precision: 0.3750
Directed Recall: 0.4286
Undirected Sensitivity: 0.4286
Undirected Specificity: 0.3750
Undirected Precision: 0.3750
Undirected Recall: 0.4286
----------------------------------------
PERCENT:25 | ALPHA:0.2 | SEED:210
Directed Sensitivity: 0.8571
Directed Specificity: 0.7826
Directed Precision: 0.5455
Directed Recall: 0.8571
Undirected Sensitivity: 0.8571
Undirected Specificity: 0.3750
Undirected Precision: 0.5455
Undirected Recall: 0.8571
----------------------------------------
PERCENT:25 | ALPHA:0.2 | SEED:220
Directed Sensitivity: 0.2857
Directed Specificity: 0.6957
Directed Precision: 0.2222
Directed Recall: 0.2857
Undirected Sensitivity: 0.5714
Undirected Specificity: 0.3750
Undirected Precision: 0.4444
Undirected Recall: 0.5714
----------------------------------------
PERCENT:25 | ALPHA:0.2 | SEED:230
Directed Sensitivity: 0.4286
Directed Specificity: 0.7826
Directed Precision: 0.3750
Directed Recall: 0.4286
Undirected Sensitivity: 0.7143
Undirected Specificity: 0.6250
Undirected Precision: 0.6250
Undirected Recall: 0.7143
----------------------------------------
PERCENT:25 | ALPHA:0.2 | SEED:240
Directed Sensitivity: 0.4286
Directed Specificity: 0.8261
Directed Precision: 0.4286
Directed Recall: 0.4286
Undirected Sensitivity: 0.4286
Undirected Specificity: 0.5000
Undirected Precision: 0.4286
Undirected Recall: 0.4286
----------------------------------------
PERCENT:25 | ALPHA:0.2 | SEED:250
Directed Sensitivity: 0.5714
Directed Specificity: 0.8261
Directed Precision: 0.5000
Directed Recall: 0.5714
Undirected Sensitivity: 0.7143
Undirected Specificity: 0.6250
Undirected Precision: 0.6250
Undirected Recall: 0.7143
----------------------------------------
PERCENT:25 | ALPHA:0.2 | SEED:260
Directed Sensitivity: 0.5714
Directed Specificity: 0.9130
Directed Precision: 0.6667
Directed Recall: 0.5714
Undirected Sensitivity: 0.5714
Undirected Specificity: 0.7500
Undirected Precision: 0.6667
Undirected Recall: 0.5714
----------------------------------------
PERCENT:25 | ALPHA:0.2 | SEED:270
Directed Sensitivity: 0.5714
Directed Specificity: 0.8696
Directed Precision: 0.5714
Directed Recall: 0.5714
Undirected Sensitivity: 0.7143
Undirected Specificity: 0.7500
Undirected Precision: 0.7143
Undirected Recall: 0.7143
----------------------------------------
PERCENT:25 | ALPHA:0.2 | SEED:280
Directed Sensitivity: 0.8571
Directed Specificity: 0.7826
Directed Precision: 0.5455
Directed Recall: 0.8571
Undirected Sensitivity: 1.0000
Undirected Specificity: 0.5000
Undirected Precision: 0.6364
Undirected Recall: 1.0000
----------------------------------------
PERCENT:25 | ALPHA:0.2 | SEED:290
Directed Sensitivity: 0.4286
Directed Specificity: 0.9130
Directed Precision: 0.6000
Directed Recall: 0.4286
Undirected Sensitivity: 0.4286
Undirected Specificity: 0.7500
Undirected Precision: 0.6000
Undirected Recall: 0.4286
----------------------------------------
PERCENT:25 | ALPHA:0.2 | SEED:300
Directed Sensitivity: 0.4286
Directed Specificity: 0.6957
Directed Precision: 0.3000
Directed Recall: 0.4286
Undirected Sensitivity: 0.7143
Undirected Specificity: 0.3750
Undirected Precision: 0.5000
Undirected Recall: 0.7143
----------------------------------------
