PERCENT:10 | ALPHA:0.01 | SEED:10
Directed Sensitivity: 0.3478
Directed Specificity: 0.7706
Directed Precision: 0.2424
Directed Recall: 0.3478
Undirected Sensitivity: 0.6087
Undirected Specificity: 0.5581
Undirected Precision: 0.4242
Undirected Recall: 0.6087
----------------------------------------
PERCENT:10 | ALPHA:0.01 | SEED:20
Directed Sensitivity: 0.3478
Directed Specificity: 0.8349
Directed Precision: 0.3077
Directed Recall: 0.3478
Undirected Sensitivity: 0.4783
Undirected Specificity: 0.6512
Undirected Precision: 0.4231
Undirected Recall: 0.4783
----------------------------------------
PERCENT:10 | ALPHA:0.01 | SEED:30
Directed Sensitivity: 0.3478
Directed Specificity: 0.7798
Directed Precision: 0.2500
Directed Recall: 0.3478
Undirected Sensitivity: 0.5217
Undirected Specificity: 0.5349
Undirected Precision: 0.3750
Undirected Recall: 0.5217
----------------------------------------
PERCENT:10 | ALPHA:0.01 | SEED:40
Directed Sensitivity: 0.2609
Directed Specificity: 0.8349
Directed Precision: 0.2500
Directed Recall: 0.2609
Undirected Sensitivity: 0.3913
Undirected Specificity: 0.6512
Undirected Precision: 0.3750
Undirected Recall: 0.3913
----------------------------------------
PERCENT:10 | ALPHA:0.01 | SEED:50
Directed Sensitivity: 0.2174
Directed Specificity: 0.7798
Directed Precision: 0.1724
Directed Recall: 0.2174
Undirected Sensitivity: 0.4348
Undirected Specificity: 0.5581
Undirected Precision: 0.3448
Undirected Recall: 0.4348
----------------------------------------
PERCENT:10 | ALPHA:0.01 | SEED:60
Directed Sensitivity: 0.4348
Directed Specificity: 0.8165
Directed Precision: 0.3333
Directed Recall: 0.4348
Undirected Sensitivity: 0.5217
Undirected Specificity: 0.5814
Undirected Precision: 0.4000
Undirected Recall: 0.5217
----------------------------------------
PERCENT:10 | ALPHA:0.01 | SEED:70
Directed Sensitivity: 0.2609
Directed Specificity: 0.8349
Directed Precision: 0.2500
Directed Recall: 0.2609
Undirected Sensitivity: 0.3913
Undirected Specificity: 0.6512
Undirected Precision: 0.3750
Undirected Recall: 0.3913
----------------------------------------
PERCENT:10 | ALPHA:0.01 | SEED:80
Directed Sensitivity: 0.2609
Directed Specificity: 0.8257
Directed Precision: 0.2400
Directed Recall: 0.2609
Undirected Sensitivity: 0.4783
Undirected Specificity: 0.6744
Undirected Precision: 0.4400
Undirected Recall: 0.4783
----------------------------------------
PERCENT:10 | ALPHA:0.01 | SEED:90
Directed Sensitivity: 0.3478
Directed Specificity: 0.7339
Directed Precision: 0.2162
Directed Recall: 0.3478
Undirected Sensitivity: 0.5217
Undirected Specificity: 0.4186
Undirected Precision: 0.3243
Undirected Recall: 0.5217
----------------------------------------
PERCENT:10 | ALPHA:0.01 | SEED:100
Directed Sensitivity: 0.3913
Directed Specificity: 0.7798
Directed Precision: 0.2727
Directed Recall: 0.3913
Undirected Sensitivity: 0.5217
Undirected Specificity: 0.5116
Undirected Precision: 0.3636
Undirected Recall: 0.5217
----------------------------------------
PERCENT:10 | ALPHA:0.01 | SEED:110
Directed Sensitivity: 0.5217
Directed Specificity: 0.7706
Directed Precision: 0.3243
Directed Recall: 0.5217
Undirected Sensitivity: 0.6087
Undirected Specificity: 0.4651
Undirected Precision: 0.3784
Undirected Recall: 0.6087
----------------------------------------
PERCENT:10 | ALPHA:0.01 | SEED:120
Directed Sensitivity: 0.3043
Directed Specificity: 0.7523
Directed Precision: 0.2059
Directed Recall: 0.3043
Undirected Sensitivity: 0.5652
Undirected Specificity: 0.5116
Undirected Precision: 0.3824
Undirected Recall: 0.5652
----------------------------------------
PERCENT:10 | ALPHA:0.01 | SEED:130
Directed Sensitivity: 0.3043
Directed Specificity: 0.8257
Directed Precision: 0.2692
Directed Recall: 0.3043
Undirected Sensitivity: 0.5217
Undirected Specificity: 0.6744
Undirected Precision: 0.4615
Undirected Recall: 0.5217
----------------------------------------
PERCENT:10 | ALPHA:0.01 | SEED:140
Directed Sensitivity: 0.6087
Directed Specificity: 0.8073
Directed Precision: 0.4000
Directed Recall: 0.6087
Undirected Sensitivity: 0.8261
Undirected Specificity: 0.6279
Undirected Precision: 0.5429
Undirected Recall: 0.8261
----------------------------------------
PERCENT:10 | ALPHA:0.01 | SEED:150
Directed Sensitivity: 0.2609
Directed Specificity: 0.8165
Directed Precision: 0.2308
Directed Recall: 0.2609
Undirected Sensitivity: 0.3043
Undirected Specificity: 0.5581
Undirected Precision: 0.2692
Undirected Recall: 0.3043
----------------------------------------
PERCENT:10 | ALPHA:0.01 | SEED:160
Directed Sensitivity: 0.3913
Directed Specificity: 0.7798
Directed Precision: 0.2727
Directed Recall: 0.3913
Undirected Sensitivity: 0.6522
Undirected Specificity: 0.5814
Undirected Precision: 0.4545
Undirected Recall: 0.6522
----------------------------------------
PERCENT:10 | ALPHA:0.01 | SEED:170
Directed Sensitivity: 0.2609
Directed Specificity: 0.8257
Directed Precision: 0.2400
Directed Recall: 0.2609
Undirected Sensitivity: 0.3478
Undirected Specificity: 0.6047
Undirected Precision: 0.3200
Undirected Recall: 0.3478
----------------------------------------
PERCENT:10 | ALPHA:0.01 | SEED:180
Directed Sensitivity: 0.3043
Directed Specificity: 0.8073
Directed Precision: 0.2500
Directed Recall: 0.3043
Undirected Sensitivity: 0.4348
Undirected Specificity: 0.5814
Undirected Precision: 0.3571
Undirected Recall: 0.4348
----------------------------------------
PERCENT:10 | ALPHA:0.01 | SEED:190
Directed Sensitivity: 0.4348
Directed Specificity: 0.7982
Directed Precision: 0.3125
Directed Recall: 0.4348
Undirected Sensitivity: 0.6522
Undirected Specificity: 0.6047
Undirected Precision: 0.4688
Undirected Recall: 0.6522
----------------------------------------
PERCENT:10 | ALPHA:0.01 | SEED:200
Directed Sensitivity: 0.2609
Directed Specificity: 0.8165
Directed Precision: 0.2308
Directed Recall: 0.2609
Undirected Sensitivity: 0.4348
Undirected Specificity: 0.6279
Undirected Precision: 0.3846
Undirected Recall: 0.4348
----------------------------------------
PERCENT:10 | ALPHA:0.01 | SEED:210
Directed Sensitivity: 0.3043
Directed Specificity: 0.7798
Directed Precision: 0.2258
Directed Recall: 0.3043
Undirected Sensitivity: 0.4348
Undirected Specificity: 0.5116
Undirected Precision: 0.3226
Undirected Recall: 0.4348
----------------------------------------
PERCENT:10 | ALPHA:0.01 | SEED:220
Directed Sensitivity: 0.2174
Directed Specificity: 0.7523
Directed Precision: 0.1562
Directed Recall: 0.2174
Undirected Sensitivity: 0.4348
Undirected Specificity: 0.4884
Undirected Precision: 0.3125
Undirected Recall: 0.4348
----------------------------------------
PERCENT:10 | ALPHA:0.01 | SEED:230
Directed Sensitivity: 0.3478
Directed Specificity: 0.8165
Directed Precision: 0.2857
Directed Recall: 0.3478
Undirected Sensitivity: 0.5217
Undirected Specificity: 0.6279
Undirected Precision: 0.4286
Undirected Recall: 0.5217
----------------------------------------
PERCENT:10 | ALPHA:0.01 | SEED:240
Directed Sensitivity: 0.4348
Directed Specificity: 0.7706
Directed Precision: 0.2857
Directed Recall: 0.4348
Undirected Sensitivity: 0.6957
Undirected Specificity: 0.5581
Undirected Precision: 0.4571
Undirected Recall: 0.6957
----------------------------------------
PERCENT:10 | ALPHA:0.01 | SEED:250
Directed Sensitivity: 0.3043
Directed Specificity: 0.7706
Directed Precision: 0.2188
Directed Recall: 0.3043
Undirected Sensitivity: 0.4783
Undirected Specificity: 0.5116
Undirected Precision: 0.3438
Undirected Recall: 0.4783
----------------------------------------
PERCENT:10 | ALPHA:0.01 | SEED:260
Directed Sensitivity: 0.3913
Directed Specificity: 0.8716
Directed Precision: 0.3913
Directed Recall: 0.3913
Undirected Sensitivity: 0.5217
Undirected Specificity: 0.7442
Undirected Precision: 0.5217
Undirected Recall: 0.5217
----------------------------------------
PERCENT:10 | ALPHA:0.01 | SEED:270
Directed Sensitivity: 0.5217
Directed Specificity: 0.8165
Directed Precision: 0.3750
Directed Recall: 0.5217
Undirected Sensitivity: 0.6087
Undirected Specificity: 0.5814
Undirected Precision: 0.4375
Undirected Recall: 0.6087
----------------------------------------
PERCENT:10 | ALPHA:0.01 | SEED:280
Directed Sensitivity: 0.3478
Directed Specificity: 0.8440
Directed Precision: 0.3200
Directed Recall: 0.3478
Undirected Sensitivity: 0.4783
Undirected Specificity: 0.6744
Undirected Precision: 0.4400
Undirected Recall: 0.4783
----------------------------------------
PERCENT:10 | ALPHA:0.01 | SEED:290
Directed Sensitivity: 0.3478
Directed Specificity: 0.7798
Directed Precision: 0.2500
Directed Recall: 0.3478
Undirected Sensitivity: 0.5652
Undirected Specificity: 0.5581
Undirected Precision: 0.4062
Undirected Recall: 0.5652
----------------------------------------
PERCENT:10 | ALPHA:0.01 | SEED:300
Directed Sensitivity: 0.6087
Directed Specificity: 0.8073
Directed Precision: 0.4000
Directed Recall: 0.6087
Undirected Sensitivity: 0.6522
Undirected Specificity: 0.5349
Undirected Precision: 0.4286
Undirected Recall: 0.6522
----------------------------------------
PERCENT:10 | ALPHA:0.05 | SEED:10
Directed Sensitivity: 0.1739
Directed Specificity: 0.7798
Directed Precision: 0.1429
Directed Recall: 0.1739
Undirected Sensitivity: 0.4348
Undirected Specificity: 0.5814
Undirected Precision: 0.3571
Undirected Recall: 0.4348
----------------------------------------
PERCENT:10 | ALPHA:0.05 | SEED:20
Directed Sensitivity: 0.3478
Directed Specificity: 0.8440
Directed Precision: 0.3200
Directed Recall: 0.3478
Undirected Sensitivity: 0.4783
Undirected Specificity: 0.6744
Undirected Precision: 0.4400
Undirected Recall: 0.4783
----------------------------------------
PERCENT:10 | ALPHA:0.05 | SEED:30
Directed Sensitivity: 0.3913
Directed Specificity: 0.7615
Directed Precision: 0.2571
Directed Recall: 0.3913
Undirected Sensitivity: 0.5217
Undirected Specificity: 0.4651
Undirected Precision: 0.3429
Undirected Recall: 0.5217
----------------------------------------
PERCENT:10 | ALPHA:0.05 | SEED:40
Directed Sensitivity: 0.3043
Directed Specificity: 0.7982
Directed Precision: 0.2414
Directed Recall: 0.3043
Undirected Sensitivity: 0.4348
Undirected Specificity: 0.5581
Undirected Precision: 0.3448
Undirected Recall: 0.4348
----------------------------------------
PERCENT:10 | ALPHA:0.05 | SEED:50
Directed Sensitivity: 0.3043
Directed Specificity: 0.8257
Directed Precision: 0.2692
Directed Recall: 0.3043
Undirected Sensitivity: 0.3478
Undirected Specificity: 0.5814
Undirected Precision: 0.3077
Undirected Recall: 0.3478
----------------------------------------
PERCENT:10 | ALPHA:0.05 | SEED:60
Directed Sensitivity: 0.5652
Directed Specificity: 0.7431
Directed Precision: 0.3171
Directed Recall: 0.5652
Undirected Sensitivity: 0.6957
Undirected Specificity: 0.4186
Undirected Precision: 0.3902
Undirected Recall: 0.6957
----------------------------------------
PERCENT:10 | ALPHA:0.05 | SEED:70
Directed Sensitivity: 0.2609
Directed Specificity: 0.8349
Directed Precision: 0.2500
Directed Recall: 0.2609
Undirected Sensitivity: 0.3913
Undirected Specificity: 0.6512
Undirected Precision: 0.3750
Undirected Recall: 0.3913
----------------------------------------
PERCENT:10 | ALPHA:0.05 | SEED:80
Directed Sensitivity: 0.3043
Directed Specificity: 0.8257
Directed Precision: 0.2692
Directed Recall: 0.3043
Undirected Sensitivity: 0.4348
Undirected Specificity: 0.6279
Undirected Precision: 0.3846
Undirected Recall: 0.4348
----------------------------------------
PERCENT:10 | ALPHA:0.05 | SEED:90
Directed Sensitivity: 0.2609
Directed Specificity: 0.7798
Directed Precision: 0.2000
Directed Recall: 0.2609
Undirected Sensitivity: 0.4348
Undirected Specificity: 0.5349
Undirected Precision: 0.3333
Undirected Recall: 0.4348
----------------------------------------
PERCENT:10 | ALPHA:0.05 | SEED:100
Directed Sensitivity: 0.3478
Directed Specificity: 0.8073
Directed Precision: 0.2759
Directed Recall: 0.3478
Undirected Sensitivity: 0.4348
Undirected Specificity: 0.5581
Undirected Precision: 0.3448
Undirected Recall: 0.4348
----------------------------------------
PERCENT:10 | ALPHA:0.05 | SEED:110
Directed Sensitivity: 0.4348
Directed Specificity: 0.7706
Directed Precision: 0.2857
Directed Recall: 0.4348
Undirected Sensitivity: 0.5217
Undirected Specificity: 0.4651
Undirected Precision: 0.3429
Undirected Recall: 0.5217
----------------------------------------
PERCENT:10 | ALPHA:0.05 | SEED:120
Directed Sensitivity: 0.3043
Directed Specificity: 0.7523
Directed Precision: 0.2059
Directed Recall: 0.3043
Undirected Sensitivity: 0.6087
Undirected Specificity: 0.5349
Undirected Precision: 0.4118
Undirected Recall: 0.6087
----------------------------------------
PERCENT:10 | ALPHA:0.05 | SEED:130
Directed Sensitivity: 0.2609
Directed Specificity: 0.8440
Directed Precision: 0.2609
Directed Recall: 0.2609
Undirected Sensitivity: 0.5217
Undirected Specificity: 0.7442
Undirected Precision: 0.5217
Undirected Recall: 0.5217
----------------------------------------
PERCENT:10 | ALPHA:0.05 | SEED:140
Directed Sensitivity: 0.4783
Directed Specificity: 0.7982
Directed Precision: 0.3333
Directed Recall: 0.4783
Undirected Sensitivity: 0.6087
Undirected Specificity: 0.5581
Undirected Precision: 0.4242
Undirected Recall: 0.6087
----------------------------------------
PERCENT:10 | ALPHA:0.05 | SEED:150
Directed Sensitivity: 0.1304
Directed Specificity: 0.8532
Directed Precision: 0.1579
Directed Recall: 0.1304
Undirected Sensitivity: 0.3478
Undirected Specificity: 0.7442
Undirected Precision: 0.4211
Undirected Recall: 0.3478
----------------------------------------
PERCENT:10 | ALPHA:0.05 | SEED:160
Directed Sensitivity: 0.2609
Directed Specificity: 0.7523
Directed Precision: 0.1818
Directed Recall: 0.2609
Undirected Sensitivity: 0.5652
Undirected Specificity: 0.5349
Undirected Precision: 0.3939
Undirected Recall: 0.5652
----------------------------------------
PERCENT:10 | ALPHA:0.05 | SEED:170
Directed Sensitivity: 0.2174
Directed Specificity: 0.8257
Directed Precision: 0.2083
Directed Recall: 0.2174
Undirected Sensitivity: 0.4348
Undirected Specificity: 0.6744
Undirected Precision: 0.4167
Undirected Recall: 0.4348
----------------------------------------
PERCENT:10 | ALPHA:0.05 | SEED:180
Directed Sensitivity: 0.3478
Directed Specificity: 0.8440
Directed Precision: 0.3200
Directed Recall: 0.3478
Undirected Sensitivity: 0.3913
Undirected Specificity: 0.6279
Undirected Precision: 0.3600
Undirected Recall: 0.3913
----------------------------------------
PERCENT:10 | ALPHA:0.05 | SEED:190
Directed Sensitivity: 0.3913
Directed Specificity: 0.7982
Directed Precision: 0.2903
Directed Recall: 0.3913
Undirected Sensitivity: 0.6957
Undirected Specificity: 0.6512
Undirected Precision: 0.5161
Undirected Recall: 0.6957
----------------------------------------
PERCENT:10 | ALPHA:0.05 | SEED:200
Directed Sensitivity: 0.3478
Directed Specificity: 0.7890
Directed Precision: 0.2581
Directed Recall: 0.3478
Undirected Sensitivity: 0.4783
Undirected Specificity: 0.5349
Undirected Precision: 0.3548
Undirected Recall: 0.4783
----------------------------------------
PERCENT:10 | ALPHA:0.05 | SEED:210
Directed Sensitivity: 0.4783
Directed Specificity: 0.7798
Directed Precision: 0.3143
Directed Recall: 0.4783
Undirected Sensitivity: 0.6087
Undirected Specificity: 0.5116
Undirected Precision: 0.4000
Undirected Recall: 0.6087
----------------------------------------
PERCENT:10 | ALPHA:0.05 | SEED:220
Directed Sensitivity: 0.1739
Directed Specificity: 0.7156
Directed Precision: 0.1143
Directed Recall: 0.1739
Undirected Sensitivity: 0.5652
Undirected Specificity: 0.4884
Undirected Precision: 0.3714
Undirected Recall: 0.5652
----------------------------------------
PERCENT:10 | ALPHA:0.05 | SEED:230
Directed Sensitivity: 0.2174
Directed Specificity: 0.7890
Directed Precision: 0.1786
Directed Recall: 0.2174
Undirected Sensitivity: 0.4348
Undirected Specificity: 0.5814
Undirected Precision: 0.3571
Undirected Recall: 0.4348
----------------------------------------
PERCENT:10 | ALPHA:0.05 | SEED:240
Directed Sensitivity: 0.4348
Directed Specificity: 0.7890
Directed Precision: 0.3030
Directed Recall: 0.4348
Undirected Sensitivity: 0.6957
Undirected Specificity: 0.6047
Undirected Precision: 0.4848
Undirected Recall: 0.6957
----------------------------------------
PERCENT:10 | ALPHA:0.05 | SEED:250
Directed Sensitivity: 0.2609
Directed Specificity: 0.7798
Directed Precision: 0.2000
Directed Recall: 0.2609
Undirected Sensitivity: 0.4348
Undirected Specificity: 0.5349
Undirected Precision: 0.3333
Undirected Recall: 0.4348
----------------------------------------
PERCENT:10 | ALPHA:0.05 | SEED:260
Directed Sensitivity: 0.2609
Directed Specificity: 0.8349
Directed Precision: 0.2500
Directed Recall: 0.2609
Undirected Sensitivity: 0.3913
Undirected Specificity: 0.6512
Undirected Precision: 0.3750
Undirected Recall: 0.3913
----------------------------------------
PERCENT:10 | ALPHA:0.05 | SEED:270
Directed Sensitivity: 0.2609
Directed Specificity: 0.7982
Directed Precision: 0.2143
Directed Recall: 0.2609
Undirected Sensitivity: 0.4348
Undirected Specificity: 0.5814
Undirected Precision: 0.3571
Undirected Recall: 0.4348
----------------------------------------
PERCENT:10 | ALPHA:0.05 | SEED:280
Directed Sensitivity: 0.3478
Directed Specificity: 0.7982
Directed Precision: 0.2667
Directed Recall: 0.3478
Undirected Sensitivity: 0.5652
Undirected Specificity: 0.6047
Undirected Precision: 0.4333
Undirected Recall: 0.5652
----------------------------------------
PERCENT:10 | ALPHA:0.05 | SEED:290
Directed Sensitivity: 0.2609
Directed Specificity: 0.7431
Directed Precision: 0.1765
Directed Recall: 0.2609
Undirected Sensitivity: 0.5217
Undirected Specificity: 0.4884
Undirected Precision: 0.3529
Undirected Recall: 0.5217
----------------------------------------
PERCENT:10 | ALPHA:0.05 | SEED:300
Directed Sensitivity: 0.6087
Directed Specificity: 0.8073
Directed Precision: 0.4000
Directed Recall: 0.6087
Undirected Sensitivity: 0.6522
Undirected Specificity: 0.5349
Undirected Precision: 0.4286
Undirected Recall: 0.6522
----------------------------------------
PERCENT:10 | ALPHA:0.1 | SEED:10
Directed Sensitivity: 0.2609
Directed Specificity: 0.7798
Directed Precision: 0.2000
Directed Recall: 0.2609
Undirected Sensitivity: 0.5652
Undirected Specificity: 0.6047
Undirected Precision: 0.4333
Undirected Recall: 0.5652
----------------------------------------
PERCENT:10 | ALPHA:0.1 | SEED:20
Directed Sensitivity: 0.1739
Directed Specificity: 0.8624
Directed Precision: 0.2105
Directed Recall: 0.1739
Undirected Sensitivity: 0.3913
Undirected Specificity: 0.7674
Undirected Precision: 0.4737
Undirected Recall: 0.3913
----------------------------------------
PERCENT:10 | ALPHA:0.1 | SEED:30
Directed Sensitivity: 0.3043
Directed Specificity: 0.8073
Directed Precision: 0.2500
Directed Recall: 0.3043
Undirected Sensitivity: 0.4348
Undirected Specificity: 0.5814
Undirected Precision: 0.3571
Undirected Recall: 0.4348
----------------------------------------
PERCENT:10 | ALPHA:0.1 | SEED:40
Directed Sensitivity: 0.3043
Directed Specificity: 0.8073
Directed Precision: 0.2500
Directed Recall: 0.3043
Undirected Sensitivity: 0.4348
Undirected Specificity: 0.5814
Undirected Precision: 0.3571
Undirected Recall: 0.4348
----------------------------------------
PERCENT:10 | ALPHA:0.1 | SEED:50
Directed Sensitivity: 0.1739
Directed Specificity: 0.7982
Directed Precision: 0.1538
Directed Recall: 0.1739
Undirected Sensitivity: 0.4348
Undirected Specificity: 0.6279
Undirected Precision: 0.3846
Undirected Recall: 0.4348
----------------------------------------
PERCENT:10 | ALPHA:0.1 | SEED:60
Directed Sensitivity: 0.5217
Directed Specificity: 0.7706
Directed Precision: 0.3243
Directed Recall: 0.5217
Undirected Sensitivity: 0.6522
Undirected Specificity: 0.4884
Undirected Precision: 0.4054
Undirected Recall: 0.6522
----------------------------------------
PERCENT:10 | ALPHA:0.1 | SEED:70
Directed Sensitivity: 0.3478
Directed Specificity: 0.8440
Directed Precision: 0.3200
Directed Recall: 0.3478
Undirected Sensitivity: 0.3913
Undirected Specificity: 0.6279
Undirected Precision: 0.3600
Undirected Recall: 0.3913
----------------------------------------
PERCENT:10 | ALPHA:0.1 | SEED:80
Directed Sensitivity: 0.2174
Directed Specificity: 0.7982
Directed Precision: 0.1852
Directed Recall: 0.2174
Undirected Sensitivity: 0.3913
Undirected Specificity: 0.5814
Undirected Precision: 0.3333
Undirected Recall: 0.3913
----------------------------------------
PERCENT:10 | ALPHA:0.1 | SEED:90
Directed Sensitivity: 0.3043
Directed Specificity: 0.7156
Directed Precision: 0.1842
Directed Recall: 0.3043
Undirected Sensitivity: 0.6087
Undirected Specificity: 0.4419
Undirected Precision: 0.3684
Undirected Recall: 0.6087
----------------------------------------
PERCENT:10 | ALPHA:0.1 | SEED:100
Directed Sensitivity: 0.4783
Directed Specificity: 0.8165
Directed Precision: 0.3548
Directed Recall: 0.4783
Undirected Sensitivity: 0.5217
Undirected Specificity: 0.5581
Undirected Precision: 0.3871
Undirected Recall: 0.5217
----------------------------------------
PERCENT:10 | ALPHA:0.1 | SEED:110
Directed Sensitivity: 0.4348
Directed Specificity: 0.7890
Directed Precision: 0.3030
Directed Recall: 0.4348
Undirected Sensitivity: 0.4783
Undirected Specificity: 0.4884
Undirected Precision: 0.3333
Undirected Recall: 0.4783
----------------------------------------
PERCENT:10 | ALPHA:0.1 | SEED:120
Directed Sensitivity: 0.2174
Directed Specificity: 0.7890
Directed Precision: 0.1786
Directed Recall: 0.2174
Undirected Sensitivity: 0.4348
Undirected Specificity: 0.5814
Undirected Precision: 0.3571
Undirected Recall: 0.4348
----------------------------------------
PERCENT:10 | ALPHA:0.1 | SEED:130
Directed Sensitivity: 0.3043
Directed Specificity: 0.7890
Directed Precision: 0.2333
Directed Recall: 0.3043
Undirected Sensitivity: 0.5217
Undirected Specificity: 0.5814
Undirected Precision: 0.4000
Undirected Recall: 0.5217
----------------------------------------
PERCENT:10 | ALPHA:0.1 | SEED:140
Directed Sensitivity: 0.6087
Directed Specificity: 0.8165
Directed Precision: 0.4118
Directed Recall: 0.6087
Undirected Sensitivity: 0.6087
Undirected Specificity: 0.5349
Undirected Precision: 0.4118
Undirected Recall: 0.6087
----------------------------------------
PERCENT:10 | ALPHA:0.1 | SEED:150
Directed Sensitivity: 0.1304
Directed Specificity: 0.8532
Directed Precision: 0.1579
Directed Recall: 0.1304
Undirected Sensitivity: 0.3478
Undirected Specificity: 0.7442
Undirected Precision: 0.4211
Undirected Recall: 0.3478
----------------------------------------
PERCENT:10 | ALPHA:0.1 | SEED:160
Directed Sensitivity: 0.2174
Directed Specificity: 0.8165
Directed Precision: 0.2000
Directed Recall: 0.2174
Undirected Sensitivity: 0.4348
Undirected Specificity: 0.6512
Undirected Precision: 0.4000
Undirected Recall: 0.4348
----------------------------------------
PERCENT:10 | ALPHA:0.1 | SEED:170
Directed Sensitivity: 0.2174
Directed Specificity: 0.8257
Directed Precision: 0.2083
Directed Recall: 0.2174
Undirected Sensitivity: 0.4348
Undirected Specificity: 0.6744
Undirected Precision: 0.4167
Undirected Recall: 0.4348
----------------------------------------
PERCENT:10 | ALPHA:0.1 | SEED:180
Directed Sensitivity: 0.2174
Directed Specificity: 0.7523
Directed Precision: 0.1562
Directed Recall: 0.2174
Undirected Sensitivity: 0.5217
Undirected Specificity: 0.5349
Undirected Precision: 0.3750
Undirected Recall: 0.5217
----------------------------------------
PERCENT:10 | ALPHA:0.1 | SEED:190
Directed Sensitivity: 0.5652
Directed Specificity: 0.8257
Directed Precision: 0.4062
Directed Recall: 0.5652
Undirected Sensitivity: 0.6957
Undirected Specificity: 0.6279
Undirected Precision: 0.5000
Undirected Recall: 0.6957
----------------------------------------
PERCENT:10 | ALPHA:0.1 | SEED:200
Directed Sensitivity: 0.3478
Directed Specificity: 0.7890
Directed Precision: 0.2581
Directed Recall: 0.3478
Undirected Sensitivity: 0.4783
Undirected Specificity: 0.5349
Undirected Precision: 0.3548
Undirected Recall: 0.4783
----------------------------------------
PERCENT:10 | ALPHA:0.1 | SEED:210
Directed Sensitivity: 0.3478
Directed Specificity: 0.7890
Directed Precision: 0.2581
Directed Recall: 0.3478
Undirected Sensitivity: 0.4348
Undirected Specificity: 0.5116
Undirected Precision: 0.3226
Undirected Recall: 0.4348
----------------------------------------
PERCENT:10 | ALPHA:0.1 | SEED:220
Directed Sensitivity: 0.1739
Directed Specificity: 0.7431
Directed Precision: 0.1250
Directed Recall: 0.1739
Undirected Sensitivity: 0.5217
Undirected Specificity: 0.5349
Undirected Precision: 0.3750
Undirected Recall: 0.5217
----------------------------------------
PERCENT:10 | ALPHA:0.1 | SEED:230
Directed Sensitivity: 0.3478
Directed Specificity: 0.8257
Directed Precision: 0.2963
Directed Recall: 0.3478
Undirected Sensitivity: 0.4783
Undirected Specificity: 0.6279
Undirected Precision: 0.4074
Undirected Recall: 0.4783
----------------------------------------
PERCENT:10 | ALPHA:0.1 | SEED:240
Directed Sensitivity: 0.5217
Directed Specificity: 0.7798
Directed Precision: 0.3333
Directed Recall: 0.5217
Undirected Sensitivity: 0.7391
Undirected Specificity: 0.5581
Undirected Precision: 0.4722
Undirected Recall: 0.7391
----------------------------------------
PERCENT:10 | ALPHA:0.1 | SEED:250
Directed Sensitivity: 0.3478
Directed Specificity: 0.7615
Directed Precision: 0.2353
Directed Recall: 0.3478
Undirected Sensitivity: 0.5652
Undirected Specificity: 0.5116
Undirected Precision: 0.3824
Undirected Recall: 0.5652
----------------------------------------
PERCENT:10 | ALPHA:0.1 | SEED:260
Directed Sensitivity: 0.3043
Directed Specificity: 0.8624
Directed Precision: 0.3182
Directed Recall: 0.3043
Undirected Sensitivity: 0.3043
Undirected Specificity: 0.6512
Undirected Precision: 0.3182
Undirected Recall: 0.3043
----------------------------------------
PERCENT:10 | ALPHA:0.1 | SEED:270
Directed Sensitivity: 0.5217
Directed Specificity: 0.8165
Directed Precision: 0.3750
Directed Recall: 0.5217
Undirected Sensitivity: 0.6522
Undirected Specificity: 0.6047
Undirected Precision: 0.4688
Undirected Recall: 0.6522
----------------------------------------
PERCENT:10 | ALPHA:0.1 | SEED:280
Directed Sensitivity: 0.3913
Directed Specificity: 0.8716
Directed Precision: 0.3913
Directed Recall: 0.3913
Undirected Sensitivity: 0.4348
Undirected Specificity: 0.6977
Undirected Precision: 0.4348
Undirected Recall: 0.4348
----------------------------------------
PERCENT:10 | ALPHA:0.1 | SEED:290
Directed Sensitivity: 0.4348
Directed Specificity: 0.7982
Directed Precision: 0.3125
Directed Recall: 0.4348
Undirected Sensitivity: 0.6087
Undirected Specificity: 0.5814
Undirected Precision: 0.4375
Undirected Recall: 0.6087
----------------------------------------
PERCENT:10 | ALPHA:0.1 | SEED:300
Directed Sensitivity: 0.5652
Directed Specificity: 0.7982
Directed Precision: 0.3714
Directed Recall: 0.5652
Undirected Sensitivity: 0.6087
Undirected Specificity: 0.5116
Undirected Precision: 0.4000
Undirected Recall: 0.6087
----------------------------------------
PERCENT:10 | ALPHA:0.2 | SEED:10
Directed Sensitivity: 0.3478
Directed Specificity: 0.7798
Directed Precision: 0.2500
Directed Recall: 0.3478
Undirected Sensitivity: 0.6087
Undirected Specificity: 0.5814
Undirected Precision: 0.4375
Undirected Recall: 0.6087
----------------------------------------
PERCENT:10 | ALPHA:0.2 | SEED:20
Directed Sensitivity: 0.4348
Directed Specificity: 0.8532
Directed Precision: 0.3846
Directed Recall: 0.4348
Undirected Sensitivity: 0.4783
Undirected Specificity: 0.6512
Undirected Precision: 0.4231
Undirected Recall: 0.4783
----------------------------------------
PERCENT:10 | ALPHA:0.2 | SEED:30
Directed Sensitivity: 0.2609
Directed Specificity: 0.8165
Directed Precision: 0.2308
Directed Recall: 0.2609
Undirected Sensitivity: 0.4348
Undirected Specificity: 0.6279
Undirected Precision: 0.3846
Undirected Recall: 0.4348
----------------------------------------
PERCENT:10 | ALPHA:0.2 | SEED:40
Directed Sensitivity: 0.3478
Directed Specificity: 0.7706
Directed Precision: 0.2424
Directed Recall: 0.3478
Undirected Sensitivity: 0.5217
Undirected Specificity: 0.5116
Undirected Precision: 0.3636
Undirected Recall: 0.5217
----------------------------------------
PERCENT:10 | ALPHA:0.2 | SEED:50
Directed Sensitivity: 0.2174
Directed Specificity: 0.8532
Directed Precision: 0.2381
Directed Recall: 0.2174
Undirected Sensitivity: 0.3478
Undirected Specificity: 0.6977
Undirected Precision: 0.3810
Undirected Recall: 0.3478
----------------------------------------
PERCENT:10 | ALPHA:0.2 | SEED:60
Directed Sensitivity: 0.4348
Directed Specificity: 0.7706
Directed Precision: 0.2857
Directed Recall: 0.4348
Undirected Sensitivity: 0.6522
Undirected Specificity: 0.5349
Undirected Precision: 0.4286
Undirected Recall: 0.6522
----------------------------------------
PERCENT:10 | ALPHA:0.2 | SEED:70
Directed Sensitivity: 0.2609
Directed Specificity: 0.8440
Directed Precision: 0.2609
Directed Recall: 0.2609
Undirected Sensitivity: 0.3478
Undirected Specificity: 0.6512
Undirected Precision: 0.3478
Undirected Recall: 0.3478
----------------------------------------
PERCENT:10 | ALPHA:0.2 | SEED:80
Directed Sensitivity: 0.2609
Directed Specificity: 0.8165
Directed Precision: 0.2308
Directed Recall: 0.2609
Undirected Sensitivity: 0.3478
Undirected Specificity: 0.5814
Undirected Precision: 0.3077
Undirected Recall: 0.3478
----------------------------------------
PERCENT:10 | ALPHA:0.2 | SEED:90
Directed Sensitivity: 0.3478
Directed Specificity: 0.7248
Directed Precision: 0.2105
Directed Recall: 0.3478
Undirected Sensitivity: 0.7391
Undirected Specificity: 0.5116
Undirected Precision: 0.4474
Undirected Recall: 0.7391
----------------------------------------
PERCENT:10 | ALPHA:0.2 | SEED:100
Directed Sensitivity: 0.4783
Directed Specificity: 0.8165
Directed Precision: 0.3548
Directed Recall: 0.4783
Undirected Sensitivity: 0.5652
Undirected Specificity: 0.5814
Undirected Precision: 0.4194
Undirected Recall: 0.5652
----------------------------------------
PERCENT:10 | ALPHA:0.2 | SEED:110
Directed Sensitivity: 0.3913
Directed Specificity: 0.7339
Directed Precision: 0.2368
Directed Recall: 0.3913
Undirected Sensitivity: 0.5217
Undirected Specificity: 0.3953
Undirected Precision: 0.3158
Undirected Recall: 0.5217
----------------------------------------
PERCENT:10 | ALPHA:0.2 | SEED:120
Directed Sensitivity: 0.3043
Directed Specificity: 0.7523
Directed Precision: 0.2059
Directed Recall: 0.3043
Undirected Sensitivity: 0.5652
Undirected Specificity: 0.5116
Undirected Precision: 0.3824
Undirected Recall: 0.5652
----------------------------------------
PERCENT:10 | ALPHA:0.2 | SEED:130
Directed Sensitivity: 0.3043
Directed Specificity: 0.7982
Directed Precision: 0.2414
Directed Recall: 0.3043
Undirected Sensitivity: 0.4783
Undirected Specificity: 0.5814
Undirected Precision: 0.3793
Undirected Recall: 0.4783
----------------------------------------
PERCENT:10 | ALPHA:0.2 | SEED:140
Directed Sensitivity: 0.6522
Directed Specificity: 0.8349
Directed Precision: 0.4545
Directed Recall: 0.6522
Undirected Sensitivity: 0.6522
Undirected Specificity: 0.5814
Undirected Precision: 0.4545
Undirected Recall: 0.6522
----------------------------------------
PERCENT:10 | ALPHA:0.2 | SEED:150
Directed Sensitivity: 0.3043
Directed Specificity: 0.8165
Directed Precision: 0.2593
Directed Recall: 0.3043
Undirected Sensitivity: 0.3478
Undirected Specificity: 0.5581
Undirected Precision: 0.2963
Undirected Recall: 0.3478
----------------------------------------
PERCENT:10 | ALPHA:0.2 | SEED:160
Directed Sensitivity: 0.3478
Directed Specificity: 0.7523
Directed Precision: 0.2286
Directed Recall: 0.3478
Undirected Sensitivity: 0.5652
Undirected Specificity: 0.4884
Undirected Precision: 0.3714
Undirected Recall: 0.5652
----------------------------------------
PERCENT:10 | ALPHA:0.2 | SEED:170
Directed Sensitivity: 0.3478
Directed Specificity: 0.8073
Directed Precision: 0.2759
Directed Recall: 0.3478
Undirected Sensitivity: 0.4783
Undirected Specificity: 0.5814
Undirected Precision: 0.3793
Undirected Recall: 0.4783
----------------------------------------
PERCENT:10 | ALPHA:0.2 | SEED:180
Directed Sensitivity: 0.3043
Directed Specificity: 0.7615
Directed Precision: 0.2121
Directed Recall: 0.3043
Undirected Sensitivity: 0.5652
Undirected Specificity: 0.5349
Undirected Precision: 0.3939
Undirected Recall: 0.5652
----------------------------------------
PERCENT:10 | ALPHA:0.2 | SEED:190
Directed Sensitivity: 0.3913
Directed Specificity: 0.7706
Directed Precision: 0.2647
Directed Recall: 0.3913
Undirected Sensitivity: 0.5217
Undirected Specificity: 0.4884
Undirected Precision: 0.3529
Undirected Recall: 0.5217
----------------------------------------
PERCENT:10 | ALPHA:0.2 | SEED:200
Directed Sensitivity: 0.3478
Directed Specificity: 0.7890
Directed Precision: 0.2581
Directed Recall: 0.3478
Undirected Sensitivity: 0.4348
Undirected Specificity: 0.5116
Undirected Precision: 0.3226
Undirected Recall: 0.4348
----------------------------------------
PERCENT:10 | ALPHA:0.2 | SEED:210
Directed Sensitivity: 0.3478
Directed Specificity: 0.7615
Directed Precision: 0.2353
Directed Recall: 0.3478
Undirected Sensitivity: 0.5652
Undirected Specificity: 0.5116
Undirected Precision: 0.3824
Undirected Recall: 0.5652
----------------------------------------
PERCENT:10 | ALPHA:0.2 | SEED:220
Directed Sensitivity: 0.1739
Directed Specificity: 0.7156
Directed Precision: 0.1143
Directed Recall: 0.1739
Undirected Sensitivity: 0.5652
Undirected Specificity: 0.4884
Undirected Precision: 0.3714
Undirected Recall: 0.5652
----------------------------------------
PERCENT:10 | ALPHA:0.2 | SEED:230
Directed Sensitivity: 0.2609
Directed Specificity: 0.7890
Directed Precision: 0.2069
Directed Recall: 0.2609
Undirected Sensitivity: 0.4783
Undirected Specificity: 0.5814
Undirected Precision: 0.3793
Undirected Recall: 0.4783
----------------------------------------
PERCENT:10 | ALPHA:0.2 | SEED:240
Directed Sensitivity: 0.5217
Directed Specificity: 0.7798
Directed Precision: 0.3333
Directed Recall: 0.5217
Undirected Sensitivity: 0.7391
Undirected Specificity: 0.5581
Undirected Precision: 0.4722
Undirected Recall: 0.7391
----------------------------------------
PERCENT:10 | ALPHA:0.2 | SEED:250
Directed Sensitivity: 0.3913
Directed Specificity: 0.7890
Directed Precision: 0.2812
Directed Recall: 0.3913
Undirected Sensitivity: 0.5652
Undirected Specificity: 0.5581
Undirected Precision: 0.4062
Undirected Recall: 0.5652
----------------------------------------
PERCENT:10 | ALPHA:0.2 | SEED:260
Directed Sensitivity: 0.4348
Directed Specificity: 0.7523
Directed Precision: 0.2703
Directed Recall: 0.4348
Undirected Sensitivity: 0.5652
Undirected Specificity: 0.4419
Undirected Precision: 0.3514
Undirected Recall: 0.5652
----------------------------------------
PERCENT:10 | ALPHA:0.2 | SEED:270
Directed Sensitivity: 0.2174
Directed Specificity: 0.7982
Directed Precision: 0.1852
Directed Recall: 0.2174
Undirected Sensitivity: 0.4783
Undirected Specificity: 0.6279
Undirected Precision: 0.4074
Undirected Recall: 0.4783
----------------------------------------
PERCENT:10 | ALPHA:0.2 | SEED:280
Directed Sensitivity: 0.3478
Directed Specificity: 0.7615
Directed Precision: 0.2353
Directed Recall: 0.3478
Undirected Sensitivity: 0.5652
Undirected Specificity: 0.5116
Undirected Precision: 0.3824
Undirected Recall: 0.5652
----------------------------------------
PERCENT:10 | ALPHA:0.2 | SEED:290
Directed Sensitivity: 0.2609
Directed Specificity: 0.8165
Directed Precision: 0.2308
Directed Recall: 0.2609
Undirected Sensitivity: 0.4348
Undirected Specificity: 0.6279
Undirected Precision: 0.3846
Undirected Recall: 0.4348
----------------------------------------
PERCENT:10 | ALPHA:0.2 | SEED:300
Directed Sensitivity: 0.4348
Directed Specificity: 0.7706
Directed Precision: 0.2857
Directed Recall: 0.4348
Undirected Sensitivity: 0.6522
Undirected Specificity: 0.5349
Undirected Precision: 0.4286
Undirected Recall: 0.6522
----------------------------------------
