PERCENT:30 | ALPHA:0.01 | SEED:10
Directed Sensitivity: 0.4783
Directed Specificity: 0.8073
Directed Precision: 0.3438
Directed Recall: 0.4783
Undirected Sensitivity: 0.4783
Undirected Specificity: 0.5116
Undirected Precision: 0.3438
Undirected Recall: 0.4783
----------------------------------------
PERCENT:30 | ALPHA:0.01 | SEED:20
Directed Sensitivity: 0.4348
Directed Specificity: 0.8440
Directed Precision: 0.3704
Directed Recall: 0.4348
Undirected Sensitivity: 0.5217
Undirected Specificity: 0.6512
Undirected Precision: 0.4444
Undirected Recall: 0.5217
----------------------------------------
PERCENT:30 | ALPHA:0.01 | SEED:30
Directed Sensitivity: 0.3043
Directed Specificity: 0.7982
Directed Precision: 0.2414
Directed Recall: 0.3043
Undirected Sensitivity: 0.3913
Undirected Specificity: 0.5349
Undirected Precision: 0.3103
Undirected Recall: 0.3913
----------------------------------------
PERCENT:30 | ALPHA:0.01 | SEED:40
Directed Sensitivity: 0.4348
Directed Specificity: 0.8532
Directed Precision: 0.3846
Directed Recall: 0.4348
Undirected Sensitivity: 0.4783
Undirected Specificity: 0.6512
Undirected Precision: 0.4231
Undirected Recall: 0.4783
----------------------------------------
PERCENT:30 | ALPHA:0.01 | SEED:50
Directed Sensitivity: 0.3478
Directed Specificity: 0.8532
Directed Precision: 0.3333
Directed Recall: 0.3478
Undirected Sensitivity: 0.4783
Undirected Specificity: 0.6977
Undirected Precision: 0.4583
Undirected Recall: 0.4783
----------------------------------------
PERCENT:30 | ALPHA:0.01 | SEED:60
Directed Sensitivity: 0.5652
Directed Specificity: 0.8807
Directed Precision: 0.5000
Directed Recall: 0.5652
Undirected Sensitivity: 0.6522
Undirected Specificity: 0.7442
Undirected Precision: 0.5769
Undirected Recall: 0.6522
----------------------------------------
PERCENT:30 | ALPHA:0.01 | SEED:70
Directed Sensitivity: 0.5217
Directed Specificity: 0.8532
Directed Precision: 0.4286
Directed Recall: 0.5217
Undirected Sensitivity: 0.5217
Undirected Specificity: 0.6279
Undirected Precision: 0.4286
Undirected Recall: 0.5217
----------------------------------------
PERCENT:30 | ALPHA:0.01 | SEED:80
Directed Sensitivity: 0.6522
Directed Specificity: 0.8440
Directed Precision: 0.4688
Directed Recall: 0.6522
Undirected Sensitivity: 0.6957
Undirected Specificity: 0.6279
Undirected Precision: 0.5000
Undirected Recall: 0.6957
----------------------------------------
PERCENT:30 | ALPHA:0.01 | SEED:90
Directed Sensitivity: 0.4783
Directed Specificity: 0.8716
Directed Precision: 0.4400
Directed Recall: 0.4783
Undirected Sensitivity: 0.5652
Undirected Specificity: 0.7209
Undirected Precision: 0.5200
Undirected Recall: 0.5652
----------------------------------------
PERCENT:30 | ALPHA:0.01 | SEED:100
Directed Sensitivity: 0.3478
Directed Specificity: 0.8899
Directed Precision: 0.4000
Directed Recall: 0.3478
Undirected Sensitivity: 0.3478
Undirected Specificity: 0.7209
Undirected Precision: 0.4000
Undirected Recall: 0.3478
----------------------------------------
PERCENT:30 | ALPHA:0.01 | SEED:110
Directed Sensitivity: 0.4348
Directed Specificity: 0.8349
Directed Precision: 0.3571
Directed Recall: 0.4348
Undirected Sensitivity: 0.4783
Undirected Specificity: 0.6047
Undirected Precision: 0.3929
Undirected Recall: 0.4783
----------------------------------------
PERCENT:30 | ALPHA:0.01 | SEED:120
Directed Sensitivity: 0.3913
Directed Specificity: 0.8440
Directed Precision: 0.3462
Directed Recall: 0.3913
Undirected Sensitivity: 0.4348
Undirected Specificity: 0.6279
Undirected Precision: 0.3846
Undirected Recall: 0.4348
----------------------------------------
PERCENT:30 | ALPHA:0.01 | SEED:130
Directed Sensitivity: 0.6087
Directed Specificity: 0.8532
Directed Precision: 0.4667
Directed Recall: 0.6087
Undirected Sensitivity: 0.7391
Undirected Specificity: 0.6977
Undirected Precision: 0.5667
Undirected Recall: 0.7391
----------------------------------------
PERCENT:30 | ALPHA:0.01 | SEED:140
Directed Sensitivity: 0.4783
Directed Specificity: 0.8073
Directed Precision: 0.3438
Directed Recall: 0.4783
Undirected Sensitivity: 0.5652
Undirected Specificity: 0.5581
Undirected Precision: 0.4062
Undirected Recall: 0.5652
----------------------------------------
PERCENT:30 | ALPHA:0.01 | SEED:150
Directed Sensitivity: 0.5217
Directed Specificity: 0.8257
Directed Precision: 0.3871
Directed Recall: 0.5217
Undirected Sensitivity: 0.5217
Undirected Specificity: 0.5581
Undirected Precision: 0.3871
Undirected Recall: 0.5217
----------------------------------------
PERCENT:30 | ALPHA:0.01 | SEED:160
Directed Sensitivity: 0.5652
Directed Specificity: 0.8440
Directed Precision: 0.4333
Directed Recall: 0.5652
Undirected Sensitivity: 0.6522
Undirected Specificity: 0.6512
Undirected Precision: 0.5000
Undirected Recall: 0.6522
----------------------------------------
PERCENT:30 | ALPHA:0.01 | SEED:170
Directed Sensitivity: 0.5217
Directed Specificity: 0.8349
Directed Precision: 0.4000
Directed Recall: 0.5217
Undirected Sensitivity: 0.6087
Undirected Specificity: 0.6279
Undirected Precision: 0.4667
Undirected Recall: 0.6087
----------------------------------------
PERCENT:30 | ALPHA:0.01 | SEED:180
Directed Sensitivity: 0.6087
Directed Specificity: 0.8073
Directed Precision: 0.4000
Directed Recall: 0.6087
Undirected Sensitivity: 0.6522
Undirected Specificity: 0.5349
Undirected Precision: 0.4286
Undirected Recall: 0.6522
----------------------------------------
PERCENT:30 | ALPHA:0.01 | SEED:190
Directed Sensitivity: 0.5217
Directed Specificity: 0.8349
Directed Precision: 0.4000
Directed Recall: 0.5217
Undirected Sensitivity: 0.7391
Undirected Specificity: 0.6977
Undirected Precision: 0.5667
Undirected Recall: 0.7391
----------------------------------------
PERCENT:30 | ALPHA:0.01 | SEED:200
Directed Sensitivity: 0.4348
Directed Specificity: 0.8257
Directed Precision: 0.3448
Directed Recall: 0.4348
Undirected Sensitivity: 0.4348
Undirected Specificity: 0.5581
Undirected Precision: 0.3448
Undirected Recall: 0.4348
----------------------------------------
PERCENT:30 | ALPHA:0.01 | SEED:210
Directed Sensitivity: 0.5217
Directed Specificity: 0.8440
Directed Precision: 0.4138
Directed Recall: 0.5217
Undirected Sensitivity: 0.6522
Undirected Specificity: 0.6744
Undirected Precision: 0.5172
Undirected Recall: 0.6522
----------------------------------------
PERCENT:30 | ALPHA:0.01 | SEED:220
Directed Sensitivity: 0.4783
Directed Specificity: 0.8073
Directed Precision: 0.3438
Directed Recall: 0.4783
Undirected Sensitivity: 0.6087
Undirected Specificity: 0.5814
Undirected Precision: 0.4375
Undirected Recall: 0.6087
----------------------------------------
PERCENT:30 | ALPHA:0.01 | SEED:230
Directed Sensitivity: 0.3478
Directed Specificity: 0.7982
Directed Precision: 0.2667
Directed Recall: 0.3478
Undirected Sensitivity: 0.4783
Undirected Specificity: 0.5581
Undirected Precision: 0.3667
Undirected Recall: 0.4783
----------------------------------------
PERCENT:30 | ALPHA:0.01 | SEED:240
Directed Sensitivity: 0.6087
Directed Specificity: 0.8073
Directed Precision: 0.4000
Directed Recall: 0.6087
Undirected Sensitivity: 0.6522
Undirected Specificity: 0.5349
Undirected Precision: 0.4286
Undirected Recall: 0.6522
----------------------------------------
PERCENT:30 | ALPHA:0.01 | SEED:250
Directed Sensitivity: 0.6087
Directed Specificity: 0.8349
Directed Precision: 0.4375
Directed Recall: 0.6087
Undirected Sensitivity: 0.6957
Undirected Specificity: 0.6279
Undirected Precision: 0.5000
Undirected Recall: 0.6957
----------------------------------------
PERCENT:30 | ALPHA:0.01 | SEED:260
Directed Sensitivity: 0.4348
Directed Specificity: 0.8257
Directed Precision: 0.3448
Directed Recall: 0.4348
Undirected Sensitivity: 0.5652
Undirected Specificity: 0.6279
Undirected Precision: 0.4483
Undirected Recall: 0.5652
----------------------------------------
PERCENT:30 | ALPHA:0.01 | SEED:270
Directed Sensitivity: 0.4783
Directed Specificity: 0.8073
Directed Precision: 0.3438
Directed Recall: 0.4783
Undirected Sensitivity: 0.6087
Undirected Specificity: 0.5814
Undirected Precision: 0.4375
Undirected Recall: 0.6087
----------------------------------------
PERCENT:30 | ALPHA:0.01 | SEED:280
Directed Sensitivity: 0.6087
Directed Specificity: 0.8349
Directed Precision: 0.4375
Directed Recall: 0.6087
Undirected Sensitivity: 0.6957
Undirected Specificity: 0.6279
Undirected Precision: 0.5000
Undirected Recall: 0.6957
----------------------------------------
PERCENT:30 | ALPHA:0.01 | SEED:290
Directed Sensitivity: 0.5217
Directed Specificity: 0.8532
Directed Precision: 0.4286
Directed Recall: 0.5217
Undirected Sensitivity: 0.5652
Undirected Specificity: 0.6512
Undirected Precision: 0.4643
Undirected Recall: 0.5652
----------------------------------------
PERCENT:30 | ALPHA:0.01 | SEED:300
Directed Sensitivity: 0.3478
Directed Specificity: 0.8624
Directed Precision: 0.3478
Directed Recall: 0.3478
Undirected Sensitivity: 0.4348
Undirected Specificity: 0.6977
Undirected Precision: 0.4348
Undirected Recall: 0.4348
----------------------------------------
PERCENT:30 | ALPHA:0.05 | SEED:10
Directed Sensitivity: 0.4783
Directed Specificity: 0.7706
Directed Precision: 0.3056
Directed Recall: 0.4783
Undirected Sensitivity: 0.5652
Undirected Specificity: 0.4651
Undirected Precision: 0.3611
Undirected Recall: 0.5652
----------------------------------------
PERCENT:30 | ALPHA:0.05 | SEED:20
Directed Sensitivity: 0.5652
Directed Specificity: 0.8440
Directed Precision: 0.4333
Directed Recall: 0.5652
Undirected Sensitivity: 0.6087
Undirected Specificity: 0.6279
Undirected Precision: 0.4667
Undirected Recall: 0.6087
----------------------------------------
PERCENT:30 | ALPHA:0.05 | SEED:30
Directed Sensitivity: 0.4348
Directed Specificity: 0.8165
Directed Precision: 0.3333
Directed Recall: 0.4348
Undirected Sensitivity: 0.6087
Undirected Specificity: 0.6279
Undirected Precision: 0.4667
Undirected Recall: 0.6087
----------------------------------------
PERCENT:30 | ALPHA:0.05 | SEED:40
Directed Sensitivity: 0.4783
Directed Specificity: 0.8349
Directed Precision: 0.3793
Directed Recall: 0.4783
Undirected Sensitivity: 0.5652
Undirected Specificity: 0.6279
Undirected Precision: 0.4483
Undirected Recall: 0.5652
----------------------------------------
PERCENT:30 | ALPHA:0.05 | SEED:50
Directed Sensitivity: 0.5217
Directed Specificity: 0.7982
Directed Precision: 0.3529
Directed Recall: 0.5217
Undirected Sensitivity: 0.5217
Undirected Specificity: 0.4884
Undirected Precision: 0.3529
Undirected Recall: 0.5217
----------------------------------------
PERCENT:30 | ALPHA:0.05 | SEED:60
Directed Sensitivity: 0.5217
Directed Specificity: 0.8807
Directed Precision: 0.4800
Directed Recall: 0.5217
Undirected Sensitivity: 0.5652
Undirected Specificity: 0.7209
Undirected Precision: 0.5200
Undirected Recall: 0.5652
----------------------------------------
PERCENT:30 | ALPHA:0.05 | SEED:70
Directed Sensitivity: 0.4348
Directed Specificity: 0.8807
Directed Precision: 0.4348
Directed Recall: 0.4348
Undirected Sensitivity: 0.4783
Undirected Specificity: 0.7209
Undirected Precision: 0.4783
Undirected Recall: 0.4783
----------------------------------------
PERCENT:30 | ALPHA:0.05 | SEED:80
Directed Sensitivity: 0.6522
Directed Specificity: 0.8716
Directed Precision: 0.5172
Directed Recall: 0.6522
Undirected Sensitivity: 0.6522
Undirected Specificity: 0.6744
Undirected Precision: 0.5172
Undirected Recall: 0.6522
----------------------------------------
PERCENT:30 | ALPHA:0.05 | SEED:90
Directed Sensitivity: 0.6087
Directed Specificity: 0.7890
Directed Precision: 0.3784
Directed Recall: 0.6087
Undirected Sensitivity: 0.6522
Undirected Specificity: 0.4884
Undirected Precision: 0.4054
Undirected Recall: 0.6522
----------------------------------------
PERCENT:30 | ALPHA:0.05 | SEED:100
Directed Sensitivity: 0.4348
Directed Specificity: 0.8624
Directed Precision: 0.4000
Directed Recall: 0.4348
Undirected Sensitivity: 0.4348
Undirected Specificity: 0.6512
Undirected Precision: 0.4000
Undirected Recall: 0.4348
----------------------------------------
PERCENT:30 | ALPHA:0.05 | SEED:110
Directed Sensitivity: 0.3913
Directed Specificity: 0.8440
Directed Precision: 0.3462
Directed Recall: 0.3913
Undirected Sensitivity: 0.4348
Undirected Specificity: 0.6279
Undirected Precision: 0.3846
Undirected Recall: 0.4348
----------------------------------------
PERCENT:30 | ALPHA:0.05 | SEED:120
Directed Sensitivity: 0.5652
Directed Specificity: 0.8257
Directed Precision: 0.4062
Directed Recall: 0.5652
Undirected Sensitivity: 0.6087
Undirected Specificity: 0.5814
Undirected Precision: 0.4375
Undirected Recall: 0.6087
----------------------------------------
PERCENT:30 | ALPHA:0.05 | SEED:130
Directed Sensitivity: 0.6087
Directed Specificity: 0.8349
Directed Precision: 0.4375
Directed Recall: 0.6087
Undirected Sensitivity: 0.6087
Undirected Specificity: 0.5814
Undirected Precision: 0.4375
Undirected Recall: 0.6087
----------------------------------------
PERCENT:30 | ALPHA:0.05 | SEED:140
Directed Sensitivity: 0.5217
Directed Specificity: 0.7890
Directed Precision: 0.3429
Directed Recall: 0.5217
Undirected Sensitivity: 0.6957
Undirected Specificity: 0.5581
Undirected Precision: 0.4571
Undirected Recall: 0.6957
----------------------------------------
PERCENT:30 | ALPHA:0.05 | SEED:150
Directed Sensitivity: 0.5217
Directed Specificity: 0.8165
Directed Precision: 0.3750
Directed Recall: 0.5217
Undirected Sensitivity: 0.6087
Undirected Specificity: 0.5814
Undirected Precision: 0.4375
Undirected Recall: 0.6087
----------------------------------------
PERCENT:30 | ALPHA:0.05 | SEED:160
Directed Sensitivity: 0.6522
Directed Specificity: 0.8440
Directed Precision: 0.4688
Directed Recall: 0.6522
Undirected Sensitivity: 0.6957
Undirected Specificity: 0.6279
Undirected Precision: 0.5000
Undirected Recall: 0.6957
----------------------------------------
PERCENT:30 | ALPHA:0.05 | SEED:170
Directed Sensitivity: 0.4783
Directed Specificity: 0.8349
Directed Precision: 0.3793
Directed Recall: 0.4783
Undirected Sensitivity: 0.5217
Undirected Specificity: 0.6047
Undirected Precision: 0.4138
Undirected Recall: 0.5217
----------------------------------------
PERCENT:30 | ALPHA:0.05 | SEED:180
Directed Sensitivity: 0.5217
Directed Specificity: 0.8532
Directed Precision: 0.4286
Directed Recall: 0.5217
Undirected Sensitivity: 0.5217
Undirected Specificity: 0.6279
Undirected Precision: 0.4286
Undirected Recall: 0.5217
----------------------------------------
PERCENT:30 | ALPHA:0.05 | SEED:190
Directed Sensitivity: 0.4783
Directed Specificity: 0.8073
Directed Precision: 0.3438
Directed Recall: 0.4783
Undirected Sensitivity: 0.6957
Undirected Specificity: 0.6279
Undirected Precision: 0.5000
Undirected Recall: 0.6957
----------------------------------------
PERCENT:30 | ALPHA:0.05 | SEED:200
Directed Sensitivity: 0.3913
Directed Specificity: 0.7982
Directed Precision: 0.2903
Directed Recall: 0.3913
Undirected Sensitivity: 0.5217
Undirected Specificity: 0.5581
Undirected Precision: 0.3871
Undirected Recall: 0.5217
----------------------------------------
PERCENT:30 | ALPHA:0.05 | SEED:210
Directed Sensitivity: 0.5652
Directed Specificity: 0.8532
Directed Precision: 0.4483
Directed Recall: 0.5652
Undirected Sensitivity: 0.6522
Undirected Specificity: 0.6744
Undirected Precision: 0.5172
Undirected Recall: 0.6522
----------------------------------------
PERCENT:30 | ALPHA:0.05 | SEED:220
Directed Sensitivity: 0.4783
Directed Specificity: 0.7982
Directed Precision: 0.3333
Directed Recall: 0.4783
Undirected Sensitivity: 0.6522
Undirected Specificity: 0.5814
Undirected Precision: 0.4545
Undirected Recall: 0.6522
----------------------------------------
PERCENT:30 | ALPHA:0.05 | SEED:230
Directed Sensitivity: 0.3913
Directed Specificity: 0.7890
Directed Precision: 0.2812
Directed Recall: 0.3913
Undirected Sensitivity: 0.4783
Undirected Specificity: 0.5116
Undirected Precision: 0.3438
Undirected Recall: 0.4783
----------------------------------------
PERCENT:30 | ALPHA:0.05 | SEED:240
Directed Sensitivity: 0.5652
Directed Specificity: 0.8624
Directed Precision: 0.4643
Directed Recall: 0.5652
Undirected Sensitivity: 0.6087
Undirected Specificity: 0.6744
Undirected Precision: 0.5000
Undirected Recall: 0.6087
----------------------------------------
PERCENT:30 | ALPHA:0.05 | SEED:250
Directed Sensitivity: 0.6087
Directed Specificity: 0.8073
Directed Precision: 0.4000
Directed Recall: 0.6087
Undirected Sensitivity: 0.6957
Undirected Specificity: 0.5581
Undirected Precision: 0.4571
Undirected Recall: 0.6957
----------------------------------------
PERCENT:30 | ALPHA:0.05 | SEED:260
Directed Sensitivity: 0.3913
Directed Specificity: 0.7798
Directed Precision: 0.2727
Directed Recall: 0.3913
Undirected Sensitivity: 0.5217
Undirected Specificity: 0.5116
Undirected Precision: 0.3636
Undirected Recall: 0.5217
----------------------------------------
PERCENT:30 | ALPHA:0.05 | SEED:270
Directed Sensitivity: 0.6087
Directed Specificity: 0.8624
Directed Precision: 0.4828
Directed Recall: 0.6087
Undirected Sensitivity: 0.6522
Undirected Specificity: 0.6744
Undirected Precision: 0.5172
Undirected Recall: 0.6522
----------------------------------------
PERCENT:30 | ALPHA:0.05 | SEED:280
Directed Sensitivity: 0.5652
Directed Specificity: 0.7890
Directed Precision: 0.3611
Directed Recall: 0.5652
Undirected Sensitivity: 0.7391
Undirected Specificity: 0.5581
Undirected Precision: 0.4722
Undirected Recall: 0.7391
----------------------------------------
PERCENT:30 | ALPHA:0.05 | SEED:290
Directed Sensitivity: 0.4348
Directed Specificity: 0.8349
Directed Precision: 0.3571
Directed Recall: 0.4348
Undirected Sensitivity: 0.5217
Undirected Specificity: 0.6279
Undirected Precision: 0.4286
Undirected Recall: 0.5217
----------------------------------------
PERCENT:30 | ALPHA:0.05 | SEED:300
Directed Sensitivity: 0.5217
Directed Specificity: 0.8624
Directed Precision: 0.4444
Directed Recall: 0.5217
Undirected Sensitivity: 0.5652
Undirected Specificity: 0.6744
Undirected Precision: 0.4815
Undirected Recall: 0.5652
----------------------------------------
PERCENT:30 | ALPHA:0.1 | SEED:10
Directed Sensitivity: 0.4348
Directed Specificity: 0.8257
Directed Precision: 0.3448
Directed Recall: 0.4348
Undirected Sensitivity: 0.4783
Undirected Specificity: 0.5814
Undirected Precision: 0.3793
Undirected Recall: 0.4783
----------------------------------------
PERCENT:30 | ALPHA:0.1 | SEED:20
Directed Sensitivity: 0.4348
Directed Specificity: 0.8257
Directed Precision: 0.3448
Directed Recall: 0.4348
Undirected Sensitivity: 0.5652
Undirected Specificity: 0.6279
Undirected Precision: 0.4483
Undirected Recall: 0.5652
----------------------------------------
PERCENT:30 | ALPHA:0.1 | SEED:30
Directed Sensitivity: 0.5217
Directed Specificity: 0.7890
Directed Precision: 0.3429
Directed Recall: 0.5217
Undirected Sensitivity: 0.6087
Undirected Specificity: 0.5116
Undirected Precision: 0.4000
Undirected Recall: 0.6087
----------------------------------------
PERCENT:30 | ALPHA:0.1 | SEED:40
Directed Sensitivity: 0.4783
Directed Specificity: 0.8073
Directed Precision: 0.3438
Directed Recall: 0.4783
Undirected Sensitivity: 0.5652
Undirected Specificity: 0.5581
Undirected Precision: 0.4062
Undirected Recall: 0.5652
----------------------------------------
PERCENT:30 | ALPHA:0.1 | SEED:50
Directed Sensitivity: 0.3478
Directed Specificity: 0.8532
Directed Precision: 0.3333
Directed Recall: 0.3478
Undirected Sensitivity: 0.4783
Undirected Specificity: 0.6977
Undirected Precision: 0.4583
Undirected Recall: 0.4783
----------------------------------------
PERCENT:30 | ALPHA:0.1 | SEED:60
Directed Sensitivity: 0.5652
Directed Specificity: 0.8807
Directed Precision: 0.5000
Directed Recall: 0.5652
Undirected Sensitivity: 0.6522
Undirected Specificity: 0.7442
Undirected Precision: 0.5769
Undirected Recall: 0.6522
----------------------------------------
PERCENT:30 | ALPHA:0.1 | SEED:70
Directed Sensitivity: 0.3913
Directed Specificity: 0.8899
Directed Precision: 0.4286
Directed Recall: 0.3913
Undirected Sensitivity: 0.4783
Undirected Specificity: 0.7674
Undirected Precision: 0.5238
Undirected Recall: 0.4783
----------------------------------------
PERCENT:30 | ALPHA:0.1 | SEED:80
Directed Sensitivity: 0.6087
Directed Specificity: 0.8532
Directed Precision: 0.4667
Directed Recall: 0.6087
Undirected Sensitivity: 0.6957
Undirected Specificity: 0.6744
Undirected Precision: 0.5333
Undirected Recall: 0.6957
----------------------------------------
PERCENT:30 | ALPHA:0.1 | SEED:90
Directed Sensitivity: 0.4783
Directed Specificity: 0.8716
Directed Precision: 0.4400
Directed Recall: 0.4783
Undirected Sensitivity: 0.5652
Undirected Specificity: 0.7209
Undirected Precision: 0.5200
Undirected Recall: 0.5652
----------------------------------------
PERCENT:30 | ALPHA:0.1 | SEED:100
Directed Sensitivity: 0.4348
Directed Specificity: 0.8349
Directed Precision: 0.3571
Directed Recall: 0.4348
Undirected Sensitivity: 0.4348
Undirected Specificity: 0.5814
Undirected Precision: 0.3571
Undirected Recall: 0.4348
----------------------------------------
PERCENT:30 | ALPHA:0.1 | SEED:110
Directed Sensitivity: 0.3913
Directed Specificity: 0.8257
Directed Precision: 0.3214
Directed Recall: 0.3913
Undirected Sensitivity: 0.5652
Undirected Specificity: 0.6512
Undirected Precision: 0.4643
Undirected Recall: 0.5652
----------------------------------------
PERCENT:30 | ALPHA:0.1 | SEED:120
Directed Sensitivity: 0.5217
Directed Specificity: 0.8165
Directed Precision: 0.3750
Directed Recall: 0.5217
Undirected Sensitivity: 0.6087
Undirected Specificity: 0.5814
Undirected Precision: 0.4375
Undirected Recall: 0.6087
----------------------------------------
PERCENT:30 | ALPHA:0.1 | SEED:130
Directed Sensitivity: 0.6087
Directed Specificity: 0.8899
Directed Precision: 0.5385
Directed Recall: 0.6087
Undirected Sensitivity: 0.6522
Undirected Specificity: 0.7442
Undirected Precision: 0.5769
Undirected Recall: 0.6522
----------------------------------------
PERCENT:30 | ALPHA:0.1 | SEED:140
Directed Sensitivity: 0.4348
Directed Specificity: 0.8073
Directed Precision: 0.3226
Directed Recall: 0.4348
Undirected Sensitivity: 0.5652
Undirected Specificity: 0.5814
Undirected Precision: 0.4194
Undirected Recall: 0.5652
----------------------------------------
PERCENT:30 | ALPHA:0.1 | SEED:150
Directed Sensitivity: 0.5217
Directed Specificity: 0.7982
Directed Precision: 0.3529
Directed Recall: 0.5217
Undirected Sensitivity: 0.5652
Undirected Specificity: 0.5116
Undirected Precision: 0.3824
Undirected Recall: 0.5652
----------------------------------------
PERCENT:30 | ALPHA:0.1 | SEED:160
Directed Sensitivity: 0.6087
Directed Specificity: 0.8257
Directed Precision: 0.4242
Directed Recall: 0.6087
Undirected Sensitivity: 0.6957
Undirected Specificity: 0.6047
Undirected Precision: 0.4848
Undirected Recall: 0.6957
----------------------------------------
PERCENT:30 | ALPHA:0.1 | SEED:170
Directed Sensitivity: 0.5217
Directed Specificity: 0.8716
Directed Precision: 0.4615
Directed Recall: 0.5217
Undirected Sensitivity: 0.5652
Undirected Specificity: 0.6977
Undirected Precision: 0.5000
Undirected Recall: 0.5652
----------------------------------------
PERCENT:30 | ALPHA:0.1 | SEED:180
Directed Sensitivity: 0.6087
Directed Specificity: 0.8257
Directed Precision: 0.4242
Directed Recall: 0.6087
Undirected Sensitivity: 0.6522
Undirected Specificity: 0.5814
Undirected Precision: 0.4545
Undirected Recall: 0.6522
----------------------------------------
PERCENT:30 | ALPHA:0.1 | SEED:190
Directed Sensitivity: 0.4783
Directed Specificity: 0.8073
Directed Precision: 0.3438
Directed Recall: 0.4783
Undirected Sensitivity: 0.6957
Undirected Specificity: 0.6279
Undirected Precision: 0.5000
Undirected Recall: 0.6957
----------------------------------------
PERCENT:30 | ALPHA:0.1 | SEED:200
Directed Sensitivity: 0.4348
Directed Specificity: 0.7615
Directed Precision: 0.2778
Directed Recall: 0.4348
Undirected Sensitivity: 0.5652
Undirected Specificity: 0.4651
Undirected Precision: 0.3611
Undirected Recall: 0.5652
----------------------------------------
PERCENT:30 | ALPHA:0.1 | SEED:210
Directed Sensitivity: 0.4783
Directed Specificity: 0.8624
Directed Precision: 0.4231
Directed Recall: 0.4783
Undirected Sensitivity: 0.5652
Undirected Specificity: 0.6977
Undirected Precision: 0.5000
Undirected Recall: 0.5652
----------------------------------------
PERCENT:30 | ALPHA:0.1 | SEED:220
Directed Sensitivity: 0.4783
Directed Specificity: 0.7982
Directed Precision: 0.3333
Directed Recall: 0.4783
Undirected Sensitivity: 0.5652
Undirected Specificity: 0.5349
Undirected Precision: 0.3939
Undirected Recall: 0.5652
----------------------------------------
PERCENT:30 | ALPHA:0.1 | SEED:230
Directed Sensitivity: 0.3478
Directed Specificity: 0.8165
Directed Precision: 0.2857
Directed Recall: 0.3478
Undirected Sensitivity: 0.4783
Undirected Specificity: 0.6047
Undirected Precision: 0.3929
Undirected Recall: 0.4783
----------------------------------------
PERCENT:30 | ALPHA:0.1 | SEED:240
Directed Sensitivity: 0.5652
Directed Specificity: 0.8532
Directed Precision: 0.4483
Directed Recall: 0.5652
Undirected Sensitivity: 0.6957
Undirected Specificity: 0.6977
Undirected Precision: 0.5517
Undirected Recall: 0.6957
----------------------------------------
PERCENT:30 | ALPHA:0.1 | SEED:250
Directed Sensitivity: 0.5652
Directed Specificity: 0.8073
Directed Precision: 0.3824
Directed Recall: 0.5652
Undirected Sensitivity: 0.6522
Undirected Specificity: 0.5581
Undirected Precision: 0.4412
Undirected Recall: 0.6522
----------------------------------------
PERCENT:30 | ALPHA:0.1 | SEED:260
Directed Sensitivity: 0.6087
Directed Specificity: 0.8716
Directed Precision: 0.5000
Directed Recall: 0.6087
Undirected Sensitivity: 0.6087
Undirected Specificity: 0.6744
Undirected Precision: 0.5000
Undirected Recall: 0.6087
----------------------------------------
PERCENT:30 | ALPHA:0.1 | SEED:270
Directed Sensitivity: 0.4783
Directed Specificity: 0.8257
Directed Precision: 0.3667
Directed Recall: 0.4783
Undirected Sensitivity: 0.5217
Undirected Specificity: 0.5814
Undirected Precision: 0.4000
Undirected Recall: 0.5217
----------------------------------------
PERCENT:30 | ALPHA:0.1 | SEED:280
Directed Sensitivity: 0.5217
Directed Specificity: 0.8440
Directed Precision: 0.4138
Directed Recall: 0.5217
Undirected Sensitivity: 0.6087
Undirected Specificity: 0.6512
Undirected Precision: 0.4828
Undirected Recall: 0.6087
----------------------------------------
PERCENT:30 | ALPHA:0.1 | SEED:290
Directed Sensitivity: 0.3913
Directed Specificity: 0.7798
Directed Precision: 0.2727
Directed Recall: 0.3913
Undirected Sensitivity: 0.5217
Undirected Specificity: 0.5116
Undirected Precision: 0.3636
Undirected Recall: 0.5217
----------------------------------------
PERCENT:30 | ALPHA:0.1 | SEED:300
Directed Sensitivity: 0.3478
Directed Specificity: 0.8624
Directed Precision: 0.3478
Directed Recall: 0.3478
Undirected Sensitivity: 0.4348
Undirected Specificity: 0.6977
Undirected Precision: 0.4348
Undirected Recall: 0.4348
----------------------------------------
PERCENT:30 | ALPHA:0.2 | SEED:10
Directed Sensitivity: 0.5217
Directed Specificity: 0.8349
Directed Precision: 0.4000
Directed Recall: 0.5217
Undirected Sensitivity: 0.5652
Undirected Specificity: 0.6047
Undirected Precision: 0.4333
Undirected Recall: 0.5652
----------------------------------------
PERCENT:30 | ALPHA:0.2 | SEED:20
Directed Sensitivity: 0.4348
Directed Specificity: 0.8165
Directed Precision: 0.3333
Directed Recall: 0.4348
Undirected Sensitivity: 0.5652
Undirected Specificity: 0.6047
Undirected Precision: 0.4333
Undirected Recall: 0.5652
----------------------------------------
PERCENT:30 | ALPHA:0.2 | SEED:30
Directed Sensitivity: 0.3913
Directed Specificity: 0.8440
Directed Precision: 0.3462
Directed Recall: 0.3913
Undirected Sensitivity: 0.5217
Undirected Specificity: 0.6744
Undirected Precision: 0.4615
Undirected Recall: 0.5217
----------------------------------------
PERCENT:30 | ALPHA:0.2 | SEED:40
Directed Sensitivity: 0.4348
Directed Specificity: 0.8532
Directed Precision: 0.3846
Directed Recall: 0.4348
Undirected Sensitivity: 0.4783
Undirected Specificity: 0.6512
Undirected Precision: 0.4231
Undirected Recall: 0.4783
----------------------------------------
PERCENT:30 | ALPHA:0.2 | SEED:50
Directed Sensitivity: 0.4348
Directed Specificity: 0.8257
Directed Precision: 0.3448
Directed Recall: 0.4348
Undirected Sensitivity: 0.5217
Undirected Specificity: 0.6047
Undirected Precision: 0.4138
Undirected Recall: 0.5217
----------------------------------------
PERCENT:30 | ALPHA:0.2 | SEED:60
Directed Sensitivity: 0.6087
Directed Specificity: 0.8807
Directed Precision: 0.5185
Directed Recall: 0.6087
Undirected Sensitivity: 0.6957
Undirected Specificity: 0.7442
Undirected Precision: 0.5926
Undirected Recall: 0.6957
----------------------------------------
PERCENT:30 | ALPHA:0.2 | SEED:70
Directed Sensitivity: 0.5652
Directed Specificity: 0.8440
Directed Precision: 0.4333
Directed Recall: 0.5652
Undirected Sensitivity: 0.6522
Undirected Specificity: 0.6512
Undirected Precision: 0.5000
Undirected Recall: 0.6522
----------------------------------------
PERCENT:30 | ALPHA:0.2 | SEED:80
Directed Sensitivity: 0.5217
Directed Specificity: 0.8624
Directed Precision: 0.4444
Directed Recall: 0.5217
Undirected Sensitivity: 0.6087
Undirected Specificity: 0.6977
Undirected Precision: 0.5185
Undirected Recall: 0.6087
----------------------------------------
PERCENT:30 | ALPHA:0.2 | SEED:90
Directed Sensitivity: 0.5652
Directed Specificity: 0.8440
Directed Precision: 0.4333
Directed Recall: 0.5652
Undirected Sensitivity: 0.6087
Undirected Specificity: 0.6279
Undirected Precision: 0.4667
Undirected Recall: 0.6087
----------------------------------------
PERCENT:30 | ALPHA:0.2 | SEED:100
Directed Sensitivity: 0.4348
Directed Specificity: 0.8349
Directed Precision: 0.3571
Directed Recall: 0.4348
Undirected Sensitivity: 0.4348
Undirected Specificity: 0.5814
Undirected Precision: 0.3571
Undirected Recall: 0.4348
----------------------------------------
PERCENT:30 | ALPHA:0.2 | SEED:110
Directed Sensitivity: 0.4348
Directed Specificity: 0.8349
Directed Precision: 0.3571
Directed Recall: 0.4348
Undirected Sensitivity: 0.4783
Undirected Specificity: 0.6047
Undirected Precision: 0.3929
Undirected Recall: 0.4783
----------------------------------------
PERCENT:30 | ALPHA:0.2 | SEED:120
Directed Sensitivity: 0.5217
Directed Specificity: 0.8440
Directed Precision: 0.4138
Directed Recall: 0.5217
Undirected Sensitivity: 0.5217
Undirected Specificity: 0.6047
Undirected Precision: 0.4138
Undirected Recall: 0.5217
----------------------------------------
PERCENT:30 | ALPHA:0.2 | SEED:130
Directed Sensitivity: 0.6087
Directed Specificity: 0.8532
Directed Precision: 0.4667
Directed Recall: 0.6087
Undirected Sensitivity: 0.7391
Undirected Specificity: 0.6977
Undirected Precision: 0.5667
Undirected Recall: 0.7391
----------------------------------------
PERCENT:30 | ALPHA:0.2 | SEED:140
Directed Sensitivity: 0.4783
Directed Specificity: 0.7798
Directed Precision: 0.3143
Directed Recall: 0.4783
Undirected Sensitivity: 0.6522
Undirected Specificity: 0.5349
Undirected Precision: 0.4286
Undirected Recall: 0.6522
----------------------------------------
PERCENT:30 | ALPHA:0.2 | SEED:150
Directed Sensitivity: 0.6522
Directed Specificity: 0.8165
Directed Precision: 0.4286
Directed Recall: 0.6522
Undirected Sensitivity: 0.6522
Undirected Specificity: 0.5349
Undirected Precision: 0.4286
Undirected Recall: 0.6522
----------------------------------------
PERCENT:30 | ALPHA:0.2 | SEED:160
Directed Sensitivity: 0.4783
Directed Specificity: 0.7982
Directed Precision: 0.3333
Directed Recall: 0.4783
Undirected Sensitivity: 0.6087
Undirected Specificity: 0.5581
Undirected Precision: 0.4242
Undirected Recall: 0.6087
----------------------------------------
PERCENT:30 | ALPHA:0.2 | SEED:170
Directed Sensitivity: 0.5217
Directed Specificity: 0.8440
Directed Precision: 0.4138
Directed Recall: 0.5217
Undirected Sensitivity: 0.5217
Undirected Specificity: 0.6047
Undirected Precision: 0.4138
Undirected Recall: 0.5217
----------------------------------------
PERCENT:30 | ALPHA:0.2 | SEED:180
Directed Sensitivity: 0.6087
Directed Specificity: 0.8165
Directed Precision: 0.4118
Directed Recall: 0.6087
Undirected Sensitivity: 0.6522
Undirected Specificity: 0.5581
Undirected Precision: 0.4412
Undirected Recall: 0.6522
----------------------------------------
PERCENT:30 | ALPHA:0.2 | SEED:190
Directed Sensitivity: 0.4783
Directed Specificity: 0.7890
Directed Precision: 0.3235
Directed Recall: 0.4783
Undirected Sensitivity: 0.6522
Undirected Specificity: 0.5581
Undirected Precision: 0.4412
Undirected Recall: 0.6522
----------------------------------------
PERCENT:30 | ALPHA:0.2 | SEED:200
Directed Sensitivity: 0.3913
Directed Specificity: 0.8532
Directed Precision: 0.3600
Directed Recall: 0.3913
Undirected Sensitivity: 0.3913
Undirected Specificity: 0.6279
Undirected Precision: 0.3600
Undirected Recall: 0.3913
----------------------------------------
PERCENT:30 | ALPHA:0.2 | SEED:210
Directed Sensitivity: 0.6087
Directed Specificity: 0.8624
Directed Precision: 0.4828
Directed Recall: 0.6087
Undirected Sensitivity: 0.6957
Undirected Specificity: 0.6977
Undirected Precision: 0.5517
Undirected Recall: 0.6957
----------------------------------------
PERCENT:30 | ALPHA:0.2 | SEED:220
Directed Sensitivity: 0.5217
Directed Specificity: 0.8257
Directed Precision: 0.3871
Directed Recall: 0.5217
Undirected Sensitivity: 0.6087
Undirected Specificity: 0.6047
Undirected Precision: 0.4516
Undirected Recall: 0.6087
----------------------------------------
PERCENT:30 | ALPHA:0.2 | SEED:230
Directed Sensitivity: 0.4348
Directed Specificity: 0.7982
Directed Precision: 0.3125
Directed Recall: 0.4348
Undirected Sensitivity: 0.5652
Undirected Specificity: 0.5581
Undirected Precision: 0.4062
Undirected Recall: 0.5652
----------------------------------------
PERCENT:30 | ALPHA:0.2 | SEED:240
Directed Sensitivity: 0.6087
Directed Specificity: 0.7890
Directed Precision: 0.3784
Directed Recall: 0.6087
Undirected Sensitivity: 0.7826
Undirected Specificity: 0.5581
Undirected Precision: 0.4865
Undirected Recall: 0.7826
----------------------------------------
PERCENT:30 | ALPHA:0.2 | SEED:250
Directed Sensitivity: 0.6522
Directed Specificity: 0.8165
Directed Precision: 0.4286
Directed Recall: 0.6522
Undirected Sensitivity: 0.6957
Undirected Specificity: 0.5581
Undirected Precision: 0.4571
Undirected Recall: 0.6957
----------------------------------------
PERCENT:30 | ALPHA:0.2 | SEED:260
Directed Sensitivity: 0.4783
Directed Specificity: 0.7798
Directed Precision: 0.3143
Directed Recall: 0.4783
Undirected Sensitivity: 0.6522
Undirected Specificity: 0.5349
Undirected Precision: 0.4286
Undirected Recall: 0.6522
----------------------------------------
PERCENT:30 | ALPHA:0.2 | SEED:270
Directed Sensitivity: 0.3913
Directed Specificity: 0.8073
Directed Precision: 0.3000
Directed Recall: 0.3913
Undirected Sensitivity: 0.6087
Undirected Specificity: 0.6279
Undirected Precision: 0.4667
Undirected Recall: 0.6087
----------------------------------------
PERCENT:30 | ALPHA:0.2 | SEED:280
Directed Sensitivity: 0.6087
Directed Specificity: 0.8073
Directed Precision: 0.4000
Directed Recall: 0.6087
Undirected Sensitivity: 0.7391
Undirected Specificity: 0.5814
Undirected Precision: 0.4857
Undirected Recall: 0.7391
----------------------------------------
PERCENT:30 | ALPHA:0.2 | SEED:290
Directed Sensitivity: 0.4348
Directed Specificity: 0.7890
Directed Precision: 0.3030
Directed Recall: 0.4348
Undirected Sensitivity: 0.5217
Undirected Specificity: 0.5116
Undirected Precision: 0.3636
Undirected Recall: 0.5217
----------------------------------------
PERCENT:30 | ALPHA:0.2 | SEED:300
Directed Sensitivity: 0.5217
Directed Specificity: 0.8349
Directed Precision: 0.4000
Directed Recall: 0.5217
Undirected Sensitivity: 0.5217
Undirected Specificity: 0.5814
Undirected Precision: 0.4000
Undirected Recall: 0.5217
----------------------------------------
