SEED:10
Directed Sensitivity: 0.9130
Directed Specificity: 0.9633
Directed Precision: 0.8400
Directed Recall:    0.9130
-------------------------
Undirected Sensitivity: 0.9130
Undirected Specificity: 0.9070
Undirected Precision: 0.8400
Undirected Recall:    0.9130
----------------------------------------
SEED:20
Directed Sensitivity: 0.9130
Directed Specificity: 0.9541
Directed Precision: 0.8077
Directed Recall:    0.9130
-------------------------
Undirected Sensitivity: 0.9130
Undirected Specificity: 0.8837
Undirected Precision: 0.8077
Undirected Recall:    0.9130
----------------------------------------
SEED:30
Directed Sensitivity: 0.8261
Directed Specificity: 0.9266
Directed Precision: 0.7037
Directed Recall:    0.8261
-------------------------
Undirected Sensitivity: 0.8261
Undirected Specificity: 0.8140
Undirected Precision: 0.7037
Undirected Recall:    0.8261
----------------------------------------
SEED:40
Directed Sensitivity: 0.9565
Directed Specificity: 0.9450
Directed Precision: 0.7857
Directed Recall:    0.9565
-------------------------
Undirected Sensitivity: 0.9565
Undirected Specificity: 0.8605
Undirected Precision: 0.7857
Undirected Recall:    0.9565
----------------------------------------
SEED:50
Directed Sensitivity: 0.8696
Directed Specificity: 0.9266
Directed Precision: 0.7143
Directed Recall:    0.8696
-------------------------
Undirected Sensitivity: 0.8696
Undirected Specificity: 0.8140
Undirected Precision: 0.7143
Undirected Recall:    0.8696
----------------------------------------
SEED:60
Directed Sensitivity: 0.8261
Directed Specificity: 0.9633
Directed Precision: 0.8261
Directed Recall:    0.8261
-------------------------
Undirected Sensitivity: 0.8261
Undirected Specificity: 0.9070
Undirected Precision: 0.8261
Undirected Recall:    0.8261
----------------------------------------
SEED:70
Directed Sensitivity: 0.9565
Directed Specificity: 0.9908
Directed Precision: 0.9565
Directed Recall:    0.9565
-------------------------
Undirected Sensitivity: 0.9565
Undirected Specificity: 0.9767
Undirected Precision: 0.9565
Undirected Recall:    0.9565
----------------------------------------
SEED:80
Directed Sensitivity: 0.9565
Directed Specificity: 0.9450
Directed Precision: 0.7857
Directed Recall:    0.9565
-------------------------
Undirected Sensitivity: 0.9565
Undirected Specificity: 0.8605
Undirected Precision: 0.7857
Undirected Recall:    0.9565
----------------------------------------
SEED:90
Directed Sensitivity: 1.0000
Directed Specificity: 0.9633
Directed Precision: 0.8519
Directed Recall:    1.0000
-------------------------
Undirected Sensitivity: 1.0000
Undirected Specificity: 0.9070
Undirected Precision: 0.8519
Undirected Recall:    1.0000
----------------------------------------
SEED:100
Directed Sensitivity: 0.9130
Directed Specificity: 0.9725
Directed Precision: 0.8750
Directed Recall:    0.9130
-------------------------
Undirected Sensitivity: 0.9130
Undirected Specificity: 0.9302
Undirected Precision: 0.8750
Undirected Recall:    0.9130
----------------------------------------
SEED:110
Directed Sensitivity: 0.8696
Directed Specificity: 0.9633
Directed Precision: 0.8333
Directed Recall:    0.8696
-------------------------
Undirected Sensitivity: 0.8696
Undirected Specificity: 0.9070
Undirected Precision: 0.8333
Undirected Recall:    0.8696
----------------------------------------
SEED:120
Directed Sensitivity: 0.9130
Directed Specificity: 0.9450
Directed Precision: 0.7778
Directed Recall:    0.9130
-------------------------
Undirected Sensitivity: 0.9130
Undirected Specificity: 0.8605
Undirected Precision: 0.7778
Undirected Recall:    0.9130
----------------------------------------
SEED:130
Directed Sensitivity: 0.8696
Directed Specificity: 0.9358
Directed Precision: 0.7407
Directed Recall:    0.8696
-------------------------
Undirected Sensitivity: 0.8696
Undirected Specificity: 0.8372
Undirected Precision: 0.7407
Undirected Recall:    0.8696
----------------------------------------
SEED:140
Directed Sensitivity: 0.8696
Directed Specificity: 0.9725
Directed Precision: 0.8696
Directed Recall:    0.8696
-------------------------
Undirected Sensitivity: 0.8696
Undirected Specificity: 0.9302
Undirected Precision: 0.8696
Undirected Recall:    0.8696
----------------------------------------
SEED:150
Directed Sensitivity: 0.8261
Directed Specificity: 0.9174
Directed Precision: 0.6786
Directed Recall:    0.8261
-------------------------
Undirected Sensitivity: 0.8261
Undirected Specificity: 0.7907
Undirected Precision: 0.6786
Undirected Recall:    0.8261
----------------------------------------
SEED:160
Directed Sensitivity: 0.9130
Directed Specificity: 0.9725
Directed Precision: 0.8750
Directed Recall:    0.9130
-------------------------
Undirected Sensitivity: 0.9130
Undirected Specificity: 0.9302
Undirected Precision: 0.8750
Undirected Recall:    0.9130
----------------------------------------
SEED:170
Directed Sensitivity: 0.9130
Directed Specificity: 0.9358
Directed Precision: 0.7500
Directed Recall:    0.9130
-------------------------
Undirected Sensitivity: 0.9130
Undirected Specificity: 0.8372
Undirected Precision: 0.7500
Undirected Recall:    0.9130
----------------------------------------
SEED:180
Directed Sensitivity: 0.9130
Directed Specificity: 0.9266
Directed Precision: 0.7241
Directed Recall:    0.9130
-------------------------
Undirected Sensitivity: 0.9130
Undirected Specificity: 0.8140
Undirected Precision: 0.7241
Undirected Recall:    0.9130
----------------------------------------
SEED:190
Directed Sensitivity: 0.9130
Directed Specificity: 0.9358
Directed Precision: 0.7500
Directed Recall:    0.9130
-------------------------
Undirected Sensitivity: 0.9130
Undirected Specificity: 0.8372
Undirected Precision: 0.7500
Undirected Recall:    0.9130
----------------------------------------
SEED:200
Directed Sensitivity: 0.9130
Directed Specificity: 0.9817
Directed Precision: 0.9130
Directed Recall:    0.9130
-------------------------
Undirected Sensitivity: 0.9130
Undirected Specificity: 0.9535
Undirected Precision: 0.9130
Undirected Recall:    0.9130
----------------------------------------
SEED:210
Directed Sensitivity: 0.9565
Directed Specificity: 0.9358
Directed Precision: 0.7586
Directed Recall:    0.9565
-------------------------
Undirected Sensitivity: 0.9565
Undirected Specificity: 0.8372
Undirected Precision: 0.7586
Undirected Recall:    0.9565
----------------------------------------
SEED:220
Directed Sensitivity: 0.9565
Directed Specificity: 0.9450
Directed Precision: 0.7857
Directed Recall:    0.9565
-------------------------
Undirected Sensitivity: 0.9565
Undirected Specificity: 0.8605
Undirected Precision: 0.7857
Undirected Recall:    0.9565
----------------------------------------
SEED:230
Directed Sensitivity: 1.0000
Directed Specificity: 0.9450
Directed Precision: 0.7931
Directed Recall:    1.0000
-------------------------
Undirected Sensitivity: 1.0000
Undirected Specificity: 0.8605
Undirected Precision: 0.7931
Undirected Recall:    1.0000
----------------------------------------
SEED:240
Directed Sensitivity: 0.9130
Directed Specificity: 0.9541
Directed Precision: 0.8077
Directed Recall:    0.9130
-------------------------
Undirected Sensitivity: 0.9130
Undirected Specificity: 0.8837
Undirected Precision: 0.8077
Undirected Recall:    0.9130
----------------------------------------
SEED:250
Directed Sensitivity: 0.8696
Directed Specificity: 0.9633
Directed Precision: 0.8333
Directed Recall:    0.8696
-------------------------
Undirected Sensitivity: 0.8696
Undirected Specificity: 0.9070
Undirected Precision: 0.8333
Undirected Recall:    0.8696
----------------------------------------
SEED:260
Directed Sensitivity: 0.9130
Directed Specificity: 0.9358
Directed Precision: 0.7500
Directed Recall:    0.9130
-------------------------
Undirected Sensitivity: 0.9130
Undirected Specificity: 0.8372
Undirected Precision: 0.7500
Undirected Recall:    0.9130
----------------------------------------
SEED:270
Directed Sensitivity: 0.9130
Directed Specificity: 0.9541
Directed Precision: 0.8077
Directed Recall:    0.9130
-------------------------
Undirected Sensitivity: 0.9130
Undirected Specificity: 0.8837
Undirected Precision: 0.8077
Undirected Recall:    0.9130
----------------------------------------
SEED:280
Directed Sensitivity: 0.8261
Directed Specificity: 0.9266
Directed Precision: 0.7037
Directed Recall:    0.8261
-------------------------
Undirected Sensitivity: 0.8261
Undirected Specificity: 0.8140
Undirected Precision: 0.7037
Undirected Recall:    0.8261
----------------------------------------
SEED:290
Directed Sensitivity: 0.9130
Directed Specificity: 0.9358
Directed Precision: 0.7500
Directed Recall:    0.9130
-------------------------
Undirected Sensitivity: 0.9130
Undirected Specificity: 0.8372
Undirected Precision: 0.7500
Undirected Recall:    0.9130
----------------------------------------
SEED:300
Directed Sensitivity: 1.0000
Directed Specificity: 0.9358
Directed Precision: 0.7667
Directed Recall:    1.0000
-------------------------
Undirected Sensitivity: 1.0000
Undirected Specificity: 0.8372
Undirected Precision: 0.7667
Undirected Recall:    1.0000
----------------------------------------
