SEED:10
Directed Sensitivity: 0.8696
Directed Specificity: 0.9174
Directed Precision: 0.6897
Directed Recall:    0.8696
-------------------------
Undirected Sensitivity: 0.8696
Undirected Specificity: 0.7907
Undirected Precision: 0.6897
Undirected Recall:    0.8696
----------------------------------------
SEED:20
Directed Sensitivity: 0.6957
Directed Specificity: 0.8991
Directed Precision: 0.5926
Directed Recall:    0.6957
-------------------------
Undirected Sensitivity: 0.6957
Undirected Specificity: 0.7442
Undirected Precision: 0.5926
Undirected Recall:    0.6957
----------------------------------------
SEED:30
Directed Sensitivity: 0.7826
Directed Specificity: 0.9174
Directed Precision: 0.6667
Directed Recall:    0.7826
-------------------------
Undirected Sensitivity: 0.7826
Undirected Specificity: 0.7907
Undirected Precision: 0.6667
Undirected Recall:    0.7826
----------------------------------------
SEED:40
Directed Sensitivity: 0.6522
Directed Specificity: 0.8716
Directed Precision: 0.5172
Directed Recall:    0.6522
-------------------------
Undirected Sensitivity: 0.7391
Undirected Specificity: 0.7209
Undirected Precision: 0.5862
Undirected Recall:    0.7391
----------------------------------------
SEED:50
Directed Sensitivity: 0.6522
Directed Specificity: 0.9174
Directed Precision: 0.6250
Directed Recall:    0.6522
-------------------------
Undirected Sensitivity: 0.6522
Undirected Specificity: 0.7907
Undirected Precision: 0.6250
Undirected Recall:    0.6522
----------------------------------------
SEED:60
Directed Sensitivity: 0.6522
Directed Specificity: 0.9358
Directed Precision: 0.6818
Directed Recall:    0.6522
-------------------------
Undirected Sensitivity: 0.6522
Undirected Specificity: 0.8372
Undirected Precision: 0.6818
Undirected Recall:    0.6522
----------------------------------------
SEED:70
Directed Sensitivity: 0.7391
Directed Specificity: 0.9450
Directed Precision: 0.7391
Directed Recall:    0.7391
-------------------------
Undirected Sensitivity: 0.7391
Undirected Specificity: 0.8605
Undirected Precision: 0.7391
Undirected Recall:    0.7391
----------------------------------------
SEED:80
Directed Sensitivity: 0.7826
Directed Specificity: 0.9358
Directed Precision: 0.7200
Directed Recall:    0.7826
-------------------------
Undirected Sensitivity: 0.7826
Undirected Specificity: 0.8372
Undirected Precision: 0.7200
Undirected Recall:    0.7826
----------------------------------------
SEED:90
Directed Sensitivity: 0.8696
Directed Specificity: 0.9174
Directed Precision: 0.6897
Directed Recall:    0.8696
-------------------------
Undirected Sensitivity: 0.8696
Undirected Specificity: 0.7907
Undirected Precision: 0.6897
Undirected Recall:    0.8696
----------------------------------------
SEED:100
Directed Sensitivity: 0.8696
Directed Specificity: 0.9358
Directed Precision: 0.7407
Directed Recall:    0.8696
-------------------------
Undirected Sensitivity: 0.8696
Undirected Specificity: 0.8372
Undirected Precision: 0.7407
Undirected Recall:    0.8696
----------------------------------------
SEED:110
Directed Sensitivity: 0.7391
Directed Specificity: 0.9083
Directed Precision: 0.6296
Directed Recall:    0.7391
-------------------------
Undirected Sensitivity: 0.7391
Undirected Specificity: 0.7674
Undirected Precision: 0.6296
Undirected Recall:    0.7391
----------------------------------------
SEED:120
Directed Sensitivity: 0.8261
Directed Specificity: 0.9266
Directed Precision: 0.7037
Directed Recall:    0.8261
-------------------------
Undirected Sensitivity: 0.8261
Undirected Specificity: 0.8140
Undirected Precision: 0.7037
Undirected Recall:    0.8261
----------------------------------------
SEED:130
Directed Sensitivity: 0.8261
Directed Specificity: 0.9358
Directed Precision: 0.7308
Directed Recall:    0.8261
-------------------------
Undirected Sensitivity: 0.8261
Undirected Specificity: 0.8372
Undirected Precision: 0.7308
Undirected Recall:    0.8261
----------------------------------------
SEED:140
Directed Sensitivity: 0.6522
Directed Specificity: 0.9174
Directed Precision: 0.6250
Directed Recall:    0.6522
-------------------------
Undirected Sensitivity: 0.6522
Undirected Specificity: 0.7907
Undirected Precision: 0.6250
Undirected Recall:    0.6522
----------------------------------------
SEED:150
Directed Sensitivity: 0.6957
Directed Specificity: 0.9174
Directed Precision: 0.6400
Directed Recall:    0.6957
-------------------------
Undirected Sensitivity: 0.6957
Undirected Specificity: 0.7907
Undirected Precision: 0.6400
Undirected Recall:    0.6957
----------------------------------------
SEED:160
Directed Sensitivity: 0.7391
Directed Specificity: 0.9266
Directed Precision: 0.6800
Directed Recall:    0.7391
-------------------------
Undirected Sensitivity: 0.7391
Undirected Specificity: 0.8140
Undirected Precision: 0.6800
Undirected Recall:    0.7391
----------------------------------------
SEED:170
Directed Sensitivity: 0.6957
Directed Specificity: 0.9174
Directed Precision: 0.6400
Directed Recall:    0.6957
-------------------------
Undirected Sensitivity: 0.6957
Undirected Specificity: 0.7907
Undirected Precision: 0.6400
Undirected Recall:    0.6957
----------------------------------------
SEED:180
Directed Sensitivity: 0.5217
Directed Specificity: 0.8349
Directed Precision: 0.4000
Directed Recall:    0.5217
-------------------------
Undirected Sensitivity: 0.6522
Undirected Specificity: 0.6512
Undirected Precision: 0.5000
Undirected Recall:    0.6522
----------------------------------------
SEED:190
Directed Sensitivity: 0.8696
Directed Specificity: 0.9266
Directed Precision: 0.7143
Directed Recall:    0.8696
-------------------------
Undirected Sensitivity: 0.8696
Undirected Specificity: 0.8140
Undirected Precision: 0.7143
Undirected Recall:    0.8696
----------------------------------------
SEED:200
Directed Sensitivity: 0.7826
Directed Specificity: 0.9450
Directed Precision: 0.7500
Directed Recall:    0.7826
-------------------------
Undirected Sensitivity: 0.7826
Undirected Specificity: 0.8605
Undirected Precision: 0.7500
Undirected Recall:    0.7826
----------------------------------------
SEED:210
Directed Sensitivity: 0.7391
Directed Specificity: 0.9174
Directed Precision: 0.6538
Directed Recall:    0.7391
-------------------------
Undirected Sensitivity: 0.7391
Undirected Specificity: 0.7907
Undirected Precision: 0.6538
Undirected Recall:    0.7391
----------------------------------------
SEED:220
Directed Sensitivity: 0.7826
Directed Specificity: 0.8807
Directed Precision: 0.5806
Directed Recall:    0.7826
-------------------------
Undirected Sensitivity: 0.7826
Undirected Specificity: 0.6977
Undirected Precision: 0.5806
Undirected Recall:    0.7826
----------------------------------------
SEED:230
Directed Sensitivity: 0.7826
Directed Specificity: 0.8991
Directed Precision: 0.6207
Directed Recall:    0.7826
-------------------------
Undirected Sensitivity: 0.7826
Undirected Specificity: 0.7442
Undirected Precision: 0.6207
Undirected Recall:    0.7826
----------------------------------------
SEED:240
Directed Sensitivity: 0.6522
Directed Specificity: 0.9266
Directed Precision: 0.6522
Directed Recall:    0.6522
-------------------------
Undirected Sensitivity: 0.6522
Undirected Specificity: 0.8140
Undirected Precision: 0.6522
Undirected Recall:    0.6522
----------------------------------------
SEED:250
Directed Sensitivity: 0.7391
Directed Specificity: 0.9083
Directed Precision: 0.6296
Directed Recall:    0.7391
-------------------------
Undirected Sensitivity: 0.7391
Undirected Specificity: 0.7674
Undirected Precision: 0.6296
Undirected Recall:    0.7391
----------------------------------------
SEED:260
Directed Sensitivity: 0.7391
Directed Specificity: 0.8991
Directed Precision: 0.6071
Directed Recall:    0.7391
-------------------------
Undirected Sensitivity: 0.7391
Undirected Specificity: 0.7442
Undirected Precision: 0.6071
Undirected Recall:    0.7391
----------------------------------------
SEED:270
Directed Sensitivity: 0.8261
Directed Specificity: 0.9174
Directed Precision: 0.6786
Directed Recall:    0.8261
-------------------------
Undirected Sensitivity: 0.8261
Undirected Specificity: 0.7907
Undirected Precision: 0.6786
Undirected Recall:    0.8261
----------------------------------------
SEED:280
Directed Sensitivity: 0.7391
Directed Specificity: 0.8991
Directed Precision: 0.6071
Directed Recall:    0.7391
-------------------------
Undirected Sensitivity: 0.7391
Undirected Specificity: 0.7442
Undirected Precision: 0.6071
Undirected Recall:    0.7391
----------------------------------------
SEED:290
Directed Sensitivity: 0.8261
Directed Specificity: 0.9174
Directed Precision: 0.6786
Directed Recall:    0.8261
-------------------------
Undirected Sensitivity: 0.8261
Undirected Specificity: 0.7907
Undirected Precision: 0.6786
Undirected Recall:    0.8261
----------------------------------------
SEED:300
Directed Sensitivity: 0.7826
Directed Specificity: 0.9083
Directed Precision: 0.6429
Directed Recall:    0.7826
-------------------------
Undirected Sensitivity: 0.7826
Undirected Specificity: 0.7674
Undirected Precision: 0.6429
Undirected Recall:    0.7826
----------------------------------------
