PERCENT:15 | ALPHA:0.01 | SEED:10
Directed Sensitivity: 0.3043
Directed Specificity: 0.7064
Directed Precision: 0.1795
Directed Recall: 0.3043
Undirected Sensitivity: 0.7826
Undirected Specificity: 0.5116
Undirected Precision: 0.4615
Undirected Recall: 0.7826
----------------------------------------
PERCENT:15 | ALPHA:0.01 | SEED:20
Directed Sensitivity: 0.5652
Directed Specificity: 0.8257
Directed Precision: 0.4062
Directed Recall: 0.5652
Undirected Sensitivity: 0.7391
Undirected Specificity: 0.6512
Undirected Precision: 0.5312
Undirected Recall: 0.7391
----------------------------------------
PERCENT:15 | ALPHA:0.01 | SEED:30
Directed Sensitivity: 0.4783
Directed Specificity: 0.8716
Directed Precision: 0.4400
Directed Recall: 0.4783
Undirected Sensitivity: 0.6087
Undirected Specificity: 0.7442
Undirected Precision: 0.5600
Undirected Recall: 0.6087
----------------------------------------
PERCENT:15 | ALPHA:0.01 | SEED:40
Directed Sensitivity: 0.3478
Directed Specificity: 0.7890
Directed Precision: 0.2581
Directed Recall: 0.3478
Undirected Sensitivity: 0.6522
Undirected Specificity: 0.6279
Undirected Precision: 0.4839
Undirected Recall: 0.6522
----------------------------------------
PERCENT:15 | ALPHA:0.01 | SEED:50
Directed Sensitivity: 0.4348
Directed Specificity: 0.8991
Directed Precision: 0.4762
Directed Recall: 0.4348
Undirected Sensitivity: 0.5217
Undirected Specificity: 0.7907
Undirected Precision: 0.5714
Undirected Recall: 0.5217
----------------------------------------
PERCENT:15 | ALPHA:0.01 | SEED:60
Directed Sensitivity: 0.5652
Directed Specificity: 0.8716
Directed Precision: 0.4815
Directed Recall: 0.5652
Undirected Sensitivity: 0.7391
Undirected Specificity: 0.7674
Undirected Precision: 0.6296
Undirected Recall: 0.7391
----------------------------------------
PERCENT:15 | ALPHA:0.01 | SEED:70
Directed Sensitivity: 0.5652
Directed Specificity: 0.8899
Directed Precision: 0.5200
Directed Recall: 0.5652
Undirected Sensitivity: 0.7391
Undirected Specificity: 0.8140
Undirected Precision: 0.6800
Undirected Recall: 0.7391
----------------------------------------
PERCENT:15 | ALPHA:0.01 | SEED:80
Directed Sensitivity: 0.5652
Directed Specificity: 0.8899
Directed Precision: 0.5200
Directed Recall: 0.5652
Undirected Sensitivity: 0.6957
Undirected Specificity: 0.7907
Undirected Precision: 0.6400
Undirected Recall: 0.6957
----------------------------------------
PERCENT:15 | ALPHA:0.01 | SEED:90
Directed Sensitivity: 0.4783
Directed Specificity: 0.8532
Directed Precision: 0.4074
Directed Recall: 0.4783
Undirected Sensitivity: 0.6957
Undirected Specificity: 0.7442
Undirected Precision: 0.5926
Undirected Recall: 0.6957
----------------------------------------
PERCENT:15 | ALPHA:0.01 | SEED:100
Directed Sensitivity: 0.5217
Directed Specificity: 0.8532
Directed Precision: 0.4286
Directed Recall: 0.5217
Undirected Sensitivity: 0.7826
Undirected Specificity: 0.7674
Undirected Precision: 0.6429
Undirected Recall: 0.7826
----------------------------------------
PERCENT:15 | ALPHA:0.01 | SEED:110
Directed Sensitivity: 0.5217
Directed Specificity: 0.8073
Directed Precision: 0.3636
Directed Recall: 0.5217
Undirected Sensitivity: 0.7391
Undirected Specificity: 0.6279
Undirected Precision: 0.5152
Undirected Recall: 0.7391
----------------------------------------
PERCENT:15 | ALPHA:0.01 | SEED:120
Directed Sensitivity: 0.6522
Directed Specificity: 0.8991
Directed Precision: 0.5769
Directed Recall: 0.6522
Undirected Sensitivity: 0.7826
Undirected Specificity: 0.8140
Undirected Precision: 0.6923
Undirected Recall: 0.7826
----------------------------------------
PERCENT:15 | ALPHA:0.01 | SEED:130
Directed Sensitivity: 0.6522
Directed Specificity: 0.8899
Directed Precision: 0.5556
Directed Recall: 0.6522
Undirected Sensitivity: 0.7826
Undirected Specificity: 0.7907
Undirected Precision: 0.6667
Undirected Recall: 0.7826
----------------------------------------
PERCENT:15 | ALPHA:0.01 | SEED:140
Directed Sensitivity: 0.5217
Directed Specificity: 0.8440
Directed Precision: 0.4138
Directed Recall: 0.5217
Undirected Sensitivity: 0.7826
Undirected Specificity: 0.7442
Undirected Precision: 0.6207
Undirected Recall: 0.7826
----------------------------------------
PERCENT:15 | ALPHA:0.01 | SEED:150
Directed Sensitivity: 0.4783
Directed Specificity: 0.8807
Directed Precision: 0.4583
Directed Recall: 0.4783
Undirected Sensitivity: 0.6522
Undirected Specificity: 0.7907
Undirected Precision: 0.6250
Undirected Recall: 0.6522
----------------------------------------
PERCENT:15 | ALPHA:0.01 | SEED:160
Directed Sensitivity: 0.6087
Directed Specificity: 0.8257
Directed Precision: 0.4242
Directed Recall: 0.6087
Undirected Sensitivity: 0.7391
Undirected Specificity: 0.6279
Undirected Precision: 0.5152
Undirected Recall: 0.7391
----------------------------------------
PERCENT:15 | ALPHA:0.01 | SEED:170
Directed Sensitivity: 0.4348
Directed Specificity: 0.8165
Directed Precision: 0.3333
Directed Recall: 0.4348
Undirected Sensitivity: 0.5652
Undirected Specificity: 0.6047
Undirected Precision: 0.4333
Undirected Recall: 0.5652
----------------------------------------
PERCENT:15 | ALPHA:0.01 | SEED:180
Directed Sensitivity: 0.6087
Directed Specificity: 0.8716
Directed Precision: 0.5000
Directed Recall: 0.6087
Undirected Sensitivity: 0.7391
Undirected Specificity: 0.7442
Undirected Precision: 0.6071
Undirected Recall: 0.7391
----------------------------------------
PERCENT:15 | ALPHA:0.01 | SEED:190
Directed Sensitivity: 0.5217
Directed Specificity: 0.8165
Directed Precision: 0.3750
Directed Recall: 0.5217
Undirected Sensitivity: 0.7391
Undirected Specificity: 0.6512
Undirected Precision: 0.5312
Undirected Recall: 0.7391
----------------------------------------
PERCENT:15 | ALPHA:0.01 | SEED:200
Directed Sensitivity: 0.5217
Directed Specificity: 0.8807
Directed Precision: 0.4800
Directed Recall: 0.5217
Undirected Sensitivity: 0.6957
Undirected Specificity: 0.7907
Undirected Precision: 0.6400
Undirected Recall: 0.6957
----------------------------------------
PERCENT:15 | ALPHA:0.01 | SEED:210
Directed Sensitivity: 0.6087
Directed Specificity: 0.8532
Directed Precision: 0.4667
Directed Recall: 0.6087
Undirected Sensitivity: 0.8696
Undirected Specificity: 0.7674
Undirected Precision: 0.6667
Undirected Recall: 0.8696
----------------------------------------
PERCENT:15 | ALPHA:0.01 | SEED:220
Directed Sensitivity: 0.6087
Directed Specificity: 0.8073
Directed Precision: 0.4000
Directed Recall: 0.6087
Undirected Sensitivity: 0.7391
Undirected Specificity: 0.5814
Undirected Precision: 0.4857
Undirected Recall: 0.7391
----------------------------------------
PERCENT:15 | ALPHA:0.01 | SEED:230
Directed Sensitivity: 0.6522
Directed Specificity: 0.8991
Directed Precision: 0.5769
Directed Recall: 0.6522
Undirected Sensitivity: 0.7391
Undirected Specificity: 0.7907
Undirected Precision: 0.6538
Undirected Recall: 0.7391
----------------------------------------
PERCENT:15 | ALPHA:0.01 | SEED:240
Directed Sensitivity: 0.4783
Directed Specificity: 0.8073
Directed Precision: 0.3438
Directed Recall: 0.4783
Undirected Sensitivity: 0.8261
Undirected Specificity: 0.6977
Undirected Precision: 0.5938
Undirected Recall: 0.8261
----------------------------------------
PERCENT:15 | ALPHA:0.01 | SEED:250
Directed Sensitivity: 0.6957
Directed Specificity: 0.8807
Directed Precision: 0.5517
Directed Recall: 0.6957
Undirected Sensitivity: 0.8696
Undirected Specificity: 0.7907
Undirected Precision: 0.6897
Undirected Recall: 0.8696
----------------------------------------
PERCENT:15 | ALPHA:0.01 | SEED:260
Directed Sensitivity: 0.5652
Directed Specificity: 0.8349
Directed Precision: 0.4194
Directed Recall: 0.5652
Undirected Sensitivity: 0.7826
Undirected Specificity: 0.6977
Undirected Precision: 0.5806
Undirected Recall: 0.7826
----------------------------------------
PERCENT:15 | ALPHA:0.01 | SEED:270
Directed Sensitivity: 0.3913
Directed Specificity: 0.8257
Directed Precision: 0.3214
Directed Recall: 0.3913
Undirected Sensitivity: 0.5652
Undirected Specificity: 0.6512
Undirected Precision: 0.4643
Undirected Recall: 0.5652
----------------------------------------
PERCENT:15 | ALPHA:0.01 | SEED:280
Directed Sensitivity: 0.6087
Directed Specificity: 0.8807
Directed Precision: 0.5185
Directed Recall: 0.6087
Undirected Sensitivity: 0.7391
Undirected Specificity: 0.7674
Undirected Precision: 0.6296
Undirected Recall: 0.7391
----------------------------------------
PERCENT:15 | ALPHA:0.01 | SEED:290
Directed Sensitivity: 0.5652
Directed Specificity: 0.8073
Directed Precision: 0.3824
Directed Recall: 0.5652
Undirected Sensitivity: 0.7391
Undirected Specificity: 0.6047
Undirected Precision: 0.5000
Undirected Recall: 0.7391
----------------------------------------
PERCENT:15 | ALPHA:0.01 | SEED:300
Directed Sensitivity: 0.6522
Directed Specificity: 0.8349
Directed Precision: 0.4545
Directed Recall: 0.6522
Undirected Sensitivity: 0.7826
Undirected Specificity: 0.6512
Undirected Precision: 0.5455
Undirected Recall: 0.7826
----------------------------------------
PERCENT:15 | ALPHA:0.05 | SEED:10
Directed Sensitivity: 0.3913
Directed Specificity: 0.6789
Directed Precision: 0.2045
Directed Recall: 0.3913
Undirected Sensitivity: 0.7826
Undirected Specificity: 0.3953
Undirected Precision: 0.4091
Undirected Recall: 0.7826
----------------------------------------
PERCENT:15 | ALPHA:0.05 | SEED:20
Directed Sensitivity: 0.6522
Directed Specificity: 0.8165
Directed Precision: 0.4286
Directed Recall: 0.6522
Undirected Sensitivity: 0.7826
Undirected Specificity: 0.6047
Undirected Precision: 0.5143
Undirected Recall: 0.7826
----------------------------------------
PERCENT:15 | ALPHA:0.05 | SEED:30
Directed Sensitivity: 0.3913
Directed Specificity: 0.8349
Directed Precision: 0.3333
Directed Recall: 0.3913
Undirected Sensitivity: 0.5652
Undirected Specificity: 0.6744
Undirected Precision: 0.4815
Undirected Recall: 0.5652
----------------------------------------
PERCENT:15 | ALPHA:0.05 | SEED:40
Directed Sensitivity: 0.3478
Directed Specificity: 0.7890
Directed Precision: 0.2581
Directed Recall: 0.3478
Undirected Sensitivity: 0.6957
Undirected Specificity: 0.6512
Undirected Precision: 0.5161
Undirected Recall: 0.6957
----------------------------------------
PERCENT:15 | ALPHA:0.05 | SEED:50
Directed Sensitivity: 0.5652
Directed Specificity: 0.9174
Directed Precision: 0.5909
Directed Recall: 0.5652
Undirected Sensitivity: 0.6087
Undirected Specificity: 0.8140
Undirected Precision: 0.6364
Undirected Recall: 0.6087
----------------------------------------
PERCENT:15 | ALPHA:0.05 | SEED:60
Directed Sensitivity: 0.5652
Directed Specificity: 0.7706
Directed Precision: 0.3421
Directed Recall: 0.5652
Undirected Sensitivity: 0.8261
Undirected Specificity: 0.5581
Undirected Precision: 0.5000
Undirected Recall: 0.8261
----------------------------------------
PERCENT:15 | ALPHA:0.05 | SEED:70
Directed Sensitivity: 0.6522
Directed Specificity: 0.8899
Directed Precision: 0.5556
Directed Recall: 0.6522
Undirected Sensitivity: 0.8261
Undirected Specificity: 0.8140
Undirected Precision: 0.7037
Undirected Recall: 0.8261
----------------------------------------
PERCENT:15 | ALPHA:0.05 | SEED:80
Directed Sensitivity: 0.6522
Directed Specificity: 0.9266
Directed Precision: 0.6522
Directed Recall: 0.6522
Undirected Sensitivity: 0.6957
Undirected Specificity: 0.8372
Undirected Precision: 0.6957
Undirected Recall: 0.6957
----------------------------------------
PERCENT:15 | ALPHA:0.05 | SEED:90
Directed Sensitivity: 0.5217
Directed Specificity: 0.8257
Directed Precision: 0.3871
Directed Recall: 0.5217
Undirected Sensitivity: 0.7391
Undirected Specificity: 0.6744
Undirected Precision: 0.5484
Undirected Recall: 0.7391
----------------------------------------
PERCENT:15 | ALPHA:0.05 | SEED:100
Directed Sensitivity: 0.5217
Directed Specificity: 0.7706
Directed Precision: 0.3243
Directed Recall: 0.5217
Undirected Sensitivity: 0.7826
Undirected Specificity: 0.5581
Undirected Precision: 0.4865
Undirected Recall: 0.7826
----------------------------------------
PERCENT:15 | ALPHA:0.05 | SEED:110
Directed Sensitivity: 0.6087
Directed Specificity: 0.8624
Directed Precision: 0.4828
Directed Recall: 0.6087
Undirected Sensitivity: 0.8261
Undirected Specificity: 0.7674
Undirected Precision: 0.6552
Undirected Recall: 0.8261
----------------------------------------
PERCENT:15 | ALPHA:0.05 | SEED:120
Directed Sensitivity: 0.6957
Directed Specificity: 0.8899
Directed Precision: 0.5714
Directed Recall: 0.6957
Undirected Sensitivity: 0.8696
Undirected Specificity: 0.8140
Undirected Precision: 0.7143
Undirected Recall: 0.8696
----------------------------------------
PERCENT:15 | ALPHA:0.05 | SEED:130
Directed Sensitivity: 0.5652
Directed Specificity: 0.8807
Directed Precision: 0.5000
Directed Recall: 0.5652
Undirected Sensitivity: 0.6957
Undirected Specificity: 0.7674
Undirected Precision: 0.6154
Undirected Recall: 0.6957
----------------------------------------
PERCENT:15 | ALPHA:0.05 | SEED:140
Directed Sensitivity: 0.4783
Directed Specificity: 0.7798
Directed Precision: 0.3143
Directed Recall: 0.4783
Undirected Sensitivity: 0.7391
Undirected Specificity: 0.5814
Undirected Precision: 0.4857
Undirected Recall: 0.7391
----------------------------------------
PERCENT:15 | ALPHA:0.05 | SEED:150
Directed Sensitivity: 0.4783
Directed Specificity: 0.8257
Directed Precision: 0.3667
Directed Recall: 0.4783
Undirected Sensitivity: 0.6957
Undirected Specificity: 0.6744
Undirected Precision: 0.5333
Undirected Recall: 0.6957
----------------------------------------
PERCENT:15 | ALPHA:0.05 | SEED:160
Directed Sensitivity: 0.6087
Directed Specificity: 0.8165
Directed Precision: 0.4118
Directed Recall: 0.6087
Undirected Sensitivity: 0.8696
Undirected Specificity: 0.6744
Undirected Precision: 0.5882
Undirected Recall: 0.8696
----------------------------------------
PERCENT:15 | ALPHA:0.05 | SEED:170
Directed Sensitivity: 0.4783
Directed Specificity: 0.8165
Directed Precision: 0.3548
Directed Recall: 0.4783
Undirected Sensitivity: 0.6087
Undirected Specificity: 0.6047
Undirected Precision: 0.4516
Undirected Recall: 0.6087
----------------------------------------
PERCENT:15 | ALPHA:0.05 | SEED:180
Directed Sensitivity: 0.6087
Directed Specificity: 0.8257
Directed Precision: 0.4242
Directed Recall: 0.6087
Undirected Sensitivity: 0.7391
Undirected Specificity: 0.6279
Undirected Precision: 0.5152
Undirected Recall: 0.7391
----------------------------------------
PERCENT:15 | ALPHA:0.05 | SEED:190
Directed Sensitivity: 0.5652
Directed Specificity: 0.8073
Directed Precision: 0.3824
Directed Recall: 0.5652
Undirected Sensitivity: 0.7391
Undirected Specificity: 0.6047
Undirected Precision: 0.5000
Undirected Recall: 0.7391
----------------------------------------
PERCENT:15 | ALPHA:0.05 | SEED:200
Directed Sensitivity: 0.5217
Directed Specificity: 0.8349
Directed Precision: 0.4000
Directed Recall: 0.5217
Undirected Sensitivity: 0.7391
Undirected Specificity: 0.6977
Undirected Precision: 0.5667
Undirected Recall: 0.7391
----------------------------------------
PERCENT:15 | ALPHA:0.05 | SEED:210
Directed Sensitivity: 0.5652
Directed Specificity: 0.7890
Directed Precision: 0.3611
Directed Recall: 0.5652
Undirected Sensitivity: 0.8696
Undirected Specificity: 0.6279
Undirected Precision: 0.5556
Undirected Recall: 0.8696
----------------------------------------
PERCENT:15 | ALPHA:0.05 | SEED:220
Directed Sensitivity: 0.6087
Directed Specificity: 0.8073
Directed Precision: 0.4000
Directed Recall: 0.6087
Undirected Sensitivity: 0.8261
Undirected Specificity: 0.6279
Undirected Precision: 0.5429
Undirected Recall: 0.8261
----------------------------------------
PERCENT:15 | ALPHA:0.05 | SEED:230
Directed Sensitivity: 0.6087
Directed Specificity: 0.8716
Directed Precision: 0.5000
Directed Recall: 0.6087
Undirected Sensitivity: 0.7826
Undirected Specificity: 0.7674
Undirected Precision: 0.6429
Undirected Recall: 0.7826
----------------------------------------
PERCENT:15 | ALPHA:0.05 | SEED:240
Directed Sensitivity: 0.3913
Directed Specificity: 0.8073
Directed Precision: 0.3000
Directed Recall: 0.3913
Undirected Sensitivity: 0.7826
Undirected Specificity: 0.7209
Undirected Precision: 0.6000
Undirected Recall: 0.7826
----------------------------------------
PERCENT:15 | ALPHA:0.05 | SEED:250
Directed Sensitivity: 0.6522
Directed Specificity: 0.8257
Directed Precision: 0.4412
Directed Recall: 0.6522
Undirected Sensitivity: 0.7391
Undirected Specificity: 0.6047
Undirected Precision: 0.5000
Undirected Recall: 0.7391
----------------------------------------
PERCENT:15 | ALPHA:0.05 | SEED:260
Directed Sensitivity: 0.4348
Directed Specificity: 0.7798
Directed Precision: 0.2941
Directed Recall: 0.4348
Undirected Sensitivity: 0.6522
Undirected Specificity: 0.5581
Undirected Precision: 0.4412
Undirected Recall: 0.6522
----------------------------------------
PERCENT:15 | ALPHA:0.05 | SEED:270
Directed Sensitivity: 0.6087
Directed Specificity: 0.8165
Directed Precision: 0.4118
Directed Recall: 0.6087
Undirected Sensitivity: 0.7391
Undirected Specificity: 0.6047
Undirected Precision: 0.5000
Undirected Recall: 0.7391
----------------------------------------
PERCENT:15 | ALPHA:0.05 | SEED:280
Directed Sensitivity: 0.6957
Directed Specificity: 0.9450
Directed Precision: 0.7273
Directed Recall: 0.6957
Undirected Sensitivity: 0.8261
Undirected Specificity: 0.9302
Undirected Precision: 0.8636
Undirected Recall: 0.8261
----------------------------------------
PERCENT:15 | ALPHA:0.05 | SEED:290
Directed Sensitivity: 0.5652
Directed Specificity: 0.7890
Directed Precision: 0.3611
Directed Recall: 0.5652
Undirected Sensitivity: 0.7826
Undirected Specificity: 0.5814
Undirected Precision: 0.5000
Undirected Recall: 0.7826
----------------------------------------
PERCENT:15 | ALPHA:0.05 | SEED:300
Directed Sensitivity: 0.4783
Directed Specificity: 0.7431
Directed Precision: 0.2821
Directed Recall: 0.4783
Undirected Sensitivity: 0.8261
Undirected Specificity: 0.5349
Undirected Precision: 0.4872
Undirected Recall: 0.8261
----------------------------------------
PERCENT:15 | ALPHA:0.1 | SEED:10
Directed Sensitivity: 0.3913
Directed Specificity: 0.6789
Directed Precision: 0.2045
Directed Recall: 0.3913
Undirected Sensitivity: 0.8696
Undirected Specificity: 0.4419
Undirected Precision: 0.4545
Undirected Recall: 0.8696
----------------------------------------
PERCENT:15 | ALPHA:0.1 | SEED:20
Directed Sensitivity: 0.6522
Directed Specificity: 0.8073
Directed Precision: 0.4167
Directed Recall: 0.6522
Undirected Sensitivity: 0.7826
Undirected Specificity: 0.5814
Undirected Precision: 0.5000
Undirected Recall: 0.7826
----------------------------------------
PERCENT:15 | ALPHA:0.1 | SEED:30
Directed Sensitivity: 0.4783
Directed Specificity: 0.7982
Directed Precision: 0.3333
Directed Recall: 0.4783
Undirected Sensitivity: 0.6522
Undirected Specificity: 0.5814
Undirected Precision: 0.4545
Undirected Recall: 0.6522
----------------------------------------
PERCENT:15 | ALPHA:0.1 | SEED:40
Directed Sensitivity: 0.3478
Directed Specificity: 0.7156
Directed Precision: 0.2051
Directed Recall: 0.3478
Undirected Sensitivity: 0.6522
Undirected Specificity: 0.4419
Undirected Precision: 0.3846
Undirected Recall: 0.6522
----------------------------------------
PERCENT:15 | ALPHA:0.1 | SEED:50
Directed Sensitivity: 0.6957
Directed Specificity: 0.8532
Directed Precision: 0.5000
Directed Recall: 0.6957
Undirected Sensitivity: 0.7391
Undirected Specificity: 0.6512
Undirected Precision: 0.5312
Undirected Recall: 0.7391
----------------------------------------
PERCENT:15 | ALPHA:0.1 | SEED:60
Directed Sensitivity: 0.6522
Directed Specificity: 0.7982
Directed Precision: 0.4054
Directed Recall: 0.6522
Undirected Sensitivity: 0.8696
Undirected Specificity: 0.6047
Undirected Precision: 0.5405
Undirected Recall: 0.8696
----------------------------------------
PERCENT:15 | ALPHA:0.1 | SEED:70
Directed Sensitivity: 0.5652
Directed Specificity: 0.7890
Directed Precision: 0.3611
Directed Recall: 0.5652
Undirected Sensitivity: 0.7391
Undirected Specificity: 0.5581
Undirected Precision: 0.4722
Undirected Recall: 0.7391
----------------------------------------
PERCENT:15 | ALPHA:0.1 | SEED:80
Directed Sensitivity: 0.6957
Directed Specificity: 0.7798
Directed Precision: 0.4000
Directed Recall: 0.6957
Undirected Sensitivity: 0.8696
Undirected Specificity: 0.5349
Undirected Precision: 0.5000
Undirected Recall: 0.8696
----------------------------------------
PERCENT:15 | ALPHA:0.1 | SEED:90
Directed Sensitivity: 0.6522
Directed Specificity: 0.7248
Directed Precision: 0.3333
Directed Recall: 0.6522
Undirected Sensitivity: 0.8696
Undirected Specificity: 0.4186
Undirected Precision: 0.4444
Undirected Recall: 0.8696
----------------------------------------
PERCENT:15 | ALPHA:0.1 | SEED:100
Directed Sensitivity: 0.5652
Directed Specificity: 0.7798
Directed Precision: 0.3514
Directed Recall: 0.5652
Undirected Sensitivity: 0.7826
Undirected Specificity: 0.5581
Undirected Precision: 0.4865
Undirected Recall: 0.7826
----------------------------------------
PERCENT:15 | ALPHA:0.1 | SEED:110
Directed Sensitivity: 0.6087
Directed Specificity: 0.7615
Directed Precision: 0.3500
Directed Recall: 0.6087
Undirected Sensitivity: 0.8696
Undirected Specificity: 0.5349
Undirected Precision: 0.5000
Undirected Recall: 0.8696
----------------------------------------
PERCENT:15 | ALPHA:0.1 | SEED:120
Directed Sensitivity: 0.6522
Directed Specificity: 0.7982
Directed Precision: 0.4054
Directed Recall: 0.6522
Undirected Sensitivity: 0.8696
Undirected Specificity: 0.6047
Undirected Precision: 0.5405
Undirected Recall: 0.8696
----------------------------------------
PERCENT:15 | ALPHA:0.1 | SEED:130
Directed Sensitivity: 0.5652
Directed Specificity: 0.8073
Directed Precision: 0.3824
Directed Recall: 0.5652
Undirected Sensitivity: 0.7391
Undirected Specificity: 0.6047
Undirected Precision: 0.5000
Undirected Recall: 0.7391
----------------------------------------
PERCENT:15 | ALPHA:0.1 | SEED:140
Directed Sensitivity: 0.5652
Directed Specificity: 0.7982
Directed Precision: 0.3714
Directed Recall: 0.5652
Undirected Sensitivity: 0.8261
Undirected Specificity: 0.6279
Undirected Precision: 0.5429
Undirected Recall: 0.8261
----------------------------------------
PERCENT:15 | ALPHA:0.1 | SEED:150
Directed Sensitivity: 0.4783
Directed Specificity: 0.7982
Directed Precision: 0.3333
Directed Recall: 0.4783
Undirected Sensitivity: 0.6522
Undirected Specificity: 0.5814
Undirected Precision: 0.4545
Undirected Recall: 0.6522
----------------------------------------
PERCENT:15 | ALPHA:0.1 | SEED:160
Directed Sensitivity: 0.4348
Directed Specificity: 0.7339
Directed Precision: 0.2564
Directed Recall: 0.4348
Undirected Sensitivity: 0.7391
Undirected Specificity: 0.4884
Undirected Precision: 0.4359
Undirected Recall: 0.7391
----------------------------------------
PERCENT:15 | ALPHA:0.1 | SEED:170
Directed Sensitivity: 0.5652
Directed Specificity: 0.7615
Directed Precision: 0.3333
Directed Recall: 0.5652
Undirected Sensitivity: 0.7391
Undirected Specificity: 0.4884
Undirected Precision: 0.4359
Undirected Recall: 0.7391
----------------------------------------
PERCENT:15 | ALPHA:0.1 | SEED:180
Directed Sensitivity: 0.6087
Directed Specificity: 0.8073
Directed Precision: 0.4000
Directed Recall: 0.6087
Undirected Sensitivity: 0.7391
Undirected Specificity: 0.5814
Undirected Precision: 0.4857
Undirected Recall: 0.7391
----------------------------------------
PERCENT:15 | ALPHA:0.1 | SEED:190
Directed Sensitivity: 0.6522
Directed Specificity: 0.7798
Directed Precision: 0.3846
Directed Recall: 0.6522
Undirected Sensitivity: 0.8696
Undirected Specificity: 0.5581
Undirected Precision: 0.5128
Undirected Recall: 0.8696
----------------------------------------
PERCENT:15 | ALPHA:0.1 | SEED:200
Directed Sensitivity: 0.6522
Directed Specificity: 0.8073
Directed Precision: 0.4167
Directed Recall: 0.6522
Undirected Sensitivity: 0.7826
Undirected Specificity: 0.5814
Undirected Precision: 0.5000
Undirected Recall: 0.7826
----------------------------------------
PERCENT:15 | ALPHA:0.1 | SEED:210
Directed Sensitivity: 0.5652
Directed Specificity: 0.7339
Directed Precision: 0.3095
Directed Recall: 0.5652
Undirected Sensitivity: 0.8696
Undirected Specificity: 0.4884
Undirected Precision: 0.4762
Undirected Recall: 0.8696
----------------------------------------
PERCENT:15 | ALPHA:0.1 | SEED:220
Directed Sensitivity: 0.6087
Directed Specificity: 0.7982
Directed Precision: 0.3889
Directed Recall: 0.6087
Undirected Sensitivity: 0.8261
Undirected Specificity: 0.6047
Undirected Precision: 0.5278
Undirected Recall: 0.8261
----------------------------------------
PERCENT:15 | ALPHA:0.1 | SEED:230
Directed Sensitivity: 0.6087
Directed Specificity: 0.8165
Directed Precision: 0.4118
Directed Recall: 0.6087
Undirected Sensitivity: 0.7391
Undirected Specificity: 0.6047
Undirected Precision: 0.5000
Undirected Recall: 0.7391
----------------------------------------
PERCENT:15 | ALPHA:0.1 | SEED:240
Directed Sensitivity: 0.5217
Directed Specificity: 0.7523
Directed Precision: 0.3077
Directed Recall: 0.5217
Undirected Sensitivity: 0.7826
Undirected Specificity: 0.5116
Undirected Precision: 0.4615
Undirected Recall: 0.7826
----------------------------------------
PERCENT:15 | ALPHA:0.1 | SEED:250
Directed Sensitivity: 0.6957
Directed Specificity: 0.8165
Directed Precision: 0.4444
Directed Recall: 0.6957
Undirected Sensitivity: 0.7826
Undirected Specificity: 0.5814
Undirected Precision: 0.5000
Undirected Recall: 0.7826
----------------------------------------
PERCENT:15 | ALPHA:0.1 | SEED:260
Directed Sensitivity: 0.6522
Directed Specificity: 0.8073
Directed Precision: 0.4167
Directed Recall: 0.6522
Undirected Sensitivity: 0.8696
Undirected Specificity: 0.6279
Undirected Precision: 0.5556
Undirected Recall: 0.8696
----------------------------------------
PERCENT:15 | ALPHA:0.1 | SEED:270
Directed Sensitivity: 0.4348
Directed Specificity: 0.7706
Directed Precision: 0.2857
Directed Recall: 0.4348
Undirected Sensitivity: 0.6957
Undirected Specificity: 0.5581
Undirected Precision: 0.4571
Undirected Recall: 0.6957
----------------------------------------
PERCENT:15 | ALPHA:0.1 | SEED:280
Directed Sensitivity: 0.5217
Directed Specificity: 0.7798
Directed Precision: 0.3333
Directed Recall: 0.5217
Undirected Sensitivity: 0.8696
Undirected Specificity: 0.6279
Undirected Precision: 0.5556
Undirected Recall: 0.8696
----------------------------------------
PERCENT:15 | ALPHA:0.1 | SEED:290
Directed Sensitivity: 0.6087
Directed Specificity: 0.8073
Directed Precision: 0.4000
Directed Recall: 0.6087
Undirected Sensitivity: 0.8261
Undirected Specificity: 0.6279
Undirected Precision: 0.5429
Undirected Recall: 0.8261
----------------------------------------
PERCENT:15 | ALPHA:0.1 | SEED:300
Directed Sensitivity: 0.6522
Directed Specificity: 0.7982
Directed Precision: 0.4054
Directed Recall: 0.6522
Undirected Sensitivity: 0.9130
Undirected Specificity: 0.6279
Undirected Precision: 0.5676
Undirected Recall: 0.9130
----------------------------------------
PERCENT:15 | ALPHA:0.2 | SEED:10
Directed Sensitivity: 0.4783
Directed Specificity: 0.6881
Directed Precision: 0.2444
Directed Recall: 0.4783
Undirected Sensitivity: 0.8696
Undirected Specificity: 0.4186
Undirected Precision: 0.4444
Undirected Recall: 0.8696
----------------------------------------
PERCENT:15 | ALPHA:0.2 | SEED:20
Directed Sensitivity: 0.7391
Directed Specificity: 0.7982
Directed Precision: 0.4359
Directed Recall: 0.7391
Undirected Sensitivity: 0.8696
Undirected Specificity: 0.5581
Undirected Precision: 0.5128
Undirected Recall: 0.8696
----------------------------------------
PERCENT:15 | ALPHA:0.2 | SEED:30
Directed Sensitivity: 0.5652
Directed Specificity: 0.7615
Directed Precision: 0.3333
Directed Recall: 0.5652
Undirected Sensitivity: 0.7391
Undirected Specificity: 0.4884
Undirected Precision: 0.4359
Undirected Recall: 0.7391
----------------------------------------
PERCENT:15 | ALPHA:0.2 | SEED:40
Directed Sensitivity: 0.4348
Directed Specificity: 0.7339
Directed Precision: 0.2564
Directed Recall: 0.4348
Undirected Sensitivity: 0.7391
Undirected Specificity: 0.4884
Undirected Precision: 0.4359
Undirected Recall: 0.7391
----------------------------------------
PERCENT:15 | ALPHA:0.2 | SEED:50
Directed Sensitivity: 0.7391
Directed Specificity: 0.8440
Directed Precision: 0.5000
Directed Recall: 0.7391
Undirected Sensitivity: 0.8261
Undirected Specificity: 0.6512
Undirected Precision: 0.5588
Undirected Recall: 0.8261
----------------------------------------
PERCENT:15 | ALPHA:0.2 | SEED:60
Directed Sensitivity: 0.5652
Directed Specificity: 0.7615
Directed Precision: 0.3333
Directed Recall: 0.5652
Undirected Sensitivity: 0.7826
Undirected Specificity: 0.5116
Undirected Precision: 0.4615
Undirected Recall: 0.7826
----------------------------------------
PERCENT:15 | ALPHA:0.2 | SEED:70
Directed Sensitivity: 0.6087
Directed Specificity: 0.8257
Directed Precision: 0.4242
Directed Recall: 0.6087
Undirected Sensitivity: 0.7826
Undirected Specificity: 0.6512
Undirected Precision: 0.5455
Undirected Recall: 0.7826
----------------------------------------
PERCENT:15 | ALPHA:0.2 | SEED:80
Directed Sensitivity: 0.7826
Directed Specificity: 0.7982
Directed Precision: 0.4500
Directed Recall: 0.7826
Undirected Sensitivity: 0.9130
Undirected Specificity: 0.5581
Undirected Precision: 0.5250
Undirected Recall: 0.9130
----------------------------------------
PERCENT:15 | ALPHA:0.2 | SEED:90
Directed Sensitivity: 0.6522
Directed Specificity: 0.7523
Directed Precision: 0.3571
Directed Recall: 0.6522
Undirected Sensitivity: 0.7826
Undirected Specificity: 0.4419
Undirected Precision: 0.4286
Undirected Recall: 0.7826
----------------------------------------
PERCENT:15 | ALPHA:0.2 | SEED:100
Directed Sensitivity: 0.6087
Directed Specificity: 0.7706
Directed Precision: 0.3590
Directed Recall: 0.6087
Undirected Sensitivity: 0.8261
Undirected Specificity: 0.5349
Undirected Precision: 0.4872
Undirected Recall: 0.8261
----------------------------------------
PERCENT:15 | ALPHA:0.2 | SEED:110
Directed Sensitivity: 0.5652
Directed Specificity: 0.7064
Directed Precision: 0.2889
Directed Recall: 0.5652
Undirected Sensitivity: 0.7391
Undirected Specificity: 0.3488
Undirected Precision: 0.3778
Undirected Recall: 0.7391
----------------------------------------
PERCENT:15 | ALPHA:0.2 | SEED:120
Directed Sensitivity: 0.7391
Directed Specificity: 0.8073
Directed Precision: 0.4474
Directed Recall: 0.7391
Undirected Sensitivity: 0.8261
Undirected Specificity: 0.5581
Undirected Precision: 0.5000
Undirected Recall: 0.8261
----------------------------------------
PERCENT:15 | ALPHA:0.2 | SEED:130
Directed Sensitivity: 0.6522
Directed Specificity: 0.7890
Directed Precision: 0.3947
Directed Recall: 0.6522
Undirected Sensitivity: 0.8696
Undirected Specificity: 0.5814
Undirected Precision: 0.5263
Undirected Recall: 0.8696
----------------------------------------
PERCENT:15 | ALPHA:0.2 | SEED:140
Directed Sensitivity: 0.6957
Directed Specificity: 0.8165
Directed Precision: 0.4444
Directed Recall: 0.6957
Undirected Sensitivity: 0.8696
Undirected Specificity: 0.6279
Undirected Precision: 0.5556
Undirected Recall: 0.8696
----------------------------------------
PERCENT:15 | ALPHA:0.2 | SEED:150
Directed Sensitivity: 0.5217
Directed Specificity: 0.7156
Directed Precision: 0.2791
Directed Recall: 0.5217
Undirected Sensitivity: 0.8261
Undirected Specificity: 0.4419
Undirected Precision: 0.4419
Undirected Recall: 0.8261
----------------------------------------
PERCENT:15 | ALPHA:0.2 | SEED:160
Directed Sensitivity: 0.4783
Directed Specificity: 0.7064
Directed Precision: 0.2558
Directed Recall: 0.4783
Undirected Sensitivity: 0.7826
Undirected Specificity: 0.4186
Undirected Precision: 0.4186
Undirected Recall: 0.7826
----------------------------------------
PERCENT:15 | ALPHA:0.2 | SEED:170
Directed Sensitivity: 0.5217
Directed Specificity: 0.7615
Directed Precision: 0.3158
Directed Recall: 0.5217
Undirected Sensitivity: 0.6957
Undirected Specificity: 0.4884
Undirected Precision: 0.4211
Undirected Recall: 0.6957
----------------------------------------
PERCENT:15 | ALPHA:0.2 | SEED:180
Directed Sensitivity: 0.6957
Directed Specificity: 0.7982
Directed Precision: 0.4211
Directed Recall: 0.6957
Undirected Sensitivity: 0.7826
Undirected Specificity: 0.5349
Undirected Precision: 0.4737
Undirected Recall: 0.7826
----------------------------------------
PERCENT:15 | ALPHA:0.2 | SEED:190
Directed Sensitivity: 0.6957
Directed Specificity: 0.7798
Directed Precision: 0.4000
Directed Recall: 0.6957
Undirected Sensitivity: 0.9130
Undirected Specificity: 0.5581
Undirected Precision: 0.5250
Undirected Recall: 0.9130
----------------------------------------
PERCENT:15 | ALPHA:0.2 | SEED:200
Directed Sensitivity: 0.6522
Directed Specificity: 0.7523
Directed Precision: 0.3571
Directed Recall: 0.6522
Undirected Sensitivity: 0.8261
Undirected Specificity: 0.4651
Undirected Precision: 0.4524
Undirected Recall: 0.8261
----------------------------------------
PERCENT:15 | ALPHA:0.2 | SEED:210
Directed Sensitivity: 0.5652
Directed Specificity: 0.7339
Directed Precision: 0.3095
Directed Recall: 0.5652
Undirected Sensitivity: 0.8696
Undirected Specificity: 0.4884
Undirected Precision: 0.4762
Undirected Recall: 0.8696
----------------------------------------
PERCENT:15 | ALPHA:0.2 | SEED:220
Directed Sensitivity: 0.5652
Directed Specificity: 0.7156
Directed Precision: 0.2955
Directed Recall: 0.5652
Undirected Sensitivity: 0.8261
Undirected Specificity: 0.4186
Undirected Precision: 0.4318
Undirected Recall: 0.8261
----------------------------------------
PERCENT:15 | ALPHA:0.2 | SEED:230
Directed Sensitivity: 0.7826
Directed Specificity: 0.8349
Directed Precision: 0.5000
Directed Recall: 0.7826
Undirected Sensitivity: 0.8261
Undirected Specificity: 0.6047
Undirected Precision: 0.5278
Undirected Recall: 0.8261
----------------------------------------
PERCENT:15 | ALPHA:0.2 | SEED:240
Directed Sensitivity: 0.4348
Directed Specificity: 0.6697
Directed Precision: 0.2174
Directed Recall: 0.4348
Undirected Sensitivity: 0.7826
Undirected Specificity: 0.3488
Undirected Precision: 0.3913
Undirected Recall: 0.7826
----------------------------------------
PERCENT:15 | ALPHA:0.2 | SEED:250
Directed Sensitivity: 0.6957
Directed Specificity: 0.8165
Directed Precision: 0.4444
Directed Recall: 0.6957
Undirected Sensitivity: 0.8696
Undirected Specificity: 0.6279
Undirected Precision: 0.5556
Undirected Recall: 0.8696
----------------------------------------
PERCENT:15 | ALPHA:0.2 | SEED:260
Directed Sensitivity: 0.6087
Directed Specificity: 0.7615
Directed Precision: 0.3500
Directed Recall: 0.6087
Undirected Sensitivity: 0.8261
Undirected Specificity: 0.5116
Undirected Precision: 0.4750
Undirected Recall: 0.8261
----------------------------------------
PERCENT:15 | ALPHA:0.2 | SEED:270
Directed Sensitivity: 0.6522
Directed Specificity: 0.7248
Directed Precision: 0.3333
Directed Recall: 0.6522
Undirected Sensitivity: 0.9130
Undirected Specificity: 0.4419
Undirected Precision: 0.4667
Undirected Recall: 0.9130
----------------------------------------
PERCENT:15 | ALPHA:0.2 | SEED:280
Directed Sensitivity: 0.7826
Directed Specificity: 0.8349
Directed Precision: 0.5000
Directed Recall: 0.7826
Undirected Sensitivity: 0.8696
Undirected Specificity: 0.6279
Undirected Precision: 0.5556
Undirected Recall: 0.8696
----------------------------------------
PERCENT:15 | ALPHA:0.2 | SEED:290
Directed Sensitivity: 0.7391
Directed Specificity: 0.7615
Directed Precision: 0.3953
Directed Recall: 0.7391
Undirected Sensitivity: 0.9565
Undirected Specificity: 0.5116
Undirected Precision: 0.5116
Undirected Recall: 0.9565
----------------------------------------
PERCENT:15 | ALPHA:0.2 | SEED:300
Directed Sensitivity: 0.5652
Directed Specificity: 0.6881
Directed Precision: 0.2766
Directed Recall: 0.5652
Undirected Sensitivity: 0.9565
Undirected Specificity: 0.4186
Undirected Precision: 0.4681
Undirected Recall: 0.9565
----------------------------------------
