PERCENT:20 | ALPHA:0.01 | SEED:10
Directed Sensitivity: 0.4783
Directed Specificity: 0.8349
Directed Precision: 0.3793
Directed Recall: 0.4783
Undirected Sensitivity: 0.6957
Undirected Specificity: 0.6977
Undirected Precision: 0.5517
Undirected Recall: 0.6957
----------------------------------------
PERCENT:20 | ALPHA:0.01 | SEED:20
Directed Sensitivity: 0.5217
Directed Specificity: 0.8532
Directed Precision: 0.4286
Directed Recall: 0.5217
Undirected Sensitivity: 0.6087
Undirected Specificity: 0.6744
Undirected Precision: 0.5000
Undirected Recall: 0.6087
----------------------------------------
PERCENT:20 | ALPHA:0.01 | SEED:30
Directed Sensitivity: 0.3043
Directed Specificity: 0.7890
Directed Precision: 0.2333
Directed Recall: 0.3043
Undirected Sensitivity: 0.5652
Undirected Specificity: 0.6047
Undirected Precision: 0.4333
Undirected Recall: 0.5652
----------------------------------------
PERCENT:20 | ALPHA:0.01 | SEED:40
Directed Sensitivity: 0.6522
Directed Specificity: 0.9083
Directed Precision: 0.6000
Directed Recall: 0.6522
Undirected Sensitivity: 0.8261
Undirected Specificity: 0.8605
Undirected Precision: 0.7600
Undirected Recall: 0.8261
----------------------------------------
PERCENT:20 | ALPHA:0.01 | SEED:50
Directed Sensitivity: 0.6522
Directed Specificity: 0.9083
Directed Precision: 0.6000
Directed Recall: 0.6522
Undirected Sensitivity: 0.6522
Undirected Specificity: 0.7674
Undirected Precision: 0.6000
Undirected Recall: 0.6522
----------------------------------------
PERCENT:20 | ALPHA:0.01 | SEED:60
Directed Sensitivity: 0.6087
Directed Specificity: 0.8899
Directed Precision: 0.5385
Directed Recall: 0.6087
Undirected Sensitivity: 0.6957
Undirected Specificity: 0.7674
Undirected Precision: 0.6154
Undirected Recall: 0.6957
----------------------------------------
PERCENT:20 | ALPHA:0.01 | SEED:70
Directed Sensitivity: 0.6522
Directed Specificity: 0.8991
Directed Precision: 0.5769
Directed Recall: 0.6522
Undirected Sensitivity: 0.7391
Undirected Specificity: 0.7907
Undirected Precision: 0.6538
Undirected Recall: 0.7391
----------------------------------------
PERCENT:20 | ALPHA:0.01 | SEED:80
Directed Sensitivity: 0.4783
Directed Specificity: 0.8899
Directed Precision: 0.4783
Directed Recall: 0.4783
Undirected Sensitivity: 0.6522
Undirected Specificity: 0.8140
Undirected Precision: 0.6522
Undirected Recall: 0.6522
----------------------------------------
PERCENT:20 | ALPHA:0.01 | SEED:90
Directed Sensitivity: 0.3913
Directed Specificity: 0.8165
Directed Precision: 0.3103
Directed Recall: 0.3913
Undirected Sensitivity: 0.7391
Undirected Specificity: 0.7209
Undirected Precision: 0.5862
Undirected Recall: 0.7391
----------------------------------------
PERCENT:20 | ALPHA:0.01 | SEED:100
Directed Sensitivity: 0.5217
Directed Specificity: 0.8440
Directed Precision: 0.4138
Directed Recall: 0.5217
Undirected Sensitivity: 0.6957
Undirected Specificity: 0.6977
Undirected Precision: 0.5517
Undirected Recall: 0.6957
----------------------------------------
PERCENT:20 | ALPHA:0.01 | SEED:110
Directed Sensitivity: 0.5652
Directed Specificity: 0.9174
Directed Precision: 0.5909
Directed Recall: 0.5652
Undirected Sensitivity: 0.6087
Undirected Specificity: 0.8140
Undirected Precision: 0.6364
Undirected Recall: 0.6087
----------------------------------------
PERCENT:20 | ALPHA:0.01 | SEED:120
Directed Sensitivity: 0.6957
Directed Specificity: 0.9083
Directed Precision: 0.6154
Directed Recall: 0.6957
Undirected Sensitivity: 0.7826
Undirected Specificity: 0.8140
Undirected Precision: 0.6923
Undirected Recall: 0.7826
----------------------------------------
PERCENT:20 | ALPHA:0.01 | SEED:130
Directed Sensitivity: 0.6087
Directed Specificity: 0.9450
Directed Precision: 0.7000
Directed Recall: 0.6087
Undirected Sensitivity: 0.6957
Undirected Specificity: 0.9070
Undirected Precision: 0.8000
Undirected Recall: 0.6957
----------------------------------------
PERCENT:20 | ALPHA:0.01 | SEED:140
Directed Sensitivity: 0.5217
Directed Specificity: 0.8532
Directed Precision: 0.4286
Directed Recall: 0.5217
Undirected Sensitivity: 0.6957
Undirected Specificity: 0.7209
Undirected Precision: 0.5714
Undirected Recall: 0.6957
----------------------------------------
PERCENT:20 | ALPHA:0.01 | SEED:150
Directed Sensitivity: 0.5652
Directed Specificity: 0.8624
Directed Precision: 0.4643
Directed Recall: 0.5652
Undirected Sensitivity: 0.6522
Undirected Specificity: 0.6977
Undirected Precision: 0.5357
Undirected Recall: 0.6522
----------------------------------------
PERCENT:20 | ALPHA:0.01 | SEED:160
Directed Sensitivity: 0.5652
Directed Specificity: 0.8624
Directed Precision: 0.4643
Directed Recall: 0.5652
Undirected Sensitivity: 0.6957
Undirected Specificity: 0.7209
Undirected Precision: 0.5714
Undirected Recall: 0.6957
----------------------------------------
PERCENT:20 | ALPHA:0.01 | SEED:170
Directed Sensitivity: 0.5652
Directed Specificity: 0.9174
Directed Precision: 0.5909
Directed Recall: 0.5652
Undirected Sensitivity: 0.6087
Undirected Specificity: 0.8140
Undirected Precision: 0.6364
Undirected Recall: 0.6087
----------------------------------------
PERCENT:20 | ALPHA:0.01 | SEED:180
Directed Sensitivity: 0.3913
Directed Specificity: 0.8532
Directed Precision: 0.3600
Directed Recall: 0.3913
Undirected Sensitivity: 0.5652
Undirected Specificity: 0.7209
Undirected Precision: 0.5200
Undirected Recall: 0.5652
----------------------------------------
PERCENT:20 | ALPHA:0.01 | SEED:190
Directed Sensitivity: 0.3913
Directed Specificity: 0.7982
Directed Precision: 0.2903
Directed Recall: 0.3913
Undirected Sensitivity: 0.6087
Undirected Specificity: 0.6047
Undirected Precision: 0.4516
Undirected Recall: 0.6087
----------------------------------------
PERCENT:20 | ALPHA:0.01 | SEED:200
Directed Sensitivity: 0.6522
Directed Specificity: 0.9725
Directed Precision: 0.8333
Directed Recall: 0.6522
Undirected Sensitivity: 0.6957
Undirected Specificity: 0.9535
Undirected Precision: 0.8889
Undirected Recall: 0.6957
----------------------------------------
PERCENT:20 | ALPHA:0.01 | SEED:210
Directed Sensitivity: 0.6522
Directed Specificity: 0.8991
Directed Precision: 0.5769
Directed Recall: 0.6522
Undirected Sensitivity: 0.6957
Undirected Specificity: 0.7674
Undirected Precision: 0.6154
Undirected Recall: 0.6957
----------------------------------------
PERCENT:20 | ALPHA:0.01 | SEED:220
Directed Sensitivity: 0.7826
Directed Specificity: 0.9450
Directed Precision: 0.7500
Directed Recall: 0.7826
Undirected Sensitivity: 0.7826
Undirected Specificity: 0.8605
Undirected Precision: 0.7500
Undirected Recall: 0.7826
----------------------------------------
PERCENT:20 | ALPHA:0.01 | SEED:230
Directed Sensitivity: 0.6522
Directed Specificity: 0.9174
Directed Precision: 0.6250
Directed Recall: 0.6522
Undirected Sensitivity: 0.6957
Undirected Specificity: 0.8140
Undirected Precision: 0.6667
Undirected Recall: 0.6957
----------------------------------------
PERCENT:20 | ALPHA:0.01 | SEED:240
Directed Sensitivity: 0.6087
Directed Specificity: 0.8440
Directed Precision: 0.4516
Directed Recall: 0.6087
Undirected Sensitivity: 0.7826
Undirected Specificity: 0.6977
Undirected Precision: 0.5806
Undirected Recall: 0.7826
----------------------------------------
PERCENT:20 | ALPHA:0.01 | SEED:250
Directed Sensitivity: 0.5652
Directed Specificity: 0.8624
Directed Precision: 0.4643
Directed Recall: 0.5652
Undirected Sensitivity: 0.7391
Undirected Specificity: 0.7442
Undirected Precision: 0.6071
Undirected Recall: 0.7391
----------------------------------------
PERCENT:20 | ALPHA:0.01 | SEED:260
Directed Sensitivity: 0.5652
Directed Specificity: 0.8440
Directed Precision: 0.4333
Directed Recall: 0.5652
Undirected Sensitivity: 0.7391
Undirected Specificity: 0.6977
Undirected Precision: 0.5667
Undirected Recall: 0.7391
----------------------------------------
PERCENT:20 | ALPHA:0.01 | SEED:270
Directed Sensitivity: 0.5652
Directed Specificity: 0.8349
Directed Precision: 0.4194
Directed Recall: 0.5652
Undirected Sensitivity: 0.7391
Undirected Specificity: 0.6744
Undirected Precision: 0.5484
Undirected Recall: 0.7391
----------------------------------------
PERCENT:20 | ALPHA:0.01 | SEED:280
Directed Sensitivity: 0.7826
Directed Specificity: 0.9174
Directed Precision: 0.6667
Directed Recall: 0.7826
Undirected Sensitivity: 0.8261
Undirected Specificity: 0.8140
Undirected Precision: 0.7037
Undirected Recall: 0.8261
----------------------------------------
PERCENT:20 | ALPHA:0.01 | SEED:290
Directed Sensitivity: 0.6087
Directed Specificity: 0.9266
Directed Precision: 0.6364
Directed Recall: 0.6087
Undirected Sensitivity: 0.6522
Undirected Specificity: 0.8372
Undirected Precision: 0.6818
Undirected Recall: 0.6522
----------------------------------------
PERCENT:20 | ALPHA:0.01 | SEED:300
Directed Sensitivity: 0.5652
Directed Specificity: 0.8807
Directed Precision: 0.5000
Directed Recall: 0.5652
Undirected Sensitivity: 0.6957
Undirected Specificity: 0.7674
Undirected Precision: 0.6154
Undirected Recall: 0.6957
----------------------------------------
PERCENT:20 | ALPHA:0.05 | SEED:10
Directed Sensitivity: 0.4348
Directed Specificity: 0.7982
Directed Precision: 0.3125
Directed Recall: 0.4348
Undirected Sensitivity: 0.7391
Undirected Specificity: 0.6512
Undirected Precision: 0.5312
Undirected Recall: 0.7391
----------------------------------------
PERCENT:20 | ALPHA:0.05 | SEED:20
Directed Sensitivity: 0.5652
Directed Specificity: 0.7798
Directed Precision: 0.3514
Directed Recall: 0.5652
Undirected Sensitivity: 0.6957
Undirected Specificity: 0.5116
Undirected Precision: 0.4324
Undirected Recall: 0.6957
----------------------------------------
PERCENT:20 | ALPHA:0.05 | SEED:30
Directed Sensitivity: 0.3913
Directed Specificity: 0.7982
Directed Precision: 0.2903
Directed Recall: 0.3913
Undirected Sensitivity: 0.6522
Undirected Specificity: 0.6279
Undirected Precision: 0.4839
Undirected Recall: 0.6522
----------------------------------------
PERCENT:20 | ALPHA:0.05 | SEED:40
Directed Sensitivity: 0.6957
Directed Specificity: 0.8440
Directed Precision: 0.4848
Directed Recall: 0.6957
Undirected Sensitivity: 0.8696
Undirected Specificity: 0.6977
Undirected Precision: 0.6061
Undirected Recall: 0.8696
----------------------------------------
PERCENT:20 | ALPHA:0.05 | SEED:50
Directed Sensitivity: 0.7391
Directed Specificity: 0.9083
Directed Precision: 0.6296
Directed Recall: 0.7391
Undirected Sensitivity: 0.7826
Undirected Specificity: 0.7907
Undirected Precision: 0.6667
Undirected Recall: 0.7826
----------------------------------------
PERCENT:20 | ALPHA:0.05 | SEED:60
Directed Sensitivity: 0.6522
Directed Specificity: 0.9083
Directed Precision: 0.6000
Directed Recall: 0.6522
Undirected Sensitivity: 0.7391
Undirected Specificity: 0.8140
Undirected Precision: 0.6800
Undirected Recall: 0.7391
----------------------------------------
PERCENT:20 | ALPHA:0.05 | SEED:70
Directed Sensitivity: 0.6522
Directed Specificity: 0.8440
Directed Precision: 0.4688
Directed Recall: 0.6522
Undirected Sensitivity: 0.8261
Undirected Specificity: 0.6977
Undirected Precision: 0.5938
Undirected Recall: 0.8261
----------------------------------------
PERCENT:20 | ALPHA:0.05 | SEED:80
Directed Sensitivity: 0.6087
Directed Specificity: 0.8532
Directed Precision: 0.4667
Directed Recall: 0.6087
Undirected Sensitivity: 0.7391
Undirected Specificity: 0.6977
Undirected Precision: 0.5667
Undirected Recall: 0.7391
----------------------------------------
PERCENT:20 | ALPHA:0.05 | SEED:90
Directed Sensitivity: 0.5652
Directed Specificity: 0.8257
Directed Precision: 0.4062
Directed Recall: 0.5652
Undirected Sensitivity: 0.6957
Undirected Specificity: 0.6279
Undirected Precision: 0.5000
Undirected Recall: 0.6957
----------------------------------------
PERCENT:20 | ALPHA:0.05 | SEED:100
Directed Sensitivity: 0.6087
Directed Specificity: 0.8624
Directed Precision: 0.4828
Directed Recall: 0.6087
Undirected Sensitivity: 0.7391
Undirected Specificity: 0.7209
Undirected Precision: 0.5862
Undirected Recall: 0.7391
----------------------------------------
PERCENT:20 | ALPHA:0.05 | SEED:110
Directed Sensitivity: 0.6522
Directed Specificity: 0.9266
Directed Precision: 0.6522
Directed Recall: 0.6522
Undirected Sensitivity: 0.6957
Undirected Specificity: 0.8372
Undirected Precision: 0.6957
Undirected Recall: 0.6957
----------------------------------------
PERCENT:20 | ALPHA:0.05 | SEED:120
Directed Sensitivity: 0.7826
Directed Specificity: 0.9541
Directed Precision: 0.7826
Directed Recall: 0.7826
Undirected Sensitivity: 0.7826
Undirected Specificity: 0.8837
Undirected Precision: 0.7826
Undirected Recall: 0.7826
----------------------------------------
PERCENT:20 | ALPHA:0.05 | SEED:130
Directed Sensitivity: 0.7826
Directed Specificity: 0.9541
Directed Precision: 0.7826
Directed Recall: 0.7826
Undirected Sensitivity: 0.7826
Undirected Specificity: 0.8837
Undirected Precision: 0.7826
Undirected Recall: 0.7826
----------------------------------------
PERCENT:20 | ALPHA:0.05 | SEED:140
Directed Sensitivity: 0.6522
Directed Specificity: 0.8257
Directed Precision: 0.4412
Directed Recall: 0.6522
Undirected Sensitivity: 0.7391
Undirected Specificity: 0.6047
Undirected Precision: 0.5000
Undirected Recall: 0.7391
----------------------------------------
PERCENT:20 | ALPHA:0.05 | SEED:150
Directed Sensitivity: 0.7826
Directed Specificity: 0.9174
Directed Precision: 0.6667
Directed Recall: 0.7826
Undirected Sensitivity: 0.8261
Undirected Specificity: 0.8140
Undirected Precision: 0.7037
Undirected Recall: 0.8261
----------------------------------------
PERCENT:20 | ALPHA:0.05 | SEED:160
Directed Sensitivity: 0.6957
Directed Specificity: 0.8807
Directed Precision: 0.5517
Directed Recall: 0.6957
Undirected Sensitivity: 0.8261
Undirected Specificity: 0.7674
Undirected Precision: 0.6552
Undirected Recall: 0.8261
----------------------------------------
PERCENT:20 | ALPHA:0.05 | SEED:170
Directed Sensitivity: 0.8261
Directed Specificity: 0.9174
Directed Precision: 0.6786
Directed Recall: 0.8261
Undirected Sensitivity: 0.8696
Undirected Specificity: 0.8140
Undirected Precision: 0.7143
Undirected Recall: 0.8696
----------------------------------------
PERCENT:20 | ALPHA:0.05 | SEED:180
Directed Sensitivity: 0.4348
Directed Specificity: 0.8349
Directed Precision: 0.3571
Directed Recall: 0.4348
Undirected Sensitivity: 0.6087
Undirected Specificity: 0.6744
Undirected Precision: 0.5000
Undirected Recall: 0.6087
----------------------------------------
PERCENT:20 | ALPHA:0.05 | SEED:190
Directed Sensitivity: 0.3043
Directed Specificity: 0.7798
Directed Precision: 0.2258
Directed Recall: 0.3043
Undirected Sensitivity: 0.6522
Undirected Specificity: 0.6279
Undirected Precision: 0.4839
Undirected Recall: 0.6522
----------------------------------------
PERCENT:20 | ALPHA:0.05 | SEED:200
Directed Sensitivity: 0.6522
Directed Specificity: 0.8991
Directed Precision: 0.5769
Directed Recall: 0.6522
Undirected Sensitivity: 0.6957
Undirected Specificity: 0.7674
Undirected Precision: 0.6154
Undirected Recall: 0.6957
----------------------------------------
PERCENT:20 | ALPHA:0.05 | SEED:210
Directed Sensitivity: 0.7391
Directed Specificity: 0.8899
Directed Precision: 0.5862
Directed Recall: 0.7391
Undirected Sensitivity: 0.7826
Undirected Specificity: 0.7442
Undirected Precision: 0.6207
Undirected Recall: 0.7826
----------------------------------------
PERCENT:20 | ALPHA:0.05 | SEED:220
Directed Sensitivity: 0.8696
Directed Specificity: 0.9358
Directed Precision: 0.7407
Directed Recall: 0.8696
Undirected Sensitivity: 0.9130
Undirected Specificity: 0.8605
Undirected Precision: 0.7778
Undirected Recall: 0.9130
----------------------------------------
PERCENT:20 | ALPHA:0.05 | SEED:230
Directed Sensitivity: 0.7391
Directed Specificity: 0.8899
Directed Precision: 0.5862
Directed Recall: 0.7391
Undirected Sensitivity: 0.7826
Undirected Specificity: 0.7442
Undirected Precision: 0.6207
Undirected Recall: 0.7826
----------------------------------------
PERCENT:20 | ALPHA:0.05 | SEED:240
Directed Sensitivity: 0.4348
Directed Specificity: 0.8073
Directed Precision: 0.3226
Directed Recall: 0.4348
Undirected Sensitivity: 0.6087
Undirected Specificity: 0.6047
Undirected Precision: 0.4516
Undirected Recall: 0.6087
----------------------------------------
PERCENT:20 | ALPHA:0.05 | SEED:250
Directed Sensitivity: 0.6522
Directed Specificity: 0.7798
Directed Precision: 0.3846
Directed Recall: 0.6522
Undirected Sensitivity: 0.8696
Undirected Specificity: 0.5581
Undirected Precision: 0.5128
Undirected Recall: 0.8696
----------------------------------------
PERCENT:20 | ALPHA:0.05 | SEED:260
Directed Sensitivity: 0.5217
Directed Specificity: 0.7890
Directed Precision: 0.3429
Directed Recall: 0.5217
Undirected Sensitivity: 0.7826
Undirected Specificity: 0.6047
Undirected Precision: 0.5143
Undirected Recall: 0.7826
----------------------------------------
PERCENT:20 | ALPHA:0.05 | SEED:270
Directed Sensitivity: 0.5217
Directed Specificity: 0.8257
Directed Precision: 0.3871
Directed Recall: 0.5217
Undirected Sensitivity: 0.6957
Undirected Specificity: 0.6512
Undirected Precision: 0.5161
Undirected Recall: 0.6957
----------------------------------------
PERCENT:20 | ALPHA:0.05 | SEED:280
Directed Sensitivity: 0.6957
Directed Specificity: 0.9266
Directed Precision: 0.6667
Directed Recall: 0.6957
Undirected Sensitivity: 0.6957
Undirected Specificity: 0.8140
Undirected Precision: 0.6667
Undirected Recall: 0.6957
----------------------------------------
PERCENT:20 | ALPHA:0.05 | SEED:290
Directed Sensitivity: 0.7391
Directed Specificity: 0.8716
Directed Precision: 0.5484
Directed Recall: 0.7391
Undirected Sensitivity: 0.7826
Undirected Specificity: 0.6977
Undirected Precision: 0.5806
Undirected Recall: 0.7826
----------------------------------------
PERCENT:20 | ALPHA:0.05 | SEED:300
Directed Sensitivity: 0.5217
Directed Specificity: 0.8440
Directed Precision: 0.4138
Directed Recall: 0.5217
Undirected Sensitivity: 0.6957
Undirected Specificity: 0.6977
Undirected Precision: 0.5517
Undirected Recall: 0.6957
----------------------------------------
PERCENT:20 | ALPHA:0.1 | SEED:10
Directed Sensitivity: 0.4348
Directed Specificity: 0.7523
Directed Precision: 0.2703
Directed Recall: 0.4348
Undirected Sensitivity: 0.8261
Undirected Specificity: 0.5814
Undirected Precision: 0.5135
Undirected Recall: 0.8261
----------------------------------------
PERCENT:20 | ALPHA:0.1 | SEED:20
Directed Sensitivity: 0.5652
Directed Specificity: 0.7890
Directed Precision: 0.3611
Directed Recall: 0.5652
Undirected Sensitivity: 0.6957
Undirected Specificity: 0.5349
Undirected Precision: 0.4444
Undirected Recall: 0.6957
----------------------------------------
PERCENT:20 | ALPHA:0.1 | SEED:30
Directed Sensitivity: 0.3478
Directed Specificity: 0.7706
Directed Precision: 0.2424
Directed Recall: 0.3478
Undirected Sensitivity: 0.7391
Undirected Specificity: 0.6279
Undirected Precision: 0.5152
Undirected Recall: 0.7391
----------------------------------------
PERCENT:20 | ALPHA:0.1 | SEED:40
Directed Sensitivity: 0.5217
Directed Specificity: 0.7982
Directed Precision: 0.3529
Directed Recall: 0.5217
Undirected Sensitivity: 0.7826
Undirected Specificity: 0.6279
Undirected Precision: 0.5294
Undirected Recall: 0.7826
----------------------------------------
PERCENT:20 | ALPHA:0.1 | SEED:50
Directed Sensitivity: 0.7826
Directed Specificity: 0.8807
Directed Precision: 0.5806
Directed Recall: 0.7826
Undirected Sensitivity: 0.7826
Undirected Specificity: 0.6977
Undirected Precision: 0.5806
Undirected Recall: 0.7826
----------------------------------------
PERCENT:20 | ALPHA:0.1 | SEED:60
Directed Sensitivity: 0.6522
Directed Specificity: 0.8165
Directed Precision: 0.4286
Directed Recall: 0.6522
Undirected Sensitivity: 0.7391
Undirected Specificity: 0.5814
Undirected Precision: 0.4857
Undirected Recall: 0.7391
----------------------------------------
PERCENT:20 | ALPHA:0.1 | SEED:70
Directed Sensitivity: 0.6522
Directed Specificity: 0.8440
Directed Precision: 0.4688
Directed Recall: 0.6522
Undirected Sensitivity: 0.7826
Undirected Specificity: 0.6744
Undirected Precision: 0.5625
Undirected Recall: 0.7826
----------------------------------------
PERCENT:20 | ALPHA:0.1 | SEED:80
Directed Sensitivity: 0.5652
Directed Specificity: 0.8532
Directed Precision: 0.4483
Directed Recall: 0.5652
Undirected Sensitivity: 0.7826
Undirected Specificity: 0.7442
Undirected Precision: 0.6207
Undirected Recall: 0.7826
----------------------------------------
PERCENT:20 | ALPHA:0.1 | SEED:90
Directed Sensitivity: 0.6087
Directed Specificity: 0.8807
Directed Precision: 0.5185
Directed Recall: 0.6087
Undirected Sensitivity: 0.7391
Undirected Specificity: 0.7674
Undirected Precision: 0.6296
Undirected Recall: 0.7391
----------------------------------------
PERCENT:20 | ALPHA:0.1 | SEED:100
Directed Sensitivity: 0.6957
Directed Specificity: 0.8532
Directed Precision: 0.5000
Directed Recall: 0.6957
Undirected Sensitivity: 0.7826
Undirected Specificity: 0.6744
Undirected Precision: 0.5625
Undirected Recall: 0.7826
----------------------------------------
PERCENT:20 | ALPHA:0.1 | SEED:110
Directed Sensitivity: 0.6957
Directed Specificity: 0.9083
Directed Precision: 0.6154
Directed Recall: 0.6957
Undirected Sensitivity: 0.7391
Undirected Specificity: 0.7907
Undirected Precision: 0.6538
Undirected Recall: 0.7391
----------------------------------------
PERCENT:20 | ALPHA:0.1 | SEED:120
Directed Sensitivity: 0.7826
Directed Specificity: 0.8716
Directed Precision: 0.5625
Directed Recall: 0.7826
Undirected Sensitivity: 0.7826
Undirected Specificity: 0.6744
Undirected Precision: 0.5625
Undirected Recall: 0.7826
----------------------------------------
PERCENT:20 | ALPHA:0.1 | SEED:130
Directed Sensitivity: 0.8261
Directed Specificity: 0.9266
Directed Precision: 0.7037
Directed Recall: 0.8261
Undirected Sensitivity: 0.8261
Undirected Specificity: 0.8140
Undirected Precision: 0.7037
Undirected Recall: 0.8261
----------------------------------------
PERCENT:20 | ALPHA:0.1 | SEED:140
Directed Sensitivity: 0.6522
Directed Specificity: 0.7982
Directed Precision: 0.4054
Directed Recall: 0.6522
Undirected Sensitivity: 0.7826
Undirected Specificity: 0.5581
Undirected Precision: 0.4865
Undirected Recall: 0.7826
----------------------------------------
PERCENT:20 | ALPHA:0.1 | SEED:150
Directed Sensitivity: 0.7391
Directed Specificity: 0.8899
Directed Precision: 0.5862
Directed Recall: 0.7391
Undirected Sensitivity: 0.8261
Undirected Specificity: 0.7674
Undirected Precision: 0.6552
Undirected Recall: 0.8261
----------------------------------------
PERCENT:20 | ALPHA:0.1 | SEED:160
Directed Sensitivity: 0.6087
Directed Specificity: 0.7982
Directed Precision: 0.3889
Directed Recall: 0.6087
Undirected Sensitivity: 0.7826
Undirected Specificity: 0.5814
Undirected Precision: 0.5000
Undirected Recall: 0.7826
----------------------------------------
PERCENT:20 | ALPHA:0.1 | SEED:170
Directed Sensitivity: 0.4348
Directed Specificity: 0.7798
Directed Precision: 0.2941
Directed Recall: 0.4348
Undirected Sensitivity: 0.6087
Undirected Specificity: 0.5349
Undirected Precision: 0.4118
Undirected Recall: 0.6087
----------------------------------------
PERCENT:20 | ALPHA:0.1 | SEED:180
Directed Sensitivity: 0.5217
Directed Specificity: 0.8349
Directed Precision: 0.4000
Directed Recall: 0.5217
Undirected Sensitivity: 0.6522
Undirected Specificity: 0.6512
Undirected Precision: 0.5000
Undirected Recall: 0.6522
----------------------------------------
PERCENT:20 | ALPHA:0.1 | SEED:190
Directed Sensitivity: 0.3478
Directed Specificity: 0.7615
Directed Precision: 0.2353
Directed Recall: 0.3478
Undirected Sensitivity: 0.6522
Undirected Specificity: 0.5581
Undirected Precision: 0.4412
Undirected Recall: 0.6522
----------------------------------------
PERCENT:20 | ALPHA:0.1 | SEED:200
Directed Sensitivity: 0.8696
Directed Specificity: 0.9174
Directed Precision: 0.6897
Directed Recall: 0.8696
Undirected Sensitivity: 0.8696
Undirected Specificity: 0.7907
Undirected Precision: 0.6897
Undirected Recall: 0.8696
----------------------------------------
PERCENT:20 | ALPHA:0.1 | SEED:210
Directed Sensitivity: 0.7826
Directed Specificity: 0.8899
Directed Precision: 0.6000
Directed Recall: 0.7826
Undirected Sensitivity: 0.8261
Undirected Specificity: 0.7442
Undirected Precision: 0.6333
Undirected Recall: 0.8261
----------------------------------------
PERCENT:20 | ALPHA:0.1 | SEED:220
Directed Sensitivity: 0.8696
Directed Specificity: 0.8991
Directed Precision: 0.6452
Directed Recall: 0.8696
Undirected Sensitivity: 0.9130
Undirected Specificity: 0.7674
Undirected Precision: 0.6774
Undirected Recall: 0.9130
----------------------------------------
PERCENT:20 | ALPHA:0.1 | SEED:230
Directed Sensitivity: 0.7826
Directed Specificity: 0.9358
Directed Precision: 0.7200
Directed Recall: 0.7826
Undirected Sensitivity: 0.8261
Undirected Specificity: 0.8605
Undirected Precision: 0.7600
Undirected Recall: 0.8261
----------------------------------------
PERCENT:20 | ALPHA:0.1 | SEED:240
Directed Sensitivity: 0.4783
Directed Specificity: 0.7798
Directed Precision: 0.3143
Directed Recall: 0.4783
Undirected Sensitivity: 0.6522
Undirected Specificity: 0.5349
Undirected Precision: 0.4286
Undirected Recall: 0.6522
----------------------------------------
PERCENT:20 | ALPHA:0.1 | SEED:250
Directed Sensitivity: 0.6957
Directed Specificity: 0.7798
Directed Precision: 0.4000
Directed Recall: 0.6957
Undirected Sensitivity: 0.8696
Undirected Specificity: 0.5349
Undirected Precision: 0.5000
Undirected Recall: 0.8696
----------------------------------------
PERCENT:20 | ALPHA:0.1 | SEED:260
Directed Sensitivity: 0.5217
Directed Specificity: 0.7523
Directed Precision: 0.3077
Directed Recall: 0.5217
Undirected Sensitivity: 0.7391
Undirected Specificity: 0.4884
Undirected Precision: 0.4359
Undirected Recall: 0.7391
----------------------------------------
PERCENT:20 | ALPHA:0.1 | SEED:270
Directed Sensitivity: 0.5652
Directed Specificity: 0.7339
Directed Precision: 0.3095
Directed Recall: 0.5652
Undirected Sensitivity: 0.7391
Undirected Specificity: 0.4186
Undirected Precision: 0.4048
Undirected Recall: 0.7391
----------------------------------------
PERCENT:20 | ALPHA:0.1 | SEED:280
Directed Sensitivity: 0.8261
Directed Specificity: 0.9083
Directed Precision: 0.6552
Directed Recall: 0.8261
Undirected Sensitivity: 0.8261
Undirected Specificity: 0.7674
Undirected Precision: 0.6552
Undirected Recall: 0.8261
----------------------------------------
PERCENT:20 | ALPHA:0.1 | SEED:290
Directed Sensitivity: 0.7391
Directed Specificity: 0.8807
Directed Precision: 0.5667
Directed Recall: 0.7391
Undirected Sensitivity: 0.7826
Undirected Specificity: 0.7209
Undirected Precision: 0.6000
Undirected Recall: 0.7826
----------------------------------------
PERCENT:20 | ALPHA:0.1 | SEED:300
Directed Sensitivity: 0.7391
Directed Specificity: 0.8440
Directed Precision: 0.5000
Directed Recall: 0.7391
Undirected Sensitivity: 0.8696
Undirected Specificity: 0.6744
Undirected Precision: 0.5882
Undirected Recall: 0.8696
----------------------------------------
PERCENT:20 | ALPHA:0.2 | SEED:10
Directed Sensitivity: 0.4348
Directed Specificity: 0.7798
Directed Precision: 0.2941
Directed Recall: 0.4348
Undirected Sensitivity: 0.7391
Undirected Specificity: 0.6047
Undirected Precision: 0.5000
Undirected Recall: 0.7391
----------------------------------------
PERCENT:20 | ALPHA:0.2 | SEED:20
Directed Sensitivity: 0.5652
Directed Specificity: 0.7615
Directed Precision: 0.3333
Directed Recall: 0.5652
Undirected Sensitivity: 0.7826
Undirected Specificity: 0.5116
Undirected Precision: 0.4615
Undirected Recall: 0.7826
----------------------------------------
PERCENT:20 | ALPHA:0.2 | SEED:30
Directed Sensitivity: 0.3478
Directed Specificity: 0.6697
Directed Precision: 0.1818
Directed Recall: 0.3478
Undirected Sensitivity: 0.7391
Undirected Specificity: 0.3721
Undirected Precision: 0.3864
Undirected Recall: 0.7391
----------------------------------------
PERCENT:20 | ALPHA:0.2 | SEED:40
Directed Sensitivity: 0.6087
Directed Specificity: 0.7890
Directed Precision: 0.3784
Directed Recall: 0.6087
Undirected Sensitivity: 0.7826
Undirected Specificity: 0.5581
Undirected Precision: 0.4865
Undirected Recall: 0.7826
----------------------------------------
PERCENT:20 | ALPHA:0.2 | SEED:50
Directed Sensitivity: 0.7826
Directed Specificity: 0.8073
Directed Precision: 0.4615
Directed Recall: 0.7826
Undirected Sensitivity: 0.8261
Undirected Specificity: 0.5349
Undirected Precision: 0.4872
Undirected Recall: 0.8261
----------------------------------------
PERCENT:20 | ALPHA:0.2 | SEED:60
Directed Sensitivity: 0.5652
Directed Specificity: 0.8257
Directed Precision: 0.4062
Directed Recall: 0.5652
Undirected Sensitivity: 0.6957
Undirected Specificity: 0.6279
Undirected Precision: 0.5000
Undirected Recall: 0.6957
----------------------------------------
PERCENT:20 | ALPHA:0.2 | SEED:70
Directed Sensitivity: 0.6522
Directed Specificity: 0.7890
Directed Precision: 0.3947
Directed Recall: 0.6522
Undirected Sensitivity: 0.7826
Undirected Specificity: 0.5349
Undirected Precision: 0.4737
Undirected Recall: 0.7826
----------------------------------------
PERCENT:20 | ALPHA:0.2 | SEED:80
Directed Sensitivity: 0.6957
Directed Specificity: 0.8257
Directed Precision: 0.4571
Directed Recall: 0.6957
Undirected Sensitivity: 0.8696
Undirected Specificity: 0.6512
Undirected Precision: 0.5714
Undirected Recall: 0.8696
----------------------------------------
PERCENT:20 | ALPHA:0.2 | SEED:90
Directed Sensitivity: 0.5652
Directed Specificity: 0.7615
Directed Precision: 0.3333
Directed Recall: 0.5652
Undirected Sensitivity: 0.8696
Undirected Specificity: 0.5581
Undirected Precision: 0.5128
Undirected Recall: 0.8696
----------------------------------------
PERCENT:20 | ALPHA:0.2 | SEED:100
Directed Sensitivity: 0.7391
Directed Specificity: 0.8349
Directed Precision: 0.4857
Directed Recall: 0.7391
Undirected Sensitivity: 0.8261
Undirected Specificity: 0.6279
Undirected Precision: 0.5429
Undirected Recall: 0.8261
----------------------------------------
PERCENT:20 | ALPHA:0.2 | SEED:110
Directed Sensitivity: 0.6087
Directed Specificity: 0.7890
Directed Precision: 0.3784
Directed Recall: 0.6087
Undirected Sensitivity: 0.6957
Undirected Specificity: 0.5116
Undirected Precision: 0.4324
Undirected Recall: 0.6957
----------------------------------------
PERCENT:20 | ALPHA:0.2 | SEED:120
Directed Sensitivity: 0.7391
Directed Specificity: 0.8807
Directed Precision: 0.5667
Directed Recall: 0.7391
Undirected Sensitivity: 0.7391
Undirected Specificity: 0.6977
Undirected Precision: 0.5667
Undirected Recall: 0.7391
----------------------------------------
PERCENT:20 | ALPHA:0.2 | SEED:130
Directed Sensitivity: 0.6087
Directed Specificity: 0.8073
Directed Precision: 0.4000
Directed Recall: 0.6087
Undirected Sensitivity: 0.7826
Undirected Specificity: 0.6047
Undirected Precision: 0.5143
Undirected Recall: 0.7826
----------------------------------------
PERCENT:20 | ALPHA:0.2 | SEED:140
Directed Sensitivity: 0.6522
Directed Specificity: 0.7431
Directed Precision: 0.3488
Directed Recall: 0.6522
Undirected Sensitivity: 0.8261
Undirected Specificity: 0.4419
Undirected Precision: 0.4419
Undirected Recall: 0.8261
----------------------------------------
PERCENT:20 | ALPHA:0.2 | SEED:150
Directed Sensitivity: 0.7826
Directed Specificity: 0.8440
Directed Precision: 0.5143
Directed Recall: 0.7826
Undirected Sensitivity: 0.8696
Undirected Specificity: 0.6512
Undirected Precision: 0.5714
Undirected Recall: 0.8696
----------------------------------------
PERCENT:20 | ALPHA:0.2 | SEED:160
Directed Sensitivity: 0.6522
Directed Specificity: 0.7706
Directed Precision: 0.3750
Directed Recall: 0.6522
Undirected Sensitivity: 0.8261
Undirected Specificity: 0.5116
Undirected Precision: 0.4750
Undirected Recall: 0.8261
----------------------------------------
PERCENT:20 | ALPHA:0.2 | SEED:170
Directed Sensitivity: 0.7826
Directed Specificity: 0.8073
Directed Precision: 0.4615
Directed Recall: 0.7826
Undirected Sensitivity: 0.8261
Undirected Specificity: 0.5349
Undirected Precision: 0.4872
Undirected Recall: 0.8261
----------------------------------------
PERCENT:20 | ALPHA:0.2 | SEED:180
Directed Sensitivity: 0.6522
Directed Specificity: 0.7248
Directed Precision: 0.3333
Directed Recall: 0.6522
Undirected Sensitivity: 0.8696
Undirected Specificity: 0.4186
Undirected Precision: 0.4444
Undirected Recall: 0.8696
----------------------------------------
PERCENT:20 | ALPHA:0.2 | SEED:190
Directed Sensitivity: 0.4348
Directed Specificity: 0.7156
Directed Precision: 0.2439
Directed Recall: 0.4348
Undirected Sensitivity: 0.8261
Undirected Specificity: 0.4884
Undirected Precision: 0.4634
Undirected Recall: 0.8261
----------------------------------------
PERCENT:20 | ALPHA:0.2 | SEED:200
Directed Sensitivity: 0.6957
Directed Specificity: 0.8716
Directed Precision: 0.5333
Directed Recall: 0.6957
Undirected Sensitivity: 0.7391
Undirected Specificity: 0.6977
Undirected Precision: 0.5667
Undirected Recall: 0.7391
----------------------------------------
PERCENT:20 | ALPHA:0.2 | SEED:210
Directed Sensitivity: 0.7826
Directed Specificity: 0.8532
Directed Precision: 0.5294
Directed Recall: 0.7826
Undirected Sensitivity: 0.8696
Undirected Specificity: 0.6744
Undirected Precision: 0.5882
Undirected Recall: 0.8696
----------------------------------------
PERCENT:20 | ALPHA:0.2 | SEED:220
Directed Sensitivity: 0.8261
Directed Specificity: 0.8349
Directed Precision: 0.5135
Directed Recall: 0.8261
Undirected Sensitivity: 0.8696
Undirected Specificity: 0.6047
Undirected Precision: 0.5405
Undirected Recall: 0.8696
----------------------------------------
PERCENT:20 | ALPHA:0.2 | SEED:230
Directed Sensitivity: 0.7826
Directed Specificity: 0.8073
Directed Precision: 0.4615
Directed Recall: 0.7826
Undirected Sensitivity: 0.8261
Undirected Specificity: 0.5349
Undirected Precision: 0.4872
Undirected Recall: 0.8261
----------------------------------------
PERCENT:20 | ALPHA:0.2 | SEED:240
Directed Sensitivity: 0.6087
Directed Specificity: 0.7982
Directed Precision: 0.3889
Directed Recall: 0.6087
Undirected Sensitivity: 0.7826
Undirected Specificity: 0.5814
Undirected Precision: 0.5000
Undirected Recall: 0.7826
----------------------------------------
PERCENT:20 | ALPHA:0.2 | SEED:250
Directed Sensitivity: 0.5652
Directed Specificity: 0.7798
Directed Precision: 0.3514
Directed Recall: 0.5652
Undirected Sensitivity: 0.8261
Undirected Specificity: 0.5814
Undirected Precision: 0.5135
Undirected Recall: 0.8261
----------------------------------------
PERCENT:20 | ALPHA:0.2 | SEED:260
Directed Sensitivity: 0.5217
Directed Specificity: 0.7248
Directed Precision: 0.2857
Directed Recall: 0.5217
Undirected Sensitivity: 0.7391
Undirected Specificity: 0.4186
Undirected Precision: 0.4048
Undirected Recall: 0.7391
----------------------------------------
PERCENT:20 | ALPHA:0.2 | SEED:270
Directed Sensitivity: 0.6087
Directed Specificity: 0.7339
Directed Precision: 0.3256
Directed Recall: 0.6087
Undirected Sensitivity: 0.7826
Undirected Specificity: 0.4186
Undirected Precision: 0.4186
Undirected Recall: 0.7826
----------------------------------------
PERCENT:20 | ALPHA:0.2 | SEED:280
Directed Sensitivity: 0.8261
Directed Specificity: 0.8165
Directed Precision: 0.4872
Directed Recall: 0.8261
Undirected Sensitivity: 0.8696
Undirected Specificity: 0.5581
Undirected Precision: 0.5128
Undirected Recall: 0.8696
----------------------------------------
PERCENT:20 | ALPHA:0.2 | SEED:290
Directed Sensitivity: 0.7391
Directed Specificity: 0.8624
Directed Precision: 0.5312
Directed Recall: 0.7391
Undirected Sensitivity: 0.7826
Undirected Specificity: 0.6744
Undirected Precision: 0.5625
Undirected Recall: 0.7826
----------------------------------------
PERCENT:20 | ALPHA:0.2 | SEED:300
Directed Sensitivity: 0.8696
Directed Specificity: 0.8532
Directed Precision: 0.5556
Directed Recall: 0.8696
Undirected Sensitivity: 0.9130
Undirected Specificity: 0.6512
Undirected Precision: 0.5833
Undirected Recall: 0.9130
----------------------------------------
