SEED:10
Directed Sensitivity: 0.7391
Directed Specificity: 0.9083
Directed Precision: 0.6296
Directed Recall:    0.7391
-------------------------
Undirected Sensitivity: 0.7391
Undirected Specificity: 0.7674
Undirected Precision: 0.6296
Undirected Recall:    0.7391
----------------------------------------
SEED:20
Directed Sensitivity: 0.6957
Directed Specificity: 0.8991
Directed Precision: 0.5926
Directed Recall:    0.6957
-------------------------
Undirected Sensitivity: 0.6957
Undirected Specificity: 0.7442
Undirected Precision: 0.5926
Undirected Recall:    0.6957
----------------------------------------
SEED:30
Directed Sensitivity: 0.6522
Directed Specificity: 0.9083
Directed Precision: 0.6000
Directed Recall:    0.6522
-------------------------
Undirected Sensitivity: 0.6522
Undirected Specificity: 0.7674
Undirected Precision: 0.6000
Undirected Recall:    0.6522
----------------------------------------
SEED:40
Directed Sensitivity: 0.6522
Directed Specificity: 0.8991
Directed Precision: 0.5769
Directed Recall:    0.6522
-------------------------
Undirected Sensitivity: 0.6522
Undirected Specificity: 0.7442
Undirected Precision: 0.5769
Undirected Recall:    0.6522
----------------------------------------
SEED:50
Directed Sensitivity: 0.5652
Directed Specificity: 0.8991
Directed Precision: 0.5417
Directed Recall:    0.5652
-------------------------
Undirected Sensitivity: 0.5652
Undirected Specificity: 0.7442
Undirected Precision: 0.5417
Undirected Recall:    0.5652
----------------------------------------
SEED:60
Directed Sensitivity: 0.6522
Directed Specificity: 0.9358
Directed Precision: 0.6818
Directed Recall:    0.6522
-------------------------
Undirected Sensitivity: 0.6522
Undirected Specificity: 0.8372
Undirected Precision: 0.6818
Undirected Recall:    0.6522
----------------------------------------
SEED:70
Directed Sensitivity: 0.7826
Directed Specificity: 0.9174
Directed Precision: 0.6667
Directed Recall:    0.7826
-------------------------
Undirected Sensitivity: 0.7826
Undirected Specificity: 0.7907
Undirected Precision: 0.6667
Undirected Recall:    0.7826
----------------------------------------
SEED:80
Directed Sensitivity: 0.7391
Directed Specificity: 0.9266
Directed Precision: 0.6800
Directed Recall:    0.7391
-------------------------
Undirected Sensitivity: 0.7391
Undirected Specificity: 0.8140
Undirected Precision: 0.6800
Undirected Recall:    0.7391
----------------------------------------
SEED:90
Directed Sensitivity: 0.8261
Directed Specificity: 0.9174
Directed Precision: 0.6786
Directed Recall:    0.8261
-------------------------
Undirected Sensitivity: 0.8261
Undirected Specificity: 0.7907
Undirected Precision: 0.6786
Undirected Recall:    0.8261
----------------------------------------
SEED:100
Directed Sensitivity: 0.6087
Directed Specificity: 0.9083
Directed Precision: 0.5833
Directed Recall:    0.6087
-------------------------
Undirected Sensitivity: 0.6087
Undirected Specificity: 0.7674
Undirected Precision: 0.5833
Undirected Recall:    0.6087
----------------------------------------
SEED:110
Directed Sensitivity: 0.7391
Directed Specificity: 0.8991
Directed Precision: 0.6071
Directed Recall:    0.7391
-------------------------
Undirected Sensitivity: 0.7391
Undirected Specificity: 0.7442
Undirected Precision: 0.6071
Undirected Recall:    0.7391
----------------------------------------
SEED:120
Directed Sensitivity: 0.4348
Directed Specificity: 0.7890
Directed Precision: 0.3030
Directed Recall:    0.4348
-------------------------
Undirected Sensitivity: 0.7391
Undirected Specificity: 0.6279
Undirected Precision: 0.5152
Undirected Recall:    0.7391
----------------------------------------
SEED:130
Directed Sensitivity: 0.6522
Directed Specificity: 0.9083
Directed Precision: 0.6000
Directed Recall:    0.6522
-------------------------
Undirected Sensitivity: 0.6522
Undirected Specificity: 0.7674
Undirected Precision: 0.6000
Undirected Recall:    0.6522
----------------------------------------
SEED:140
Directed Sensitivity: 0.6087
Directed Specificity: 0.9083
Directed Precision: 0.5833
Directed Recall:    0.6087
-------------------------
Undirected Sensitivity: 0.6087
Undirected Specificity: 0.7674
Undirected Precision: 0.5833
Undirected Recall:    0.6087
----------------------------------------
SEED:150
Directed Sensitivity: 0.3913
Directed Specificity: 0.8257
Directed Precision: 0.3214
Directed Recall:    0.3913
-------------------------
Undirected Sensitivity: 0.6087
Undirected Specificity: 0.6744
Undirected Precision: 0.5000
Undirected Recall:    0.6087
----------------------------------------
SEED:160
Directed Sensitivity: 0.6522
Directed Specificity: 0.9083
Directed Precision: 0.6000
Directed Recall:    0.6522
-------------------------
Undirected Sensitivity: 0.6522
Undirected Specificity: 0.7674
Undirected Precision: 0.6000
Undirected Recall:    0.6522
----------------------------------------
SEED:170
Directed Sensitivity: 0.6522
Directed Specificity: 0.8991
Directed Precision: 0.5769
Directed Recall:    0.6522
-------------------------
Undirected Sensitivity: 0.6522
Undirected Specificity: 0.7442
Undirected Precision: 0.5769
Undirected Recall:    0.6522
----------------------------------------
SEED:180
Directed Sensitivity: 0.3913
Directed Specificity: 0.8257
Directed Precision: 0.3214
Directed Recall:    0.3913
-------------------------
Undirected Sensitivity: 0.5217
Undirected Specificity: 0.6279
Undirected Precision: 0.4286
Undirected Recall:    0.5217
----------------------------------------
SEED:190
Directed Sensitivity: 0.6087
Directed Specificity: 0.8257
Directed Precision: 0.4242
Directed Recall:    0.6087
-------------------------
Undirected Sensitivity: 0.8261
Undirected Specificity: 0.6744
Undirected Precision: 0.5758
Undirected Recall:    0.8261
----------------------------------------
SEED:200
Directed Sensitivity: 0.7391
Directed Specificity: 0.9358
Directed Precision: 0.7083
Directed Recall:    0.7391
-------------------------
Undirected Sensitivity: 0.7391
Undirected Specificity: 0.8372
Undirected Precision: 0.7083
Undirected Recall:    0.7391
----------------------------------------
SEED:210
Directed Sensitivity: 0.7826
Directed Specificity: 0.8991
Directed Precision: 0.6207
Directed Recall:    0.7826
-------------------------
Undirected Sensitivity: 0.7826
Undirected Specificity: 0.7442
Undirected Precision: 0.6207
Undirected Recall:    0.7826
----------------------------------------
SEED:220
Directed Sensitivity: 0.7391
Directed Specificity: 0.8899
Directed Precision: 0.5862
Directed Recall:    0.7391
-------------------------
Undirected Sensitivity: 0.7391
Undirected Specificity: 0.7209
Undirected Precision: 0.5862
Undirected Recall:    0.7391
----------------------------------------
SEED:230
Directed Sensitivity: 0.7826
Directed Specificity: 0.8899
Directed Precision: 0.6000
Directed Recall:    0.7826
-------------------------
Undirected Sensitivity: 0.7826
Undirected Specificity: 0.7209
Undirected Precision: 0.6000
Undirected Recall:    0.7826
----------------------------------------
SEED:240
Directed Sensitivity: 0.7391
Directed Specificity: 0.8991
Directed Precision: 0.6071
Directed Recall:    0.7391
-------------------------
Undirected Sensitivity: 0.7391
Undirected Specificity: 0.7442
Undirected Precision: 0.6071
Undirected Recall:    0.7391
----------------------------------------
SEED:250
Directed Sensitivity: 0.7391
Directed Specificity: 0.8991
Directed Precision: 0.6071
Directed Recall:    0.7391
-------------------------
Undirected Sensitivity: 0.7391
Undirected Specificity: 0.7442
Undirected Precision: 0.6071
Undirected Recall:    0.7391
----------------------------------------
SEED:260
Directed Sensitivity: 0.4348
Directed Specificity: 0.8440
Directed Precision: 0.3704
Directed Recall:    0.4348
-------------------------
Undirected Sensitivity: 0.5652
Undirected Specificity: 0.6744
Undirected Precision: 0.4815
Undirected Recall:    0.5652
----------------------------------------
SEED:270
Directed Sensitivity: 0.8261
Directed Specificity: 0.9174
Directed Precision: 0.6786
Directed Recall:    0.8261
-------------------------
Undirected Sensitivity: 0.8261
Undirected Specificity: 0.7907
Undirected Precision: 0.6786
Undirected Recall:    0.8261
----------------------------------------
SEED:280
Directed Sensitivity: 0.7391
Directed Specificity: 0.8899
Directed Precision: 0.5862
Directed Recall:    0.7391
-------------------------
Undirected Sensitivity: 0.7391
Undirected Specificity: 0.7209
Undirected Precision: 0.5862
Undirected Recall:    0.7391
----------------------------------------
SEED:290
Directed Sensitivity: 0.7391
Directed Specificity: 0.9083
Directed Precision: 0.6296
Directed Recall:    0.7391
-------------------------
Undirected Sensitivity: 0.7391
Undirected Specificity: 0.7674
Undirected Precision: 0.6296
Undirected Recall:    0.7391
----------------------------------------
SEED:300
Directed Sensitivity: 0.7826
Directed Specificity: 0.9083
Directed Precision: 0.6429
Directed Recall:    0.7826
-------------------------
Undirected Sensitivity: 0.7826
Undirected Specificity: 0.7674
Undirected Precision: 0.6429
Undirected Recall:    0.7826
----------------------------------------
