SEED:10
Directed Sensitivity: 1.0000
Directed Specificity: 0.7826
Directed Precision: 0.5833
Directed Recall:    1.0000
-------------------------
Undirected Sensitivity: 1.0000
Undirected Specificity: 0.3750
Undirected Precision: 0.5833
Undirected Recall:    1.0000
----------------------------------------
SEED:20
Directed Sensitivity: 1.0000
Directed Specificity: 0.7826
Directed Precision: 0.5833
Directed Recall:    1.0000
-------------------------
Undirected Sensitivity: 1.0000
Undirected Specificity: 0.3750
Undirected Precision: 0.5833
Undirected Recall:    1.0000
----------------------------------------
SEED:30
Directed Sensitivity: 0.8571
Directed Specificity: 0.7391
Directed Precision: 0.5000
Directed Recall:    0.8571
-------------------------
Undirected Sensitivity: 1.0000
Undirected Specificity: 0.3750
Undirected Precision: 0.5833
Undirected Recall:    1.0000
----------------------------------------
SEED:40
Directed Sensitivity: 0.7143
Directed Specificity: 0.6957
Directed Precision: 0.4167
Directed Recall:    0.7143
-------------------------
Undirected Sensitivity: 1.0000
Undirected Specificity: 0.3750
Undirected Precision: 0.5833
Undirected Recall:    1.0000
----------------------------------------
SEED:50
Directed Sensitivity: 0.7143
Directed Specificity: 0.6957
Directed Precision: 0.4167
Directed Recall:    0.7143
-------------------------
Undirected Sensitivity: 0.8571
Undirected Specificity: 0.2500
Undirected Precision: 0.5000
Undirected Recall:    0.8571
----------------------------------------
SEED:60
Directed Sensitivity: 0.8571
Directed Specificity: 0.7826
Directed Precision: 0.5455
Directed Recall:    0.8571
-------------------------
Undirected Sensitivity: 1.0000
Undirected Specificity: 0.5000
Undirected Precision: 0.6364
Undirected Recall:    1.0000
----------------------------------------
SEED:70
Directed Sensitivity: 0.7143
Directed Specificity: 0.6957
Directed Precision: 0.4167
Directed Recall:    0.7143
-------------------------
Undirected Sensitivity: 1.0000
Undirected Specificity: 0.3750
Undirected Precision: 0.5833
Undirected Recall:    1.0000
----------------------------------------
SEED:80
Directed Sensitivity: 0.8571
Directed Specificity: 0.7826
Directed Precision: 0.5455
Directed Recall:    0.8571
-------------------------
Undirected Sensitivity: 1.0000
Undirected Specificity: 0.5000
Undirected Precision: 0.6364
Undirected Recall:    1.0000
----------------------------------------
SEED:90
Directed Sensitivity: 1.0000
Directed Specificity: 0.7391
Directed Precision: 0.5385
Directed Recall:    1.0000
-------------------------
Undirected Sensitivity: 1.0000
Undirected Specificity: 0.2500
Undirected Precision: 0.5385
Undirected Recall:    1.0000
----------------------------------------
SEED:100
Directed Sensitivity: 0.7143
Directed Specificity: 0.6957
Directed Precision: 0.4167
Directed Recall:    0.7143
-------------------------
Undirected Sensitivity: 1.0000
Undirected Specificity: 0.3750
Undirected Precision: 0.5833
Undirected Recall:    1.0000
----------------------------------------
SEED:110
Directed Sensitivity: 1.0000
Directed Specificity: 0.8261
Directed Precision: 0.6364
Directed Recall:    1.0000
-------------------------
Undirected Sensitivity: 1.0000
Undirected Specificity: 0.5000
Undirected Precision: 0.6364
Undirected Recall:    1.0000
----------------------------------------
SEED:120
Directed Sensitivity: 0.7143
Directed Specificity: 0.6957
Directed Precision: 0.4167
Directed Recall:    0.7143
-------------------------
Undirected Sensitivity: 1.0000
Undirected Specificity: 0.3750
Undirected Precision: 0.5833
Undirected Recall:    1.0000
----------------------------------------
SEED:130
Directed Sensitivity: 0.8571
Directed Specificity: 0.7826
Directed Precision: 0.5455
Directed Recall:    0.8571
-------------------------
Undirected Sensitivity: 1.0000
Undirected Specificity: 0.5000
Undirected Precision: 0.6364
Undirected Recall:    1.0000
----------------------------------------
SEED:140
Directed Sensitivity: 0.7143
Directed Specificity: 0.6957
Directed Precision: 0.4167
Directed Recall:    0.7143
-------------------------
Undirected Sensitivity: 1.0000
Undirected Specificity: 0.3750
Undirected Precision: 0.5833
Undirected Recall:    1.0000
----------------------------------------
SEED:150
Directed Sensitivity: 0.7143
Directed Specificity: 0.8261
Directed Precision: 0.5556
Directed Recall:    0.7143
-------------------------
Undirected Sensitivity: 1.0000
Undirected Specificity: 0.7500
Undirected Precision: 0.7778
Undirected Recall:    1.0000
----------------------------------------
SEED:160
Directed Sensitivity: 0.8571
Directed Specificity: 0.7391
Directed Precision: 0.5000
Directed Recall:    0.8571
-------------------------
Undirected Sensitivity: 1.0000
Undirected Specificity: 0.3750
Undirected Precision: 0.5833
Undirected Recall:    1.0000
----------------------------------------
SEED:170
Directed Sensitivity: 1.0000
Directed Specificity: 0.7391
Directed Precision: 0.5385
Directed Recall:    1.0000
-------------------------
Undirected Sensitivity: 1.0000
Undirected Specificity: 0.2500
Undirected Precision: 0.5385
Undirected Recall:    1.0000
----------------------------------------
SEED:180
Directed Sensitivity: 1.0000
Directed Specificity: 0.7826
Directed Precision: 0.5833
Directed Recall:    1.0000
-------------------------
Undirected Sensitivity: 1.0000
Undirected Specificity: 0.3750
Undirected Precision: 0.5833
Undirected Recall:    1.0000
----------------------------------------
SEED:190
Directed Sensitivity: 0.7143
Directed Specificity: 0.7826
Directed Precision: 0.5000
Directed Recall:    0.7143
-------------------------
Undirected Sensitivity: 1.0000
Undirected Specificity: 0.6250
Undirected Precision: 0.7000
Undirected Recall:    1.0000
----------------------------------------
SEED:200
Directed Sensitivity: 0.8571
Directed Specificity: 0.7826
Directed Precision: 0.5455
Directed Recall:    0.8571
-------------------------
Undirected Sensitivity: 0.8571
Undirected Specificity: 0.3750
Undirected Precision: 0.5455
Undirected Recall:    0.8571
----------------------------------------
SEED:210
Directed Sensitivity: 0.7143
Directed Specificity: 0.7826
Directed Precision: 0.5000
Directed Recall:    0.7143
-------------------------
Undirected Sensitivity: 0.8571
Undirected Specificity: 0.5000
Undirected Precision: 0.6000
Undirected Recall:    0.8571
----------------------------------------
SEED:220
Directed Sensitivity: 0.7143
Directed Specificity: 0.7826
Directed Precision: 0.5000
Directed Recall:    0.7143
-------------------------
Undirected Sensitivity: 0.8571
Undirected Specificity: 0.5000
Undirected Precision: 0.6000
Undirected Recall:    0.8571
----------------------------------------
SEED:230
Directed Sensitivity: 0.8571
Directed Specificity: 0.7391
Directed Precision: 0.5000
Directed Recall:    0.8571
-------------------------
Undirected Sensitivity: 1.0000
Undirected Specificity: 0.3750
Undirected Precision: 0.5833
Undirected Recall:    1.0000
----------------------------------------
SEED:240
Directed Sensitivity: 0.8571
Directed Specificity: 0.7391
Directed Precision: 0.5000
Directed Recall:    0.8571
-------------------------
Undirected Sensitivity: 1.0000
Undirected Specificity: 0.3750
Undirected Precision: 0.5833
Undirected Recall:    1.0000
----------------------------------------
SEED:250
Directed Sensitivity: 1.0000
Directed Specificity: 0.7391
Directed Precision: 0.5385
Directed Recall:    1.0000
-------------------------
Undirected Sensitivity: 1.0000
Undirected Specificity: 0.2500
Undirected Precision: 0.5385
Undirected Recall:    1.0000
----------------------------------------
SEED:260
Directed Sensitivity: 1.0000
Directed Specificity: 0.8261
Directed Precision: 0.6364
Directed Recall:    1.0000
-------------------------
Undirected Sensitivity: 1.0000
Undirected Specificity: 0.5000
Undirected Precision: 0.6364
Undirected Recall:    1.0000
----------------------------------------
SEED:270
Directed Sensitivity: 0.8571
Directed Specificity: 0.6957
Directed Precision: 0.4615
Directed Recall:    0.8571
-------------------------
Undirected Sensitivity: 1.0000
Undirected Specificity: 0.2500
Undirected Precision: 0.5385
Undirected Recall:    1.0000
----------------------------------------
SEED:280
Directed Sensitivity: 0.5714
Directed Specificity: 0.7391
Directed Precision: 0.4000
Directed Recall:    0.5714
-------------------------
Undirected Sensitivity: 1.0000
Undirected Specificity: 0.6250
Undirected Precision: 0.7000
Undirected Recall:    1.0000
----------------------------------------
SEED:290
Directed Sensitivity: 0.8571
Directed Specificity: 0.8261
Directed Precision: 0.6000
Directed Recall:    0.8571
-------------------------
Undirected Sensitivity: 1.0000
Undirected Specificity: 0.6250
Undirected Precision: 0.7000
Undirected Recall:    1.0000
----------------------------------------
SEED:300
Directed Sensitivity: 0.5714
Directed Specificity: 0.6522
Directed Precision: 0.3333
Directed Recall:    0.5714
-------------------------
Undirected Sensitivity: 1.0000
Undirected Specificity: 0.3750
Undirected Precision: 0.5833
Undirected Recall:    1.0000
----------------------------------------
