SEED:10
Directed Sensitivity: 0.5000
Directed Specificity: 0.7000
Directed Precision: 0.4000
Directed Recall:    0.5000
-------------------------
Undirected Sensitivity: 0.7500
Undirected Specificity: 0.3333
Undirected Precision: 0.6000
Undirected Recall:    0.7500
----------------------------------------
SEED:20
Directed Sensitivity: 0.5000
Directed Specificity: 0.7000
Directed Precision: 0.4000
Directed Recall:    0.5000
-------------------------
Undirected Sensitivity: 0.7500
Undirected Specificity: 0.3333
Undirected Precision: 0.6000
Undirected Recall:    0.7500
----------------------------------------
SEED:30
Directed Sensitivity: 0.5000
Directed Specificity: 0.7000
Directed Precision: 0.4000
Directed Recall:    0.5000
-------------------------
Undirected Sensitivity: 0.7500
Undirected Specificity: 0.3333
Undirected Precision: 0.6000
Undirected Recall:    0.7500
----------------------------------------
SEED:40
Directed Sensitivity: 0.8333
Directed Specificity: 0.8333
Directed Precision: 0.6667
Directed Recall:    0.8333
-------------------------
Undirected Sensitivity: 0.8333
Undirected Specificity: 0.4444
Undirected Precision: 0.6667
Undirected Recall:    0.8333
----------------------------------------
SEED:50
Directed Sensitivity: 0.8333
Directed Specificity: 0.8333
Directed Precision: 0.6667
Directed Recall:    0.8333
-------------------------
Undirected Sensitivity: 0.8333
Undirected Specificity: 0.4444
Undirected Precision: 0.6667
Undirected Recall:    0.8333
----------------------------------------
SEED:60
Directed Sensitivity: 0.5833
Directed Specificity: 0.7000
Directed Precision: 0.4375
Directed Recall:    0.5833
-------------------------
Undirected Sensitivity: 0.8333
Undirected Specificity: 0.3333
Undirected Precision: 0.6250
Undirected Recall:    0.8333
----------------------------------------
SEED:70
Directed Sensitivity: 0.5000
Directed Specificity: 0.7000
Directed Precision: 0.4000
Directed Recall:    0.5000
-------------------------
Undirected Sensitivity: 0.7500
Undirected Specificity: 0.3333
Undirected Precision: 0.6000
Undirected Recall:    0.7500
----------------------------------------
SEED:80
Directed Sensitivity: 0.5833
Directed Specificity: 0.8000
Directed Precision: 0.5385
Directed Recall:    0.5833
-------------------------
Undirected Sensitivity: 0.6667
Undirected Specificity: 0.4444
Undirected Precision: 0.6154
Undirected Recall:    0.6667
----------------------------------------
SEED:90
Directed Sensitivity: 0.5000
Directed Specificity: 0.7000
Directed Precision: 0.4000
Directed Recall:    0.5000
-------------------------
Undirected Sensitivity: 0.7500
Undirected Specificity: 0.3333
Undirected Precision: 0.6000
Undirected Recall:    0.7500
----------------------------------------
SEED:100
Directed Sensitivity: 0.5833
Directed Specificity: 0.8000
Directed Precision: 0.5385
Directed Recall:    0.5833
-------------------------
Undirected Sensitivity: 0.7500
Undirected Specificity: 0.5556
Undirected Precision: 0.6923
Undirected Recall:    0.7500
----------------------------------------
SEED:110
Directed Sensitivity: 0.5833
Directed Specificity: 0.8000
Directed Precision: 0.5385
Directed Recall:    0.5833
-------------------------
Undirected Sensitivity: 0.6667
Undirected Specificity: 0.4444
Undirected Precision: 0.6154
Undirected Recall:    0.6667
----------------------------------------
SEED:120
Directed Sensitivity: 0.5000
Directed Specificity: 0.7000
Directed Precision: 0.4000
Directed Recall:    0.5000
-------------------------
Undirected Sensitivity: 0.7500
Undirected Specificity: 0.3333
Undirected Precision: 0.6000
Undirected Recall:    0.7500
----------------------------------------
SEED:130
Directed Sensitivity: 0.7500
Directed Specificity: 0.6333
Directed Precision: 0.4500
Directed Recall:    0.7500
-------------------------
Undirected Sensitivity: 1.0000
Undirected Specificity: 0.1111
Undirected Precision: 0.6000
Undirected Recall:    1.0000
----------------------------------------
SEED:140
Directed Sensitivity: 0.5000
Directed Specificity: 0.7000
Directed Precision: 0.4000
Directed Recall:    0.5000
-------------------------
Undirected Sensitivity: 0.7500
Undirected Specificity: 0.3333
Undirected Precision: 0.6000
Undirected Recall:    0.7500
----------------------------------------
SEED:150
Directed Sensitivity: 0.8333
Directed Specificity: 0.8333
Directed Precision: 0.6667
Directed Recall:    0.8333
-------------------------
Undirected Sensitivity: 0.8333
Undirected Specificity: 0.4444
Undirected Precision: 0.6667
Undirected Recall:    0.8333
----------------------------------------
SEED:160
Directed Sensitivity: 0.5000
Directed Specificity: 0.7000
Directed Precision: 0.4000
Directed Recall:    0.5000
-------------------------
Undirected Sensitivity: 0.7500
Undirected Specificity: 0.3333
Undirected Precision: 0.6000
Undirected Recall:    0.7500
----------------------------------------
SEED:170
Directed Sensitivity: 0.6667
Directed Specificity: 0.8000
Directed Precision: 0.5714
Directed Recall:    0.6667
-------------------------
Undirected Sensitivity: 0.7500
Undirected Specificity: 0.4444
Undirected Precision: 0.6429
Undirected Recall:    0.7500
----------------------------------------
SEED:180
Directed Sensitivity: 0.4167
Directed Specificity: 0.7667
Directed Precision: 0.4167
Directed Recall:    0.4167
-------------------------
Undirected Sensitivity: 0.6667
Undirected Specificity: 0.5556
Undirected Precision: 0.6667
Undirected Recall:    0.6667
----------------------------------------
SEED:190
Directed Sensitivity: 0.7500
Directed Specificity: 0.8333
Directed Precision: 0.6429
Directed Recall:    0.7500
-------------------------
Undirected Sensitivity: 0.7500
Undirected Specificity: 0.4444
Undirected Precision: 0.6429
Undirected Recall:    0.7500
----------------------------------------
SEED:200
Directed Sensitivity: 0.5000
Directed Specificity: 0.7333
Directed Precision: 0.4286
Directed Recall:    0.5000
-------------------------
Undirected Sensitivity: 0.7500
Undirected Specificity: 0.4444
Undirected Precision: 0.6429
Undirected Recall:    0.7500
----------------------------------------
SEED:210
Directed Sensitivity: 0.5000
Directed Specificity: 0.7000
Directed Precision: 0.4000
Directed Recall:    0.5000
-------------------------
Undirected Sensitivity: 0.7500
Undirected Specificity: 0.3333
Undirected Precision: 0.6000
Undirected Recall:    0.7500
----------------------------------------
SEED:220
Directed Sensitivity: 0.9167
Directed Specificity: 0.8667
Directed Precision: 0.7333
Directed Recall:    0.9167
-------------------------
Undirected Sensitivity: 0.9167
Undirected Specificity: 0.5556
Undirected Precision: 0.7333
Undirected Recall:    0.9167
----------------------------------------
SEED:230
Directed Sensitivity: 0.5833
Directed Specificity: 0.7667
Directed Precision: 0.5000
Directed Recall:    0.5833
-------------------------
Undirected Sensitivity: 0.6667
Undirected Specificity: 0.3333
Undirected Precision: 0.5714
Undirected Recall:    0.6667
----------------------------------------
SEED:240
Directed Sensitivity: 0.5000
Directed Specificity: 0.7333
Directed Precision: 0.4286
Directed Recall:    0.5000
-------------------------
Undirected Sensitivity: 0.7500
Undirected Specificity: 0.4444
Undirected Precision: 0.6429
Undirected Recall:    0.7500
----------------------------------------
SEED:250
Directed Sensitivity: 0.5000
Directed Specificity: 0.7000
Directed Precision: 0.4000
Directed Recall:    0.5000
-------------------------
Undirected Sensitivity: 0.7500
Undirected Specificity: 0.3333
Undirected Precision: 0.6000
Undirected Recall:    0.7500
----------------------------------------
SEED:260
Directed Sensitivity: 0.5000
Directed Specificity: 0.7667
Directed Precision: 0.4615
Directed Recall:    0.5000
-------------------------
Undirected Sensitivity: 0.5833
Undirected Specificity: 0.3333
Undirected Precision: 0.5385
Undirected Recall:    0.5833
----------------------------------------
SEED:270
Directed Sensitivity: 0.8333
Directed Specificity: 0.8333
Directed Precision: 0.6667
Directed Recall:    0.8333
-------------------------
Undirected Sensitivity: 0.8333
Undirected Specificity: 0.4444
Undirected Precision: 0.6667
Undirected Recall:    0.8333
----------------------------------------
SEED:280
Directed Sensitivity: 0.5000
Directed Specificity: 0.7000
Directed Precision: 0.4000
Directed Recall:    0.5000
-------------------------
Undirected Sensitivity: 0.7500
Undirected Specificity: 0.3333
Undirected Precision: 0.6000
Undirected Recall:    0.7500
----------------------------------------
SEED:290
Directed Sensitivity: 0.5833
Directed Specificity: 0.7333
Directed Precision: 0.4667
Directed Recall:    0.5833
-------------------------
Undirected Sensitivity: 0.8333
Undirected Specificity: 0.4444
Undirected Precision: 0.6667
Undirected Recall:    0.8333
----------------------------------------
SEED:300
Directed Sensitivity: 0.5833
Directed Specificity: 0.7667
Directed Precision: 0.5000
Directed Recall:    0.5833
-------------------------
Undirected Sensitivity: 0.6667
Undirected Specificity: 0.3333
Undirected Precision: 0.5714
Undirected Recall:    0.6667
----------------------------------------
