SEED:10
Directed Sensitivity: 0.3913
Directed Specificity: 0.8257
Directed Precision: 0.3214
Directed Recall:    0.3913
-------------------------
Undirected Sensitivity: 0.5217
Undirected Specificity: 0.6279
Undirected Precision: 0.4286
Undirected Recall:    0.5217
----------------------------------------
SEED:20
Directed Sensitivity: 0.3913
Directed Specificity: 0.8257
Directed Precision: 0.3214
Directed Recall:    0.3913
-------------------------
Undirected Sensitivity: 0.5217
Undirected Specificity: 0.6279
Undirected Precision: 0.4286
Undirected Recall:    0.5217
----------------------------------------
SEED:30
Directed Sensitivity: 0.3913
Directed Specificity: 0.8257
Directed Precision: 0.3214
Directed Recall:    0.3913
-------------------------
Undirected Sensitivity: 0.5217
Undirected Specificity: 0.6279
Undirected Precision: 0.4286
Undirected Recall:    0.5217
----------------------------------------
SEED:40
Directed Sensitivity: 0.3913
Directed Specificity: 0.8349
Directed Precision: 0.3333
Directed Recall:    0.3913
-------------------------
Undirected Sensitivity: 0.5217
Undirected Specificity: 0.6512
Undirected Precision: 0.4444
Undirected Recall:    0.5217
----------------------------------------
SEED:50
Directed Sensitivity: 0.3913
Directed Specificity: 0.8349
Directed Precision: 0.3333
Directed Recall:    0.3913
-------------------------
Undirected Sensitivity: 0.5217
Undirected Specificity: 0.6512
Undirected Precision: 0.4444
Undirected Recall:    0.5217
----------------------------------------
SEED:60
Directed Sensitivity: 0.3913
Directed Specificity: 0.8165
Directed Precision: 0.3103
Directed Recall:    0.3913
-------------------------
Undirected Sensitivity: 0.5217
Undirected Specificity: 0.6047
Undirected Precision: 0.4138
Undirected Recall:    0.5217
----------------------------------------
SEED:70
Directed Sensitivity: 0.3913
Directed Specificity: 0.8257
Directed Precision: 0.3214
Directed Recall:    0.3913
-------------------------
Undirected Sensitivity: 0.5217
Undirected Specificity: 0.6279
Undirected Precision: 0.4286
Undirected Recall:    0.5217
----------------------------------------
SEED:80
Directed Sensitivity: 0.3913
Directed Specificity: 0.8257
Directed Precision: 0.3214
Directed Recall:    0.3913
-------------------------
Undirected Sensitivity: 0.5217
Undirected Specificity: 0.6279
Undirected Precision: 0.4286
Undirected Recall:    0.5217
----------------------------------------
SEED:90
Directed Sensitivity: 0.3913
Directed Specificity: 0.8257
Directed Precision: 0.3214
Directed Recall:    0.3913
-------------------------
Undirected Sensitivity: 0.5217
Undirected Specificity: 0.6279
Undirected Precision: 0.4286
Undirected Recall:    0.5217
----------------------------------------
SEED:100
Directed Sensitivity: 0.3913
Directed Specificity: 0.8257
Directed Precision: 0.3214
Directed Recall:    0.3913
-------------------------
Undirected Sensitivity: 0.5217
Undirected Specificity: 0.6279
Undirected Precision: 0.4286
Undirected Recall:    0.5217
----------------------------------------
SEED:110
Directed Sensitivity: 0.3913
Directed Specificity: 0.8257
Directed Precision: 0.3214
Directed Recall:    0.3913
-------------------------
Undirected Sensitivity: 0.5217
Undirected Specificity: 0.6279
Undirected Precision: 0.4286
Undirected Recall:    0.5217
----------------------------------------
SEED:120
Directed Sensitivity: 0.4348
Directed Specificity: 0.7890
Directed Precision: 0.3030
Directed Recall:    0.4348
-------------------------
Undirected Sensitivity: 0.6522
Undirected Specificity: 0.5814
Undirected Precision: 0.4545
Undirected Recall:    0.6522
----------------------------------------
SEED:130
Directed Sensitivity: 0.4348
Directed Specificity: 0.8349
Directed Precision: 0.3571
Directed Recall:    0.4348
-------------------------
Undirected Sensitivity: 0.5652
Undirected Specificity: 0.6512
Undirected Precision: 0.4643
Undirected Recall:    0.5652
----------------------------------------
SEED:140
Directed Sensitivity: 0.3913
Directed Specificity: 0.8440
Directed Precision: 0.3462
Directed Recall:    0.3913
-------------------------
Undirected Sensitivity: 0.5217
Undirected Specificity: 0.6744
Undirected Precision: 0.4615
Undirected Recall:    0.5217
----------------------------------------
SEED:150
Directed Sensitivity: 0.3913
Directed Specificity: 0.8257
Directed Precision: 0.3214
Directed Recall:    0.3913
-------------------------
Undirected Sensitivity: 0.5217
Undirected Specificity: 0.6279
Undirected Precision: 0.4286
Undirected Recall:    0.5217
----------------------------------------
SEED:160
Directed Sensitivity: 0.3913
Directed Specificity: 0.8257
Directed Precision: 0.3214
Directed Recall:    0.3913
-------------------------
Undirected Sensitivity: 0.5217
Undirected Specificity: 0.6279
Undirected Precision: 0.4286
Undirected Recall:    0.5217
----------------------------------------
SEED:170
Directed Sensitivity: 0.3913
Directed Specificity: 0.8257
Directed Precision: 0.3214
Directed Recall:    0.3913
-------------------------
Undirected Sensitivity: 0.5217
Undirected Specificity: 0.6279
Undirected Precision: 0.4286
Undirected Recall:    0.5217
----------------------------------------
SEED:180
Directed Sensitivity: 0.3913
Directed Specificity: 0.8257
Directed Precision: 0.3214
Directed Recall:    0.3913
-------------------------
Undirected Sensitivity: 0.5217
Undirected Specificity: 0.6279
Undirected Precision: 0.4286
Undirected Recall:    0.5217
----------------------------------------
SEED:190
Directed Sensitivity: 0.3913
Directed Specificity: 0.8257
Directed Precision: 0.3214
Directed Recall:    0.3913
-------------------------
Undirected Sensitivity: 0.5217
Undirected Specificity: 0.6279
Undirected Precision: 0.4286
Undirected Recall:    0.5217
----------------------------------------
SEED:200
Directed Sensitivity: 0.3913
Directed Specificity: 0.8257
Directed Precision: 0.3214
Directed Recall:    0.3913
-------------------------
Undirected Sensitivity: 0.5217
Undirected Specificity: 0.6279
Undirected Precision: 0.4286
Undirected Recall:    0.5217
----------------------------------------
SEED:210
Directed Sensitivity: 0.3913
Directed Specificity: 0.8257
Directed Precision: 0.3214
Directed Recall:    0.3913
-------------------------
Undirected Sensitivity: 0.5217
Undirected Specificity: 0.6279
Undirected Precision: 0.4286
Undirected Recall:    0.5217
----------------------------------------
SEED:220
Directed Sensitivity: 0.3913
Directed Specificity: 0.8257
Directed Precision: 0.3214
Directed Recall:    0.3913
-------------------------
Undirected Sensitivity: 0.5217
Undirected Specificity: 0.6279
Undirected Precision: 0.4286
Undirected Recall:    0.5217
----------------------------------------
SEED:230
Directed Sensitivity: 0.5217
Directed Specificity: 0.8073
Directed Precision: 0.3636
Directed Recall:    0.5217
-------------------------
Undirected Sensitivity: 0.6522
Undirected Specificity: 0.5814
Undirected Precision: 0.4545
Undirected Recall:    0.6522
----------------------------------------
SEED:240
Directed Sensitivity: 0.3913
Directed Specificity: 0.8257
Directed Precision: 0.3214
Directed Recall:    0.3913
-------------------------
Undirected Sensitivity: 0.5217
Undirected Specificity: 0.6279
Undirected Precision: 0.4286
Undirected Recall:    0.5217
----------------------------------------
SEED:250
Directed Sensitivity: 0.3913
Directed Specificity: 0.8257
Directed Precision: 0.3214
Directed Recall:    0.3913
-------------------------
Undirected Sensitivity: 0.5217
Undirected Specificity: 0.6279
Undirected Precision: 0.4286
Undirected Recall:    0.5217
----------------------------------------
SEED:260
Directed Sensitivity: 0.3913
Directed Specificity: 0.8257
Directed Precision: 0.3214
Directed Recall:    0.3913
-------------------------
Undirected Sensitivity: 0.5217
Undirected Specificity: 0.6279
Undirected Precision: 0.4286
Undirected Recall:    0.5217
----------------------------------------
SEED:270
Directed Sensitivity: 0.3913
Directed Specificity: 0.8257
Directed Precision: 0.3214
Directed Recall:    0.3913
-------------------------
Undirected Sensitivity: 0.5217
Undirected Specificity: 0.6279
Undirected Precision: 0.4286
Undirected Recall:    0.5217
----------------------------------------
SEED:280
Directed Sensitivity: 0.3913
Directed Specificity: 0.8257
Directed Precision: 0.3214
Directed Recall:    0.3913
-------------------------
Undirected Sensitivity: 0.5217
Undirected Specificity: 0.6279
Undirected Precision: 0.4286
Undirected Recall:    0.5217
----------------------------------------
SEED:290
Directed Sensitivity: 0.5217
Directed Specificity: 0.8349
Directed Precision: 0.4000
Directed Recall:    0.5217
-------------------------
Undirected Sensitivity: 0.6522
Undirected Specificity: 0.6512
Undirected Precision: 0.5000
Undirected Recall:    0.6522
----------------------------------------
SEED:300
Directed Sensitivity: 0.3913
Directed Specificity: 0.8257
Directed Precision: 0.3214
Directed Recall:    0.3913
-------------------------
Undirected Sensitivity: 0.5217
Undirected Specificity: 0.6279
Undirected Precision: 0.4286
Undirected Recall:    0.5217
----------------------------------------
