SEED:10
Directed Sensitivity: 0.3529
Directed Specificity: 0.6989
Directed Precision: 0.1765
Directed Recall:    0.3529
-------------------------
Undirected Sensitivity: 0.7647
Undirected Specificity: 0.4474
Undirected Precision: 0.3824
Undirected Recall:    0.7647
----------------------------------------
SEED:20
Directed Sensitivity: 0.3529
Directed Specificity: 0.6989
Directed Precision: 0.1765
Directed Recall:    0.3529
-------------------------
Undirected Sensitivity: 0.7647
Undirected Specificity: 0.4474
Undirected Precision: 0.3824
Undirected Recall:    0.7647
----------------------------------------
SEED:30
Directed Sensitivity: 0.3529
Directed Specificity: 0.6989
Directed Precision: 0.1765
Directed Recall:    0.3529
-------------------------
Undirected Sensitivity: 0.7647
Undirected Specificity: 0.4474
Undirected Precision: 0.3824
Undirected Recall:    0.7647
----------------------------------------
SEED:40
Directed Sensitivity: 0.3529
Directed Specificity: 0.6989
Directed Precision: 0.1765
Directed Recall:    0.3529
-------------------------
Undirected Sensitivity: 0.7647
Undirected Specificity: 0.4474
Undirected Precision: 0.3824
Undirected Recall:    0.7647
----------------------------------------
SEED:50
Directed Sensitivity: 0.3529
Directed Specificity: 0.6989
Directed Precision: 0.1765
Directed Recall:    0.3529
-------------------------
Undirected Sensitivity: 0.7647
Undirected Specificity: 0.4474
Undirected Precision: 0.3824
Undirected Recall:    0.7647
----------------------------------------
SEED:60
Directed Sensitivity: 0.3529
Directed Specificity: 0.6989
Directed Precision: 0.1765
Directed Recall:    0.3529
-------------------------
Undirected Sensitivity: 0.7647
Undirected Specificity: 0.4474
Undirected Precision: 0.3824
Undirected Recall:    0.7647
----------------------------------------
SEED:70
Directed Sensitivity: 0.3529
Directed Specificity: 0.6989
Directed Precision: 0.1765
Directed Recall:    0.3529
-------------------------
Undirected Sensitivity: 0.7647
Undirected Specificity: 0.4474
Undirected Precision: 0.3824
Undirected Recall:    0.7647
----------------------------------------
SEED:80
Directed Sensitivity: 0.3529
Directed Specificity: 0.6989
Directed Precision: 0.1765
Directed Recall:    0.3529
-------------------------
Undirected Sensitivity: 0.7647
Undirected Specificity: 0.4474
Undirected Precision: 0.3824
Undirected Recall:    0.7647
----------------------------------------
SEED:90
Directed Sensitivity: 0.3529
Directed Specificity: 0.6989
Directed Precision: 0.1765
Directed Recall:    0.3529
-------------------------
Undirected Sensitivity: 0.7647
Undirected Specificity: 0.4474
Undirected Precision: 0.3824
Undirected Recall:    0.7647
----------------------------------------
SEED:100
Directed Sensitivity: 0.3529
Directed Specificity: 0.6989
Directed Precision: 0.1765
Directed Recall:    0.3529
-------------------------
Undirected Sensitivity: 0.7647
Undirected Specificity: 0.4474
Undirected Precision: 0.3824
Undirected Recall:    0.7647
----------------------------------------
SEED:110
Directed Sensitivity: 0.3529
Directed Specificity: 0.6989
Directed Precision: 0.1765
Directed Recall:    0.3529
-------------------------
Undirected Sensitivity: 0.7647
Undirected Specificity: 0.4474
Undirected Precision: 0.3824
Undirected Recall:    0.7647
----------------------------------------
SEED:120
Directed Sensitivity: 0.3529
Directed Specificity: 0.6989
Directed Precision: 0.1765
Directed Recall:    0.3529
-------------------------
Undirected Sensitivity: 0.7647
Undirected Specificity: 0.4474
Undirected Precision: 0.3824
Undirected Recall:    0.7647
----------------------------------------
SEED:130
Directed Sensitivity: 0.3529
Directed Specificity: 0.6989
Directed Precision: 0.1765
Directed Recall:    0.3529
-------------------------
Undirected Sensitivity: 0.7647
Undirected Specificity: 0.4474
Undirected Precision: 0.3824
Undirected Recall:    0.7647
----------------------------------------
SEED:140
Directed Sensitivity: 0.3529
Directed Specificity: 0.6989
Directed Precision: 0.1765
Directed Recall:    0.3529
-------------------------
Undirected Sensitivity: 0.7647
Undirected Specificity: 0.4474
Undirected Precision: 0.3824
Undirected Recall:    0.7647
----------------------------------------
SEED:150
Directed Sensitivity: 0.3529
Directed Specificity: 0.6989
Directed Precision: 0.1765
Directed Recall:    0.3529
-------------------------
Undirected Sensitivity: 0.7647
Undirected Specificity: 0.4474
Undirected Precision: 0.3824
Undirected Recall:    0.7647
----------------------------------------
SEED:160
Directed Sensitivity: 0.3529
Directed Specificity: 0.6989
Directed Precision: 0.1765
Directed Recall:    0.3529
-------------------------
Undirected Sensitivity: 0.7647
Undirected Specificity: 0.4474
Undirected Precision: 0.3824
Undirected Recall:    0.7647
----------------------------------------
SEED:170
Directed Sensitivity: 0.3529
Directed Specificity: 0.6989
Directed Precision: 0.1765
Directed Recall:    0.3529
-------------------------
Undirected Sensitivity: 0.7647
Undirected Specificity: 0.4474
Undirected Precision: 0.3824
Undirected Recall:    0.7647
----------------------------------------
SEED:180
Directed Sensitivity: 0.3529
Directed Specificity: 0.6989
Directed Precision: 0.1765
Directed Recall:    0.3529
-------------------------
Undirected Sensitivity: 0.7647
Undirected Specificity: 0.4474
Undirected Precision: 0.3824
Undirected Recall:    0.7647
----------------------------------------
SEED:190
Directed Sensitivity: 0.3529
Directed Specificity: 0.6989
Directed Precision: 0.1765
Directed Recall:    0.3529
-------------------------
Undirected Sensitivity: 0.7647
Undirected Specificity: 0.4474
Undirected Precision: 0.3824
Undirected Recall:    0.7647
----------------------------------------
SEED:200
Directed Sensitivity: 0.3529
Directed Specificity: 0.6989
Directed Precision: 0.1765
Directed Recall:    0.3529
-------------------------
Undirected Sensitivity: 0.7647
Undirected Specificity: 0.4474
Undirected Precision: 0.3824
Undirected Recall:    0.7647
----------------------------------------
SEED:210
Directed Sensitivity: 0.3529
Directed Specificity: 0.6989
Directed Precision: 0.1765
Directed Recall:    0.3529
-------------------------
Undirected Sensitivity: 0.7647
Undirected Specificity: 0.4474
Undirected Precision: 0.3824
Undirected Recall:    0.7647
----------------------------------------
SEED:220
Directed Sensitivity: 0.3529
Directed Specificity: 0.6989
Directed Precision: 0.1765
Directed Recall:    0.3529
-------------------------
Undirected Sensitivity: 0.7647
Undirected Specificity: 0.4474
Undirected Precision: 0.3824
Undirected Recall:    0.7647
----------------------------------------
SEED:230
Directed Sensitivity: 0.3529
Directed Specificity: 0.6989
Directed Precision: 0.1765
Directed Recall:    0.3529
-------------------------
Undirected Sensitivity: 0.7647
Undirected Specificity: 0.4474
Undirected Precision: 0.3824
Undirected Recall:    0.7647
----------------------------------------
SEED:240
Directed Sensitivity: 0.3529
Directed Specificity: 0.6989
Directed Precision: 0.1765
Directed Recall:    0.3529
-------------------------
Undirected Sensitivity: 0.7647
Undirected Specificity: 0.4474
Undirected Precision: 0.3824
Undirected Recall:    0.7647
----------------------------------------
SEED:250
Directed Sensitivity: 0.3529
Directed Specificity: 0.6989
Directed Precision: 0.1765
Directed Recall:    0.3529
-------------------------
Undirected Sensitivity: 0.7647
Undirected Specificity: 0.4474
Undirected Precision: 0.3824
Undirected Recall:    0.7647
----------------------------------------
SEED:260
Directed Sensitivity: 0.3529
Directed Specificity: 0.6989
Directed Precision: 0.1765
Directed Recall:    0.3529
-------------------------
Undirected Sensitivity: 0.7647
Undirected Specificity: 0.4474
Undirected Precision: 0.3824
Undirected Recall:    0.7647
----------------------------------------
SEED:270
Directed Sensitivity: 0.3529
Directed Specificity: 0.6989
Directed Precision: 0.1765
Directed Recall:    0.3529
-------------------------
Undirected Sensitivity: 0.7647
Undirected Specificity: 0.4474
Undirected Precision: 0.3824
Undirected Recall:    0.7647
----------------------------------------
SEED:280
Directed Sensitivity: 0.3529
Directed Specificity: 0.6989
Directed Precision: 0.1765
Directed Recall:    0.3529
-------------------------
Undirected Sensitivity: 0.7647
Undirected Specificity: 0.4474
Undirected Precision: 0.3824
Undirected Recall:    0.7647
----------------------------------------
SEED:290
Directed Sensitivity: 0.3529
Directed Specificity: 0.6989
Directed Precision: 0.1765
Directed Recall:    0.3529
-------------------------
Undirected Sensitivity: 0.7647
Undirected Specificity: 0.4474
Undirected Precision: 0.3824
Undirected Recall:    0.7647
----------------------------------------
SEED:300
Directed Sensitivity: 0.3529
Directed Specificity: 0.6989
Directed Precision: 0.1765
Directed Recall:    0.3529
-------------------------
Undirected Sensitivity: 0.7647
Undirected Specificity: 0.4474
Undirected Precision: 0.3824
Undirected Recall:    0.7647
----------------------------------------
