ALPHA:0.01 | SEED:10
Directed Sensitivity: 0.3043
Directed Specificity: 0.7890
Directed Precision: 0.2333
Directed Recall: 0.3043
Undirected Sensitivity: 0.6522
Undirected Specificity: 0.6512
Undirected Precision: 0.5000
Undirected Recall: 0.6522
----------------------------------------
ALPHA:0.01 | SEED:20
Directed Sensitivity: 0.3043
Directed Specificity: 0.7706
Directed Precision: 0.2188
Directed Recall: 0.3043
Undirected Sensitivity: 0.6087
Undirected Specificity: 0.5814
Undirected Precision: 0.4375
Undirected Recall: 0.6087
----------------------------------------
ALPHA:0.01 | SEED:30
Directed Sensitivity: 0.2174
Directed Specificity: 0.7615
Directed Precision: 0.1613
Directed Recall: 0.2174
Undirected Sensitivity: 0.6957
Undirected Specificity: 0.6512
Undirected Precision: 0.5161
Undirected Recall: 0.6957
----------------------------------------
ALPHA:0.01 | SEED:40
Directed Sensitivity: 0.5652
Directed Specificity: 0.8165
Directed Precision: 0.3939
Directed Recall: 0.5652
Undirected Sensitivity: 0.8261
Undirected Specificity: 0.6744
Undirected Precision: 0.5758
Undirected Recall: 0.8261
----------------------------------------
ALPHA:0.01 | SEED:50
Directed Sensitivity: 0.4348
Directed Specificity: 0.8807
Directed Precision: 0.4348
Directed Recall: 0.4348
Undirected Sensitivity: 0.5652
Undirected Specificity: 0.7674
Undirected Precision: 0.5652
Undirected Recall: 0.5652
----------------------------------------
ALPHA:0.01 | SEED:60
Directed Sensitivity: 0.2174
Directed Specificity: 0.7248
Directed Precision: 0.1429
Directed Recall: 0.2174
Undirected Sensitivity: 0.5652
Undirected Specificity: 0.4884
Undirected Precision: 0.3714
Undirected Recall: 0.5652
----------------------------------------
ALPHA:0.01 | SEED:70
Directed Sensitivity: 0.2609
Directed Specificity: 0.6881
Directed Precision: 0.1500
Directed Recall: 0.2609
Undirected Sensitivity: 0.6957
Undirected Specificity: 0.4419
Undirected Precision: 0.4000
Undirected Recall: 0.6957
----------------------------------------
ALPHA:0.01 | SEED:80
Directed Sensitivity: 0.3478
Directed Specificity: 0.8073
Directed Precision: 0.2759
Directed Recall: 0.3478
Undirected Sensitivity: 0.6957
Undirected Specificity: 0.6977
Undirected Precision: 0.5517
Undirected Recall: 0.6957
----------------------------------------
ALPHA:0.01 | SEED:90
Directed Sensitivity: 0.3478
Directed Specificity: 0.8807
Directed Precision: 0.3810
Directed Recall: 0.3478
Undirected Sensitivity: 0.5217
Undirected Specificity: 0.7907
Undirected Precision: 0.5714
Undirected Recall: 0.5217
----------------------------------------
ALPHA:0.01 | SEED:100
Directed Sensitivity: 0.4783
Directed Specificity: 0.8257
Directed Precision: 0.3667
Directed Recall: 0.4783
Undirected Sensitivity: 0.6522
Undirected Specificity: 0.6512
Undirected Precision: 0.5000
Undirected Recall: 0.6522
----------------------------------------
ALPHA:0.01 | SEED:110
Directed Sensitivity: 0.3913
Directed Specificity: 0.8532
Directed Precision: 0.3600
Directed Recall: 0.3913
Undirected Sensitivity: 0.6522
Undirected Specificity: 0.7674
Undirected Precision: 0.6000
Undirected Recall: 0.6522
----------------------------------------
ALPHA:0.01 | SEED:120
Directed Sensitivity: 0.3043
Directed Specificity: 0.7982
Directed Precision: 0.2414
Directed Recall: 0.3043
Undirected Sensitivity: 0.6522
Undirected Specificity: 0.6744
Undirected Precision: 0.5172
Undirected Recall: 0.6522
----------------------------------------
ALPHA:0.01 | SEED:130
Directed Sensitivity: 0.5652
Directed Specificity: 0.9358
Directed Precision: 0.6500
Directed Recall: 0.5652
Undirected Sensitivity: 0.6522
Undirected Specificity: 0.8837
Undirected Precision: 0.7500
Undirected Recall: 0.6522
----------------------------------------
ALPHA:0.01 | SEED:140
Directed Sensitivity: 0.2609
Directed Specificity: 0.7615
Directed Precision: 0.1875
Directed Recall: 0.2609
Undirected Sensitivity: 0.5217
Undirected Specificity: 0.5349
Undirected Precision: 0.3750
Undirected Recall: 0.5217
----------------------------------------
ALPHA:0.01 | SEED:150
Directed Sensitivity: 0.3913
Directed Specificity: 0.8624
Directed Precision: 0.3750
Directed Recall: 0.3913
Undirected Sensitivity: 0.5652
Undirected Specificity: 0.7442
Undirected Precision: 0.5417
Undirected Recall: 0.5652
----------------------------------------
ALPHA:0.01 | SEED:160
Directed Sensitivity: 0.3478
Directed Specificity: 0.7064
Directed Precision: 0.2000
Directed Recall: 0.3478
Undirected Sensitivity: 0.6957
Undirected Specificity: 0.4419
Undirected Precision: 0.4000
Undirected Recall: 0.6957
----------------------------------------
ALPHA:0.01 | SEED:170
Directed Sensitivity: 0.1304
Directed Specificity: 0.7615
Directed Precision: 0.1034
Directed Recall: 0.1304
Undirected Sensitivity: 0.4348
Undirected Specificity: 0.5581
Undirected Precision: 0.3448
Undirected Recall: 0.4348
----------------------------------------
ALPHA:0.01 | SEED:180
Directed Sensitivity: 0.2609
Directed Specificity: 0.7523
Directed Precision: 0.1818
Directed Recall: 0.2609
Undirected Sensitivity: 0.6522
Undirected Specificity: 0.5814
Undirected Precision: 0.4545
Undirected Recall: 0.6522
----------------------------------------
ALPHA:0.01 | SEED:190
Directed Sensitivity: 0.3043
Directed Specificity: 0.7890
Directed Precision: 0.2333
Directed Recall: 0.3043
Undirected Sensitivity: 0.6087
Undirected Specificity: 0.6279
Undirected Precision: 0.4667
Undirected Recall: 0.6087
----------------------------------------
ALPHA:0.01 | SEED:200
Directed Sensitivity: 0.2174
Directed Specificity: 0.8257
Directed Precision: 0.2083
Directed Recall: 0.2174
Undirected Sensitivity: 0.5652
Undirected Specificity: 0.7442
Undirected Precision: 0.5417
Undirected Recall: 0.5652
----------------------------------------
ALPHA:0.01 | SEED:210
Directed Sensitivity: 0.0435
Directed Specificity: 0.7339
Directed Precision: 0.0333
Directed Recall: 0.0435
Undirected Sensitivity: 0.4348
Undirected Specificity: 0.5349
Undirected Precision: 0.3333
Undirected Recall: 0.4348
----------------------------------------
ALPHA:0.01 | SEED:220
Directed Sensitivity: 0.5652
Directed Specificity: 0.8532
Directed Precision: 0.4483
Directed Recall: 0.5652
Undirected Sensitivity: 0.6957
Undirected Specificity: 0.6977
Undirected Precision: 0.5517
Undirected Recall: 0.6957
----------------------------------------
ALPHA:0.01 | SEED:230
Directed Sensitivity: 0.6522
Directed Specificity: 0.9266
Directed Precision: 0.6522
Directed Recall: 0.6522
Undirected Sensitivity: 0.6957
Undirected Specificity: 0.8372
Undirected Precision: 0.6957
Undirected Recall: 0.6957
----------------------------------------
ALPHA:0.01 | SEED:240
Directed Sensitivity: 0.0435
Directed Specificity: 0.7064
Directed Precision: 0.0303
Directed Recall: 0.0435
Undirected Sensitivity: 0.6087
Undirected Specificity: 0.5581
Undirected Precision: 0.4242
Undirected Recall: 0.6087
----------------------------------------
ALPHA:0.01 | SEED:250
Directed Sensitivity: 0.1304
Directed Specificity: 0.7615
Directed Precision: 0.1034
Directed Recall: 0.1304
Undirected Sensitivity: 0.5652
Undirected Specificity: 0.6279
Undirected Precision: 0.4483
Undirected Recall: 0.5652
----------------------------------------
ALPHA:0.01 | SEED:260
Directed Sensitivity: 0.1304
Directed Specificity: 0.7248
Directed Precision: 0.0909
Directed Recall: 0.1304
Undirected Sensitivity: 0.6087
Undirected Specificity: 0.5581
Undirected Precision: 0.4242
Undirected Recall: 0.6087
----------------------------------------
ALPHA:0.01 | SEED:270
Directed Sensitivity: 0.4783
Directed Specificity: 0.8716
Directed Precision: 0.4400
Directed Recall: 0.4783
Undirected Sensitivity: 0.6957
Undirected Specificity: 0.7907
Undirected Precision: 0.6400
Undirected Recall: 0.6957
----------------------------------------
ALPHA:0.01 | SEED:280
Directed Sensitivity: 0.2174
Directed Specificity: 0.7064
Directed Precision: 0.1351
Directed Recall: 0.2174
Undirected Sensitivity: 0.5652
Undirected Specificity: 0.4419
Undirected Precision: 0.3514
Undirected Recall: 0.5652
----------------------------------------
ALPHA:0.01 | SEED:290
Directed Sensitivity: 0.6522
Directed Specificity: 0.8807
Directed Precision: 0.5357
Directed Recall: 0.6522
Undirected Sensitivity: 0.7391
Undirected Specificity: 0.7442
Undirected Precision: 0.6071
Undirected Recall: 0.7391
----------------------------------------
ALPHA:0.01 | SEED:300
Directed Sensitivity: 0.1739
Directed Specificity: 0.7431
Directed Precision: 0.1250
Directed Recall: 0.1739
Undirected Sensitivity: 0.6522
Undirected Specificity: 0.6047
Undirected Precision: 0.4688
Undirected Recall: 0.6522
----------------------------------------
ALPHA:0.05 | SEED:10
Directed Sensitivity: 0.3043
Directed Specificity: 0.7248
Directed Precision: 0.1892
Directed Recall: 0.3043
Undirected Sensitivity: 0.6522
Undirected Specificity: 0.4884
Undirected Precision: 0.4054
Undirected Recall: 0.6522
----------------------------------------
ALPHA:0.05 | SEED:20
Directed Sensitivity: 0.3478
Directed Specificity: 0.7523
Directed Precision: 0.2286
Directed Recall: 0.3478
Undirected Sensitivity: 0.6522
Undirected Specificity: 0.5349
Undirected Precision: 0.4286
Undirected Recall: 0.6522
----------------------------------------
ALPHA:0.05 | SEED:30
Directed Sensitivity: 0.2174
Directed Specificity: 0.7706
Directed Precision: 0.1667
Directed Recall: 0.2174
Undirected Sensitivity: 0.6522
Undirected Specificity: 0.6512
Undirected Precision: 0.5000
Undirected Recall: 0.6522
----------------------------------------
ALPHA:0.05 | SEED:40
Directed Sensitivity: 0.4783
Directed Specificity: 0.7982
Directed Precision: 0.3333
Directed Recall: 0.4783
Undirected Sensitivity: 0.7391
Undirected Specificity: 0.6279
Undirected Precision: 0.5152
Undirected Recall: 0.7391
----------------------------------------
ALPHA:0.05 | SEED:50
Directed Sensitivity: 0.5217
Directed Specificity: 0.8257
Directed Precision: 0.3871
Directed Recall: 0.5217
Undirected Sensitivity: 0.6522
Undirected Specificity: 0.6279
Undirected Precision: 0.4839
Undirected Recall: 0.6522
----------------------------------------
ALPHA:0.05 | SEED:60
Directed Sensitivity: 0.2609
Directed Specificity: 0.7339
Directed Precision: 0.1714
Directed Recall: 0.2609
Undirected Sensitivity: 0.6522
Undirected Specificity: 0.5349
Undirected Precision: 0.4286
Undirected Recall: 0.6522
----------------------------------------
ALPHA:0.05 | SEED:70
Directed Sensitivity: 0.2174
Directed Specificity: 0.6239
Directed Precision: 0.1087
Directed Recall: 0.2174
Undirected Sensitivity: 0.7391
Undirected Specificity: 0.3256
Undirected Precision: 0.3696
Undirected Recall: 0.7391
----------------------------------------
ALPHA:0.05 | SEED:80
Directed Sensitivity: 0.4783
Directed Specificity: 0.7431
Directed Precision: 0.2821
Directed Recall: 0.4783
Undirected Sensitivity: 0.7826
Undirected Specificity: 0.5116
Undirected Precision: 0.4615
Undirected Recall: 0.7826
----------------------------------------
ALPHA:0.05 | SEED:90
Directed Sensitivity: 0.3913
Directed Specificity: 0.7248
Directed Precision: 0.2308
Directed Recall: 0.3913
Undirected Sensitivity: 0.6087
Undirected Specificity: 0.4186
Undirected Precision: 0.3590
Undirected Recall: 0.6087
----------------------------------------
ALPHA:0.05 | SEED:100
Directed Sensitivity: 0.4348
Directed Specificity: 0.7798
Directed Precision: 0.2941
Directed Recall: 0.4348
Undirected Sensitivity: 0.7391
Undirected Specificity: 0.6047
Undirected Precision: 0.5000
Undirected Recall: 0.7391
----------------------------------------
ALPHA:0.05 | SEED:110
Directed Sensitivity: 0.3478
Directed Specificity: 0.7798
Directed Precision: 0.2500
Directed Recall: 0.3478
Undirected Sensitivity: 0.6957
Undirected Specificity: 0.6279
Undirected Precision: 0.5000
Undirected Recall: 0.6957
----------------------------------------
ALPHA:0.05 | SEED:120
Directed Sensitivity: 0.3913
Directed Specificity: 0.7523
Directed Precision: 0.2500
Directed Recall: 0.3913
Undirected Sensitivity: 0.7826
Undirected Specificity: 0.5814
Undirected Precision: 0.5000
Undirected Recall: 0.7826
----------------------------------------
ALPHA:0.05 | SEED:130
Directed Sensitivity: 0.6957
Directed Specificity: 0.7982
Directed Precision: 0.4211
Directed Recall: 0.6957
Undirected Sensitivity: 0.9130
Undirected Specificity: 0.6047
Undirected Precision: 0.5526
Undirected Recall: 0.9130
----------------------------------------
ALPHA:0.05 | SEED:140
Directed Sensitivity: 0.4348
Directed Specificity: 0.7248
Directed Precision: 0.2500
Directed Recall: 0.4348
Undirected Sensitivity: 0.7826
Undirected Specificity: 0.4884
Undirected Precision: 0.4500
Undirected Recall: 0.7826
----------------------------------------
ALPHA:0.05 | SEED:150
Directed Sensitivity: 0.4348
Directed Specificity: 0.8257
Directed Precision: 0.3448
Directed Recall: 0.4348
Undirected Sensitivity: 0.6087
Undirected Specificity: 0.6512
Undirected Precision: 0.4828
Undirected Recall: 0.6087
----------------------------------------
ALPHA:0.05 | SEED:160
Directed Sensitivity: 0.3478
Directed Specificity: 0.7523
Directed Precision: 0.2286
Directed Recall: 0.3478
Undirected Sensitivity: 0.6957
Undirected Specificity: 0.5581
Undirected Precision: 0.4571
Undirected Recall: 0.6957
----------------------------------------
ALPHA:0.05 | SEED:170
Directed Sensitivity: 0.1739
Directed Specificity: 0.7064
Directed Precision: 0.1111
Directed Recall: 0.1739
Undirected Sensitivity: 0.5652
Undirected Specificity: 0.4651
Undirected Precision: 0.3611
Undirected Recall: 0.5652
----------------------------------------
ALPHA:0.05 | SEED:180
Directed Sensitivity: 0.3043
Directed Specificity: 0.6789
Directed Precision: 0.1667
Directed Recall: 0.3043
Undirected Sensitivity: 0.7391
Undirected Specificity: 0.4186
Undirected Precision: 0.4048
Undirected Recall: 0.7391
----------------------------------------
ALPHA:0.05 | SEED:190
Directed Sensitivity: 0.3043
Directed Specificity: 0.7615
Directed Precision: 0.2121
Directed Recall: 0.3043
Undirected Sensitivity: 0.6087
Undirected Specificity: 0.5581
Undirected Precision: 0.4242
Undirected Recall: 0.6087
----------------------------------------
ALPHA:0.05 | SEED:200
Directed Sensitivity: 0.2609
Directed Specificity: 0.8257
Directed Precision: 0.2400
Directed Recall: 0.2609
Undirected Sensitivity: 0.6522
Undirected Specificity: 0.7674
Undirected Precision: 0.6000
Undirected Recall: 0.6522
----------------------------------------
ALPHA:0.05 | SEED:210
Directed Sensitivity: 0.1304
Directed Specificity: 0.7248
Directed Precision: 0.0909
Directed Recall: 0.1304
Undirected Sensitivity: 0.6087
Undirected Specificity: 0.5581
Undirected Precision: 0.4242
Undirected Recall: 0.6087
----------------------------------------
ALPHA:0.05 | SEED:220
Directed Sensitivity: 0.6522
Directed Specificity: 0.7615
Directed Precision: 0.3659
Directed Recall: 0.6522
Undirected Sensitivity: 0.9130
Undirected Specificity: 0.5349
Undirected Precision: 0.5122
Undirected Recall: 0.9130
----------------------------------------
ALPHA:0.05 | SEED:230
Directed Sensitivity: 0.6522
Directed Specificity: 0.8165
Directed Precision: 0.4286
Directed Recall: 0.6522
Undirected Sensitivity: 0.6522
Undirected Specificity: 0.5349
Undirected Precision: 0.4286
Undirected Recall: 0.6522
----------------------------------------
ALPHA:0.05 | SEED:240
Directed Sensitivity: 0.0435
Directed Specificity: 0.6697
Directed Precision: 0.0270
Directed Recall: 0.0435
Undirected Sensitivity: 0.5217
Undirected Specificity: 0.4186
Undirected Precision: 0.3243
Undirected Recall: 0.5217
----------------------------------------
ALPHA:0.05 | SEED:250
Directed Sensitivity: 0.3478
Directed Specificity: 0.7156
Directed Precision: 0.2051
Directed Recall: 0.3478
Undirected Sensitivity: 0.6957
Undirected Specificity: 0.4651
Undirected Precision: 0.4103
Undirected Recall: 0.6957
----------------------------------------
ALPHA:0.05 | SEED:260
Directed Sensitivity: 0.1739
Directed Specificity: 0.7064
Directed Precision: 0.1111
Directed Recall: 0.1739
Undirected Sensitivity: 0.6087
Undirected Specificity: 0.4884
Undirected Precision: 0.3889
Undirected Recall: 0.6087
----------------------------------------
ALPHA:0.05 | SEED:270
Directed Sensitivity: 0.4348
Directed Specificity: 0.7798
Directed Precision: 0.2941
Directed Recall: 0.4348
Undirected Sensitivity: 0.6957
Undirected Specificity: 0.5814
Undirected Precision: 0.4706
Undirected Recall: 0.6957
----------------------------------------
ALPHA:0.05 | SEED:280
Directed Sensitivity: 0.2174
Directed Specificity: 0.7431
Directed Precision: 0.1515
Directed Recall: 0.2174
Undirected Sensitivity: 0.6522
Undirected Specificity: 0.5814
Undirected Precision: 0.4545
Undirected Recall: 0.6522
----------------------------------------
ALPHA:0.05 | SEED:290
Directed Sensitivity: 0.7391
Directed Specificity: 0.8716
Directed Precision: 0.5484
Directed Recall: 0.7391
Undirected Sensitivity: 0.8261
Undirected Specificity: 0.7209
Undirected Precision: 0.6129
Undirected Recall: 0.8261
----------------------------------------
ALPHA:0.05 | SEED:300
Directed Sensitivity: 0.2174
Directed Specificity: 0.7798
Directed Precision: 0.1724
Directed Recall: 0.2174
Undirected Sensitivity: 0.5217
Undirected Specificity: 0.6047
Undirected Precision: 0.4138
Undirected Recall: 0.5217
----------------------------------------
ALPHA:0.1 | SEED:10
Directed Sensitivity: 0.3913
Directed Specificity: 0.7523
Directed Precision: 0.2500
Directed Recall: 0.3913
Undirected Sensitivity: 0.7391
Undirected Specificity: 0.5581
Undirected Precision: 0.4722
Undirected Recall: 0.7391
----------------------------------------
ALPHA:0.1 | SEED:20
Directed Sensitivity: 0.3478
Directed Specificity: 0.6881
Directed Precision: 0.1905
Directed Recall: 0.3478
Undirected Sensitivity: 0.7826
Undirected Specificity: 0.4419
Undirected Precision: 0.4286
Undirected Recall: 0.7826
----------------------------------------
ALPHA:0.1 | SEED:30
Directed Sensitivity: 0.2174
Directed Specificity: 0.6514
Directed Precision: 0.1163
Directed Recall: 0.2174
Undirected Sensitivity: 0.7391
Undirected Specificity: 0.3953
Undirected Precision: 0.3953
Undirected Recall: 0.7391
----------------------------------------
ALPHA:0.1 | SEED:40
Directed Sensitivity: 0.5217
Directed Specificity: 0.7706
Directed Precision: 0.3243
Directed Recall: 0.5217
Undirected Sensitivity: 0.8261
Undirected Specificity: 0.5814
Undirected Precision: 0.5135
Undirected Recall: 0.8261
----------------------------------------
ALPHA:0.1 | SEED:50
Directed Sensitivity: 0.4783
Directed Specificity: 0.7706
Directed Precision: 0.3056
Directed Recall: 0.4783
Undirected Sensitivity: 0.6087
Undirected Specificity: 0.4884
Undirected Precision: 0.3889
Undirected Recall: 0.6087
----------------------------------------
ALPHA:0.1 | SEED:60
Directed Sensitivity: 0.3043
Directed Specificity: 0.6055
Directed Precision: 0.1400
Directed Recall: 0.3043
Undirected Sensitivity: 0.7826
Undirected Specificity: 0.2558
Undirected Precision: 0.3600
Undirected Recall: 0.7826
----------------------------------------
ALPHA:0.1 | SEED:70
Directed Sensitivity: 0.3043
Directed Specificity: 0.6606
Directed Precision: 0.1591
Directed Recall: 0.3043
Undirected Sensitivity: 0.7391
Undirected Specificity: 0.3721
Undirected Precision: 0.3864
Undirected Recall: 0.7391
----------------------------------------
ALPHA:0.1 | SEED:80
Directed Sensitivity: 0.4783
Directed Specificity: 0.7523
Directed Precision: 0.2895
Directed Recall: 0.4783
Undirected Sensitivity: 0.8261
Undirected Specificity: 0.5581
Undirected Precision: 0.5000
Undirected Recall: 0.8261
----------------------------------------
ALPHA:0.1 | SEED:90
Directed Sensitivity: 0.5217
Directed Specificity: 0.8073
Directed Precision: 0.3636
Directed Recall: 0.5217
Undirected Sensitivity: 0.7391
Undirected Specificity: 0.6279
Undirected Precision: 0.5152
Undirected Recall: 0.7391
----------------------------------------
ALPHA:0.1 | SEED:100
Directed Sensitivity: 0.4783
Directed Specificity: 0.7798
Directed Precision: 0.3143
Directed Recall: 0.4783
Undirected Sensitivity: 0.7391
Undirected Specificity: 0.5814
Undirected Precision: 0.4857
Undirected Recall: 0.7391
----------------------------------------
ALPHA:0.1 | SEED:110
Directed Sensitivity: 0.3478
Directed Specificity: 0.7523
Directed Precision: 0.2286
Directed Recall: 0.3478
Undirected Sensitivity: 0.6957
Undirected Specificity: 0.5581
Undirected Precision: 0.4571
Undirected Recall: 0.6957
----------------------------------------
ALPHA:0.1 | SEED:120
Directed Sensitivity: 0.3043
Directed Specificity: 0.6881
Directed Precision: 0.1707
Directed Recall: 0.3043
Undirected Sensitivity: 0.7826
Undirected Specificity: 0.4651
Undirected Precision: 0.4390
Undirected Recall: 0.7826
----------------------------------------
ALPHA:0.1 | SEED:130
Directed Sensitivity: 0.5652
Directed Specificity: 0.7798
Directed Precision: 0.3514
Directed Recall: 0.5652
Undirected Sensitivity: 0.7391
Undirected Specificity: 0.5349
Undirected Precision: 0.4595
Undirected Recall: 0.7391
----------------------------------------
ALPHA:0.1 | SEED:140
Directed Sensitivity: 0.3043
Directed Specificity: 0.6972
Directed Precision: 0.1750
Directed Recall: 0.3043
Undirected Sensitivity: 0.5652
Undirected Specificity: 0.3721
Undirected Precision: 0.3250
Undirected Recall: 0.5652
----------------------------------------
ALPHA:0.1 | SEED:150
Directed Sensitivity: 0.3913
Directed Specificity: 0.7615
Directed Precision: 0.2571
Directed Recall: 0.3913
Undirected Sensitivity: 0.7391
Undirected Specificity: 0.5814
Undirected Precision: 0.4857
Undirected Recall: 0.7391
----------------------------------------
ALPHA:0.1 | SEED:160
Directed Sensitivity: 0.3478
Directed Specificity: 0.6239
Directed Precision: 0.1633
Directed Recall: 0.3478
Undirected Sensitivity: 0.7391
Undirected Specificity: 0.2558
Undirected Precision: 0.3469
Undirected Recall: 0.7391
----------------------------------------
ALPHA:0.1 | SEED:170
Directed Sensitivity: 0.0870
Directed Specificity: 0.6606
Directed Precision: 0.0513
Directed Recall: 0.0870
Undirected Sensitivity: 0.6087
Undirected Specificity: 0.4186
Undirected Precision: 0.3590
Undirected Recall: 0.6087
----------------------------------------
ALPHA:0.1 | SEED:180
Directed Sensitivity: 0.2174
Directed Specificity: 0.6881
Directed Precision: 0.1282
Directed Recall: 0.2174
Undirected Sensitivity: 0.6522
Undirected Specificity: 0.4419
Undirected Precision: 0.3846
Undirected Recall: 0.6522
----------------------------------------
ALPHA:0.1 | SEED:190
Directed Sensitivity: 0.2609
Directed Specificity: 0.6881
Directed Precision: 0.1500
Directed Recall: 0.2609
Undirected Sensitivity: 0.6522
Undirected Specificity: 0.4186
Undirected Precision: 0.3750
Undirected Recall: 0.6522
----------------------------------------
ALPHA:0.1 | SEED:200
Directed Sensitivity: 0.2174
Directed Specificity: 0.7339
Directed Precision: 0.1471
Directed Recall: 0.2174
Undirected Sensitivity: 0.5652
Undirected Specificity: 0.5116
Undirected Precision: 0.3824
Undirected Recall: 0.5652
----------------------------------------
ALPHA:0.1 | SEED:210
Directed Sensitivity: 0.2174
Directed Specificity: 0.7431
Directed Precision: 0.1515
Directed Recall: 0.2174
Undirected Sensitivity: 0.6522
Undirected Specificity: 0.5814
Undirected Precision: 0.4545
Undirected Recall: 0.6522
----------------------------------------
ALPHA:0.1 | SEED:220
Directed Sensitivity: 0.6522
Directed Specificity: 0.7798
Directed Precision: 0.3846
Directed Recall: 0.6522
Undirected Sensitivity: 0.8696
Undirected Specificity: 0.5581
Undirected Precision: 0.5128
Undirected Recall: 0.8696
----------------------------------------
ALPHA:0.1 | SEED:230
Directed Sensitivity: 0.4783
Directed Specificity: 0.8165
Directed Precision: 0.3548
Directed Recall: 0.4783
Undirected Sensitivity: 0.5217
Undirected Specificity: 0.5581
Undirected Precision: 0.3871
Undirected Recall: 0.5217
----------------------------------------
ALPHA:0.1 | SEED:240
Directed Sensitivity: 0.0870
Directed Specificity: 0.6972
Directed Precision: 0.0571
Directed Recall: 0.0870
Undirected Sensitivity: 0.6087
Undirected Specificity: 0.5116
Undirected Precision: 0.4000
Undirected Recall: 0.6087
----------------------------------------
ALPHA:0.1 | SEED:250
Directed Sensitivity: 0.3478
Directed Specificity: 0.7064
Directed Precision: 0.2000
Directed Recall: 0.3478
Undirected Sensitivity: 0.6957
Undirected Specificity: 0.4419
Undirected Precision: 0.4000
Undirected Recall: 0.6957
----------------------------------------
ALPHA:0.1 | SEED:260
Directed Sensitivity: 0.1304
Directed Specificity: 0.6697
Directed Precision: 0.0769
Directed Recall: 0.1304
Undirected Sensitivity: 0.6522
Undirected Specificity: 0.4419
Undirected Precision: 0.3846
Undirected Recall: 0.6522
----------------------------------------
ALPHA:0.1 | SEED:270
Directed Sensitivity: 0.4348
Directed Specificity: 0.7706
Directed Precision: 0.2857
Directed Recall: 0.4348
Undirected Sensitivity: 0.7826
Undirected Specificity: 0.6047
Undirected Precision: 0.5143
Undirected Recall: 0.7826
----------------------------------------
ALPHA:0.1 | SEED:280
Directed Sensitivity: 0.3043
Directed Specificity: 0.6697
Directed Precision: 0.1628
Directed Recall: 0.3043
Undirected Sensitivity: 0.6957
Undirected Specificity: 0.3721
Undirected Precision: 0.3721
Undirected Recall: 0.6957
----------------------------------------
ALPHA:0.1 | SEED:290
Directed Sensitivity: 0.6957
Directed Specificity: 0.7982
Directed Precision: 0.4211
Directed Recall: 0.6957
Undirected Sensitivity: 0.8261
Undirected Specificity: 0.5581
Undirected Precision: 0.5000
Undirected Recall: 0.8261
----------------------------------------
ALPHA:0.1 | SEED:300
Directed Sensitivity: 0.4348
Directed Specificity: 0.7615
Directed Precision: 0.2778
Directed Recall: 0.4348
Undirected Sensitivity: 0.7826
Undirected Specificity: 0.5814
Undirected Precision: 0.5000
Undirected Recall: 0.7826
----------------------------------------
ALPHA:0.2 | SEED:10
Directed Sensitivity: 0.5217
Directed Specificity: 0.6330
Directed Precision: 0.2308
Directed Recall: 0.5217
Undirected Sensitivity: 0.9130
Undirected Specificity: 0.2791
Undirected Precision: 0.4038
Undirected Recall: 0.9130
----------------------------------------
ALPHA:0.2 | SEED:20
Directed Sensitivity: 0.3478
Directed Specificity: 0.6972
Directed Precision: 0.1951
Directed Recall: 0.3478
Undirected Sensitivity: 0.6957
Undirected Specificity: 0.4186
Undirected Precision: 0.3902
Undirected Recall: 0.6957
----------------------------------------
ALPHA:0.2 | SEED:30
Directed Sensitivity: 0.2174
Directed Specificity: 0.6330
Directed Precision: 0.1111
Directed Recall: 0.2174
Undirected Sensitivity: 0.7391
Undirected Specificity: 0.3488
Undirected Precision: 0.3778
Undirected Recall: 0.7391
----------------------------------------
ALPHA:0.2 | SEED:40
Directed Sensitivity: 0.6087
Directed Specificity: 0.7431
Directed Precision: 0.3333
Directed Recall: 0.6087
Undirected Sensitivity: 0.8696
Undirected Specificity: 0.4884
Undirected Precision: 0.4762
Undirected Recall: 0.8696
----------------------------------------
ALPHA:0.2 | SEED:50
Directed Sensitivity: 0.6087
Directed Specificity: 0.7615
Directed Precision: 0.3500
Directed Recall: 0.6087
Undirected Sensitivity: 0.7391
Undirected Specificity: 0.4651
Undirected Precision: 0.4250
Undirected Recall: 0.7391
----------------------------------------
ALPHA:0.2 | SEED:60
Directed Sensitivity: 0.2174
Directed Specificity: 0.5413
Directed Precision: 0.0909
Directed Recall: 0.2174
Undirected Sensitivity: 0.8696
Undirected Specificity: 0.1860
Undirected Precision: 0.3636
Undirected Recall: 0.8696
----------------------------------------
ALPHA:0.2 | SEED:70
Directed Sensitivity: 0.3478
Directed Specificity: 0.6239
Directed Precision: 0.1633
Directed Recall: 0.3478
Undirected Sensitivity: 0.8696
Undirected Specificity: 0.3256
Undirected Precision: 0.4082
Undirected Recall: 0.8696
----------------------------------------
ALPHA:0.2 | SEED:80
Directed Sensitivity: 0.4783
Directed Specificity: 0.7156
Directed Precision: 0.2619
Directed Recall: 0.4783
Undirected Sensitivity: 0.8696
Undirected Specificity: 0.4884
Undirected Precision: 0.4762
Undirected Recall: 0.8696
----------------------------------------
ALPHA:0.2 | SEED:90
Directed Sensitivity: 0.5652
Directed Specificity: 0.7431
Directed Precision: 0.3171
Directed Recall: 0.5652
Undirected Sensitivity: 0.7826
Undirected Specificity: 0.4651
Undirected Precision: 0.4390
Undirected Recall: 0.7826
----------------------------------------
ALPHA:0.2 | SEED:100
Directed Sensitivity: 0.5652
Directed Specificity: 0.7523
Directed Precision: 0.3250
Directed Recall: 0.5652
Undirected Sensitivity: 0.8261
Undirected Specificity: 0.5116
Undirected Precision: 0.4750
Undirected Recall: 0.8261
----------------------------------------
ALPHA:0.2 | SEED:110
Directed Sensitivity: 0.3043
Directed Specificity: 0.6881
Directed Precision: 0.1707
Directed Recall: 0.3043
Undirected Sensitivity: 0.6957
Undirected Specificity: 0.4186
Undirected Precision: 0.3902
Undirected Recall: 0.6957
----------------------------------------
ALPHA:0.2 | SEED:120
Directed Sensitivity: 0.3478
Directed Specificity: 0.6606
Directed Precision: 0.1778
Directed Recall: 0.3478
Undirected Sensitivity: 0.8261
Undirected Specificity: 0.3953
Undirected Precision: 0.4222
Undirected Recall: 0.8261
----------------------------------------
ALPHA:0.2 | SEED:130
Directed Sensitivity: 0.5652
Directed Specificity: 0.7706
Directed Precision: 0.3421
Directed Recall: 0.5652
Undirected Sensitivity: 0.7826
Undirected Specificity: 0.5349
Undirected Precision: 0.4737
Undirected Recall: 0.7826
----------------------------------------
ALPHA:0.2 | SEED:140
Directed Sensitivity: 0.4783
Directed Specificity: 0.6697
Directed Precision: 0.2340
Directed Recall: 0.4783
Undirected Sensitivity: 0.8261
Undirected Specificity: 0.3488
Undirected Precision: 0.4043
Undirected Recall: 0.8261
----------------------------------------
ALPHA:0.2 | SEED:150
Directed Sensitivity: 0.4783
Directed Specificity: 0.7248
Directed Precision: 0.2683
Directed Recall: 0.4783
Undirected Sensitivity: 0.7826
Undirected Specificity: 0.4651
Undirected Precision: 0.4390
Undirected Recall: 0.7826
----------------------------------------
ALPHA:0.2 | SEED:160
Directed Sensitivity: 0.5217
Directed Specificity: 0.7156
Directed Precision: 0.2791
Directed Recall: 0.5217
Undirected Sensitivity: 0.7826
Undirected Specificity: 0.4186
Undirected Precision: 0.4186
Undirected Recall: 0.7826
----------------------------------------
ALPHA:0.2 | SEED:170
Directed Sensitivity: 0.1304
Directed Specificity: 0.6239
Directed Precision: 0.0682
Directed Recall: 0.1304
Undirected Sensitivity: 0.5652
Undirected Specificity: 0.2791
Undirected Precision: 0.2955
Undirected Recall: 0.5652
----------------------------------------
ALPHA:0.2 | SEED:180
Directed Sensitivity: 0.3043
Directed Specificity: 0.6239
Directed Precision: 0.1458
Directed Recall: 0.3043
Undirected Sensitivity: 0.8261
Undirected Specificity: 0.3256
Undirected Precision: 0.3958
Undirected Recall: 0.8261
----------------------------------------
ALPHA:0.2 | SEED:190
Directed Sensitivity: 0.3478
Directed Specificity: 0.6330
Directed Precision: 0.1667
Directed Recall: 0.3478
Undirected Sensitivity: 0.7391
Undirected Specificity: 0.2791
Undirected Precision: 0.3542
Undirected Recall: 0.7391
----------------------------------------
ALPHA:0.2 | SEED:200
Directed Sensitivity: 0.3043
Directed Specificity: 0.6606
Directed Precision: 0.1591
Directed Recall: 0.3043
Undirected Sensitivity: 0.6522
Undirected Specificity: 0.3256
Undirected Precision: 0.3409
Undirected Recall: 0.6522
----------------------------------------
ALPHA:0.2 | SEED:210
Directed Sensitivity: 0.2609
Directed Specificity: 0.6330
Directed Precision: 0.1304
Directed Recall: 0.2609
Undirected Sensitivity: 0.8261
Undirected Specificity: 0.3721
Undirected Precision: 0.4130
Undirected Recall: 0.8261
----------------------------------------
ALPHA:0.2 | SEED:220
Directed Sensitivity: 0.6522
Directed Specificity: 0.7248
Directed Precision: 0.3333
Directed Recall: 0.6522
Undirected Sensitivity: 0.8261
Undirected Specificity: 0.3953
Undirected Precision: 0.4222
Undirected Recall: 0.8261
----------------------------------------
ALPHA:0.2 | SEED:230
Directed Sensitivity: 0.7826
Directed Specificity: 0.8716
Directed Precision: 0.5625
Directed Recall: 0.7826
Undirected Sensitivity: 0.7826
Undirected Specificity: 0.6744
Undirected Precision: 0.5625
Undirected Recall: 0.7826
----------------------------------------
ALPHA:0.2 | SEED:240
Directed Sensitivity: 0.0870
Directed Specificity: 0.6422
Directed Precision: 0.0488
Directed Recall: 0.0870
Undirected Sensitivity: 0.6087
Undirected Specificity: 0.3721
Undirected Precision: 0.3415
Undirected Recall: 0.6087
----------------------------------------
ALPHA:0.2 | SEED:250
Directed Sensitivity: 0.3043
Directed Specificity: 0.5872
Directed Precision: 0.1346
Directed Recall: 0.3043
Undirected Sensitivity: 0.7826
Undirected Specificity: 0.2093
Undirected Precision: 0.3462
Undirected Recall: 0.7826
----------------------------------------
ALPHA:0.2 | SEED:260
Directed Sensitivity: 0.2174
Directed Specificity: 0.5780
Directed Precision: 0.0980
Directed Recall: 0.2174
Undirected Sensitivity: 0.7826
Undirected Specificity: 0.2326
Undirected Precision: 0.3529
Undirected Recall: 0.7826
----------------------------------------
ALPHA:0.2 | SEED:270
Directed Sensitivity: 0.5217
Directed Specificity: 0.7248
Directed Precision: 0.2857
Directed Recall: 0.5217
Undirected Sensitivity: 0.7391
Undirected Specificity: 0.4186
Undirected Precision: 0.4048
Undirected Recall: 0.7391
----------------------------------------
ALPHA:0.2 | SEED:280
Directed Sensitivity: 0.3043
Directed Specificity: 0.6422
Directed Precision: 0.1522
Directed Recall: 0.3043
Undirected Sensitivity: 0.7826
Undirected Specificity: 0.3488
Undirected Precision: 0.3913
Undirected Recall: 0.7826
----------------------------------------
ALPHA:0.2 | SEED:290
Directed Sensitivity: 0.6522
Directed Specificity: 0.7339
Directed Precision: 0.3409
Directed Recall: 0.6522
Undirected Sensitivity: 0.7826
Undirected Specificity: 0.3953
Undirected Precision: 0.4091
Undirected Recall: 0.7826
----------------------------------------
ALPHA:0.2 | SEED:300
Directed Sensitivity: 0.5217
Directed Specificity: 0.7064
Directed Precision: 0.2727
Directed Recall: 0.5217
Undirected Sensitivity: 0.8696
Undirected Specificity: 0.4419
Undirected Precision: 0.4545
Undirected Recall: 0.8696
----------------------------------------
