ALPHA:0.01 | SEED:10
Directed Sensitivity: 0.1765
Directed Specificity: 0.6989
Directed Precision: 0.0968
Directed Recall: 0.1765
Undirected Sensitivity: 0.4706
Undirected Specificity: 0.3947
Undirected Precision: 0.2581
Undirected Recall: 0.4706
----------------------------------------
ALPHA:0.01 | SEED:20
Directed Sensitivity: 0.1176
Directed Specificity: 0.6882
Directed Precision: 0.0645
Directed Recall: 0.1176
Undirected Sensitivity: 0.3529
Undirected Specificity: 0.3421
Undirected Precision: 0.1935
Undirected Recall: 0.3529
----------------------------------------
ALPHA:0.01 | SEED:30
Directed Sensitivity: 0.1765
Directed Specificity: 0.7634
Directed Precision: 0.1200
Directed Recall: 0.1765
Undirected Sensitivity: 0.3529
Undirected Specificity: 0.5000
Undirected Precision: 0.2400
Undirected Recall: 0.3529
----------------------------------------
ALPHA:0.01 | SEED:40
Directed Sensitivity: 0.4118
Directed Specificity: 0.7957
Directed Precision: 0.2692
Directed Recall: 0.4118
Undirected Sensitivity: 0.7059
Undirected Specificity: 0.6316
Undirected Precision: 0.4615
Undirected Recall: 0.7059
----------------------------------------
ALPHA:0.01 | SEED:50
Directed Sensitivity: 0.1765
Directed Specificity: 0.7849
Directed Precision: 0.1304
Directed Recall: 0.1765
Undirected Sensitivity: 0.3529
Undirected Specificity: 0.5526
Undirected Precision: 0.2609
Undirected Recall: 0.3529
----------------------------------------
ALPHA:0.01 | SEED:60
Directed Sensitivity: 0.2941
Directed Specificity: 0.7634
Directed Precision: 0.1852
Directed Recall: 0.2941
Undirected Sensitivity: 0.4706
Undirected Specificity: 0.5000
Undirected Precision: 0.2963
Undirected Recall: 0.4706
----------------------------------------
ALPHA:0.01 | SEED:70
Directed Sensitivity: 0.3529
Directed Specificity: 0.8280
Directed Precision: 0.2727
Directed Recall: 0.3529
Undirected Sensitivity: 0.5882
Undirected Specificity: 0.6842
Undirected Precision: 0.4545
Undirected Recall: 0.5882
----------------------------------------
ALPHA:0.01 | SEED:80
Directed Sensitivity: 0.2353
Directed Specificity: 0.7097
Directed Precision: 0.1290
Directed Recall: 0.2353
Undirected Sensitivity: 0.5882
Undirected Specificity: 0.4474
Undirected Precision: 0.3226
Undirected Recall: 0.5882
----------------------------------------
ALPHA:0.01 | SEED:90
Directed Sensitivity: 0.0588
Directed Specificity: 0.6774
Directed Precision: 0.0323
Directed Recall: 0.0588
Undirected Sensitivity: 0.4118
Undirected Specificity: 0.3684
Undirected Precision: 0.2258
Undirected Recall: 0.4118
----------------------------------------
ALPHA:0.01 | SEED:100
Directed Sensitivity: 0.1176
Directed Specificity: 0.7204
Directed Precision: 0.0714
Directed Recall: 0.1176
Undirected Sensitivity: 0.5294
Undirected Specificity: 0.5000
Undirected Precision: 0.3214
Undirected Recall: 0.5294
----------------------------------------
ALPHA:0.01 | SEED:110
Directed Sensitivity: 0.4118
Directed Specificity: 0.7312
Directed Precision: 0.2188
Directed Recall: 0.4118
Undirected Sensitivity: 0.5882
Undirected Specificity: 0.4211
Undirected Precision: 0.3125
Undirected Recall: 0.5882
----------------------------------------
ALPHA:0.01 | SEED:120
Directed Sensitivity: 0.4118
Directed Specificity: 0.8280
Directed Precision: 0.3043
Directed Recall: 0.4118
Undirected Sensitivity: 0.5294
Undirected Specificity: 0.6316
Undirected Precision: 0.3913
Undirected Recall: 0.5294
----------------------------------------
ALPHA:0.01 | SEED:130
Directed Sensitivity: 0.4118
Directed Specificity: 0.7527
Directed Precision: 0.2333
Directed Recall: 0.4118
Undirected Sensitivity: 0.7059
Undirected Specificity: 0.5263
Undirected Precision: 0.4000
Undirected Recall: 0.7059
----------------------------------------
ALPHA:0.01 | SEED:140
Directed Sensitivity: 0.1765
Directed Specificity: 0.7742
Directed Precision: 0.1250
Directed Recall: 0.1765
Undirected Sensitivity: 0.4706
Undirected Specificity: 0.5789
Undirected Precision: 0.3333
Undirected Recall: 0.4706
----------------------------------------
ALPHA:0.01 | SEED:150
Directed Sensitivity: 0.1176
Directed Specificity: 0.7634
Directed Precision: 0.0833
Directed Recall: 0.1176
Undirected Sensitivity: 0.4118
Undirected Specificity: 0.5526
Undirected Precision: 0.2917
Undirected Recall: 0.4118
----------------------------------------
ALPHA:0.01 | SEED:160
Directed Sensitivity: 0.0000
Directed Specificity: 0.7419
Directed Precision: 0.0000
Directed Recall: 0.0000
Undirected Sensitivity: 0.4118
Undirected Specificity: 0.5526
Undirected Precision: 0.2917
Undirected Recall: 0.4118
----------------------------------------
ALPHA:0.01 | SEED:170
Directed Sensitivity: 0.1765
Directed Specificity: 0.8172
Directed Precision: 0.1500
Directed Recall: 0.1765
Undirected Sensitivity: 0.4118
Undirected Specificity: 0.6579
Undirected Precision: 0.3500
Undirected Recall: 0.4118
----------------------------------------
ALPHA:0.01 | SEED:180
Directed Sensitivity: 0.2941
Directed Specificity: 0.7634
Directed Precision: 0.1852
Directed Recall: 0.2941
Undirected Sensitivity: 0.4706
Undirected Specificity: 0.5000
Undirected Precision: 0.2963
Undirected Recall: 0.4706
----------------------------------------
ALPHA:0.01 | SEED:190
Directed Sensitivity: 0.1176
Directed Specificity: 0.7204
Directed Precision: 0.0714
Directed Recall: 0.1176
Undirected Sensitivity: 0.4706
Undirected Specificity: 0.4737
Undirected Precision: 0.2857
Undirected Recall: 0.4706
----------------------------------------
ALPHA:0.01 | SEED:200
Directed Sensitivity: 0.2941
Directed Specificity: 0.7849
Directed Precision: 0.2000
Directed Recall: 0.2941
Undirected Sensitivity: 0.6471
Undirected Specificity: 0.6316
Undirected Precision: 0.4400
Undirected Recall: 0.6471
----------------------------------------
ALPHA:0.01 | SEED:210
Directed Sensitivity: 0.2353
Directed Specificity: 0.7527
Directed Precision: 0.1481
Directed Recall: 0.2353
Undirected Sensitivity: 0.4706
Undirected Specificity: 0.5000
Undirected Precision: 0.2963
Undirected Recall: 0.4706
----------------------------------------
ALPHA:0.01 | SEED:220
Directed Sensitivity: 0.1176
Directed Specificity: 0.6989
Directed Precision: 0.0667
Directed Recall: 0.1176
Undirected Sensitivity: 0.4706
Undirected Specificity: 0.4211
Undirected Precision: 0.2667
Undirected Recall: 0.4706
----------------------------------------
ALPHA:0.01 | SEED:230
Directed Sensitivity: 0.1765
Directed Specificity: 0.6882
Directed Precision: 0.0938
Directed Recall: 0.1765
Undirected Sensitivity: 0.4706
Undirected Specificity: 0.3684
Undirected Precision: 0.2500
Undirected Recall: 0.4706
----------------------------------------
ALPHA:0.01 | SEED:240
Directed Sensitivity: 0.3529
Directed Specificity: 0.6882
Directed Precision: 0.1714
Directed Recall: 0.3529
Undirected Sensitivity: 0.5294
Undirected Specificity: 0.3158
Undirected Precision: 0.2571
Undirected Recall: 0.5294
----------------------------------------
ALPHA:0.01 | SEED:250
Directed Sensitivity: 0.2353
Directed Specificity: 0.7849
Directed Precision: 0.1667
Directed Recall: 0.2353
Undirected Sensitivity: 0.4118
Undirected Specificity: 0.5526
Undirected Precision: 0.2917
Undirected Recall: 0.4118
----------------------------------------
ALPHA:0.01 | SEED:260
Directed Sensitivity: 0.1765
Directed Specificity: 0.7634
Directed Precision: 0.1200
Directed Recall: 0.1765
Undirected Sensitivity: 0.3529
Undirected Specificity: 0.5000
Undirected Precision: 0.2400
Undirected Recall: 0.3529
----------------------------------------
ALPHA:0.01 | SEED:270
Directed Sensitivity: 0.1765
Directed Specificity: 0.6774
Directed Precision: 0.0909
Directed Recall: 0.1765
Undirected Sensitivity: 0.3529
Undirected Specificity: 0.2895
Undirected Precision: 0.1818
Undirected Recall: 0.3529
----------------------------------------
ALPHA:0.01 | SEED:280
Directed Sensitivity: 0.2941
Directed Specificity: 0.7742
Directed Precision: 0.1923
Directed Recall: 0.2941
Undirected Sensitivity: 0.5294
Undirected Specificity: 0.5526
Undirected Precision: 0.3462
Undirected Recall: 0.5294
----------------------------------------
ALPHA:0.01 | SEED:290
Directed Sensitivity: 0.1765
Directed Specificity: 0.7097
Directed Precision: 0.1000
Directed Recall: 0.1765
Undirected Sensitivity: 0.5882
Undirected Specificity: 0.4737
Undirected Precision: 0.3333
Undirected Recall: 0.5882
----------------------------------------
ALPHA:0.01 | SEED:300
Directed Sensitivity: 0.1176
Directed Specificity: 0.8172
Directed Precision: 0.1053
Directed Recall: 0.1176
Undirected Sensitivity: 0.4118
Undirected Specificity: 0.6842
Undirected Precision: 0.3684
Undirected Recall: 0.4118
----------------------------------------
ALPHA:0.05 | SEED:10
Directed Sensitivity: 0.2353
Directed Specificity: 0.7634
Directed Precision: 0.1538
Directed Recall: 0.2353
Undirected Sensitivity: 0.2941
Undirected Specificity: 0.4474
Undirected Precision: 0.1923
Undirected Recall: 0.2941
----------------------------------------
ALPHA:0.05 | SEED:20
Directed Sensitivity: 0.1765
Directed Specificity: 0.7742
Directed Precision: 0.1250
Directed Recall: 0.1765
Undirected Sensitivity: 0.3529
Undirected Specificity: 0.5263
Undirected Precision: 0.2500
Undirected Recall: 0.3529
----------------------------------------
ALPHA:0.05 | SEED:30
Directed Sensitivity: 0.0588
Directed Specificity: 0.7312
Directed Precision: 0.0385
Directed Recall: 0.0588
Undirected Sensitivity: 0.3529
Undirected Specificity: 0.4737
Undirected Precision: 0.2308
Undirected Recall: 0.3529
----------------------------------------
ALPHA:0.05 | SEED:40
Directed Sensitivity: 0.5294
Directed Specificity: 0.8602
Directed Precision: 0.4091
Directed Recall: 0.5294
Undirected Sensitivity: 0.5294
Undirected Specificity: 0.6579
Undirected Precision: 0.4091
Undirected Recall: 0.5294
----------------------------------------
ALPHA:0.05 | SEED:50
Directed Sensitivity: 0.1765
Directed Specificity: 0.6989
Directed Precision: 0.0968
Directed Recall: 0.1765
Undirected Sensitivity: 0.4118
Undirected Specificity: 0.3684
Undirected Precision: 0.2258
Undirected Recall: 0.4118
----------------------------------------
ALPHA:0.05 | SEED:60
Directed Sensitivity: 0.1176
Directed Specificity: 0.7312
Directed Precision: 0.0741
Directed Recall: 0.1176
Undirected Sensitivity: 0.3529
Undirected Specificity: 0.4474
Undirected Precision: 0.2222
Undirected Recall: 0.3529
----------------------------------------
ALPHA:0.05 | SEED:70
Directed Sensitivity: 0.2941
Directed Specificity: 0.7849
Directed Precision: 0.2000
Directed Recall: 0.2941
Undirected Sensitivity: 0.4706
Undirected Specificity: 0.5526
Undirected Precision: 0.3200
Undirected Recall: 0.4706
----------------------------------------
ALPHA:0.05 | SEED:80
Directed Sensitivity: 0.2353
Directed Specificity: 0.8065
Directed Precision: 0.1818
Directed Recall: 0.2353
Undirected Sensitivity: 0.3529
Undirected Specificity: 0.5789
Undirected Precision: 0.2727
Undirected Recall: 0.3529
----------------------------------------
ALPHA:0.05 | SEED:90
Directed Sensitivity: 0.3529
Directed Specificity: 0.7419
Directed Precision: 0.2000
Directed Recall: 0.3529
Undirected Sensitivity: 0.4118
Undirected Specificity: 0.3947
Undirected Precision: 0.2333
Undirected Recall: 0.4118
----------------------------------------
ALPHA:0.05 | SEED:100
Directed Sensitivity: 0.2941
Directed Specificity: 0.7312
Directed Precision: 0.1667
Directed Recall: 0.2941
Undirected Sensitivity: 0.7647
Undirected Specificity: 0.5526
Undirected Precision: 0.4333
Undirected Recall: 0.7647
----------------------------------------
ALPHA:0.05 | SEED:110
Directed Sensitivity: 0.4706
Directed Specificity: 0.7634
Directed Precision: 0.2667
Directed Recall: 0.4706
Undirected Sensitivity: 0.6471
Undirected Specificity: 0.5000
Undirected Precision: 0.3667
Undirected Recall: 0.6471
----------------------------------------
ALPHA:0.05 | SEED:120
Directed Sensitivity: 0.1176
Directed Specificity: 0.7527
Directed Precision: 0.0800
Directed Recall: 0.1176
Undirected Sensitivity: 0.4118
Undirected Specificity: 0.5263
Undirected Precision: 0.2800
Undirected Recall: 0.4118
----------------------------------------
ALPHA:0.05 | SEED:130
Directed Sensitivity: 0.1176
Directed Specificity: 0.7419
Directed Precision: 0.0769
Directed Recall: 0.1176
Undirected Sensitivity: 0.4706
Undirected Specificity: 0.5263
Undirected Precision: 0.3077
Undirected Recall: 0.4706
----------------------------------------
ALPHA:0.05 | SEED:140
Directed Sensitivity: 0.2941
Directed Specificity: 0.7527
Directed Precision: 0.1786
Directed Recall: 0.2941
Undirected Sensitivity: 0.5882
Undirected Specificity: 0.5263
Undirected Precision: 0.3571
Undirected Recall: 0.5882
----------------------------------------
ALPHA:0.05 | SEED:150
Directed Sensitivity: 0.1176
Directed Specificity: 0.7527
Directed Precision: 0.0800
Directed Recall: 0.1176
Undirected Sensitivity: 0.4706
Undirected Specificity: 0.5526
Undirected Precision: 0.3200
Undirected Recall: 0.4706
----------------------------------------
ALPHA:0.05 | SEED:160
Directed Sensitivity: 0.2353
Directed Specificity: 0.7634
Directed Precision: 0.1538
Directed Recall: 0.2353
Undirected Sensitivity: 0.2353
Undirected Specificity: 0.4211
Undirected Precision: 0.1538
Undirected Recall: 0.2353
----------------------------------------
ALPHA:0.05 | SEED:170
Directed Sensitivity: 0.2941
Directed Specificity: 0.7849
Directed Precision: 0.2000
Directed Recall: 0.2941
Undirected Sensitivity: 0.5294
Undirected Specificity: 0.5789
Undirected Precision: 0.3600
Undirected Recall: 0.5294
----------------------------------------
ALPHA:0.05 | SEED:180
Directed Sensitivity: 0.3529
Directed Specificity: 0.7957
Directed Precision: 0.2400
Directed Recall: 0.3529
Undirected Sensitivity: 0.6471
Undirected Specificity: 0.6316
Undirected Precision: 0.4400
Undirected Recall: 0.6471
----------------------------------------
ALPHA:0.05 | SEED:190
Directed Sensitivity: 0.4118
Directed Specificity: 0.7849
Directed Precision: 0.2593
Directed Recall: 0.4118
Undirected Sensitivity: 0.6471
Undirected Specificity: 0.5789
Undirected Precision: 0.4074
Undirected Recall: 0.6471
----------------------------------------
ALPHA:0.05 | SEED:200
Directed Sensitivity: 0.1765
Directed Specificity: 0.7849
Directed Precision: 0.1304
Directed Recall: 0.1765
Undirected Sensitivity: 0.5294
Undirected Specificity: 0.6316
Undirected Precision: 0.3913
Undirected Recall: 0.5294
----------------------------------------
ALPHA:0.05 | SEED:210
Directed Sensitivity: 0.2353
Directed Specificity: 0.7849
Directed Precision: 0.1667
Directed Recall: 0.2353
Undirected Sensitivity: 0.4118
Undirected Specificity: 0.5526
Undirected Precision: 0.2917
Undirected Recall: 0.4118
----------------------------------------
ALPHA:0.05 | SEED:220
Directed Sensitivity: 0.1176
Directed Specificity: 0.7527
Directed Precision: 0.0800
Directed Recall: 0.1176
Undirected Sensitivity: 0.4706
Undirected Specificity: 0.5526
Undirected Precision: 0.3200
Undirected Recall: 0.4706
----------------------------------------
ALPHA:0.05 | SEED:230
Directed Sensitivity: 0.2941
Directed Specificity: 0.7312
Directed Precision: 0.1667
Directed Recall: 0.2941
Undirected Sensitivity: 0.5882
Undirected Specificity: 0.4737
Undirected Precision: 0.3333
Undirected Recall: 0.5882
----------------------------------------
ALPHA:0.05 | SEED:240
Directed Sensitivity: 0.0588
Directed Specificity: 0.7097
Directed Precision: 0.0357
Directed Recall: 0.0588
Undirected Sensitivity: 0.5294
Undirected Specificity: 0.5000
Undirected Precision: 0.3214
Undirected Recall: 0.5294
----------------------------------------
ALPHA:0.05 | SEED:250
Directed Sensitivity: 0.1765
Directed Specificity: 0.8280
Directed Precision: 0.1579
Directed Recall: 0.1765
Undirected Sensitivity: 0.4118
Undirected Specificity: 0.6842
Undirected Precision: 0.3684
Undirected Recall: 0.4118
----------------------------------------
ALPHA:0.05 | SEED:260
Directed Sensitivity: 0.1765
Directed Specificity: 0.7312
Directed Precision: 0.1071
Directed Recall: 0.1765
Undirected Sensitivity: 0.4706
Undirected Specificity: 0.4737
Undirected Precision: 0.2857
Undirected Recall: 0.4706
----------------------------------------
ALPHA:0.05 | SEED:270
Directed Sensitivity: 0.1176
Directed Specificity: 0.6774
Directed Precision: 0.0625
Directed Recall: 0.1176
Undirected Sensitivity: 0.4706
Undirected Specificity: 0.3684
Undirected Precision: 0.2500
Undirected Recall: 0.4706
----------------------------------------
ALPHA:0.05 | SEED:280
Directed Sensitivity: 0.2941
Directed Specificity: 0.7527
Directed Precision: 0.1786
Directed Recall: 0.2941
Undirected Sensitivity: 0.4706
Undirected Specificity: 0.4737
Undirected Precision: 0.2857
Undirected Recall: 0.4706
----------------------------------------
ALPHA:0.05 | SEED:290
Directed Sensitivity: 0.1176
Directed Specificity: 0.6882
Directed Precision: 0.0645
Directed Recall: 0.1176
Undirected Sensitivity: 0.3529
Undirected Specificity: 0.3421
Undirected Precision: 0.1935
Undirected Recall: 0.3529
----------------------------------------
ALPHA:0.05 | SEED:300
Directed Sensitivity: 0.1176
Directed Specificity: 0.7312
Directed Precision: 0.0741
Directed Recall: 0.1176
Undirected Sensitivity: 0.2353
Undirected Specificity: 0.3947
Undirected Precision: 0.1481
Undirected Recall: 0.2353
----------------------------------------
ALPHA:0.1 | SEED:10
Directed Sensitivity: 0.2353
Directed Specificity: 0.7312
Directed Precision: 0.1379
Directed Recall: 0.2353
Undirected Sensitivity: 0.3529
Undirected Specificity: 0.3947
Undirected Precision: 0.2069
Undirected Recall: 0.3529
----------------------------------------
ALPHA:0.1 | SEED:20
Directed Sensitivity: 0.1176
Directed Specificity: 0.7634
Directed Precision: 0.0833
Directed Recall: 0.1176
Undirected Sensitivity: 0.3529
Undirected Specificity: 0.5263
Undirected Precision: 0.2500
Undirected Recall: 0.3529
----------------------------------------
ALPHA:0.1 | SEED:30
Directed Sensitivity: 0.2353
Directed Specificity: 0.7527
Directed Precision: 0.1481
Directed Recall: 0.2353
Undirected Sensitivity: 0.3529
Undirected Specificity: 0.4474
Undirected Precision: 0.2222
Undirected Recall: 0.3529
----------------------------------------
ALPHA:0.1 | SEED:40
Directed Sensitivity: 0.2353
Directed Specificity: 0.7742
Directed Precision: 0.1600
Directed Recall: 0.2353
Undirected Sensitivity: 0.5294
Undirected Specificity: 0.5789
Undirected Precision: 0.3600
Undirected Recall: 0.5294
----------------------------------------
ALPHA:0.1 | SEED:50
Directed Sensitivity: 0.1176
Directed Specificity: 0.7419
Directed Precision: 0.0769
Directed Recall: 0.1176
Undirected Sensitivity: 0.4706
Undirected Specificity: 0.5263
Undirected Precision: 0.3077
Undirected Recall: 0.4706
----------------------------------------
ALPHA:0.1 | SEED:60
Directed Sensitivity: 0.5294
Directed Specificity: 0.7742
Directed Precision: 0.3000
Directed Recall: 0.5294
Undirected Sensitivity: 0.5882
Undirected Specificity: 0.4737
Undirected Precision: 0.3333
Undirected Recall: 0.5882
----------------------------------------
ALPHA:0.1 | SEED:70
Directed Sensitivity: 0.5294
Directed Specificity: 0.7849
Directed Precision: 0.3103
Directed Recall: 0.5294
Undirected Sensitivity: 0.6471
Undirected Specificity: 0.5263
Undirected Precision: 0.3793
Undirected Recall: 0.6471
----------------------------------------
ALPHA:0.1 | SEED:80
Directed Sensitivity: 0.3529
Directed Specificity: 0.7849
Directed Precision: 0.2308
Directed Recall: 0.3529
Undirected Sensitivity: 0.5294
Undirected Specificity: 0.5526
Undirected Precision: 0.3462
Undirected Recall: 0.5294
----------------------------------------
ALPHA:0.1 | SEED:90
Directed Sensitivity: 0.1765
Directed Specificity: 0.7634
Directed Precision: 0.1200
Directed Recall: 0.1765
Undirected Sensitivity: 0.2941
Undirected Specificity: 0.4737
Undirected Precision: 0.2000
Undirected Recall: 0.2941
----------------------------------------
ALPHA:0.1 | SEED:100
Directed Sensitivity: 0.1765
Directed Specificity: 0.7527
Directed Precision: 0.1154
Directed Recall: 0.1765
Undirected Sensitivity: 0.5294
Undirected Specificity: 0.5526
Undirected Precision: 0.3462
Undirected Recall: 0.5294
----------------------------------------
ALPHA:0.1 | SEED:110
Directed Sensitivity: 0.2353
Directed Specificity: 0.7849
Directed Precision: 0.1667
Directed Recall: 0.2353
Undirected Sensitivity: 0.5882
Undirected Specificity: 0.6316
Undirected Precision: 0.4167
Undirected Recall: 0.5882
----------------------------------------
ALPHA:0.1 | SEED:120
Directed Sensitivity: 0.0588
Directed Specificity: 0.7204
Directed Precision: 0.0370
Directed Recall: 0.0588
Undirected Sensitivity: 0.3529
Undirected Specificity: 0.4474
Undirected Precision: 0.2222
Undirected Recall: 0.3529
----------------------------------------
ALPHA:0.1 | SEED:130
Directed Sensitivity: 0.2941
Directed Specificity: 0.7634
Directed Precision: 0.1852
Directed Recall: 0.2941
Undirected Sensitivity: 0.5294
Undirected Specificity: 0.5263
Undirected Precision: 0.3333
Undirected Recall: 0.5294
----------------------------------------
ALPHA:0.1 | SEED:140
Directed Sensitivity: 0.1765
Directed Specificity: 0.7742
Directed Precision: 0.1250
Directed Recall: 0.1765
Undirected Sensitivity: 0.3529
Undirected Specificity: 0.5263
Undirected Precision: 0.2500
Undirected Recall: 0.3529
----------------------------------------
ALPHA:0.1 | SEED:150
Directed Sensitivity: 0.4706
Directed Specificity: 0.7527
Directed Precision: 0.2581
Directed Recall: 0.4706
Undirected Sensitivity: 0.6471
Undirected Specificity: 0.4737
Undirected Precision: 0.3548
Undirected Recall: 0.6471
----------------------------------------
ALPHA:0.1 | SEED:160
Directed Sensitivity: 0.1176
Directed Specificity: 0.7204
Directed Precision: 0.0714
Directed Recall: 0.1176
Undirected Sensitivity: 0.5294
Undirected Specificity: 0.5000
Undirected Precision: 0.3214
Undirected Recall: 0.5294
----------------------------------------
ALPHA:0.1 | SEED:170
Directed Sensitivity: 0.2941
Directed Specificity: 0.7849
Directed Precision: 0.2000
Directed Recall: 0.2941
Undirected Sensitivity: 0.4706
Undirected Specificity: 0.5526
Undirected Precision: 0.3200
Undirected Recall: 0.4706
----------------------------------------
ALPHA:0.1 | SEED:180
Directed Sensitivity: 0.1176
Directed Specificity: 0.6882
Directed Precision: 0.0645
Directed Recall: 0.1176
Undirected Sensitivity: 0.5882
Undirected Specificity: 0.4474
Undirected Precision: 0.3226
Undirected Recall: 0.5882
----------------------------------------
ALPHA:0.1 | SEED:190
Directed Sensitivity: 0.2353
Directed Specificity: 0.8387
Directed Precision: 0.2105
Directed Recall: 0.2353
Undirected Sensitivity: 0.2941
Undirected Specificity: 0.6316
Undirected Precision: 0.2632
Undirected Recall: 0.2941
----------------------------------------
ALPHA:0.1 | SEED:200
Directed Sensitivity: 0.1765
Directed Specificity: 0.7634
Directed Precision: 0.1200
Directed Recall: 0.1765
Undirected Sensitivity: 0.2941
Undirected Specificity: 0.4737
Undirected Precision: 0.2000
Undirected Recall: 0.2941
----------------------------------------
ALPHA:0.1 | SEED:210
Directed Sensitivity: 0.3529
Directed Specificity: 0.8280
Directed Precision: 0.2727
Directed Recall: 0.3529
Undirected Sensitivity: 0.3529
Undirected Specificity: 0.5789
Undirected Precision: 0.2727
Undirected Recall: 0.3529
----------------------------------------
ALPHA:0.1 | SEED:220
Directed Sensitivity: 0.1176
Directed Specificity: 0.6882
Directed Precision: 0.0645
Directed Recall: 0.1176
Undirected Sensitivity: 0.4706
Undirected Specificity: 0.3947
Undirected Precision: 0.2581
Undirected Recall: 0.4706
----------------------------------------
ALPHA:0.1 | SEED:230
Directed Sensitivity: 0.2353
Directed Specificity: 0.6989
Directed Precision: 0.1250
Directed Recall: 0.2353
Undirected Sensitivity: 0.5294
Undirected Specificity: 0.3947
Undirected Precision: 0.2812
Undirected Recall: 0.5294
----------------------------------------
ALPHA:0.1 | SEED:240
Directed Sensitivity: 0.2941
Directed Specificity: 0.6774
Directed Precision: 0.1429
Directed Recall: 0.2941
Undirected Sensitivity: 0.7647
Undirected Specificity: 0.4211
Undirected Precision: 0.3714
Undirected Recall: 0.7647
----------------------------------------
ALPHA:0.1 | SEED:250
Directed Sensitivity: 0.1765
Directed Specificity: 0.7957
Directed Precision: 0.1364
Directed Recall: 0.1765
Undirected Sensitivity: 0.5294
Undirected Specificity: 0.6579
Undirected Precision: 0.4091
Undirected Recall: 0.5294
----------------------------------------
ALPHA:0.1 | SEED:260
Directed Sensitivity: 0.0588
Directed Specificity: 0.7527
Directed Precision: 0.0417
Directed Recall: 0.0588
Undirected Sensitivity: 0.4706
Undirected Specificity: 0.5789
Undirected Precision: 0.3333
Undirected Recall: 0.4706
----------------------------------------
ALPHA:0.1 | SEED:270
Directed Sensitivity: 0.2353
Directed Specificity: 0.6882
Directed Precision: 0.1212
Directed Recall: 0.2353
Undirected Sensitivity: 0.5882
Undirected Specificity: 0.3947
Undirected Precision: 0.3030
Undirected Recall: 0.5882
----------------------------------------
ALPHA:0.1 | SEED:280
Directed Sensitivity: 0.1176
Directed Specificity: 0.7312
Directed Precision: 0.0741
Directed Recall: 0.1176
Undirected Sensitivity: 0.4706
Undirected Specificity: 0.5000
Undirected Precision: 0.2963
Undirected Recall: 0.4706
----------------------------------------
ALPHA:0.1 | SEED:290
Directed Sensitivity: 0.3529
Directed Specificity: 0.7204
Directed Precision: 0.1875
Directed Recall: 0.3529
Undirected Sensitivity: 0.6471
Undirected Specificity: 0.4474
Undirected Precision: 0.3438
Undirected Recall: 0.6471
----------------------------------------
ALPHA:0.1 | SEED:300
Directed Sensitivity: 0.5294
Directed Specificity: 0.7419
Directed Precision: 0.2727
Directed Recall: 0.5294
Undirected Sensitivity: 0.7647
Undirected Specificity: 0.4737
Undirected Precision: 0.3939
Undirected Recall: 0.7647
----------------------------------------
ALPHA:0.2 | SEED:10
Directed Sensitivity: 0.2941
Directed Specificity: 0.8172
Directed Precision: 0.2273
Directed Recall: 0.2941
Undirected Sensitivity: 0.5294
Undirected Specificity: 0.6579
Undirected Precision: 0.4091
Undirected Recall: 0.5294
----------------------------------------
ALPHA:0.2 | SEED:20
Directed Sensitivity: 0.3529
Directed Specificity: 0.7742
Directed Precision: 0.2222
Directed Recall: 0.3529
Undirected Sensitivity: 0.5294
Undirected Specificity: 0.5263
Undirected Precision: 0.3333
Undirected Recall: 0.5294
----------------------------------------
ALPHA:0.2 | SEED:30
Directed Sensitivity: 0.2353
Directed Specificity: 0.7957
Directed Precision: 0.1739
Directed Recall: 0.2353
Undirected Sensitivity: 0.4118
Undirected Specificity: 0.5789
Undirected Precision: 0.3043
Undirected Recall: 0.4118
----------------------------------------
ALPHA:0.2 | SEED:40
Directed Sensitivity: 0.4118
Directed Specificity: 0.8495
Directed Precision: 0.3333
Directed Recall: 0.4118
Undirected Sensitivity: 0.4706
Undirected Specificity: 0.6579
Undirected Precision: 0.3810
Undirected Recall: 0.4706
----------------------------------------
ALPHA:0.2 | SEED:50
Directed Sensitivity: 0.2353
Directed Specificity: 0.7849
Directed Precision: 0.1667
Directed Recall: 0.2353
Undirected Sensitivity: 0.5882
Undirected Specificity: 0.6316
Undirected Precision: 0.4167
Undirected Recall: 0.5882
----------------------------------------
ALPHA:0.2 | SEED:60
Directed Sensitivity: 0.2353
Directed Specificity: 0.7957
Directed Precision: 0.1739
Directed Recall: 0.2353
Undirected Sensitivity: 0.5882
Undirected Specificity: 0.6579
Undirected Precision: 0.4348
Undirected Recall: 0.5882
----------------------------------------
ALPHA:0.2 | SEED:70
Directed Sensitivity: 0.0000
Directed Specificity: 0.7527
Directed Precision: 0.0000
Directed Recall: 0.0000
Undirected Sensitivity: 0.2941
Undirected Specificity: 0.5263
Undirected Precision: 0.2174
Undirected Recall: 0.2941
----------------------------------------
ALPHA:0.2 | SEED:80
Directed Sensitivity: 0.3529
Directed Specificity: 0.7957
Directed Precision: 0.2400
Directed Recall: 0.3529
Undirected Sensitivity: 0.4706
Undirected Specificity: 0.5526
Undirected Precision: 0.3200
Undirected Recall: 0.4706
----------------------------------------
ALPHA:0.2 | SEED:90
Directed Sensitivity: 0.1176
Directed Specificity: 0.7634
Directed Precision: 0.0833
Directed Recall: 0.1176
Undirected Sensitivity: 0.4118
Undirected Specificity: 0.5526
Undirected Precision: 0.2917
Undirected Recall: 0.4118
----------------------------------------
ALPHA:0.2 | SEED:100
Directed Sensitivity: 0.2353
Directed Specificity: 0.7419
Directed Precision: 0.1429
Directed Recall: 0.2353
Undirected Sensitivity: 0.6471
Undirected Specificity: 0.5526
Undirected Precision: 0.3929
Undirected Recall: 0.6471
----------------------------------------
ALPHA:0.2 | SEED:110
Directed Sensitivity: 0.5294
Directed Specificity: 0.7957
Directed Precision: 0.3214
Directed Recall: 0.5294
Undirected Sensitivity: 0.7059
Undirected Specificity: 0.5789
Undirected Precision: 0.4286
Undirected Recall: 0.7059
----------------------------------------
ALPHA:0.2 | SEED:120
Directed Sensitivity: 0.3529
Directed Specificity: 0.7957
Directed Precision: 0.2400
Directed Recall: 0.3529
Undirected Sensitivity: 0.4118
Undirected Specificity: 0.5263
Undirected Precision: 0.2800
Undirected Recall: 0.4118
----------------------------------------
ALPHA:0.2 | SEED:130
Directed Sensitivity: 0.2353
Directed Specificity: 0.7742
Directed Precision: 0.1600
Directed Recall: 0.2353
Undirected Sensitivity: 0.4706
Undirected Specificity: 0.5526
Undirected Precision: 0.3200
Undirected Recall: 0.4706
----------------------------------------
ALPHA:0.2 | SEED:140
Directed Sensitivity: 0.2353
Directed Specificity: 0.7419
Directed Precision: 0.1429
Directed Recall: 0.2353
Undirected Sensitivity: 0.4118
Undirected Specificity: 0.4474
Undirected Precision: 0.2500
Undirected Recall: 0.4118
----------------------------------------
ALPHA:0.2 | SEED:150
Directed Sensitivity: 0.0000
Directed Specificity: 0.7527
Directed Precision: 0.0000
Directed Recall: 0.0000
Undirected Sensitivity: 0.4118
Undirected Specificity: 0.5789
Undirected Precision: 0.3043
Undirected Recall: 0.4118
----------------------------------------
ALPHA:0.2 | SEED:160
Directed Sensitivity: 0.2353
Directed Specificity: 0.7634
Directed Precision: 0.1538
Directed Recall: 0.2353
Undirected Sensitivity: 0.4706
Undirected Specificity: 0.5263
Undirected Precision: 0.3077
Undirected Recall: 0.4706
----------------------------------------
ALPHA:0.2 | SEED:170
Directed Sensitivity: 0.1765
Directed Specificity: 0.8065
Directed Precision: 0.1429
Directed Recall: 0.1765
Undirected Sensitivity: 0.3529
Undirected Specificity: 0.6053
Undirected Precision: 0.2857
Undirected Recall: 0.3529
----------------------------------------
ALPHA:0.2 | SEED:180
Directed Sensitivity: 0.1765
Directed Specificity: 0.6989
Directed Precision: 0.0968
Directed Recall: 0.1765
Undirected Sensitivity: 0.4706
Undirected Specificity: 0.3947
Undirected Precision: 0.2581
Undirected Recall: 0.4706
----------------------------------------
ALPHA:0.2 | SEED:190
Directed Sensitivity: 0.3529
Directed Specificity: 0.7634
Directed Precision: 0.2143
Directed Recall: 0.3529
Undirected Sensitivity: 0.4706
Undirected Specificity: 0.4737
Undirected Precision: 0.2857
Undirected Recall: 0.4706
----------------------------------------
ALPHA:0.2 | SEED:200
Directed Sensitivity: 0.1176
Directed Specificity: 0.8065
Directed Precision: 0.1000
Directed Recall: 0.1176
Undirected Sensitivity: 0.4118
Undirected Specificity: 0.6579
Undirected Precision: 0.3500
Undirected Recall: 0.4118
----------------------------------------
ALPHA:0.2 | SEED:210
Directed Sensitivity: 0.2353
Directed Specificity: 0.6989
Directed Precision: 0.1250
Directed Recall: 0.2353
Undirected Sensitivity: 0.5882
Undirected Specificity: 0.4211
Undirected Precision: 0.3125
Undirected Recall: 0.5882
----------------------------------------
ALPHA:0.2 | SEED:220
Directed Sensitivity: 0.1765
Directed Specificity: 0.7419
Directed Precision: 0.1111
Directed Recall: 0.1765
Undirected Sensitivity: 0.6471
Undirected Specificity: 0.5789
Undirected Precision: 0.4074
Undirected Recall: 0.6471
----------------------------------------
ALPHA:0.2 | SEED:230
Directed Sensitivity: 0.3529
Directed Specificity: 0.8387
Directed Precision: 0.2857
Directed Recall: 0.3529
Undirected Sensitivity: 0.4706
Undirected Specificity: 0.6579
Undirected Precision: 0.3810
Undirected Recall: 0.4706
----------------------------------------
ALPHA:0.2 | SEED:240
Directed Sensitivity: 0.1765
Directed Specificity: 0.6989
Directed Precision: 0.0968
Directed Recall: 0.1765
Undirected Sensitivity: 0.4118
Undirected Specificity: 0.3684
Undirected Precision: 0.2258
Undirected Recall: 0.4118
----------------------------------------
ALPHA:0.2 | SEED:250
Directed Sensitivity: 0.1765
Directed Specificity: 0.8065
Directed Precision: 0.1429
Directed Recall: 0.1765
Undirected Sensitivity: 0.3529
Undirected Specificity: 0.6053
Undirected Precision: 0.2857
Undirected Recall: 0.3529
----------------------------------------
ALPHA:0.2 | SEED:260
Directed Sensitivity: 0.2941
Directed Specificity: 0.7527
Directed Precision: 0.1786
Directed Recall: 0.2941
Undirected Sensitivity: 0.5294
Undirected Specificity: 0.5000
Undirected Precision: 0.3214
Undirected Recall: 0.5294
----------------------------------------
ALPHA:0.2 | SEED:270
Directed Sensitivity: 0.5294
Directed Specificity: 0.8172
Directed Precision: 0.3462
Directed Recall: 0.5294
Undirected Sensitivity: 0.6471
Undirected Specificity: 0.6053
Undirected Precision: 0.4231
Undirected Recall: 0.6471
----------------------------------------
ALPHA:0.2 | SEED:280
Directed Sensitivity: 0.2353
Directed Specificity: 0.7742
Directed Precision: 0.1600
Directed Recall: 0.2353
Undirected Sensitivity: 0.4118
Undirected Specificity: 0.5263
Undirected Precision: 0.2800
Undirected Recall: 0.4118
----------------------------------------
ALPHA:0.2 | SEED:290
Directed Sensitivity: 0.0588
Directed Specificity: 0.6882
Directed Precision: 0.0333
Directed Recall: 0.0588
Undirected Sensitivity: 0.4706
Undirected Specificity: 0.4211
Undirected Precision: 0.2667
Undirected Recall: 0.4706
----------------------------------------
ALPHA:0.2 | SEED:300
Directed Sensitivity: 0.3529
Directed Specificity: 0.8065
Directed Precision: 0.2500
Directed Recall: 0.3529
Undirected Sensitivity: 0.5294
Undirected Specificity: 0.6053
Undirected Precision: 0.3750
Undirected Recall: 0.5294
----------------------------------------
