PERCENT:20 | ALPHA:0.01 | SEED:10
Directed Sensitivity: 0.4706
Directed Specificity: 0.7204
Directed Precision: 0.2353
Directed Recall: 0.4706
Undirected Sensitivity: 0.8824
Undirected Specificity: 0.5000
Undirected Precision: 0.4412
Undirected Recall: 0.8824
----------------------------------------
PERCENT:20 | ALPHA:0.01 | SEED:20
Directed Sensitivity: 0.6471
Directed Specificity: 0.6667
Directed Precision: 0.2619
Directed Recall: 0.6471
Undirected Sensitivity: 0.9412
Undirected Specificity: 0.3158
Undirected Precision: 0.3810
Undirected Recall: 0.9412
----------------------------------------
PERCENT:20 | ALPHA:0.01 | SEED:30
Directed Sensitivity: 0.7647
Directed Specificity: 0.7312
Directed Precision: 0.3421
Directed Recall: 0.7647
Undirected Sensitivity: 0.8824
Undirected Specificity: 0.3947
Undirected Precision: 0.3947
Undirected Recall: 0.8824
----------------------------------------
PERCENT:20 | ALPHA:0.01 | SEED:40
Directed Sensitivity: 0.7647
Directed Specificity: 0.7097
Directed Precision: 0.3250
Directed Recall: 0.7647
Undirected Sensitivity: 1.0000
Undirected Specificity: 0.3947
Undirected Precision: 0.4250
Undirected Recall: 1.0000
----------------------------------------
PERCENT:20 | ALPHA:0.01 | SEED:50
Directed Sensitivity: 0.5882
Directed Specificity: 0.7312
Directed Precision: 0.2857
Directed Recall: 0.5882
Undirected Sensitivity: 0.8824
Undirected Specificity: 0.4737
Undirected Precision: 0.4286
Undirected Recall: 0.8824
----------------------------------------
PERCENT:20 | ALPHA:0.01 | SEED:60
Directed Sensitivity: 0.8824
Directed Specificity: 0.7527
Directed Precision: 0.3947
Directed Recall: 0.8824
Undirected Sensitivity: 1.0000
Undirected Specificity: 0.4474
Undirected Precision: 0.4474
Undirected Recall: 1.0000
----------------------------------------
PERCENT:20 | ALPHA:0.01 | SEED:70
Directed Sensitivity: 0.6471
Directed Specificity: 0.7097
Directed Precision: 0.2895
Directed Recall: 0.6471
Undirected Sensitivity: 0.8824
Undirected Specificity: 0.3947
Undirected Precision: 0.3947
Undirected Recall: 0.8824
----------------------------------------
PERCENT:20 | ALPHA:0.01 | SEED:80
Directed Sensitivity: 0.5882
Directed Specificity: 0.7419
Directed Precision: 0.2941
Directed Recall: 0.5882
Undirected Sensitivity: 0.8235
Undirected Specificity: 0.4737
Undirected Precision: 0.4118
Undirected Recall: 0.8235
----------------------------------------
PERCENT:20 | ALPHA:0.01 | SEED:90
Directed Sensitivity: 0.6471
Directed Specificity: 0.7097
Directed Precision: 0.2895
Directed Recall: 0.6471
Undirected Sensitivity: 1.0000
Undirected Specificity: 0.4474
Undirected Precision: 0.4474
Undirected Recall: 1.0000
----------------------------------------
PERCENT:20 | ALPHA:0.01 | SEED:100
Directed Sensitivity: 0.9412
Directed Specificity: 0.7527
Directed Precision: 0.4103
Directed Recall: 0.9412
Undirected Sensitivity: 0.9412
Undirected Specificity: 0.3947
Undirected Precision: 0.4103
Undirected Recall: 0.9412
----------------------------------------
PERCENT:20 | ALPHA:0.01 | SEED:110
Directed Sensitivity: 0.7059
Directed Specificity: 0.7312
Directed Precision: 0.3243
Directed Recall: 0.7059
Undirected Sensitivity: 0.8824
Undirected Specificity: 0.4211
Undirected Precision: 0.4054
Undirected Recall: 0.8824
----------------------------------------
PERCENT:20 | ALPHA:0.01 | SEED:120
Directed Sensitivity: 0.7647
Directed Specificity: 0.7419
Directed Precision: 0.3514
Directed Recall: 0.7647
Undirected Sensitivity: 0.9412
Undirected Specificity: 0.4474
Undirected Precision: 0.4324
Undirected Recall: 0.9412
----------------------------------------
PERCENT:20 | ALPHA:0.01 | SEED:130
Directed Sensitivity: 0.7059
Directed Specificity: 0.7097
Directed Precision: 0.3077
Directed Recall: 0.7059
Undirected Sensitivity: 1.0000
Undirected Specificity: 0.4211
Undirected Precision: 0.4359
Undirected Recall: 1.0000
----------------------------------------
PERCENT:20 | ALPHA:0.01 | SEED:140
Directed Sensitivity: 0.5294
Directed Specificity: 0.7097
Directed Precision: 0.2500
Directed Recall: 0.5294
Undirected Sensitivity: 0.8235
Undirected Specificity: 0.4211
Undirected Precision: 0.3889
Undirected Recall: 0.8235
----------------------------------------
PERCENT:20 | ALPHA:0.01 | SEED:150
Directed Sensitivity: 0.4118
Directed Specificity: 0.6129
Directed Precision: 0.1628
Directed Recall: 0.4118
Undirected Sensitivity: 0.8824
Undirected Specificity: 0.2632
Undirected Precision: 0.3488
Undirected Recall: 0.8824
----------------------------------------
PERCENT:20 | ALPHA:0.01 | SEED:160
Directed Sensitivity: 0.7059
Directed Specificity: 0.6774
Directed Precision: 0.2857
Directed Recall: 0.7059
Undirected Sensitivity: 0.9412
Undirected Specificity: 0.3158
Undirected Precision: 0.3810
Undirected Recall: 0.9412
----------------------------------------
PERCENT:20 | ALPHA:0.01 | SEED:170
Directed Sensitivity: 0.6471
Directed Specificity: 0.6989
Directed Precision: 0.2821
Directed Recall: 0.6471
Undirected Sensitivity: 1.0000
Undirected Specificity: 0.4211
Undirected Precision: 0.4359
Undirected Recall: 1.0000
----------------------------------------
PERCENT:20 | ALPHA:0.01 | SEED:180
Directed Sensitivity: 0.5882
Directed Specificity: 0.6989
Directed Precision: 0.2632
Directed Recall: 0.5882
Undirected Sensitivity: 0.9412
Undirected Specificity: 0.4211
Undirected Precision: 0.4211
Undirected Recall: 0.9412
----------------------------------------
PERCENT:20 | ALPHA:0.01 | SEED:190
Directed Sensitivity: 0.5882
Directed Specificity: 0.7204
Directed Precision: 0.2778
Directed Recall: 0.5882
Undirected Sensitivity: 0.9412
Undirected Specificity: 0.4737
Undirected Precision: 0.4444
Undirected Recall: 0.9412
----------------------------------------
PERCENT:20 | ALPHA:0.01 | SEED:200
Directed Sensitivity: 0.6471
Directed Specificity: 0.7312
Directed Precision: 0.3056
Directed Recall: 0.6471
Undirected Sensitivity: 0.8824
Undirected Specificity: 0.4474
Undirected Precision: 0.4167
Undirected Recall: 0.8824
----------------------------------------
PERCENT:20 | ALPHA:0.01 | SEED:210
Directed Sensitivity: 0.8235
Directed Specificity: 0.7097
Directed Precision: 0.3415
Directed Recall: 0.8235
Undirected Sensitivity: 1.0000
Undirected Specificity: 0.3684
Undirected Precision: 0.4146
Undirected Recall: 1.0000
----------------------------------------
PERCENT:20 | ALPHA:0.01 | SEED:220
Directed Sensitivity: 0.5882
Directed Specificity: 0.7312
Directed Precision: 0.2857
Directed Recall: 0.5882
Undirected Sensitivity: 0.8235
Undirected Specificity: 0.4474
Undirected Precision: 0.4000
Undirected Recall: 0.8235
----------------------------------------
PERCENT:20 | ALPHA:0.01 | SEED:230
Directed Sensitivity: 0.5882
Directed Specificity: 0.7634
Directed Precision: 0.3125
Directed Recall: 0.5882
Undirected Sensitivity: 0.8824
Undirected Specificity: 0.5526
Undirected Precision: 0.4688
Undirected Recall: 0.8824
----------------------------------------
PERCENT:20 | ALPHA:0.01 | SEED:240
Directed Sensitivity: 0.7647
Directed Specificity: 0.7527
Directed Precision: 0.3611
Directed Recall: 0.7647
Undirected Sensitivity: 1.0000
Undirected Specificity: 0.5000
Undirected Precision: 0.4722
Undirected Recall: 1.0000
----------------------------------------
PERCENT:20 | ALPHA:0.01 | SEED:250
Directed Sensitivity: 0.8235
Directed Specificity: 0.7312
Directed Precision: 0.3590
Directed Recall: 0.8235
Undirected Sensitivity: 1.0000
Undirected Specificity: 0.4211
Undirected Precision: 0.4359
Undirected Recall: 1.0000
----------------------------------------
PERCENT:20 | ALPHA:0.01 | SEED:260
Directed Sensitivity: 0.6471
Directed Specificity: 0.7634
Directed Precision: 0.3333
Directed Recall: 0.6471
Undirected Sensitivity: 0.8235
Undirected Specificity: 0.5000
Undirected Precision: 0.4242
Undirected Recall: 0.8235
----------------------------------------
PERCENT:20 | ALPHA:0.01 | SEED:270
Directed Sensitivity: 0.7647
Directed Specificity: 0.7312
Directed Precision: 0.3421
Directed Recall: 0.7647
Undirected Sensitivity: 0.9412
Undirected Specificity: 0.4211
Undirected Precision: 0.4211
Undirected Recall: 0.9412
----------------------------------------
PERCENT:20 | ALPHA:0.01 | SEED:280
Directed Sensitivity: 0.8824
Directed Specificity: 0.7204
Directed Precision: 0.3659
Directed Recall: 0.8824
Undirected Sensitivity: 0.9412
Undirected Specificity: 0.3421
Undirected Precision: 0.3902
Undirected Recall: 0.9412
----------------------------------------
PERCENT:20 | ALPHA:0.01 | SEED:290
Directed Sensitivity: 0.6471
Directed Specificity: 0.6344
Directed Precision: 0.2444
Directed Recall: 0.6471
Undirected Sensitivity: 1.0000
Undirected Specificity: 0.2632
Undirected Precision: 0.3778
Undirected Recall: 1.0000
----------------------------------------
PERCENT:20 | ALPHA:0.01 | SEED:300
Directed Sensitivity: 0.4118
Directed Specificity: 0.7312
Directed Precision: 0.2188
Directed Recall: 0.4118
Undirected Sensitivity: 0.7647
Undirected Specificity: 0.5000
Undirected Precision: 0.4062
Undirected Recall: 0.7647
----------------------------------------
PERCENT:20 | ALPHA:0.05 | SEED:10
Directed Sensitivity: 0.5882
Directed Specificity: 0.6559
Directed Precision: 0.2381
Directed Recall: 0.5882
Undirected Sensitivity: 0.9412
Undirected Specificity: 0.3158
Undirected Precision: 0.3810
Undirected Recall: 0.9412
----------------------------------------
PERCENT:20 | ALPHA:0.05 | SEED:20
Directed Sensitivity: 0.5294
Directed Specificity: 0.6882
Directed Precision: 0.2368
Directed Recall: 0.5294
Undirected Sensitivity: 0.8824
Undirected Specificity: 0.3947
Undirected Precision: 0.3947
Undirected Recall: 0.8824
----------------------------------------
PERCENT:20 | ALPHA:0.05 | SEED:30
Directed Sensitivity: 0.6471
Directed Specificity: 0.7097
Directed Precision: 0.2895
Directed Recall: 0.6471
Undirected Sensitivity: 0.8824
Undirected Specificity: 0.3947
Undirected Precision: 0.3947
Undirected Recall: 0.8824
----------------------------------------
PERCENT:20 | ALPHA:0.05 | SEED:40
Directed Sensitivity: 0.7647
Directed Specificity: 0.6667
Directed Precision: 0.2955
Directed Recall: 0.7647
Undirected Sensitivity: 1.0000
Undirected Specificity: 0.2895
Undirected Precision: 0.3864
Undirected Recall: 1.0000
----------------------------------------
PERCENT:20 | ALPHA:0.05 | SEED:50
Directed Sensitivity: 0.6471
Directed Specificity: 0.6774
Directed Precision: 0.2683
Directed Recall: 0.6471
Undirected Sensitivity: 0.9412
Undirected Specificity: 0.3421
Undirected Precision: 0.3902
Undirected Recall: 0.9412
----------------------------------------
PERCENT:20 | ALPHA:0.05 | SEED:60
Directed Sensitivity: 0.7647
Directed Specificity: 0.6559
Directed Precision: 0.2889
Directed Recall: 0.7647
Undirected Sensitivity: 0.9412
Undirected Specificity: 0.2368
Undirected Precision: 0.3556
Undirected Recall: 0.9412
----------------------------------------
PERCENT:20 | ALPHA:0.05 | SEED:70
Directed Sensitivity: 0.7647
Directed Specificity: 0.6882
Directed Precision: 0.3095
Directed Recall: 0.7647
Undirected Sensitivity: 1.0000
Undirected Specificity: 0.3421
Undirected Precision: 0.4048
Undirected Recall: 1.0000
----------------------------------------
PERCENT:20 | ALPHA:0.05 | SEED:80
Directed Sensitivity: 0.4118
Directed Specificity: 0.6237
Directed Precision: 0.1667
Directed Recall: 0.4118
Undirected Sensitivity: 0.8235
Undirected Specificity: 0.2632
Undirected Precision: 0.3333
Undirected Recall: 0.8235
----------------------------------------
PERCENT:20 | ALPHA:0.05 | SEED:90
Directed Sensitivity: 0.7059
Directed Specificity: 0.7097
Directed Precision: 0.3077
Directed Recall: 0.7059
Undirected Sensitivity: 1.0000
Undirected Specificity: 0.4211
Undirected Precision: 0.4359
Undirected Recall: 1.0000
----------------------------------------
PERCENT:20 | ALPHA:0.05 | SEED:100
Directed Sensitivity: 0.8235
Directed Specificity: 0.7204
Directed Precision: 0.3500
Directed Recall: 0.8235
Undirected Sensitivity: 0.9412
Undirected Specificity: 0.3684
Undirected Precision: 0.4000
Undirected Recall: 0.9412
----------------------------------------
PERCENT:20 | ALPHA:0.05 | SEED:110
Directed Sensitivity: 0.5882
Directed Specificity: 0.7204
Directed Precision: 0.2778
Directed Recall: 0.5882
Undirected Sensitivity: 0.8824
Undirected Specificity: 0.4474
Undirected Precision: 0.4167
Undirected Recall: 0.8824
----------------------------------------
PERCENT:20 | ALPHA:0.05 | SEED:120
Directed Sensitivity: 0.4706
Directed Specificity: 0.6667
Directed Precision: 0.2051
Directed Recall: 0.4706
Undirected Sensitivity: 0.8824
Undirected Specificity: 0.3684
Undirected Precision: 0.3846
Undirected Recall: 0.8824
----------------------------------------
PERCENT:20 | ALPHA:0.05 | SEED:130
Directed Sensitivity: 0.6471
Directed Specificity: 0.6667
Directed Precision: 0.2619
Directed Recall: 0.6471
Undirected Sensitivity: 0.9412
Undirected Specificity: 0.3158
Undirected Precision: 0.3810
Undirected Recall: 0.9412
----------------------------------------
PERCENT:20 | ALPHA:0.05 | SEED:140
Directed Sensitivity: 0.7647
Directed Specificity: 0.7312
Directed Precision: 0.3421
Directed Recall: 0.7647
Undirected Sensitivity: 1.0000
Undirected Specificity: 0.4474
Undirected Precision: 0.4474
Undirected Recall: 1.0000
----------------------------------------
PERCENT:20 | ALPHA:0.05 | SEED:150
Directed Sensitivity: 0.6471
Directed Specificity: 0.6344
Directed Precision: 0.2444
Directed Recall: 0.6471
Undirected Sensitivity: 0.9412
Undirected Specificity: 0.2368
Undirected Precision: 0.3556
Undirected Recall: 0.9412
----------------------------------------
PERCENT:20 | ALPHA:0.05 | SEED:160
Directed Sensitivity: 0.7647
Directed Specificity: 0.6882
Directed Precision: 0.3095
Directed Recall: 0.7647
Undirected Sensitivity: 0.9412
Undirected Specificity: 0.3158
Undirected Precision: 0.3810
Undirected Recall: 0.9412
----------------------------------------
PERCENT:20 | ALPHA:0.05 | SEED:170
Directed Sensitivity: 0.5882
Directed Specificity: 0.6882
Directed Precision: 0.2564
Directed Recall: 0.5882
Undirected Sensitivity: 0.9412
Undirected Specificity: 0.3947
Undirected Precision: 0.4103
Undirected Recall: 0.9412
----------------------------------------
PERCENT:20 | ALPHA:0.05 | SEED:180
Directed Sensitivity: 0.7647
Directed Specificity: 0.6882
Directed Precision: 0.3095
Directed Recall: 0.7647
Undirected Sensitivity: 0.9412
Undirected Specificity: 0.3158
Undirected Precision: 0.3810
Undirected Recall: 0.9412
----------------------------------------
PERCENT:20 | ALPHA:0.05 | SEED:190
Directed Sensitivity: 0.6471
Directed Specificity: 0.7312
Directed Precision: 0.3056
Directed Recall: 0.6471
Undirected Sensitivity: 0.9412
Undirected Specificity: 0.4737
Undirected Precision: 0.4444
Undirected Recall: 0.9412
----------------------------------------
PERCENT:20 | ALPHA:0.05 | SEED:200
Directed Sensitivity: 0.8235
Directed Specificity: 0.6882
Directed Precision: 0.3256
Directed Recall: 0.8235
Undirected Sensitivity: 1.0000
Undirected Specificity: 0.3158
Undirected Precision: 0.3953
Undirected Recall: 1.0000
----------------------------------------
PERCENT:20 | ALPHA:0.05 | SEED:210
Directed Sensitivity: 1.0000
Directed Specificity: 0.7527
Directed Precision: 0.4250
Directed Recall: 1.0000
Undirected Sensitivity: 1.0000
Undirected Specificity: 0.3947
Undirected Precision: 0.4250
Undirected Recall: 1.0000
----------------------------------------
PERCENT:20 | ALPHA:0.05 | SEED:220
Directed Sensitivity: 0.8235
Directed Specificity: 0.7312
Directed Precision: 0.3590
Directed Recall: 0.8235
Undirected Sensitivity: 0.9412
Undirected Specificity: 0.3947
Undirected Precision: 0.4103
Undirected Recall: 0.9412
----------------------------------------
PERCENT:20 | ALPHA:0.05 | SEED:230
Directed Sensitivity: 0.3529
Directed Specificity: 0.6129
Directed Precision: 0.1429
Directed Recall: 0.3529
Undirected Sensitivity: 0.8235
Undirected Specificity: 0.2632
Undirected Precision: 0.3333
Undirected Recall: 0.8235
----------------------------------------
PERCENT:20 | ALPHA:0.05 | SEED:240
Directed Sensitivity: 0.7059
Directed Specificity: 0.7097
Directed Precision: 0.3077
Directed Recall: 0.7059
Undirected Sensitivity: 0.9412
Undirected Specificity: 0.3947
Undirected Precision: 0.4103
Undirected Recall: 0.9412
----------------------------------------
PERCENT:20 | ALPHA:0.05 | SEED:250
Directed Sensitivity: 0.7647
Directed Specificity: 0.6237
Directed Precision: 0.2708
Directed Recall: 0.7647
Undirected Sensitivity: 1.0000
Undirected Specificity: 0.1842
Undirected Precision: 0.3542
Undirected Recall: 1.0000
----------------------------------------
PERCENT:20 | ALPHA:0.05 | SEED:260
Directed Sensitivity: 0.5882
Directed Specificity: 0.6022
Directed Precision: 0.2128
Directed Recall: 0.5882
Undirected Sensitivity: 1.0000
Undirected Specificity: 0.2105
Undirected Precision: 0.3617
Undirected Recall: 1.0000
----------------------------------------
PERCENT:20 | ALPHA:0.05 | SEED:270
Directed Sensitivity: 0.5294
Directed Specificity: 0.6559
Directed Precision: 0.2195
Directed Recall: 0.5294
Undirected Sensitivity: 0.8235
Undirected Specificity: 0.2895
Undirected Precision: 0.3415
Undirected Recall: 0.8235
----------------------------------------
PERCENT:20 | ALPHA:0.05 | SEED:280
Directed Sensitivity: 0.6471
Directed Specificity: 0.6667
Directed Precision: 0.2619
Directed Recall: 0.6471
Undirected Sensitivity: 0.9412
Undirected Specificity: 0.3158
Undirected Precision: 0.3810
Undirected Recall: 0.9412
----------------------------------------
PERCENT:20 | ALPHA:0.05 | SEED:290
Directed Sensitivity: 0.7059
Directed Specificity: 0.7097
Directed Precision: 0.3077
Directed Recall: 0.7059
Undirected Sensitivity: 0.9412
Undirected Specificity: 0.3947
Undirected Precision: 0.4103
Undirected Recall: 0.9412
----------------------------------------
PERCENT:20 | ALPHA:0.05 | SEED:300
Directed Sensitivity: 0.6471
Directed Specificity: 0.6774
Directed Precision: 0.2683
Directed Recall: 0.6471
Undirected Sensitivity: 0.9412
Undirected Specificity: 0.3421
Undirected Precision: 0.3902
Undirected Recall: 0.9412
----------------------------------------
PERCENT:20 | ALPHA:0.1 | SEED:10
Directed Sensitivity: 0.8824
Directed Specificity: 0.7097
Directed Precision: 0.3571
Directed Recall: 0.8824
Undirected Sensitivity: 1.0000
Undirected Specificity: 0.3421
Undirected Precision: 0.4048
Undirected Recall: 1.0000
----------------------------------------
PERCENT:20 | ALPHA:0.1 | SEED:20
Directed Sensitivity: 0.8235
Directed Specificity: 0.6774
Directed Precision: 0.3182
Directed Recall: 0.8235
Undirected Sensitivity: 1.0000
Undirected Specificity: 0.2895
Undirected Precision: 0.3864
Undirected Recall: 1.0000
----------------------------------------
PERCENT:20 | ALPHA:0.1 | SEED:30
Directed Sensitivity: 0.6471
Directed Specificity: 0.6774
Directed Precision: 0.2683
Directed Recall: 0.6471
Undirected Sensitivity: 0.8824
Undirected Specificity: 0.3158
Undirected Precision: 0.3659
Undirected Recall: 0.8824
----------------------------------------
PERCENT:20 | ALPHA:0.1 | SEED:40
Directed Sensitivity: 0.6471
Directed Specificity: 0.6989
Directed Precision: 0.2821
Directed Recall: 0.6471
Undirected Sensitivity: 0.9412
Undirected Specificity: 0.3947
Undirected Precision: 0.4103
Undirected Recall: 0.9412
----------------------------------------
PERCENT:20 | ALPHA:0.1 | SEED:50
Directed Sensitivity: 0.6471
Directed Specificity: 0.6882
Directed Precision: 0.2750
Directed Recall: 0.6471
Undirected Sensitivity: 0.7647
Undirected Specificity: 0.2895
Undirected Precision: 0.3250
Undirected Recall: 0.7647
----------------------------------------
PERCENT:20 | ALPHA:0.1 | SEED:60
Directed Sensitivity: 0.6471
Directed Specificity: 0.6237
Directed Precision: 0.2391
Directed Recall: 0.6471
Undirected Sensitivity: 0.9412
Undirected Specificity: 0.2105
Undirected Precision: 0.3478
Undirected Recall: 0.9412
----------------------------------------
PERCENT:20 | ALPHA:0.1 | SEED:70
Directed Sensitivity: 0.8824
Directed Specificity: 0.6774
Directed Precision: 0.3333
Directed Recall: 0.8824
Undirected Sensitivity: 1.0000
Undirected Specificity: 0.2632
Undirected Precision: 0.3778
Undirected Recall: 1.0000
----------------------------------------
PERCENT:20 | ALPHA:0.1 | SEED:80
Directed Sensitivity: 0.4118
Directed Specificity: 0.6022
Directed Precision: 0.1591
Directed Recall: 0.4118
Undirected Sensitivity: 0.8235
Undirected Specificity: 0.2105
Undirected Precision: 0.3182
Undirected Recall: 0.8235
----------------------------------------
PERCENT:20 | ALPHA:0.1 | SEED:90
Directed Sensitivity: 0.5882
Directed Specificity: 0.6989
Directed Precision: 0.2632
Directed Recall: 0.5882
Undirected Sensitivity: 1.0000
Undirected Specificity: 0.4474
Undirected Precision: 0.4474
Undirected Recall: 1.0000
----------------------------------------
PERCENT:20 | ALPHA:0.1 | SEED:100
Directed Sensitivity: 0.7059
Directed Specificity: 0.6989
Directed Precision: 0.3000
Directed Recall: 0.7059
Undirected Sensitivity: 0.8824
Undirected Specificity: 0.3421
Undirected Precision: 0.3750
Undirected Recall: 0.8824
----------------------------------------
PERCENT:20 | ALPHA:0.1 | SEED:110
Directed Sensitivity: 0.8235
Directed Specificity: 0.7312
Directed Precision: 0.3590
Directed Recall: 0.8235
Undirected Sensitivity: 0.9412
Undirected Specificity: 0.3947
Undirected Precision: 0.4103
Undirected Recall: 0.9412
----------------------------------------
PERCENT:20 | ALPHA:0.1 | SEED:120
Directed Sensitivity: 0.8235
Directed Specificity: 0.6774
Directed Precision: 0.3182
Directed Recall: 0.8235
Undirected Sensitivity: 0.9412
Undirected Specificity: 0.2632
Undirected Precision: 0.3636
Undirected Recall: 0.9412
----------------------------------------
PERCENT:20 | ALPHA:0.1 | SEED:130
Directed Sensitivity: 0.5882
Directed Specificity: 0.6774
Directed Precision: 0.2500
Directed Recall: 0.5882
Undirected Sensitivity: 0.8824
Undirected Specificity: 0.3421
Undirected Precision: 0.3750
Undirected Recall: 0.8824
----------------------------------------
PERCENT:20 | ALPHA:0.1 | SEED:140
Directed Sensitivity: 0.6471
Directed Specificity: 0.6774
Directed Precision: 0.2683
Directed Recall: 0.6471
Undirected Sensitivity: 0.8824
Undirected Specificity: 0.3158
Undirected Precision: 0.3659
Undirected Recall: 0.8824
----------------------------------------
PERCENT:20 | ALPHA:0.1 | SEED:150
Directed Sensitivity: 0.4118
Directed Specificity: 0.6022
Directed Precision: 0.1591
Directed Recall: 0.4118
Undirected Sensitivity: 0.8824
Undirected Specificity: 0.2368
Undirected Precision: 0.3409
Undirected Recall: 0.8824
----------------------------------------
PERCENT:20 | ALPHA:0.1 | SEED:160
Directed Sensitivity: 0.8824
Directed Specificity: 0.7204
Directed Precision: 0.3659
Directed Recall: 0.8824
Undirected Sensitivity: 1.0000
Undirected Specificity: 0.3684
Undirected Precision: 0.4146
Undirected Recall: 1.0000
----------------------------------------
PERCENT:20 | ALPHA:0.1 | SEED:170
Directed Sensitivity: 0.6471
Directed Specificity: 0.6237
Directed Precision: 0.2391
Directed Recall: 0.6471
Undirected Sensitivity: 1.0000
Undirected Specificity: 0.2368
Undirected Precision: 0.3696
Undirected Recall: 1.0000
----------------------------------------
PERCENT:20 | ALPHA:0.1 | SEED:180
Directed Sensitivity: 0.4706
Directed Specificity: 0.6452
Directed Precision: 0.1951
Directed Recall: 0.4706
Undirected Sensitivity: 0.8824
Undirected Specificity: 0.3158
Undirected Precision: 0.3659
Undirected Recall: 0.8824
----------------------------------------
PERCENT:20 | ALPHA:0.1 | SEED:190
Directed Sensitivity: 0.4118
Directed Specificity: 0.6344
Directed Precision: 0.1707
Directed Recall: 0.4118
Undirected Sensitivity: 0.8824
Undirected Specificity: 0.3158
Undirected Precision: 0.3659
Undirected Recall: 0.8824
----------------------------------------
PERCENT:20 | ALPHA:0.1 | SEED:200
Directed Sensitivity: 0.6471
Directed Specificity: 0.7097
Directed Precision: 0.2895
Directed Recall: 0.6471
Undirected Sensitivity: 0.8235
Undirected Specificity: 0.3684
Undirected Precision: 0.3684
Undirected Recall: 0.8235
----------------------------------------
PERCENT:20 | ALPHA:0.1 | SEED:210
Directed Sensitivity: 0.7647
Directed Specificity: 0.7312
Directed Precision: 0.3421
Directed Recall: 0.7647
Undirected Sensitivity: 0.8824
Undirected Specificity: 0.3947
Undirected Precision: 0.3947
Undirected Recall: 0.8824
----------------------------------------
PERCENT:20 | ALPHA:0.1 | SEED:220
Directed Sensitivity: 0.7059
Directed Specificity: 0.6774
Directed Precision: 0.2857
Directed Recall: 0.7059
Undirected Sensitivity: 0.9412
Undirected Specificity: 0.3158
Undirected Precision: 0.3810
Undirected Recall: 0.9412
----------------------------------------
PERCENT:20 | ALPHA:0.1 | SEED:230
Directed Sensitivity: 0.7647
Directed Specificity: 0.6774
Directed Precision: 0.3023
Directed Recall: 0.7647
Undirected Sensitivity: 1.0000
Undirected Specificity: 0.3158
Undirected Precision: 0.3953
Undirected Recall: 1.0000
----------------------------------------
PERCENT:20 | ALPHA:0.1 | SEED:240
Directed Sensitivity: 0.7647
Directed Specificity: 0.6774
Directed Precision: 0.3023
Directed Recall: 0.7647
Undirected Sensitivity: 0.9412
Undirected Specificity: 0.2895
Undirected Precision: 0.3721
Undirected Recall: 0.9412
----------------------------------------
PERCENT:20 | ALPHA:0.1 | SEED:250
Directed Sensitivity: 0.5882
Directed Specificity: 0.6129
Directed Precision: 0.2174
Directed Recall: 0.5882
Undirected Sensitivity: 1.0000
Undirected Specificity: 0.2368
Undirected Precision: 0.3696
Undirected Recall: 1.0000
----------------------------------------
PERCENT:20 | ALPHA:0.1 | SEED:260
Directed Sensitivity: 0.5882
Directed Specificity: 0.6989
Directed Precision: 0.2632
Directed Recall: 0.5882
Undirected Sensitivity: 0.9412
Undirected Specificity: 0.4211
Undirected Precision: 0.4211
Undirected Recall: 0.9412
----------------------------------------
PERCENT:20 | ALPHA:0.1 | SEED:270
Directed Sensitivity: 0.9412
Directed Specificity: 0.7312
Directed Precision: 0.3902
Directed Recall: 0.9412
Undirected Sensitivity: 0.9412
Undirected Specificity: 0.3421
Undirected Precision: 0.3902
Undirected Recall: 0.9412
----------------------------------------
PERCENT:20 | ALPHA:0.1 | SEED:280
Directed Sensitivity: 0.7647
Directed Specificity: 0.7419
Directed Precision: 0.3514
Directed Recall: 0.7647
Undirected Sensitivity: 0.9412
Undirected Specificity: 0.4474
Undirected Precision: 0.4324
Undirected Recall: 0.9412
----------------------------------------
PERCENT:20 | ALPHA:0.1 | SEED:290
Directed Sensitivity: 0.7059
Directed Specificity: 0.6452
Directed Precision: 0.2667
Directed Recall: 0.7059
Undirected Sensitivity: 0.9412
Undirected Specificity: 0.2368
Undirected Precision: 0.3556
Undirected Recall: 0.9412
----------------------------------------
PERCENT:20 | ALPHA:0.1 | SEED:300
Directed Sensitivity: 0.8235
Directed Specificity: 0.7312
Directed Precision: 0.3590
Directed Recall: 0.8235
Undirected Sensitivity: 0.9412
Undirected Specificity: 0.3947
Undirected Precision: 0.4103
Undirected Recall: 0.9412
----------------------------------------
PERCENT:20 | ALPHA:0.2 | SEED:10
Directed Sensitivity: 0.6471
Directed Specificity: 0.6237
Directed Precision: 0.2391
Directed Recall: 0.6471
Undirected Sensitivity: 1.0000
Undirected Specificity: 0.2368
Undirected Precision: 0.3696
Undirected Recall: 1.0000
----------------------------------------
PERCENT:20 | ALPHA:0.2 | SEED:20
Directed Sensitivity: 0.8235
Directed Specificity: 0.6774
Directed Precision: 0.3182
Directed Recall: 0.8235
Undirected Sensitivity: 1.0000
Undirected Specificity: 0.2895
Undirected Precision: 0.3864
Undirected Recall: 1.0000
----------------------------------------
PERCENT:20 | ALPHA:0.2 | SEED:30
Directed Sensitivity: 0.8824
Directed Specificity: 0.6989
Directed Precision: 0.3488
Directed Recall: 0.8824
Undirected Sensitivity: 0.9412
Undirected Specificity: 0.2895
Undirected Precision: 0.3721
Undirected Recall: 0.9412
----------------------------------------
PERCENT:20 | ALPHA:0.2 | SEED:40
Directed Sensitivity: 0.4706
Directed Specificity: 0.6129
Directed Precision: 0.1818
Directed Recall: 0.4706
Undirected Sensitivity: 0.9412
Undirected Specificity: 0.2632
Undirected Precision: 0.3636
Undirected Recall: 0.9412
----------------------------------------
PERCENT:20 | ALPHA:0.2 | SEED:50
Directed Sensitivity: 0.7059
Directed Specificity: 0.6452
Directed Precision: 0.2667
Directed Recall: 0.7059
Undirected Sensitivity: 0.8824
Undirected Specificity: 0.2105
Undirected Precision: 0.3333
Undirected Recall: 0.8824
----------------------------------------
PERCENT:20 | ALPHA:0.2 | SEED:60
Directed Sensitivity: 0.5882
Directed Specificity: 0.6129
Directed Precision: 0.2174
Directed Recall: 0.5882
Undirected Sensitivity: 0.9412
Undirected Specificity: 0.2105
Undirected Precision: 0.3478
Undirected Recall: 0.9412
----------------------------------------
PERCENT:20 | ALPHA:0.2 | SEED:70
Directed Sensitivity: 0.7059
Directed Specificity: 0.6559
Directed Precision: 0.2727
Directed Recall: 0.7059
Undirected Sensitivity: 1.0000
Undirected Specificity: 0.2895
Undirected Precision: 0.3864
Undirected Recall: 1.0000
----------------------------------------
PERCENT:20 | ALPHA:0.2 | SEED:80
Directed Sensitivity: 0.8235
Directed Specificity: 0.6989
Directed Precision: 0.3333
Directed Recall: 0.8235
Undirected Sensitivity: 0.9412
Undirected Specificity: 0.3158
Undirected Precision: 0.3810
Undirected Recall: 0.9412
----------------------------------------
PERCENT:20 | ALPHA:0.2 | SEED:90
Directed Sensitivity: 0.2941
Directed Specificity: 0.6452
Directed Precision: 0.1316
Directed Recall: 0.2941
Undirected Sensitivity: 0.8824
Undirected Specificity: 0.3947
Undirected Precision: 0.3947
Undirected Recall: 0.8824
----------------------------------------
PERCENT:20 | ALPHA:0.2 | SEED:100
Directed Sensitivity: 0.7059
Directed Specificity: 0.6882
Directed Precision: 0.2927
Directed Recall: 0.7059
Undirected Sensitivity: 0.9412
Undirected Specificity: 0.3421
Undirected Precision: 0.3902
Undirected Recall: 0.9412
----------------------------------------
PERCENT:20 | ALPHA:0.2 | SEED:110
Directed Sensitivity: 0.7059
Directed Specificity: 0.6667
Directed Precision: 0.2791
Directed Recall: 0.7059
Undirected Sensitivity: 1.0000
Undirected Specificity: 0.3158
Undirected Precision: 0.3953
Undirected Recall: 1.0000
----------------------------------------
PERCENT:20 | ALPHA:0.2 | SEED:120
Directed Sensitivity: 0.7647
Directed Specificity: 0.6774
Directed Precision: 0.3023
Directed Recall: 0.7647
Undirected Sensitivity: 0.8824
Undirected Specificity: 0.2632
Undirected Precision: 0.3488
Undirected Recall: 0.8824
----------------------------------------
PERCENT:20 | ALPHA:0.2 | SEED:130
Directed Sensitivity: 0.5882
Directed Specificity: 0.6344
Directed Precision: 0.2273
Directed Recall: 0.5882
Undirected Sensitivity: 0.9412
Undirected Specificity: 0.2632
Undirected Precision: 0.3636
Undirected Recall: 0.9412
----------------------------------------
PERCENT:20 | ALPHA:0.2 | SEED:140
Directed Sensitivity: 0.5882
Directed Specificity: 0.6237
Directed Precision: 0.2222
Directed Recall: 0.5882
Undirected Sensitivity: 0.8824
Undirected Specificity: 0.2105
Undirected Precision: 0.3333
Undirected Recall: 0.8824
----------------------------------------
PERCENT:20 | ALPHA:0.2 | SEED:150
Directed Sensitivity: 0.6471
Directed Specificity: 0.6237
Directed Precision: 0.2391
Directed Recall: 0.6471
Undirected Sensitivity: 0.8824
Undirected Specificity: 0.1842
Undirected Precision: 0.3261
Undirected Recall: 0.8824
----------------------------------------
PERCENT:20 | ALPHA:0.2 | SEED:160
Directed Sensitivity: 0.8235
Directed Specificity: 0.6882
Directed Precision: 0.3256
Directed Recall: 0.8235
Undirected Sensitivity: 0.9412
Undirected Specificity: 0.2895
Undirected Precision: 0.3721
Undirected Recall: 0.9412
----------------------------------------
PERCENT:20 | ALPHA:0.2 | SEED:170
Directed Sensitivity: 0.8235
Directed Specificity: 0.6344
Directed Precision: 0.2917
Directed Recall: 0.8235
Undirected Sensitivity: 1.0000
Undirected Specificity: 0.1842
Undirected Precision: 0.3542
Undirected Recall: 1.0000
----------------------------------------
PERCENT:20 | ALPHA:0.2 | SEED:180
Directed Sensitivity: 0.7647
Directed Specificity: 0.6667
Directed Precision: 0.2955
Directed Recall: 0.7647
Undirected Sensitivity: 0.9412
Undirected Specificity: 0.2632
Undirected Precision: 0.3636
Undirected Recall: 0.9412
----------------------------------------
PERCENT:20 | ALPHA:0.2 | SEED:190
Directed Sensitivity: 0.5294
Directed Specificity: 0.6452
Directed Precision: 0.2143
Directed Recall: 0.5294
Undirected Sensitivity: 0.9412
Undirected Specificity: 0.3158
Undirected Precision: 0.3810
Undirected Recall: 0.9412
----------------------------------------
PERCENT:20 | ALPHA:0.2 | SEED:200
Directed Sensitivity: 0.6471
Directed Specificity: 0.6452
Directed Precision: 0.2500
Directed Recall: 0.6471
Undirected Sensitivity: 0.8824
Undirected Specificity: 0.2368
Undirected Precision: 0.3409
Undirected Recall: 0.8824
----------------------------------------
PERCENT:20 | ALPHA:0.2 | SEED:210
Directed Sensitivity: 0.5294
Directed Specificity: 0.6344
Directed Precision: 0.2093
Directed Recall: 0.5294
Undirected Sensitivity: 0.9412
Undirected Specificity: 0.2895
Undirected Precision: 0.3721
Undirected Recall: 0.9412
----------------------------------------
PERCENT:20 | ALPHA:0.2 | SEED:220
Directed Sensitivity: 0.7059
Directed Specificity: 0.6774
Directed Precision: 0.2857
Directed Recall: 0.7059
Undirected Sensitivity: 0.8824
Undirected Specificity: 0.2895
Undirected Precision: 0.3571
Undirected Recall: 0.8824
----------------------------------------
PERCENT:20 | ALPHA:0.2 | SEED:230
Directed Sensitivity: 0.6471
Directed Specificity: 0.6882
Directed Precision: 0.2750
Directed Recall: 0.6471
Undirected Sensitivity: 0.8824
Undirected Specificity: 0.3421
Undirected Precision: 0.3750
Undirected Recall: 0.8824
----------------------------------------
PERCENT:20 | ALPHA:0.2 | SEED:240
Directed Sensitivity: 0.7059
Directed Specificity: 0.6452
Directed Precision: 0.2667
Directed Recall: 0.7059
Undirected Sensitivity: 1.0000
Undirected Specificity: 0.2632
Undirected Precision: 0.3778
Undirected Recall: 1.0000
----------------------------------------
PERCENT:20 | ALPHA:0.2 | SEED:250
Directed Sensitivity: 0.8235
Directed Specificity: 0.7097
Directed Precision: 0.3415
Directed Recall: 0.8235
Undirected Sensitivity: 0.9412
Undirected Specificity: 0.3421
Undirected Precision: 0.3902
Undirected Recall: 0.9412
----------------------------------------
PERCENT:20 | ALPHA:0.2 | SEED:260
Directed Sensitivity: 0.7647
Directed Specificity: 0.7204
Directed Precision: 0.3333
Directed Recall: 0.7647
Undirected Sensitivity: 1.0000
Undirected Specificity: 0.4211
Undirected Precision: 0.4359
Undirected Recall: 1.0000
----------------------------------------
PERCENT:20 | ALPHA:0.2 | SEED:270
Directed Sensitivity: 0.7059
Directed Specificity: 0.6989
Directed Precision: 0.3000
Directed Recall: 0.7059
Undirected Sensitivity: 0.8824
Undirected Specificity: 0.3421
Undirected Precision: 0.3750
Undirected Recall: 0.8824
----------------------------------------
PERCENT:20 | ALPHA:0.2 | SEED:280
Directed Sensitivity: 0.8235
Directed Specificity: 0.6774
Directed Precision: 0.3182
Directed Recall: 0.8235
Undirected Sensitivity: 1.0000
Undirected Specificity: 0.2895
Undirected Precision: 0.3864
Undirected Recall: 1.0000
----------------------------------------
PERCENT:20 | ALPHA:0.2 | SEED:290
Directed Sensitivity: 0.7059
Directed Specificity: 0.6989
Directed Precision: 0.3000
Directed Recall: 0.7059
Undirected Sensitivity: 0.8824
Undirected Specificity: 0.3421
Undirected Precision: 0.3750
Undirected Recall: 0.8824
----------------------------------------
PERCENT:20 | ALPHA:0.2 | SEED:300
Directed Sensitivity: 0.7647
Directed Specificity: 0.6452
Directed Precision: 0.2826
Directed Recall: 0.7647
Undirected Sensitivity: 0.9412
Undirected Specificity: 0.2105
Undirected Precision: 0.3478
Undirected Recall: 0.9412
----------------------------------------
