PERCENT:20 | ALPHA:0.01 | SEED:10
Directed Sensitivity: 0.5294
Directed Specificity: 0.7849
Directed Precision: 0.3103
Directed Recall: 0.5294
Undirected Sensitivity: 0.5294
Undirected Specificity: 0.4737
Undirected Precision: 0.3103
Undirected Recall: 0.5294
----------------------------------------
PERCENT:20 | ALPHA:0.01 | SEED:20
Directed Sensitivity: 0.5294
Directed Specificity: 0.8065
Directed Precision: 0.3333
Directed Recall: 0.5294
Undirected Sensitivity: 0.7059
Undirected Specificity: 0.6053
Undirected Precision: 0.4444
Undirected Recall: 0.7059
----------------------------------------
PERCENT:20 | ALPHA:0.01 | SEED:30
Directed Sensitivity: 0.4118
Directed Specificity: 0.8172
Directed Precision: 0.2917
Directed Recall: 0.4118
Undirected Sensitivity: 0.5882
Undirected Specificity: 0.6316
Undirected Precision: 0.4167
Undirected Recall: 0.5882
----------------------------------------
PERCENT:20 | ALPHA:0.01 | SEED:40
Directed Sensitivity: 0.5882
Directed Specificity: 0.8280
Directed Precision: 0.3846
Directed Recall: 0.5882
Undirected Sensitivity: 0.6471
Undirected Specificity: 0.6053
Undirected Precision: 0.4231
Undirected Recall: 0.6471
----------------------------------------
PERCENT:20 | ALPHA:0.01 | SEED:50
Directed Sensitivity: 0.4706
Directed Specificity: 0.7742
Directed Precision: 0.2759
Directed Recall: 0.4706
Undirected Sensitivity: 0.5882
Undirected Specificity: 0.5000
Undirected Precision: 0.3448
Undirected Recall: 0.5882
----------------------------------------
PERCENT:20 | ALPHA:0.01 | SEED:60
Directed Sensitivity: 0.4118
Directed Specificity: 0.8280
Directed Precision: 0.3043
Directed Recall: 0.4118
Undirected Sensitivity: 0.5294
Undirected Specificity: 0.6316
Undirected Precision: 0.3913
Undirected Recall: 0.5294
----------------------------------------
PERCENT:20 | ALPHA:0.01 | SEED:70
Directed Sensitivity: 0.3529
Directed Specificity: 0.8280
Directed Precision: 0.2727
Directed Recall: 0.3529
Undirected Sensitivity: 0.3529
Undirected Specificity: 0.5789
Undirected Precision: 0.2727
Undirected Recall: 0.3529
----------------------------------------
PERCENT:20 | ALPHA:0.01 | SEED:80
Directed Sensitivity: 0.3529
Directed Specificity: 0.7527
Directed Precision: 0.2069
Directed Recall: 0.3529
Undirected Sensitivity: 0.6471
Undirected Specificity: 0.5263
Undirected Precision: 0.3793
Undirected Recall: 0.6471
----------------------------------------
PERCENT:20 | ALPHA:0.01 | SEED:90
Directed Sensitivity: 0.4118
Directed Specificity: 0.7527
Directed Precision: 0.2333
Directed Recall: 0.4118
Undirected Sensitivity: 0.5882
Undirected Specificity: 0.4737
Undirected Precision: 0.3333
Undirected Recall: 0.5882
----------------------------------------
PERCENT:20 | ALPHA:0.01 | SEED:100
Directed Sensitivity: 0.4706
Directed Specificity: 0.8495
Directed Precision: 0.3636
Directed Recall: 0.4706
Undirected Sensitivity: 0.5294
Undirected Specificity: 0.6579
Undirected Precision: 0.4091
Undirected Recall: 0.5294
----------------------------------------
PERCENT:20 | ALPHA:0.01 | SEED:110
Directed Sensitivity: 0.2941
Directed Specificity: 0.7849
Directed Precision: 0.2000
Directed Recall: 0.2941
Undirected Sensitivity: 0.5294
Undirected Specificity: 0.5789
Undirected Precision: 0.3600
Undirected Recall: 0.5294
----------------------------------------
PERCENT:20 | ALPHA:0.01 | SEED:120
Directed Sensitivity: 0.5294
Directed Specificity: 0.7849
Directed Precision: 0.3103
Directed Recall: 0.5294
Undirected Sensitivity: 0.6471
Undirected Specificity: 0.5263
Undirected Precision: 0.3793
Undirected Recall: 0.6471
----------------------------------------
PERCENT:20 | ALPHA:0.01 | SEED:130
Directed Sensitivity: 0.4118
Directed Specificity: 0.7957
Directed Precision: 0.2692
Directed Recall: 0.4118
Undirected Sensitivity: 0.4706
Undirected Specificity: 0.5263
Undirected Precision: 0.3077
Undirected Recall: 0.4706
----------------------------------------
PERCENT:20 | ALPHA:0.01 | SEED:140
Directed Sensitivity: 0.2353
Directed Specificity: 0.7849
Directed Precision: 0.1667
Directed Recall: 0.2353
Undirected Sensitivity: 0.5294
Undirected Specificity: 0.6053
Undirected Precision: 0.3750
Undirected Recall: 0.5294
----------------------------------------
PERCENT:20 | ALPHA:0.01 | SEED:150
Directed Sensitivity: 0.4118
Directed Specificity: 0.8495
Directed Precision: 0.3333
Directed Recall: 0.4118
Undirected Sensitivity: 0.4706
Undirected Specificity: 0.6579
Undirected Precision: 0.3810
Undirected Recall: 0.4706
----------------------------------------
PERCENT:20 | ALPHA:0.01 | SEED:160
Directed Sensitivity: 0.4706
Directed Specificity: 0.7849
Directed Precision: 0.2857
Directed Recall: 0.4706
Undirected Sensitivity: 0.7059
Undirected Specificity: 0.5789
Undirected Precision: 0.4286
Undirected Recall: 0.7059
----------------------------------------
PERCENT:20 | ALPHA:0.01 | SEED:170
Directed Sensitivity: 0.3529
Directed Specificity: 0.7634
Directed Precision: 0.2143
Directed Recall: 0.3529
Undirected Sensitivity: 0.6471
Undirected Specificity: 0.5526
Undirected Precision: 0.3929
Undirected Recall: 0.6471
----------------------------------------
PERCENT:20 | ALPHA:0.01 | SEED:180
Directed Sensitivity: 0.2941
Directed Specificity: 0.7849
Directed Precision: 0.2000
Directed Recall: 0.2941
Undirected Sensitivity: 0.4706
Undirected Specificity: 0.5526
Undirected Precision: 0.3200
Undirected Recall: 0.4706
----------------------------------------
PERCENT:20 | ALPHA:0.01 | SEED:190
Directed Sensitivity: 0.5882
Directed Specificity: 0.8710
Directed Precision: 0.4545
Directed Recall: 0.5882
Undirected Sensitivity: 0.7647
Undirected Specificity: 0.7632
Undirected Precision: 0.5909
Undirected Recall: 0.7647
----------------------------------------
PERCENT:20 | ALPHA:0.01 | SEED:200
Directed Sensitivity: 0.2941
Directed Specificity: 0.8495
Directed Precision: 0.2632
Directed Recall: 0.2941
Undirected Sensitivity: 0.3529
Undirected Specificity: 0.6579
Undirected Precision: 0.3158
Undirected Recall: 0.3529
----------------------------------------
PERCENT:20 | ALPHA:0.01 | SEED:210
Directed Sensitivity: 0.4706
Directed Specificity: 0.7527
Directed Precision: 0.2581
Directed Recall: 0.4706
Undirected Sensitivity: 0.5294
Undirected Specificity: 0.4211
Undirected Precision: 0.2903
Undirected Recall: 0.5294
----------------------------------------
PERCENT:20 | ALPHA:0.01 | SEED:220
Directed Sensitivity: 0.4118
Directed Specificity: 0.7634
Directed Precision: 0.2414
Directed Recall: 0.4118
Undirected Sensitivity: 0.4706
Undirected Specificity: 0.4474
Undirected Precision: 0.2759
Undirected Recall: 0.4706
----------------------------------------
PERCENT:20 | ALPHA:0.01 | SEED:230
Directed Sensitivity: 0.2941
Directed Specificity: 0.7634
Directed Precision: 0.1852
Directed Recall: 0.2941
Undirected Sensitivity: 0.5882
Undirected Specificity: 0.5526
Undirected Precision: 0.3704
Undirected Recall: 0.5882
----------------------------------------
PERCENT:20 | ALPHA:0.01 | SEED:240
Directed Sensitivity: 0.2941
Directed Specificity: 0.7849
Directed Precision: 0.2000
Directed Recall: 0.2941
Undirected Sensitivity: 0.6471
Undirected Specificity: 0.6316
Undirected Precision: 0.4400
Undirected Recall: 0.6471
----------------------------------------
PERCENT:20 | ALPHA:0.01 | SEED:250
Directed Sensitivity: 0.2353
Directed Specificity: 0.8065
Directed Precision: 0.1818
Directed Recall: 0.2353
Undirected Sensitivity: 0.2941
Undirected Specificity: 0.5526
Undirected Precision: 0.2273
Undirected Recall: 0.2941
----------------------------------------
PERCENT:20 | ALPHA:0.01 | SEED:260
Directed Sensitivity: 0.3529
Directed Specificity: 0.7849
Directed Precision: 0.2308
Directed Recall: 0.3529
Undirected Sensitivity: 0.5294
Undirected Specificity: 0.5526
Undirected Precision: 0.3462
Undirected Recall: 0.5294
----------------------------------------
PERCENT:20 | ALPHA:0.01 | SEED:270
Directed Sensitivity: 0.2353
Directed Specificity: 0.8387
Directed Precision: 0.2105
Directed Recall: 0.2353
Undirected Sensitivity: 0.3529
Undirected Specificity: 0.6579
Undirected Precision: 0.3158
Undirected Recall: 0.3529
----------------------------------------
PERCENT:20 | ALPHA:0.01 | SEED:280
Directed Sensitivity: 0.2353
Directed Specificity: 0.7634
Directed Precision: 0.1538
Directed Recall: 0.2353
Undirected Sensitivity: 0.5294
Undirected Specificity: 0.5526
Undirected Precision: 0.3462
Undirected Recall: 0.5294
----------------------------------------
PERCENT:20 | ALPHA:0.01 | SEED:290
Directed Sensitivity: 0.4118
Directed Specificity: 0.7849
Directed Precision: 0.2593
Directed Recall: 0.4118
Undirected Sensitivity: 0.5294
Undirected Specificity: 0.5263
Undirected Precision: 0.3333
Undirected Recall: 0.5294
----------------------------------------
PERCENT:20 | ALPHA:0.01 | SEED:300
Directed Sensitivity: 0.4118
Directed Specificity: 0.8495
Directed Precision: 0.3333
Directed Recall: 0.4118
Undirected Sensitivity: 0.5294
Undirected Specificity: 0.6842
Undirected Precision: 0.4286
Undirected Recall: 0.5294
----------------------------------------
PERCENT:20 | ALPHA:0.05 | SEED:10
Directed Sensitivity: 0.4118
Directed Specificity: 0.7849
Directed Precision: 0.2593
Directed Recall: 0.4118
Undirected Sensitivity: 0.6471
Undirected Specificity: 0.5789
Undirected Precision: 0.4074
Undirected Recall: 0.6471
----------------------------------------
PERCENT:20 | ALPHA:0.05 | SEED:20
Directed Sensitivity: 0.5294
Directed Specificity: 0.8280
Directed Precision: 0.3600
Directed Recall: 0.5294
Undirected Sensitivity: 0.6471
Undirected Specificity: 0.6316
Undirected Precision: 0.4400
Undirected Recall: 0.6471
----------------------------------------
PERCENT:20 | ALPHA:0.05 | SEED:30
Directed Sensitivity: 0.5294
Directed Specificity: 0.7849
Directed Precision: 0.3103
Directed Recall: 0.5294
Undirected Sensitivity: 0.5294
Undirected Specificity: 0.4737
Undirected Precision: 0.3103
Undirected Recall: 0.5294
----------------------------------------
PERCENT:20 | ALPHA:0.05 | SEED:40
Directed Sensitivity: 0.3529
Directed Specificity: 0.7419
Directed Precision: 0.2000
Directed Recall: 0.3529
Undirected Sensitivity: 0.7059
Undirected Specificity: 0.5263
Undirected Precision: 0.4000
Undirected Recall: 0.7059
----------------------------------------
PERCENT:20 | ALPHA:0.05 | SEED:50
Directed Sensitivity: 0.1765
Directed Specificity: 0.8280
Directed Precision: 0.1579
Directed Recall: 0.1765
Undirected Sensitivity: 0.2941
Undirected Specificity: 0.6316
Undirected Precision: 0.2632
Undirected Recall: 0.2941
----------------------------------------
PERCENT:20 | ALPHA:0.05 | SEED:60
Directed Sensitivity: 0.2353
Directed Specificity: 0.7634
Directed Precision: 0.1538
Directed Recall: 0.2353
Undirected Sensitivity: 0.4118
Undirected Specificity: 0.5000
Undirected Precision: 0.2692
Undirected Recall: 0.4118
----------------------------------------
PERCENT:20 | ALPHA:0.05 | SEED:70
Directed Sensitivity: 0.4118
Directed Specificity: 0.8065
Directed Precision: 0.2800
Directed Recall: 0.4118
Undirected Sensitivity: 0.6471
Undirected Specificity: 0.6316
Undirected Precision: 0.4400
Undirected Recall: 0.6471
----------------------------------------
PERCENT:20 | ALPHA:0.05 | SEED:80
Directed Sensitivity: 0.4118
Directed Specificity: 0.8172
Directed Precision: 0.2917
Directed Recall: 0.4118
Undirected Sensitivity: 0.5294
Undirected Specificity: 0.6053
Undirected Precision: 0.3750
Undirected Recall: 0.5294
----------------------------------------
PERCENT:20 | ALPHA:0.05 | SEED:90
Directed Sensitivity: 0.2941
Directed Specificity: 0.7419
Directed Precision: 0.1724
Directed Recall: 0.2941
Undirected Sensitivity: 0.6471
Undirected Specificity: 0.5263
Undirected Precision: 0.3793
Undirected Recall: 0.6471
----------------------------------------
PERCENT:20 | ALPHA:0.05 | SEED:100
Directed Sensitivity: 0.4118
Directed Specificity: 0.8602
Directed Precision: 0.3500
Directed Recall: 0.4118
Undirected Sensitivity: 0.4706
Undirected Specificity: 0.6842
Undirected Precision: 0.4000
Undirected Recall: 0.4706
----------------------------------------
PERCENT:20 | ALPHA:0.05 | SEED:110
Directed Sensitivity: 0.3529
Directed Specificity: 0.7634
Directed Precision: 0.2143
Directed Recall: 0.3529
Undirected Sensitivity: 0.7059
Undirected Specificity: 0.5789
Undirected Precision: 0.4286
Undirected Recall: 0.7059
----------------------------------------
PERCENT:20 | ALPHA:0.05 | SEED:120
Directed Sensitivity: 0.4118
Directed Specificity: 0.8065
Directed Precision: 0.2800
Directed Recall: 0.4118
Undirected Sensitivity: 0.5882
Undirected Specificity: 0.6053
Undirected Precision: 0.4000
Undirected Recall: 0.5882
----------------------------------------
PERCENT:20 | ALPHA:0.05 | SEED:130
Directed Sensitivity: 0.5294
Directed Specificity: 0.8602
Directed Precision: 0.4091
Directed Recall: 0.5294
Undirected Sensitivity: 0.7059
Undirected Specificity: 0.7368
Undirected Precision: 0.5455
Undirected Recall: 0.7059
----------------------------------------
PERCENT:20 | ALPHA:0.05 | SEED:140
Directed Sensitivity: 0.5882
Directed Specificity: 0.7634
Directed Precision: 0.3125
Directed Recall: 0.5882
Undirected Sensitivity: 0.6471
Undirected Specificity: 0.4474
Undirected Precision: 0.3438
Undirected Recall: 0.6471
----------------------------------------
PERCENT:20 | ALPHA:0.05 | SEED:150
Directed Sensitivity: 0.2941
Directed Specificity: 0.7527
Directed Precision: 0.1786
Directed Recall: 0.2941
Undirected Sensitivity: 0.4706
Undirected Specificity: 0.4737
Undirected Precision: 0.2857
Undirected Recall: 0.4706
----------------------------------------
PERCENT:20 | ALPHA:0.05 | SEED:160
Directed Sensitivity: 0.2941
Directed Specificity: 0.7634
Directed Precision: 0.1852
Directed Recall: 0.2941
Undirected Sensitivity: 0.5294
Undirected Specificity: 0.5263
Undirected Precision: 0.3333
Undirected Recall: 0.5294
----------------------------------------
PERCENT:20 | ALPHA:0.05 | SEED:170
Directed Sensitivity: 0.4118
Directed Specificity: 0.8065
Directed Precision: 0.2800
Directed Recall: 0.4118
Undirected Sensitivity: 0.6471
Undirected Specificity: 0.6316
Undirected Precision: 0.4400
Undirected Recall: 0.6471
----------------------------------------
PERCENT:20 | ALPHA:0.05 | SEED:180
Directed Sensitivity: 0.2353
Directed Specificity: 0.8172
Directed Precision: 0.1905
Directed Recall: 0.2353
Undirected Sensitivity: 0.4118
Undirected Specificity: 0.6316
Undirected Precision: 0.3333
Undirected Recall: 0.4118
----------------------------------------
PERCENT:20 | ALPHA:0.05 | SEED:190
Directed Sensitivity: 0.4706
Directed Specificity: 0.7849
Directed Precision: 0.2857
Directed Recall: 0.4706
Undirected Sensitivity: 0.5294
Undirected Specificity: 0.5000
Undirected Precision: 0.3214
Undirected Recall: 0.5294
----------------------------------------
PERCENT:20 | ALPHA:0.05 | SEED:200
Directed Sensitivity: 0.2941
Directed Specificity: 0.8172
Directed Precision: 0.2273
Directed Recall: 0.2941
Undirected Sensitivity: 0.3529
Undirected Specificity: 0.5789
Undirected Precision: 0.2727
Undirected Recall: 0.3529
----------------------------------------
PERCENT:20 | ALPHA:0.05 | SEED:210
Directed Sensitivity: 0.2941
Directed Specificity: 0.7849
Directed Precision: 0.2000
Directed Recall: 0.2941
Undirected Sensitivity: 0.5882
Undirected Specificity: 0.6053
Undirected Precision: 0.4000
Undirected Recall: 0.5882
----------------------------------------
PERCENT:20 | ALPHA:0.05 | SEED:220
Directed Sensitivity: 0.5294
Directed Specificity: 0.7634
Directed Precision: 0.2903
Directed Recall: 0.5294
Undirected Sensitivity: 0.7059
Undirected Specificity: 0.5000
Undirected Precision: 0.3871
Undirected Recall: 0.7059
----------------------------------------
PERCENT:20 | ALPHA:0.05 | SEED:230
Directed Sensitivity: 0.3529
Directed Specificity: 0.7957
Directed Precision: 0.2400
Directed Recall: 0.3529
Undirected Sensitivity: 0.6471
Undirected Specificity: 0.6316
Undirected Precision: 0.4400
Undirected Recall: 0.6471
----------------------------------------
PERCENT:20 | ALPHA:0.05 | SEED:240
Directed Sensitivity: 0.2353
Directed Specificity: 0.7634
Directed Precision: 0.1538
Directed Recall: 0.2353
Undirected Sensitivity: 0.5882
Undirected Specificity: 0.5789
Undirected Precision: 0.3846
Undirected Recall: 0.5882
----------------------------------------
PERCENT:20 | ALPHA:0.05 | SEED:250
Directed Sensitivity: 0.3529
Directed Specificity: 0.7957
Directed Precision: 0.2400
Directed Recall: 0.3529
Undirected Sensitivity: 0.5294
Undirected Specificity: 0.5789
Undirected Precision: 0.3600
Undirected Recall: 0.5294
----------------------------------------
PERCENT:20 | ALPHA:0.05 | SEED:260
Directed Sensitivity: 0.4118
Directed Specificity: 0.8065
Directed Precision: 0.2800
Directed Recall: 0.4118
Undirected Sensitivity: 0.5294
Undirected Specificity: 0.5789
Undirected Precision: 0.3600
Undirected Recall: 0.5294
----------------------------------------
PERCENT:20 | ALPHA:0.05 | SEED:270
Directed Sensitivity: 0.3529
Directed Specificity: 0.8172
Directed Precision: 0.2609
Directed Recall: 0.3529
Undirected Sensitivity: 0.4706
Undirected Specificity: 0.6053
Undirected Precision: 0.3478
Undirected Recall: 0.4706
----------------------------------------
PERCENT:20 | ALPHA:0.05 | SEED:280
Directed Sensitivity: 0.4118
Directed Specificity: 0.7849
Directed Precision: 0.2593
Directed Recall: 0.4118
Undirected Sensitivity: 0.5294
Undirected Specificity: 0.5263
Undirected Precision: 0.3333
Undirected Recall: 0.5294
----------------------------------------
PERCENT:20 | ALPHA:0.05 | SEED:290
Directed Sensitivity: 0.3529
Directed Specificity: 0.7849
Directed Precision: 0.2308
Directed Recall: 0.3529
Undirected Sensitivity: 0.5882
Undirected Specificity: 0.5789
Undirected Precision: 0.3846
Undirected Recall: 0.5882
----------------------------------------
PERCENT:20 | ALPHA:0.05 | SEED:300
Directed Sensitivity: 0.3529
Directed Specificity: 0.8710
Directed Precision: 0.3333
Directed Recall: 0.3529
Undirected Sensitivity: 0.4118
Undirected Specificity: 0.7105
Undirected Precision: 0.3889
Undirected Recall: 0.4118
----------------------------------------
PERCENT:20 | ALPHA:0.1 | SEED:10
Directed Sensitivity: 0.4118
Directed Specificity: 0.7957
Directed Precision: 0.2692
Directed Recall: 0.4118
Undirected Sensitivity: 0.5882
Undirected Specificity: 0.5789
Undirected Precision: 0.3846
Undirected Recall: 0.5882
----------------------------------------
PERCENT:20 | ALPHA:0.1 | SEED:20
Directed Sensitivity: 0.6471
Directed Specificity: 0.8602
Directed Precision: 0.4583
Directed Recall: 0.6471
Undirected Sensitivity: 0.7059
Undirected Specificity: 0.6842
Undirected Precision: 0.5000
Undirected Recall: 0.7059
----------------------------------------
PERCENT:20 | ALPHA:0.1 | SEED:30
Directed Sensitivity: 0.3529
Directed Specificity: 0.7419
Directed Precision: 0.2000
Directed Recall: 0.3529
Undirected Sensitivity: 0.6471
Undirected Specificity: 0.5000
Undirected Precision: 0.3667
Undirected Recall: 0.6471
----------------------------------------
PERCENT:20 | ALPHA:0.1 | SEED:40
Directed Sensitivity: 0.4118
Directed Specificity: 0.8602
Directed Precision: 0.3500
Directed Recall: 0.4118
Undirected Sensitivity: 0.4706
Undirected Specificity: 0.6842
Undirected Precision: 0.4000
Undirected Recall: 0.4706
----------------------------------------
PERCENT:20 | ALPHA:0.1 | SEED:50
Directed Sensitivity: 0.5294
Directed Specificity: 0.7634
Directed Precision: 0.2903
Directed Recall: 0.5294
Undirected Sensitivity: 0.7059
Undirected Specificity: 0.5000
Undirected Precision: 0.3871
Undirected Recall: 0.7059
----------------------------------------
PERCENT:20 | ALPHA:0.1 | SEED:60
Directed Sensitivity: 0.4706
Directed Specificity: 0.8172
Directed Precision: 0.3200
Directed Recall: 0.4706
Undirected Sensitivity: 0.4706
Undirected Specificity: 0.5526
Undirected Precision: 0.3200
Undirected Recall: 0.4706
----------------------------------------
PERCENT:20 | ALPHA:0.1 | SEED:70
Directed Sensitivity: 0.4118
Directed Specificity: 0.8387
Directed Precision: 0.3182
Directed Recall: 0.4118
Undirected Sensitivity: 0.4706
Undirected Specificity: 0.6316
Undirected Precision: 0.3636
Undirected Recall: 0.4706
----------------------------------------
PERCENT:20 | ALPHA:0.1 | SEED:80
Directed Sensitivity: 0.4706
Directed Specificity: 0.7419
Directed Precision: 0.2500
Directed Recall: 0.4706
Undirected Sensitivity: 0.5294
Undirected Specificity: 0.3947
Undirected Precision: 0.2812
Undirected Recall: 0.5294
----------------------------------------
PERCENT:20 | ALPHA:0.1 | SEED:90
Directed Sensitivity: 0.5294
Directed Specificity: 0.8387
Directed Precision: 0.3750
Directed Recall: 0.5294
Undirected Sensitivity: 0.5294
Undirected Specificity: 0.6053
Undirected Precision: 0.3750
Undirected Recall: 0.5294
----------------------------------------
PERCENT:20 | ALPHA:0.1 | SEED:100
Directed Sensitivity: 0.5294
Directed Specificity: 0.8280
Directed Precision: 0.3600
Directed Recall: 0.5294
Undirected Sensitivity: 0.6471
Undirected Specificity: 0.6316
Undirected Precision: 0.4400
Undirected Recall: 0.6471
----------------------------------------
PERCENT:20 | ALPHA:0.1 | SEED:110
Directed Sensitivity: 0.3529
Directed Specificity: 0.7957
Directed Precision: 0.2400
Directed Recall: 0.3529
Undirected Sensitivity: 0.6471
Undirected Specificity: 0.6316
Undirected Precision: 0.4400
Undirected Recall: 0.6471
----------------------------------------
PERCENT:20 | ALPHA:0.1 | SEED:120
Directed Sensitivity: 0.2353
Directed Specificity: 0.7634
Directed Precision: 0.1538
Directed Recall: 0.2353
Undirected Sensitivity: 0.4706
Undirected Specificity: 0.5263
Undirected Precision: 0.3077
Undirected Recall: 0.4706
----------------------------------------
PERCENT:20 | ALPHA:0.1 | SEED:130
Directed Sensitivity: 0.5882
Directed Specificity: 0.7849
Directed Precision: 0.3333
Directed Recall: 0.5882
Undirected Sensitivity: 0.7647
Undirected Specificity: 0.5526
Undirected Precision: 0.4333
Undirected Recall: 0.7647
----------------------------------------
PERCENT:20 | ALPHA:0.1 | SEED:140
Directed Sensitivity: 0.5294
Directed Specificity: 0.8172
Directed Precision: 0.3462
Directed Recall: 0.5294
Undirected Sensitivity: 0.7059
Undirected Specificity: 0.6316
Undirected Precision: 0.4615
Undirected Recall: 0.7059
----------------------------------------
PERCENT:20 | ALPHA:0.1 | SEED:150
Directed Sensitivity: 0.4706
Directed Specificity: 0.8495
Directed Precision: 0.3636
Directed Recall: 0.4706
Undirected Sensitivity: 0.5294
Undirected Specificity: 0.6579
Undirected Precision: 0.4091
Undirected Recall: 0.5294
----------------------------------------
PERCENT:20 | ALPHA:0.1 | SEED:160
Directed Sensitivity: 0.4118
Directed Specificity: 0.7742
Directed Precision: 0.2500
Directed Recall: 0.4118
Undirected Sensitivity: 0.5882
Undirected Specificity: 0.5263
Undirected Precision: 0.3571
Undirected Recall: 0.5882
----------------------------------------
PERCENT:20 | ALPHA:0.1 | SEED:170
Directed Sensitivity: 0.5294
Directed Specificity: 0.7634
Directed Precision: 0.2903
Directed Recall: 0.5294
Undirected Sensitivity: 0.8235
Undirected Specificity: 0.5526
Undirected Precision: 0.4516
Undirected Recall: 0.8235
----------------------------------------
PERCENT:20 | ALPHA:0.1 | SEED:180
Directed Sensitivity: 0.4118
Directed Specificity: 0.7849
Directed Precision: 0.2593
Directed Recall: 0.4118
Undirected Sensitivity: 0.5294
Undirected Specificity: 0.5263
Undirected Precision: 0.3333
Undirected Recall: 0.5294
----------------------------------------
PERCENT:20 | ALPHA:0.1 | SEED:190
Directed Sensitivity: 0.4706
Directed Specificity: 0.8280
Directed Precision: 0.3333
Directed Recall: 0.4706
Undirected Sensitivity: 0.5294
Undirected Specificity: 0.6053
Undirected Precision: 0.3750
Undirected Recall: 0.5294
----------------------------------------
PERCENT:20 | ALPHA:0.1 | SEED:200
Directed Sensitivity: 0.3529
Directed Specificity: 0.7849
Directed Precision: 0.2308
Directed Recall: 0.3529
Undirected Sensitivity: 0.5294
Undirected Specificity: 0.5526
Undirected Precision: 0.3462
Undirected Recall: 0.5294
----------------------------------------
PERCENT:20 | ALPHA:0.1 | SEED:210
Directed Sensitivity: 0.3529
Directed Specificity: 0.8172
Directed Precision: 0.2609
Directed Recall: 0.3529
Undirected Sensitivity: 0.4118
Undirected Specificity: 0.5789
Undirected Precision: 0.3043
Undirected Recall: 0.4118
----------------------------------------
PERCENT:20 | ALPHA:0.1 | SEED:220
Directed Sensitivity: 0.3529
Directed Specificity: 0.7849
Directed Precision: 0.2308
Directed Recall: 0.3529
Undirected Sensitivity: 0.5294
Undirected Specificity: 0.5526
Undirected Precision: 0.3462
Undirected Recall: 0.5294
----------------------------------------
PERCENT:20 | ALPHA:0.1 | SEED:230
Directed Sensitivity: 0.4118
Directed Specificity: 0.7634
Directed Precision: 0.2414
Directed Recall: 0.4118
Undirected Sensitivity: 0.5882
Undirected Specificity: 0.5000
Undirected Precision: 0.3448
Undirected Recall: 0.5882
----------------------------------------
PERCENT:20 | ALPHA:0.1 | SEED:240
Directed Sensitivity: 0.2941
Directed Specificity: 0.7849
Directed Precision: 0.2000
Directed Recall: 0.2941
Undirected Sensitivity: 0.4706
Undirected Specificity: 0.5526
Undirected Precision: 0.3200
Undirected Recall: 0.4706
----------------------------------------
PERCENT:20 | ALPHA:0.1 | SEED:250
Directed Sensitivity: 0.7059
Directed Specificity: 0.8280
Directed Precision: 0.4286
Directed Recall: 0.7059
Undirected Sensitivity: 0.7647
Undirected Specificity: 0.6053
Undirected Precision: 0.4643
Undirected Recall: 0.7647
----------------------------------------
PERCENT:20 | ALPHA:0.1 | SEED:260
Directed Sensitivity: 0.4118
Directed Specificity: 0.7849
Directed Precision: 0.2593
Directed Recall: 0.4118
Undirected Sensitivity: 0.6471
Undirected Specificity: 0.5789
Undirected Precision: 0.4074
Undirected Recall: 0.6471
----------------------------------------
PERCENT:20 | ALPHA:0.1 | SEED:270
Directed Sensitivity: 0.4118
Directed Specificity: 0.8065
Directed Precision: 0.2800
Directed Recall: 0.4118
Undirected Sensitivity: 0.4118
Undirected Specificity: 0.5263
Undirected Precision: 0.2800
Undirected Recall: 0.4118
----------------------------------------
PERCENT:20 | ALPHA:0.1 | SEED:280
Directed Sensitivity: 0.4706
Directed Specificity: 0.8817
Directed Precision: 0.4211
Directed Recall: 0.4706
Undirected Sensitivity: 0.5294
Undirected Specificity: 0.7368
Undirected Precision: 0.4737
Undirected Recall: 0.5294
----------------------------------------
PERCENT:20 | ALPHA:0.1 | SEED:290
Directed Sensitivity: 0.4706
Directed Specificity: 0.8817
Directed Precision: 0.4211
Directed Recall: 0.4706
Undirected Sensitivity: 0.5294
Undirected Specificity: 0.7368
Undirected Precision: 0.4737
Undirected Recall: 0.5294
----------------------------------------
PERCENT:20 | ALPHA:0.1 | SEED:300
Directed Sensitivity: 0.2941
Directed Specificity: 0.7849
Directed Precision: 0.2000
Directed Recall: 0.2941
Undirected Sensitivity: 0.4118
Undirected Specificity: 0.5263
Undirected Precision: 0.2800
Undirected Recall: 0.4118
----------------------------------------
PERCENT:20 | ALPHA:0.2 | SEED:10
Directed Sensitivity: 0.2941
Directed Specificity: 0.8065
Directed Precision: 0.2174
Directed Recall: 0.2941
Undirected Sensitivity: 0.4118
Undirected Specificity: 0.5789
Undirected Precision: 0.3043
Undirected Recall: 0.4118
----------------------------------------
PERCENT:20 | ALPHA:0.2 | SEED:20
Directed Sensitivity: 0.2941
Directed Specificity: 0.8172
Directed Precision: 0.2273
Directed Recall: 0.2941
Undirected Sensitivity: 0.4706
Undirected Specificity: 0.6316
Undirected Precision: 0.3636
Undirected Recall: 0.4706
----------------------------------------
PERCENT:20 | ALPHA:0.2 | SEED:30
Directed Sensitivity: 0.4706
Directed Specificity: 0.8387
Directed Precision: 0.3478
Directed Recall: 0.4706
Undirected Sensitivity: 0.5882
Undirected Specificity: 0.6579
Undirected Precision: 0.4348
Undirected Recall: 0.5882
----------------------------------------
PERCENT:20 | ALPHA:0.2 | SEED:40
Directed Sensitivity: 0.4118
Directed Specificity: 0.7849
Directed Precision: 0.2593
Directed Recall: 0.4118
Undirected Sensitivity: 0.4706
Undirected Specificity: 0.5000
Undirected Precision: 0.2963
Undirected Recall: 0.4706
----------------------------------------
PERCENT:20 | ALPHA:0.2 | SEED:50
Directed Sensitivity: 0.4706
Directed Specificity: 0.8602
Directed Precision: 0.3810
Directed Recall: 0.4706
Undirected Sensitivity: 0.6471
Undirected Specificity: 0.7368
Undirected Precision: 0.5238
Undirected Recall: 0.6471
----------------------------------------
PERCENT:20 | ALPHA:0.2 | SEED:60
Directed Sensitivity: 0.5294
Directed Specificity: 0.7957
Directed Precision: 0.3214
Directed Recall: 0.5294
Undirected Sensitivity: 0.6471
Undirected Specificity: 0.5526
Undirected Precision: 0.3929
Undirected Recall: 0.6471
----------------------------------------
PERCENT:20 | ALPHA:0.2 | SEED:70
Directed Sensitivity: 0.2941
Directed Specificity: 0.8172
Directed Precision: 0.2273
Directed Recall: 0.2941
Undirected Sensitivity: 0.4706
Undirected Specificity: 0.6316
Undirected Precision: 0.3636
Undirected Recall: 0.4706
----------------------------------------
PERCENT:20 | ALPHA:0.2 | SEED:80
Directed Sensitivity: 0.7059
Directed Specificity: 0.8065
Directed Precision: 0.4000
Directed Recall: 0.7059
Undirected Sensitivity: 0.8235
Undirected Specificity: 0.5789
Undirected Precision: 0.4667
Undirected Recall: 0.8235
----------------------------------------
PERCENT:20 | ALPHA:0.2 | SEED:90
Directed Sensitivity: 0.2353
Directed Specificity: 0.7204
Directed Precision: 0.1333
Directed Recall: 0.2353
Undirected Sensitivity: 0.5294
Undirected Specificity: 0.4474
Undirected Precision: 0.3000
Undirected Recall: 0.5294
----------------------------------------
PERCENT:20 | ALPHA:0.2 | SEED:100
Directed Sensitivity: 0.3529
Directed Specificity: 0.8495
Directed Precision: 0.3000
Directed Recall: 0.3529
Undirected Sensitivity: 0.3529
Undirected Specificity: 0.6316
Undirected Precision: 0.3000
Undirected Recall: 0.3529
----------------------------------------
PERCENT:20 | ALPHA:0.2 | SEED:110
Directed Sensitivity: 0.4706
Directed Specificity: 0.8280
Directed Precision: 0.3333
Directed Recall: 0.4706
Undirected Sensitivity: 0.6471
Undirected Specificity: 0.6579
Undirected Precision: 0.4583
Undirected Recall: 0.6471
----------------------------------------
PERCENT:20 | ALPHA:0.2 | SEED:120
Directed Sensitivity: 0.4706
Directed Specificity: 0.8065
Directed Precision: 0.3077
Directed Recall: 0.4706
Undirected Sensitivity: 0.6471
Undirected Specificity: 0.6053
Undirected Precision: 0.4231
Undirected Recall: 0.6471
----------------------------------------
PERCENT:20 | ALPHA:0.2 | SEED:130
Directed Sensitivity: 0.5294
Directed Specificity: 0.7849
Directed Precision: 0.3103
Directed Recall: 0.5294
Undirected Sensitivity: 0.7647
Undirected Specificity: 0.5789
Undirected Precision: 0.4483
Undirected Recall: 0.7647
----------------------------------------
PERCENT:20 | ALPHA:0.2 | SEED:140
Directed Sensitivity: 0.5882
Directed Specificity: 0.7634
Directed Precision: 0.3125
Directed Recall: 0.5882
Undirected Sensitivity: 0.7059
Undirected Specificity: 0.4737
Undirected Precision: 0.3750
Undirected Recall: 0.7059
----------------------------------------
PERCENT:20 | ALPHA:0.2 | SEED:150
Directed Sensitivity: 0.2941
Directed Specificity: 0.8387
Directed Precision: 0.2500
Directed Recall: 0.2941
Undirected Sensitivity: 0.5294
Undirected Specificity: 0.7105
Undirected Precision: 0.4500
Undirected Recall: 0.5294
----------------------------------------
PERCENT:20 | ALPHA:0.2 | SEED:160
Directed Sensitivity: 0.4706
Directed Specificity: 0.8065
Directed Precision: 0.3077
Directed Recall: 0.4706
Undirected Sensitivity: 0.5882
Undirected Specificity: 0.5789
Undirected Precision: 0.3846
Undirected Recall: 0.5882
----------------------------------------
PERCENT:20 | ALPHA:0.2 | SEED:170
Directed Sensitivity: 0.4706
Directed Specificity: 0.8280
Directed Precision: 0.3333
Directed Recall: 0.4706
Undirected Sensitivity: 0.7059
Undirected Specificity: 0.6842
Undirected Precision: 0.5000
Undirected Recall: 0.7059
----------------------------------------
PERCENT:20 | ALPHA:0.2 | SEED:180
Directed Sensitivity: 0.5294
Directed Specificity: 0.8172
Directed Precision: 0.3462
Directed Recall: 0.5294
Undirected Sensitivity: 0.6471
Undirected Specificity: 0.6053
Undirected Precision: 0.4231
Undirected Recall: 0.6471
----------------------------------------
PERCENT:20 | ALPHA:0.2 | SEED:190
Directed Sensitivity: 0.2941
Directed Specificity: 0.7957
Directed Precision: 0.2083
Directed Recall: 0.2941
Undirected Sensitivity: 0.5294
Undirected Specificity: 0.6053
Undirected Precision: 0.3750
Undirected Recall: 0.5294
----------------------------------------
PERCENT:20 | ALPHA:0.2 | SEED:200
Directed Sensitivity: 0.5294
Directed Specificity: 0.8387
Directed Precision: 0.3750
Directed Recall: 0.5294
Undirected Sensitivity: 0.5294
Undirected Specificity: 0.6053
Undirected Precision: 0.3750
Undirected Recall: 0.5294
----------------------------------------
PERCENT:20 | ALPHA:0.2 | SEED:210
Directed Sensitivity: 0.2353
Directed Specificity: 0.8495
Directed Precision: 0.2222
Directed Recall: 0.2353
Undirected Sensitivity: 0.4118
Undirected Specificity: 0.7105
Undirected Precision: 0.3889
Undirected Recall: 0.4118
----------------------------------------
PERCENT:20 | ALPHA:0.2 | SEED:220
Directed Sensitivity: 0.3529
Directed Specificity: 0.7849
Directed Precision: 0.2308
Directed Recall: 0.3529
Undirected Sensitivity: 0.5294
Undirected Specificity: 0.5526
Undirected Precision: 0.3462
Undirected Recall: 0.5294
----------------------------------------
PERCENT:20 | ALPHA:0.2 | SEED:230
Directed Sensitivity: 0.4118
Directed Specificity: 0.7634
Directed Precision: 0.2414
Directed Recall: 0.4118
Undirected Sensitivity: 0.6471
Undirected Specificity: 0.5263
Undirected Precision: 0.3793
Undirected Recall: 0.6471
----------------------------------------
PERCENT:20 | ALPHA:0.2 | SEED:240
Directed Sensitivity: 0.5294
Directed Specificity: 0.8495
Directed Precision: 0.3913
Directed Recall: 0.5294
Undirected Sensitivity: 0.7059
Undirected Specificity: 0.7105
Undirected Precision: 0.5217
Undirected Recall: 0.7059
----------------------------------------
PERCENT:20 | ALPHA:0.2 | SEED:250
Directed Sensitivity: 0.5882
Directed Specificity: 0.8172
Directed Precision: 0.3704
Directed Recall: 0.5882
Undirected Sensitivity: 0.7647
Undirected Specificity: 0.6316
Undirected Precision: 0.4815
Undirected Recall: 0.7647
----------------------------------------
PERCENT:20 | ALPHA:0.2 | SEED:260
Directed Sensitivity: 0.3529
Directed Specificity: 0.7527
Directed Precision: 0.2069
Directed Recall: 0.3529
Undirected Sensitivity: 0.7647
Undirected Specificity: 0.5789
Undirected Precision: 0.4483
Undirected Recall: 0.7647
----------------------------------------
PERCENT:20 | ALPHA:0.2 | SEED:270
Directed Sensitivity: 0.5882
Directed Specificity: 0.8280
Directed Precision: 0.3846
Directed Recall: 0.5882
Undirected Sensitivity: 0.6471
Undirected Specificity: 0.6053
Undirected Precision: 0.4231
Undirected Recall: 0.6471
----------------------------------------
PERCENT:20 | ALPHA:0.2 | SEED:280
Directed Sensitivity: 0.4706
Directed Specificity: 0.8065
Directed Precision: 0.3077
Directed Recall: 0.4706
Undirected Sensitivity: 0.5294
Undirected Specificity: 0.5526
Undirected Precision: 0.3462
Undirected Recall: 0.5294
----------------------------------------
PERCENT:20 | ALPHA:0.2 | SEED:290
Directed Sensitivity: 0.4706
Directed Specificity: 0.8172
Directed Precision: 0.3200
Directed Recall: 0.4706
Undirected Sensitivity: 0.7647
Undirected Specificity: 0.6842
Undirected Precision: 0.5200
Undirected Recall: 0.7647
----------------------------------------
PERCENT:20 | ALPHA:0.2 | SEED:300
Directed Sensitivity: 0.2353
Directed Specificity: 0.7312
Directed Precision: 0.1379
Directed Recall: 0.2353
Undirected Sensitivity: 0.5294
Undirected Specificity: 0.4737
Undirected Precision: 0.3103
Undirected Recall: 0.5294
----------------------------------------
