ALPHA:0.01 | SEED:10
Directed Sensitivity: 0.4118
Directed Specificity: 0.8065
Directed Precision: 0.2800
Directed Recall: 0.4118
Undirected Sensitivity: 0.7647
Undirected Specificity: 0.6842
Undirected Precision: 0.5200
Undirected Recall: 0.7647
----------------------------------------
ALPHA:0.01 | SEED:20
Directed Sensitivity: 0.4118
Directed Specificity: 0.8065
Directed Precision: 0.2800
Directed Recall: 0.4118
Undirected Sensitivity: 0.7647
Undirected Specificity: 0.6842
Undirected Precision: 0.5200
Undirected Recall: 0.7647
----------------------------------------
ALPHA:0.01 | SEED:30
Directed Sensitivity: 0.4118
Directed Specificity: 0.8065
Directed Precision: 0.2800
Directed Recall: 0.4118
Undirected Sensitivity: 0.7647
Undirected Specificity: 0.6842
Undirected Precision: 0.5200
Undirected Recall: 0.7647
----------------------------------------
ALPHA:0.01 | SEED:40
Directed Sensitivity: 0.4118
Directed Specificity: 0.8065
Directed Precision: 0.2800
Directed Recall: 0.4118
Undirected Sensitivity: 0.7647
Undirected Specificity: 0.6842
Undirected Precision: 0.5200
Undirected Recall: 0.7647
----------------------------------------
ALPHA:0.01 | SEED:50
Directed Sensitivity: 0.4118
Directed Specificity: 0.8065
Directed Precision: 0.2800
Directed Recall: 0.4118
Undirected Sensitivity: 0.7647
Undirected Specificity: 0.6842
Undirected Precision: 0.5200
Undirected Recall: 0.7647
----------------------------------------
ALPHA:0.01 | SEED:60
Directed Sensitivity: 0.4118
Directed Specificity: 0.8065
Directed Precision: 0.2800
Directed Recall: 0.4118
Undirected Sensitivity: 0.7647
Undirected Specificity: 0.6842
Undirected Precision: 0.5200
Undirected Recall: 0.7647
----------------------------------------
ALPHA:0.01 | SEED:70
Directed Sensitivity: 0.4118
Directed Specificity: 0.8065
Directed Precision: 0.2800
Directed Recall: 0.4118
Undirected Sensitivity: 0.7647
Undirected Specificity: 0.6842
Undirected Precision: 0.5200
Undirected Recall: 0.7647
----------------------------------------
ALPHA:0.01 | SEED:80
Directed Sensitivity: 0.4118
Directed Specificity: 0.8065
Directed Precision: 0.2800
Directed Recall: 0.4118
Undirected Sensitivity: 0.7647
Undirected Specificity: 0.6842
Undirected Precision: 0.5200
Undirected Recall: 0.7647
----------------------------------------
ALPHA:0.01 | SEED:90
Directed Sensitivity: 0.4118
Directed Specificity: 0.8065
Directed Precision: 0.2800
Directed Recall: 0.4118
Undirected Sensitivity: 0.7647
Undirected Specificity: 0.6842
Undirected Precision: 0.5200
Undirected Recall: 0.7647
----------------------------------------
ALPHA:0.01 | SEED:100
Directed Sensitivity: 0.4118
Directed Specificity: 0.8065
Directed Precision: 0.2800
Directed Recall: 0.4118
Undirected Sensitivity: 0.7647
Undirected Specificity: 0.6842
Undirected Precision: 0.5200
Undirected Recall: 0.7647
----------------------------------------
ALPHA:0.01 | SEED:110
Directed Sensitivity: 0.4118
Directed Specificity: 0.8065
Directed Precision: 0.2800
Directed Recall: 0.4118
Undirected Sensitivity: 0.7647
Undirected Specificity: 0.6842
Undirected Precision: 0.5200
Undirected Recall: 0.7647
----------------------------------------
ALPHA:0.01 | SEED:120
Directed Sensitivity: 0.4118
Directed Specificity: 0.8065
Directed Precision: 0.2800
Directed Recall: 0.4118
Undirected Sensitivity: 0.7647
Undirected Specificity: 0.6842
Undirected Precision: 0.5200
Undirected Recall: 0.7647
----------------------------------------
ALPHA:0.01 | SEED:130
Directed Sensitivity: 0.4118
Directed Specificity: 0.8065
Directed Precision: 0.2800
Directed Recall: 0.4118
Undirected Sensitivity: 0.7647
Undirected Specificity: 0.6842
Undirected Precision: 0.5200
Undirected Recall: 0.7647
----------------------------------------
ALPHA:0.01 | SEED:140
Directed Sensitivity: 0.4118
Directed Specificity: 0.8065
Directed Precision: 0.2800
Directed Recall: 0.4118
Undirected Sensitivity: 0.7647
Undirected Specificity: 0.6842
Undirected Precision: 0.5200
Undirected Recall: 0.7647
----------------------------------------
ALPHA:0.01 | SEED:150
Directed Sensitivity: 0.4118
Directed Specificity: 0.8065
Directed Precision: 0.2800
Directed Recall: 0.4118
Undirected Sensitivity: 0.7647
Undirected Specificity: 0.6842
Undirected Precision: 0.5200
Undirected Recall: 0.7647
----------------------------------------
ALPHA:0.01 | SEED:160
Directed Sensitivity: 0.4118
Directed Specificity: 0.8065
Directed Precision: 0.2800
Directed Recall: 0.4118
Undirected Sensitivity: 0.7647
Undirected Specificity: 0.6842
Undirected Precision: 0.5200
Undirected Recall: 0.7647
----------------------------------------
ALPHA:0.01 | SEED:170
Directed Sensitivity: 0.4118
Directed Specificity: 0.8065
Directed Precision: 0.2800
Directed Recall: 0.4118
Undirected Sensitivity: 0.7647
Undirected Specificity: 0.6842
Undirected Precision: 0.5200
Undirected Recall: 0.7647
----------------------------------------
ALPHA:0.01 | SEED:180
Directed Sensitivity: 0.4118
Directed Specificity: 0.8065
Directed Precision: 0.2800
Directed Recall: 0.4118
Undirected Sensitivity: 0.7647
Undirected Specificity: 0.6842
Undirected Precision: 0.5200
Undirected Recall: 0.7647
----------------------------------------
ALPHA:0.01 | SEED:190
Directed Sensitivity: 0.4118
Directed Specificity: 0.8065
Directed Precision: 0.2800
Directed Recall: 0.4118
Undirected Sensitivity: 0.7647
Undirected Specificity: 0.6842
Undirected Precision: 0.5200
Undirected Recall: 0.7647
----------------------------------------
ALPHA:0.01 | SEED:200
Directed Sensitivity: 0.4118
Directed Specificity: 0.8065
Directed Precision: 0.2800
Directed Recall: 0.4118
Undirected Sensitivity: 0.7647
Undirected Specificity: 0.6842
Undirected Precision: 0.5200
Undirected Recall: 0.7647
----------------------------------------
ALPHA:0.01 | SEED:210
Directed Sensitivity: 0.4118
Directed Specificity: 0.8065
Directed Precision: 0.2800
Directed Recall: 0.4118
Undirected Sensitivity: 0.7647
Undirected Specificity: 0.6842
Undirected Precision: 0.5200
Undirected Recall: 0.7647
----------------------------------------
ALPHA:0.01 | SEED:220
Directed Sensitivity: 0.4118
Directed Specificity: 0.8065
Directed Precision: 0.2800
Directed Recall: 0.4118
Undirected Sensitivity: 0.7647
Undirected Specificity: 0.6842
Undirected Precision: 0.5200
Undirected Recall: 0.7647
----------------------------------------
ALPHA:0.01 | SEED:230
Directed Sensitivity: 0.4118
Directed Specificity: 0.8065
Directed Precision: 0.2800
Directed Recall: 0.4118
Undirected Sensitivity: 0.7647
Undirected Specificity: 0.6842
Undirected Precision: 0.5200
Undirected Recall: 0.7647
----------------------------------------
ALPHA:0.01 | SEED:240
Directed Sensitivity: 0.4118
Directed Specificity: 0.8065
Directed Precision: 0.2800
Directed Recall: 0.4118
Undirected Sensitivity: 0.7647
Undirected Specificity: 0.6842
Undirected Precision: 0.5200
Undirected Recall: 0.7647
----------------------------------------
ALPHA:0.01 | SEED:250
Directed Sensitivity: 0.4118
Directed Specificity: 0.8065
Directed Precision: 0.2800
Directed Recall: 0.4118
Undirected Sensitivity: 0.7647
Undirected Specificity: 0.6842
Undirected Precision: 0.5200
Undirected Recall: 0.7647
----------------------------------------
ALPHA:0.01 | SEED:260
Directed Sensitivity: 0.4118
Directed Specificity: 0.8065
Directed Precision: 0.2800
Directed Recall: 0.4118
Undirected Sensitivity: 0.7647
Undirected Specificity: 0.6842
Undirected Precision: 0.5200
Undirected Recall: 0.7647
----------------------------------------
ALPHA:0.01 | SEED:270
Directed Sensitivity: 0.4118
Directed Specificity: 0.8065
Directed Precision: 0.2800
Directed Recall: 0.4118
Undirected Sensitivity: 0.7647
Undirected Specificity: 0.6842
Undirected Precision: 0.5200
Undirected Recall: 0.7647
----------------------------------------
ALPHA:0.01 | SEED:280
Directed Sensitivity: 0.4118
Directed Specificity: 0.8065
Directed Precision: 0.2800
Directed Recall: 0.4118
Undirected Sensitivity: 0.7647
Undirected Specificity: 0.6842
Undirected Precision: 0.5200
Undirected Recall: 0.7647
----------------------------------------
ALPHA:0.01 | SEED:290
Directed Sensitivity: 0.4118
Directed Specificity: 0.8065
Directed Precision: 0.2800
Directed Recall: 0.4118
Undirected Sensitivity: 0.7647
Undirected Specificity: 0.6842
Undirected Precision: 0.5200
Undirected Recall: 0.7647
----------------------------------------
ALPHA:0.01 | SEED:300
Directed Sensitivity: 0.4118
Directed Specificity: 0.8065
Directed Precision: 0.2800
Directed Recall: 0.4118
Undirected Sensitivity: 0.7647
Undirected Specificity: 0.6842
Undirected Precision: 0.5200
Undirected Recall: 0.7647
----------------------------------------
ALPHA:0.05 | SEED:10
Directed Sensitivity: 0.2941
Directed Specificity: 0.7527
Directed Precision: 0.1786
Directed Recall: 0.2941
Undirected Sensitivity: 0.7647
Undirected Specificity: 0.6053
Undirected Precision: 0.4643
Undirected Recall: 0.7647
----------------------------------------
ALPHA:0.05 | SEED:20
Directed Sensitivity: 0.2941
Directed Specificity: 0.7527
Directed Precision: 0.1786
Directed Recall: 0.2941
Undirected Sensitivity: 0.7647
Undirected Specificity: 0.6053
Undirected Precision: 0.4643
Undirected Recall: 0.7647
----------------------------------------
ALPHA:0.05 | SEED:30
Directed Sensitivity: 0.2941
Directed Specificity: 0.7527
Directed Precision: 0.1786
Directed Recall: 0.2941
Undirected Sensitivity: 0.7647
Undirected Specificity: 0.6053
Undirected Precision: 0.4643
Undirected Recall: 0.7647
----------------------------------------
ALPHA:0.05 | SEED:40
Directed Sensitivity: 0.2941
Directed Specificity: 0.7527
Directed Precision: 0.1786
Directed Recall: 0.2941
Undirected Sensitivity: 0.7647
Undirected Specificity: 0.6053
Undirected Precision: 0.4643
Undirected Recall: 0.7647
----------------------------------------
ALPHA:0.05 | SEED:50
Directed Sensitivity: 0.2941
Directed Specificity: 0.7527
Directed Precision: 0.1786
Directed Recall: 0.2941
Undirected Sensitivity: 0.7647
Undirected Specificity: 0.6053
Undirected Precision: 0.4643
Undirected Recall: 0.7647
----------------------------------------
ALPHA:0.05 | SEED:60
Directed Sensitivity: 0.2941
Directed Specificity: 0.7527
Directed Precision: 0.1786
Directed Recall: 0.2941
Undirected Sensitivity: 0.7647
Undirected Specificity: 0.6053
Undirected Precision: 0.4643
Undirected Recall: 0.7647
----------------------------------------
ALPHA:0.05 | SEED:70
Directed Sensitivity: 0.2941
Directed Specificity: 0.7527
Directed Precision: 0.1786
Directed Recall: 0.2941
Undirected Sensitivity: 0.7647
Undirected Specificity: 0.6053
Undirected Precision: 0.4643
Undirected Recall: 0.7647
----------------------------------------
ALPHA:0.05 | SEED:80
Directed Sensitivity: 0.2941
Directed Specificity: 0.7527
Directed Precision: 0.1786
Directed Recall: 0.2941
Undirected Sensitivity: 0.7647
Undirected Specificity: 0.6053
Undirected Precision: 0.4643
Undirected Recall: 0.7647
----------------------------------------
ALPHA:0.05 | SEED:90
Directed Sensitivity: 0.2941
Directed Specificity: 0.7527
Directed Precision: 0.1786
Directed Recall: 0.2941
Undirected Sensitivity: 0.7647
Undirected Specificity: 0.6053
Undirected Precision: 0.4643
Undirected Recall: 0.7647
----------------------------------------
ALPHA:0.05 | SEED:100
Directed Sensitivity: 0.2941
Directed Specificity: 0.7527
Directed Precision: 0.1786
Directed Recall: 0.2941
Undirected Sensitivity: 0.7647
Undirected Specificity: 0.6053
Undirected Precision: 0.4643
Undirected Recall: 0.7647
----------------------------------------
ALPHA:0.05 | SEED:110
Directed Sensitivity: 0.2941
Directed Specificity: 0.7527
Directed Precision: 0.1786
Directed Recall: 0.2941
Undirected Sensitivity: 0.7647
Undirected Specificity: 0.6053
Undirected Precision: 0.4643
Undirected Recall: 0.7647
----------------------------------------
ALPHA:0.05 | SEED:120
Directed Sensitivity: 0.2941
Directed Specificity: 0.7527
Directed Precision: 0.1786
Directed Recall: 0.2941
Undirected Sensitivity: 0.7647
Undirected Specificity: 0.6053
Undirected Precision: 0.4643
Undirected Recall: 0.7647
----------------------------------------
ALPHA:0.05 | SEED:130
Directed Sensitivity: 0.2941
Directed Specificity: 0.7527
Directed Precision: 0.1786
Directed Recall: 0.2941
Undirected Sensitivity: 0.7647
Undirected Specificity: 0.6053
Undirected Precision: 0.4643
Undirected Recall: 0.7647
----------------------------------------
ALPHA:0.05 | SEED:140
Directed Sensitivity: 0.2941
Directed Specificity: 0.7527
Directed Precision: 0.1786
Directed Recall: 0.2941
Undirected Sensitivity: 0.7647
Undirected Specificity: 0.6053
Undirected Precision: 0.4643
Undirected Recall: 0.7647
----------------------------------------
ALPHA:0.05 | SEED:150
Directed Sensitivity: 0.2941
Directed Specificity: 0.7527
Directed Precision: 0.1786
Directed Recall: 0.2941
Undirected Sensitivity: 0.7647
Undirected Specificity: 0.6053
Undirected Precision: 0.4643
Undirected Recall: 0.7647
----------------------------------------
ALPHA:0.05 | SEED:160
Directed Sensitivity: 0.2941
Directed Specificity: 0.7527
Directed Precision: 0.1786
Directed Recall: 0.2941
Undirected Sensitivity: 0.7647
Undirected Specificity: 0.6053
Undirected Precision: 0.4643
Undirected Recall: 0.7647
----------------------------------------
ALPHA:0.05 | SEED:170
Directed Sensitivity: 0.2941
Directed Specificity: 0.7527
Directed Precision: 0.1786
Directed Recall: 0.2941
Undirected Sensitivity: 0.7647
Undirected Specificity: 0.6053
Undirected Precision: 0.4643
Undirected Recall: 0.7647
----------------------------------------
ALPHA:0.05 | SEED:180
Directed Sensitivity: 0.2941
Directed Specificity: 0.7527
Directed Precision: 0.1786
Directed Recall: 0.2941
Undirected Sensitivity: 0.7647
Undirected Specificity: 0.6053
Undirected Precision: 0.4643
Undirected Recall: 0.7647
----------------------------------------
ALPHA:0.05 | SEED:190
Directed Sensitivity: 0.2941
Directed Specificity: 0.7527
Directed Precision: 0.1786
Directed Recall: 0.2941
Undirected Sensitivity: 0.7647
Undirected Specificity: 0.6053
Undirected Precision: 0.4643
Undirected Recall: 0.7647
----------------------------------------
ALPHA:0.05 | SEED:200
Directed Sensitivity: 0.2941
Directed Specificity: 0.7527
Directed Precision: 0.1786
Directed Recall: 0.2941
Undirected Sensitivity: 0.7647
Undirected Specificity: 0.6053
Undirected Precision: 0.4643
Undirected Recall: 0.7647
----------------------------------------
ALPHA:0.05 | SEED:210
Directed Sensitivity: 0.2941
Directed Specificity: 0.7527
Directed Precision: 0.1786
Directed Recall: 0.2941
Undirected Sensitivity: 0.7647
Undirected Specificity: 0.6053
Undirected Precision: 0.4643
Undirected Recall: 0.7647
----------------------------------------
ALPHA:0.05 | SEED:220
Directed Sensitivity: 0.2941
Directed Specificity: 0.7527
Directed Precision: 0.1786
Directed Recall: 0.2941
Undirected Sensitivity: 0.7647
Undirected Specificity: 0.6053
Undirected Precision: 0.4643
Undirected Recall: 0.7647
----------------------------------------
ALPHA:0.05 | SEED:230
Directed Sensitivity: 0.2941
Directed Specificity: 0.7527
Directed Precision: 0.1786
Directed Recall: 0.2941
Undirected Sensitivity: 0.7647
Undirected Specificity: 0.6053
Undirected Precision: 0.4643
Undirected Recall: 0.7647
----------------------------------------
ALPHA:0.05 | SEED:240
Directed Sensitivity: 0.2941
Directed Specificity: 0.7527
Directed Precision: 0.1786
Directed Recall: 0.2941
Undirected Sensitivity: 0.7647
Undirected Specificity: 0.6053
Undirected Precision: 0.4643
Undirected Recall: 0.7647
----------------------------------------
ALPHA:0.05 | SEED:250
Directed Sensitivity: 0.2941
Directed Specificity: 0.7527
Directed Precision: 0.1786
Directed Recall: 0.2941
Undirected Sensitivity: 0.7647
Undirected Specificity: 0.6053
Undirected Precision: 0.4643
Undirected Recall: 0.7647
----------------------------------------
ALPHA:0.05 | SEED:260
Directed Sensitivity: 0.2941
Directed Specificity: 0.7527
Directed Precision: 0.1786
Directed Recall: 0.2941
Undirected Sensitivity: 0.7647
Undirected Specificity: 0.6053
Undirected Precision: 0.4643
Undirected Recall: 0.7647
----------------------------------------
ALPHA:0.05 | SEED:270
Directed Sensitivity: 0.2941
Directed Specificity: 0.7527
Directed Precision: 0.1786
Directed Recall: 0.2941
Undirected Sensitivity: 0.7647
Undirected Specificity: 0.6053
Undirected Precision: 0.4643
Undirected Recall: 0.7647
----------------------------------------
ALPHA:0.05 | SEED:280
Directed Sensitivity: 0.2941
Directed Specificity: 0.7527
Directed Precision: 0.1786
Directed Recall: 0.2941
Undirected Sensitivity: 0.7647
Undirected Specificity: 0.6053
Undirected Precision: 0.4643
Undirected Recall: 0.7647
----------------------------------------
ALPHA:0.05 | SEED:290
Directed Sensitivity: 0.2941
Directed Specificity: 0.7527
Directed Precision: 0.1786
Directed Recall: 0.2941
Undirected Sensitivity: 0.7647
Undirected Specificity: 0.6053
Undirected Precision: 0.4643
Undirected Recall: 0.7647
----------------------------------------
ALPHA:0.05 | SEED:300
Directed Sensitivity: 0.2941
Directed Specificity: 0.7527
Directed Precision: 0.1786
Directed Recall: 0.2941
Undirected Sensitivity: 0.7647
Undirected Specificity: 0.6053
Undirected Precision: 0.4643
Undirected Recall: 0.7647
----------------------------------------
ALPHA:0.1 | SEED:10
Directed Sensitivity: 0.1765
Directed Specificity: 0.7097
Directed Precision: 0.1000
Directed Recall: 0.1765
Undirected Sensitivity: 0.8235
Undirected Specificity: 0.5789
Undirected Precision: 0.4667
Undirected Recall: 0.8235
----------------------------------------
ALPHA:0.1 | SEED:20
Directed Sensitivity: 0.1765
Directed Specificity: 0.7097
Directed Precision: 0.1000
Directed Recall: 0.1765
Undirected Sensitivity: 0.8235
Undirected Specificity: 0.5789
Undirected Precision: 0.4667
Undirected Recall: 0.8235
----------------------------------------
ALPHA:0.1 | SEED:30
Directed Sensitivity: 0.1765
Directed Specificity: 0.7097
Directed Precision: 0.1000
Directed Recall: 0.1765
Undirected Sensitivity: 0.8235
Undirected Specificity: 0.5789
Undirected Precision: 0.4667
Undirected Recall: 0.8235
----------------------------------------
ALPHA:0.1 | SEED:40
Directed Sensitivity: 0.1765
Directed Specificity: 0.7097
Directed Precision: 0.1000
Directed Recall: 0.1765
Undirected Sensitivity: 0.8235
Undirected Specificity: 0.5789
Undirected Precision: 0.4667
Undirected Recall: 0.8235
----------------------------------------
ALPHA:0.1 | SEED:50
Directed Sensitivity: 0.1765
Directed Specificity: 0.7097
Directed Precision: 0.1000
Directed Recall: 0.1765
Undirected Sensitivity: 0.8235
Undirected Specificity: 0.5789
Undirected Precision: 0.4667
Undirected Recall: 0.8235
----------------------------------------
ALPHA:0.1 | SEED:60
Directed Sensitivity: 0.1765
Directed Specificity: 0.7097
Directed Precision: 0.1000
Directed Recall: 0.1765
Undirected Sensitivity: 0.8235
Undirected Specificity: 0.5789
Undirected Precision: 0.4667
Undirected Recall: 0.8235
----------------------------------------
ALPHA:0.1 | SEED:70
Directed Sensitivity: 0.1765
Directed Specificity: 0.7097
Directed Precision: 0.1000
Directed Recall: 0.1765
Undirected Sensitivity: 0.8235
Undirected Specificity: 0.5789
Undirected Precision: 0.4667
Undirected Recall: 0.8235
----------------------------------------
ALPHA:0.1 | SEED:80
Directed Sensitivity: 0.1765
Directed Specificity: 0.7097
Directed Precision: 0.1000
Directed Recall: 0.1765
Undirected Sensitivity: 0.8235
Undirected Specificity: 0.5789
Undirected Precision: 0.4667
Undirected Recall: 0.8235
----------------------------------------
ALPHA:0.1 | SEED:90
Directed Sensitivity: 0.1765
Directed Specificity: 0.7097
Directed Precision: 0.1000
Directed Recall: 0.1765
Undirected Sensitivity: 0.8235
Undirected Specificity: 0.5789
Undirected Precision: 0.4667
Undirected Recall: 0.8235
----------------------------------------
ALPHA:0.1 | SEED:100
Directed Sensitivity: 0.1765
Directed Specificity: 0.7097
Directed Precision: 0.1000
Directed Recall: 0.1765
Undirected Sensitivity: 0.8235
Undirected Specificity: 0.5789
Undirected Precision: 0.4667
Undirected Recall: 0.8235
----------------------------------------
ALPHA:0.1 | SEED:110
Directed Sensitivity: 0.1765
Directed Specificity: 0.7097
Directed Precision: 0.1000
Directed Recall: 0.1765
Undirected Sensitivity: 0.8235
Undirected Specificity: 0.5789
Undirected Precision: 0.4667
Undirected Recall: 0.8235
----------------------------------------
ALPHA:0.1 | SEED:120
Directed Sensitivity: 0.1765
Directed Specificity: 0.7097
Directed Precision: 0.1000
Directed Recall: 0.1765
Undirected Sensitivity: 0.8235
Undirected Specificity: 0.5789
Undirected Precision: 0.4667
Undirected Recall: 0.8235
----------------------------------------
ALPHA:0.1 | SEED:130
Directed Sensitivity: 0.1765
Directed Specificity: 0.7097
Directed Precision: 0.1000
Directed Recall: 0.1765
Undirected Sensitivity: 0.8235
Undirected Specificity: 0.5789
Undirected Precision: 0.4667
Undirected Recall: 0.8235
----------------------------------------
ALPHA:0.1 | SEED:140
Directed Sensitivity: 0.1765
Directed Specificity: 0.7097
Directed Precision: 0.1000
Directed Recall: 0.1765
Undirected Sensitivity: 0.8235
Undirected Specificity: 0.5789
Undirected Precision: 0.4667
Undirected Recall: 0.8235
----------------------------------------
ALPHA:0.1 | SEED:150
Directed Sensitivity: 0.1765
Directed Specificity: 0.7097
Directed Precision: 0.1000
Directed Recall: 0.1765
Undirected Sensitivity: 0.8235
Undirected Specificity: 0.5789
Undirected Precision: 0.4667
Undirected Recall: 0.8235
----------------------------------------
ALPHA:0.1 | SEED:160
Directed Sensitivity: 0.1765
Directed Specificity: 0.7097
Directed Precision: 0.1000
Directed Recall: 0.1765
Undirected Sensitivity: 0.8235
Undirected Specificity: 0.5789
Undirected Precision: 0.4667
Undirected Recall: 0.8235
----------------------------------------
ALPHA:0.1 | SEED:170
Directed Sensitivity: 0.1765
Directed Specificity: 0.7097
Directed Precision: 0.1000
Directed Recall: 0.1765
Undirected Sensitivity: 0.8235
Undirected Specificity: 0.5789
Undirected Precision: 0.4667
Undirected Recall: 0.8235
----------------------------------------
ALPHA:0.1 | SEED:180
Directed Sensitivity: 0.1765
Directed Specificity: 0.7097
Directed Precision: 0.1000
Directed Recall: 0.1765
Undirected Sensitivity: 0.8235
Undirected Specificity: 0.5789
Undirected Precision: 0.4667
Undirected Recall: 0.8235
----------------------------------------
ALPHA:0.1 | SEED:190
Directed Sensitivity: 0.1765
Directed Specificity: 0.7097
Directed Precision: 0.1000
Directed Recall: 0.1765
Undirected Sensitivity: 0.8235
Undirected Specificity: 0.5789
Undirected Precision: 0.4667
Undirected Recall: 0.8235
----------------------------------------
ALPHA:0.1 | SEED:200
Directed Sensitivity: 0.1765
Directed Specificity: 0.7097
Directed Precision: 0.1000
Directed Recall: 0.1765
Undirected Sensitivity: 0.8235
Undirected Specificity: 0.5789
Undirected Precision: 0.4667
Undirected Recall: 0.8235
----------------------------------------
ALPHA:0.1 | SEED:210
Directed Sensitivity: 0.1765
Directed Specificity: 0.7097
Directed Precision: 0.1000
Directed Recall: 0.1765
Undirected Sensitivity: 0.8235
Undirected Specificity: 0.5789
Undirected Precision: 0.4667
Undirected Recall: 0.8235
----------------------------------------
ALPHA:0.1 | SEED:220
Directed Sensitivity: 0.1765
Directed Specificity: 0.7097
Directed Precision: 0.1000
Directed Recall: 0.1765
Undirected Sensitivity: 0.8235
Undirected Specificity: 0.5789
Undirected Precision: 0.4667
Undirected Recall: 0.8235
----------------------------------------
ALPHA:0.1 | SEED:230
Directed Sensitivity: 0.1765
Directed Specificity: 0.7097
Directed Precision: 0.1000
Directed Recall: 0.1765
Undirected Sensitivity: 0.8235
Undirected Specificity: 0.5789
Undirected Precision: 0.4667
Undirected Recall: 0.8235
----------------------------------------
ALPHA:0.1 | SEED:240
Directed Sensitivity: 0.1765
Directed Specificity: 0.7097
Directed Precision: 0.1000
Directed Recall: 0.1765
Undirected Sensitivity: 0.8235
Undirected Specificity: 0.5789
Undirected Precision: 0.4667
Undirected Recall: 0.8235
----------------------------------------
ALPHA:0.1 | SEED:250
Directed Sensitivity: 0.1765
Directed Specificity: 0.7097
Directed Precision: 0.1000
Directed Recall: 0.1765
Undirected Sensitivity: 0.8235
Undirected Specificity: 0.5789
Undirected Precision: 0.4667
Undirected Recall: 0.8235
----------------------------------------
ALPHA:0.1 | SEED:260
Directed Sensitivity: 0.1765
Directed Specificity: 0.7097
Directed Precision: 0.1000
Directed Recall: 0.1765
Undirected Sensitivity: 0.8235
Undirected Specificity: 0.5789
Undirected Precision: 0.4667
Undirected Recall: 0.8235
----------------------------------------
ALPHA:0.1 | SEED:270
Directed Sensitivity: 0.1765
Directed Specificity: 0.7097
Directed Precision: 0.1000
Directed Recall: 0.1765
Undirected Sensitivity: 0.8235
Undirected Specificity: 0.5789
Undirected Precision: 0.4667
Undirected Recall: 0.8235
----------------------------------------
ALPHA:0.1 | SEED:280
Directed Sensitivity: 0.1765
Directed Specificity: 0.7097
Directed Precision: 0.1000
Directed Recall: 0.1765
Undirected Sensitivity: 0.8235
Undirected Specificity: 0.5789
Undirected Precision: 0.4667
Undirected Recall: 0.8235
----------------------------------------
ALPHA:0.1 | SEED:290
Directed Sensitivity: 0.1765
Directed Specificity: 0.7097
Directed Precision: 0.1000
Directed Recall: 0.1765
Undirected Sensitivity: 0.8235
Undirected Specificity: 0.5789
Undirected Precision: 0.4667
Undirected Recall: 0.8235
----------------------------------------
ALPHA:0.1 | SEED:300
Directed Sensitivity: 0.1765
Directed Specificity: 0.7097
Directed Precision: 0.1000
Directed Recall: 0.1765
Undirected Sensitivity: 0.8235
Undirected Specificity: 0.5789
Undirected Precision: 0.4667
Undirected Recall: 0.8235
----------------------------------------
ALPHA:0.2 | SEED:10
Directed Sensitivity: 0.2941
Directed Specificity: 0.7204
Directed Precision: 0.1613
Directed Recall: 0.2941
Undirected Sensitivity: 0.8824
Undirected Specificity: 0.5789
Undirected Precision: 0.4839
Undirected Recall: 0.8824
----------------------------------------
ALPHA:0.2 | SEED:20
Directed Sensitivity: 0.2941
Directed Specificity: 0.7204
Directed Precision: 0.1613
Directed Recall: 0.2941
Undirected Sensitivity: 0.8824
Undirected Specificity: 0.5789
Undirected Precision: 0.4839
Undirected Recall: 0.8824
----------------------------------------
ALPHA:0.2 | SEED:30
Directed Sensitivity: 0.2941
Directed Specificity: 0.7204
Directed Precision: 0.1613
Directed Recall: 0.2941
Undirected Sensitivity: 0.8824
Undirected Specificity: 0.5789
Undirected Precision: 0.4839
Undirected Recall: 0.8824
----------------------------------------
ALPHA:0.2 | SEED:40
Directed Sensitivity: 0.2941
Directed Specificity: 0.7204
Directed Precision: 0.1613
Directed Recall: 0.2941
Undirected Sensitivity: 0.8824
Undirected Specificity: 0.5789
Undirected Precision: 0.4839
Undirected Recall: 0.8824
----------------------------------------
ALPHA:0.2 | SEED:50
Directed Sensitivity: 0.2941
Directed Specificity: 0.7204
Directed Precision: 0.1613
Directed Recall: 0.2941
Undirected Sensitivity: 0.8824
Undirected Specificity: 0.5789
Undirected Precision: 0.4839
Undirected Recall: 0.8824
----------------------------------------
ALPHA:0.2 | SEED:60
Directed Sensitivity: 0.2941
Directed Specificity: 0.7204
Directed Precision: 0.1613
Directed Recall: 0.2941
Undirected Sensitivity: 0.8824
Undirected Specificity: 0.5789
Undirected Precision: 0.4839
Undirected Recall: 0.8824
----------------------------------------
ALPHA:0.2 | SEED:70
Directed Sensitivity: 0.2941
Directed Specificity: 0.7204
Directed Precision: 0.1613
Directed Recall: 0.2941
Undirected Sensitivity: 0.8824
Undirected Specificity: 0.5789
Undirected Precision: 0.4839
Undirected Recall: 0.8824
----------------------------------------
ALPHA:0.2 | SEED:80
Directed Sensitivity: 0.2941
Directed Specificity: 0.7204
Directed Precision: 0.1613
Directed Recall: 0.2941
Undirected Sensitivity: 0.8824
Undirected Specificity: 0.5789
Undirected Precision: 0.4839
Undirected Recall: 0.8824
----------------------------------------
ALPHA:0.2 | SEED:90
Directed Sensitivity: 0.2941
Directed Specificity: 0.7204
Directed Precision: 0.1613
Directed Recall: 0.2941
Undirected Sensitivity: 0.8824
Undirected Specificity: 0.5789
Undirected Precision: 0.4839
Undirected Recall: 0.8824
----------------------------------------
ALPHA:0.2 | SEED:100
Directed Sensitivity: 0.2941
Directed Specificity: 0.7204
Directed Precision: 0.1613
Directed Recall: 0.2941
Undirected Sensitivity: 0.8824
Undirected Specificity: 0.5789
Undirected Precision: 0.4839
Undirected Recall: 0.8824
----------------------------------------
ALPHA:0.2 | SEED:110
Directed Sensitivity: 0.2941
Directed Specificity: 0.7204
Directed Precision: 0.1613
Directed Recall: 0.2941
Undirected Sensitivity: 0.8824
Undirected Specificity: 0.5789
Undirected Precision: 0.4839
Undirected Recall: 0.8824
----------------------------------------
ALPHA:0.2 | SEED:120
Directed Sensitivity: 0.2941
Directed Specificity: 0.7204
Directed Precision: 0.1613
Directed Recall: 0.2941
Undirected Sensitivity: 0.8824
Undirected Specificity: 0.5789
Undirected Precision: 0.4839
Undirected Recall: 0.8824
----------------------------------------
ALPHA:0.2 | SEED:130
Directed Sensitivity: 0.2941
Directed Specificity: 0.7204
Directed Precision: 0.1613
Directed Recall: 0.2941
Undirected Sensitivity: 0.8824
Undirected Specificity: 0.5789
Undirected Precision: 0.4839
Undirected Recall: 0.8824
----------------------------------------
ALPHA:0.2 | SEED:140
Directed Sensitivity: 0.2941
Directed Specificity: 0.7204
Directed Precision: 0.1613
Directed Recall: 0.2941
Undirected Sensitivity: 0.8824
Undirected Specificity: 0.5789
Undirected Precision: 0.4839
Undirected Recall: 0.8824
----------------------------------------
ALPHA:0.2 | SEED:150
Directed Sensitivity: 0.2941
Directed Specificity: 0.7204
Directed Precision: 0.1613
Directed Recall: 0.2941
Undirected Sensitivity: 0.8824
Undirected Specificity: 0.5789
Undirected Precision: 0.4839
Undirected Recall: 0.8824
----------------------------------------
ALPHA:0.2 | SEED:160
Directed Sensitivity: 0.2941
Directed Specificity: 0.7204
Directed Precision: 0.1613
Directed Recall: 0.2941
Undirected Sensitivity: 0.8824
Undirected Specificity: 0.5789
Undirected Precision: 0.4839
Undirected Recall: 0.8824
----------------------------------------
ALPHA:0.2 | SEED:170
Directed Sensitivity: 0.2941
Directed Specificity: 0.7204
Directed Precision: 0.1613
Directed Recall: 0.2941
Undirected Sensitivity: 0.8824
Undirected Specificity: 0.5789
Undirected Precision: 0.4839
Undirected Recall: 0.8824
----------------------------------------
ALPHA:0.2 | SEED:180
Directed Sensitivity: 0.2941
Directed Specificity: 0.7204
Directed Precision: 0.1613
Directed Recall: 0.2941
Undirected Sensitivity: 0.8824
Undirected Specificity: 0.5789
Undirected Precision: 0.4839
Undirected Recall: 0.8824
----------------------------------------
ALPHA:0.2 | SEED:190
Directed Sensitivity: 0.2941
Directed Specificity: 0.7204
Directed Precision: 0.1613
Directed Recall: 0.2941
Undirected Sensitivity: 0.8824
Undirected Specificity: 0.5789
Undirected Precision: 0.4839
Undirected Recall: 0.8824
----------------------------------------
ALPHA:0.2 | SEED:200
Directed Sensitivity: 0.2941
Directed Specificity: 0.7204
Directed Precision: 0.1613
Directed Recall: 0.2941
Undirected Sensitivity: 0.8824
Undirected Specificity: 0.5789
Undirected Precision: 0.4839
Undirected Recall: 0.8824
----------------------------------------
ALPHA:0.2 | SEED:210
Directed Sensitivity: 0.2941
Directed Specificity: 0.7204
Directed Precision: 0.1613
Directed Recall: 0.2941
Undirected Sensitivity: 0.8824
Undirected Specificity: 0.5789
Undirected Precision: 0.4839
Undirected Recall: 0.8824
----------------------------------------
ALPHA:0.2 | SEED:220
Directed Sensitivity: 0.2941
Directed Specificity: 0.7204
Directed Precision: 0.1613
Directed Recall: 0.2941
Undirected Sensitivity: 0.8824
Undirected Specificity: 0.5789
Undirected Precision: 0.4839
Undirected Recall: 0.8824
----------------------------------------
ALPHA:0.2 | SEED:230
Directed Sensitivity: 0.2941
Directed Specificity: 0.7204
Directed Precision: 0.1613
Directed Recall: 0.2941
Undirected Sensitivity: 0.8824
Undirected Specificity: 0.5789
Undirected Precision: 0.4839
Undirected Recall: 0.8824
----------------------------------------
ALPHA:0.2 | SEED:240
Directed Sensitivity: 0.2941
Directed Specificity: 0.7204
Directed Precision: 0.1613
Directed Recall: 0.2941
Undirected Sensitivity: 0.8824
Undirected Specificity: 0.5789
Undirected Precision: 0.4839
Undirected Recall: 0.8824
----------------------------------------
ALPHA:0.2 | SEED:250
Directed Sensitivity: 0.2941
Directed Specificity: 0.7204
Directed Precision: 0.1613
Directed Recall: 0.2941
Undirected Sensitivity: 0.8824
Undirected Specificity: 0.5789
Undirected Precision: 0.4839
Undirected Recall: 0.8824
----------------------------------------
ALPHA:0.2 | SEED:260
Directed Sensitivity: 0.2941
Directed Specificity: 0.7204
Directed Precision: 0.1613
Directed Recall: 0.2941
Undirected Sensitivity: 0.8824
Undirected Specificity: 0.5789
Undirected Precision: 0.4839
Undirected Recall: 0.8824
----------------------------------------
ALPHA:0.2 | SEED:270
Directed Sensitivity: 0.2941
Directed Specificity: 0.7204
Directed Precision: 0.1613
Directed Recall: 0.2941
Undirected Sensitivity: 0.8824
Undirected Specificity: 0.5789
Undirected Precision: 0.4839
Undirected Recall: 0.8824
----------------------------------------
ALPHA:0.2 | SEED:280
Directed Sensitivity: 0.2941
Directed Specificity: 0.7204
Directed Precision: 0.1613
Directed Recall: 0.2941
Undirected Sensitivity: 0.8824
Undirected Specificity: 0.5789
Undirected Precision: 0.4839
Undirected Recall: 0.8824
----------------------------------------
ALPHA:0.2 | SEED:290
Directed Sensitivity: 0.2941
Directed Specificity: 0.7204
Directed Precision: 0.1613
Directed Recall: 0.2941
Undirected Sensitivity: 0.8824
Undirected Specificity: 0.5789
Undirected Precision: 0.4839
Undirected Recall: 0.8824
----------------------------------------
ALPHA:0.2 | SEED:300
Directed Sensitivity: 0.2941
Directed Specificity: 0.7204
Directed Precision: 0.1613
Directed Recall: 0.2941
Undirected Sensitivity: 0.8824
Undirected Specificity: 0.5789
Undirected Precision: 0.4839
Undirected Recall: 0.8824
----------------------------------------
