PERCENT:20 | ALPHA:0.01 | SEED:10
Directed Sensitivity: 0.2609
Directed Specificity: 0.9358
Directed Precision: 0.4615
Directed Recall: 0.2609
Undirected Sensitivity: 0.4348
Undirected Specificity: 0.9302
Undirected Precision: 0.7692
Undirected Recall: 0.4348
----------------------------------------
PERCENT:20 | ALPHA:0.01 | SEED:20
Directed Sensitivity: 0.1739
Directed Specificity: 0.9174
Directed Precision: 0.3077
Directed Recall: 0.1739
Undirected Sensitivity: 0.4348
Undirected Specificity: 0.9302
Undirected Precision: 0.7692
Undirected Recall: 0.4348
----------------------------------------
PERCENT:20 | ALPHA:0.01 | SEED:30
Directed Sensitivity: 0.3043
Directed Specificity: 0.9541
Directed Precision: 0.5833
Directed Recall: 0.3043
Undirected Sensitivity: 0.4348
Undirected Specificity: 0.9535
Undirected Precision: 0.8333
Undirected Recall: 0.4348
----------------------------------------
PERCENT:20 | ALPHA:0.01 | SEED:40
Directed Sensitivity: 0.2609
Directed Specificity: 0.9358
Directed Precision: 0.4615
Directed Recall: 0.2609
Undirected Sensitivity: 0.4348
Undirected Specificity: 0.9302
Undirected Precision: 0.7692
Undirected Recall: 0.4348
----------------------------------------
PERCENT:20 | ALPHA:0.01 | SEED:50
Directed Sensitivity: 0.3043
Directed Specificity: 0.9450
Directed Precision: 0.5385
Directed Recall: 0.3043
Undirected Sensitivity: 0.4348
Undirected Specificity: 0.9302
Undirected Precision: 0.7692
Undirected Recall: 0.4348
----------------------------------------
PERCENT:20 | ALPHA:0.01 | SEED:60
Directed Sensitivity: 0.2609
Directed Specificity: 0.9358
Directed Precision: 0.4615
Directed Recall: 0.2609
Undirected Sensitivity: 0.4348
Undirected Specificity: 0.9302
Undirected Precision: 0.7692
Undirected Recall: 0.4348
----------------------------------------
PERCENT:20 | ALPHA:0.01 | SEED:70
Directed Sensitivity: 0.2609
Directed Specificity: 0.9358
Directed Precision: 0.4615
Directed Recall: 0.2609
Undirected Sensitivity: 0.4348
Undirected Specificity: 0.9302
Undirected Precision: 0.7692
Undirected Recall: 0.4348
----------------------------------------
PERCENT:20 | ALPHA:0.01 | SEED:80
Directed Sensitivity: 0.3478
Directed Specificity: 0.9541
Directed Precision: 0.6154
Directed Recall: 0.3478
Undirected Sensitivity: 0.4348
Undirected Specificity: 0.9302
Undirected Precision: 0.7692
Undirected Recall: 0.4348
----------------------------------------
PERCENT:20 | ALPHA:0.01 | SEED:90
Directed Sensitivity: 0.3913
Directed Specificity: 0.9633
Directed Precision: 0.6923
Directed Recall: 0.3913
Undirected Sensitivity: 0.4348
Undirected Specificity: 0.9302
Undirected Precision: 0.7692
Undirected Recall: 0.4348
----------------------------------------
PERCENT:20 | ALPHA:0.01 | SEED:100
Directed Sensitivity: 0.3043
Directed Specificity: 0.9450
Directed Precision: 0.5385
Directed Recall: 0.3043
Undirected Sensitivity: 0.4348
Undirected Specificity: 0.9302
Undirected Precision: 0.7692
Undirected Recall: 0.4348
----------------------------------------
PERCENT:20 | ALPHA:0.01 | SEED:110
Directed Sensitivity: 0.3043
Directed Specificity: 0.9450
Directed Precision: 0.5385
Directed Recall: 0.3043
Undirected Sensitivity: 0.4348
Undirected Specificity: 0.9302
Undirected Precision: 0.7692
Undirected Recall: 0.4348
----------------------------------------
PERCENT:20 | ALPHA:0.01 | SEED:120
Directed Sensitivity: 0.3478
Directed Specificity: 0.9633
Directed Precision: 0.6667
Directed Recall: 0.3478
Undirected Sensitivity: 0.4348
Undirected Specificity: 0.9535
Undirected Precision: 0.8333
Undirected Recall: 0.4348
----------------------------------------
PERCENT:20 | ALPHA:0.01 | SEED:130
Directed Sensitivity: 0.2174
Directed Specificity: 0.9266
Directed Precision: 0.3846
Directed Recall: 0.2174
Undirected Sensitivity: 0.4348
Undirected Specificity: 0.9302
Undirected Precision: 0.7692
Undirected Recall: 0.4348
----------------------------------------
PERCENT:20 | ALPHA:0.01 | SEED:140
Directed Sensitivity: 0.2609
Directed Specificity: 0.9358
Directed Precision: 0.4615
Directed Recall: 0.2609
Undirected Sensitivity: 0.4348
Undirected Specificity: 0.9302
Undirected Precision: 0.7692
Undirected Recall: 0.4348
----------------------------------------
PERCENT:20 | ALPHA:0.01 | SEED:150
Directed Sensitivity: 0.2174
Directed Specificity: 0.9266
Directed Precision: 0.3846
Directed Recall: 0.2174
Undirected Sensitivity: 0.4348
Undirected Specificity: 0.9302
Undirected Precision: 0.7692
Undirected Recall: 0.4348
----------------------------------------
PERCENT:20 | ALPHA:0.01 | SEED:160
Directed Sensitivity: 0.2174
Directed Specificity: 0.9266
Directed Precision: 0.3846
Directed Recall: 0.2174
Undirected Sensitivity: 0.4348
Undirected Specificity: 0.9302
Undirected Precision: 0.7692
Undirected Recall: 0.4348
----------------------------------------
PERCENT:20 | ALPHA:0.01 | SEED:170
Directed Sensitivity: 0.4348
Directed Specificity: 0.9725
Directed Precision: 0.7692
Directed Recall: 0.4348
Undirected Sensitivity: 0.4348
Undirected Specificity: 0.9302
Undirected Precision: 0.7692
Undirected Recall: 0.4348
----------------------------------------
PERCENT:20 | ALPHA:0.01 | SEED:180
Directed Sensitivity: 0.3043
Directed Specificity: 0.9541
Directed Precision: 0.5833
Directed Recall: 0.3043
Undirected Sensitivity: 0.4348
Undirected Specificity: 0.9535
Undirected Precision: 0.8333
Undirected Recall: 0.4348
----------------------------------------
PERCENT:20 | ALPHA:0.01 | SEED:190
Directed Sensitivity: 0.3913
Directed Specificity: 0.9633
Directed Precision: 0.6923
Directed Recall: 0.3913
Undirected Sensitivity: 0.4348
Undirected Specificity: 0.9302
Undirected Precision: 0.7692
Undirected Recall: 0.4348
----------------------------------------
PERCENT:20 | ALPHA:0.01 | SEED:200
Directed Sensitivity: 0.3913
Directed Specificity: 0.9633
Directed Precision: 0.6923
Directed Recall: 0.3913
Undirected Sensitivity: 0.4348
Undirected Specificity: 0.9302
Undirected Precision: 0.7692
Undirected Recall: 0.4348
----------------------------------------
PERCENT:20 | ALPHA:0.01 | SEED:210
Directed Sensitivity: 0.1739
Directed Specificity: 0.9174
Directed Precision: 0.3077
Directed Recall: 0.1739
Undirected Sensitivity: 0.4348
Undirected Specificity: 0.9302
Undirected Precision: 0.7692
Undirected Recall: 0.4348
----------------------------------------
PERCENT:20 | ALPHA:0.01 | SEED:220
Directed Sensitivity: 0.2609
Directed Specificity: 0.9358
Directed Precision: 0.4615
Directed Recall: 0.2609
Undirected Sensitivity: 0.4348
Undirected Specificity: 0.9302
Undirected Precision: 0.7692
Undirected Recall: 0.4348
----------------------------------------
PERCENT:20 | ALPHA:0.01 | SEED:230
Directed Sensitivity: 0.2609
Directed Specificity: 0.9358
Directed Precision: 0.4615
Directed Recall: 0.2609
Undirected Sensitivity: 0.4348
Undirected Specificity: 0.9302
Undirected Precision: 0.7692
Undirected Recall: 0.4348
----------------------------------------
PERCENT:20 | ALPHA:0.01 | SEED:240
Directed Sensitivity: 0.2609
Directed Specificity: 0.9358
Directed Precision: 0.4615
Directed Recall: 0.2609
Undirected Sensitivity: 0.4348
Undirected Specificity: 0.9302
Undirected Precision: 0.7692
Undirected Recall: 0.4348
----------------------------------------
PERCENT:20 | ALPHA:0.01 | SEED:250
Directed Sensitivity: 0.2174
Directed Specificity: 0.9266
Directed Precision: 0.3846
Directed Recall: 0.2174
Undirected Sensitivity: 0.4348
Undirected Specificity: 0.9302
Undirected Precision: 0.7692
Undirected Recall: 0.4348
----------------------------------------
PERCENT:20 | ALPHA:0.01 | SEED:260
Directed Sensitivity: 0.3478
Directed Specificity: 0.9541
Directed Precision: 0.6154
Directed Recall: 0.3478
Undirected Sensitivity: 0.4348
Undirected Specificity: 0.9302
Undirected Precision: 0.7692
Undirected Recall: 0.4348
----------------------------------------
PERCENT:20 | ALPHA:0.01 | SEED:270
Directed Sensitivity: 0.3043
Directed Specificity: 0.9450
Directed Precision: 0.5385
Directed Recall: 0.3043
Undirected Sensitivity: 0.4348
Undirected Specificity: 0.9302
Undirected Precision: 0.7692
Undirected Recall: 0.4348
----------------------------------------
PERCENT:20 | ALPHA:0.01 | SEED:280
Directed Sensitivity: 0.3913
Directed Specificity: 0.9633
Directed Precision: 0.6923
Directed Recall: 0.3913
Undirected Sensitivity: 0.4348
Undirected Specificity: 0.9302
Undirected Precision: 0.7692
Undirected Recall: 0.4348
----------------------------------------
PERCENT:20 | ALPHA:0.01 | SEED:290
Directed Sensitivity: 0.3478
Directed Specificity: 0.9541
Directed Precision: 0.6154
Directed Recall: 0.3478
Undirected Sensitivity: 0.4348
Undirected Specificity: 0.9302
Undirected Precision: 0.7692
Undirected Recall: 0.4348
----------------------------------------
PERCENT:20 | ALPHA:0.01 | SEED:300
Directed Sensitivity: 0.2609
Directed Specificity: 0.9358
Directed Precision: 0.4615
Directed Recall: 0.2609
Undirected Sensitivity: 0.4348
Undirected Specificity: 0.9302
Undirected Precision: 0.7692
Undirected Recall: 0.4348
----------------------------------------
PERCENT:20 | ALPHA:0.05 | SEED:10
Directed Sensitivity: 0.2609
Directed Specificity: 0.8991
Directed Precision: 0.3529
Directed Recall: 0.2609
Undirected Sensitivity: 0.4783
Undirected Specificity: 0.8605
Undirected Precision: 0.6471
Undirected Recall: 0.4783
----------------------------------------
PERCENT:20 | ALPHA:0.05 | SEED:20
Directed Sensitivity: 0.3043
Directed Specificity: 0.9083
Directed Precision: 0.4118
Directed Recall: 0.3043
Undirected Sensitivity: 0.4783
Undirected Specificity: 0.8605
Undirected Precision: 0.6471
Undirected Recall: 0.4783
----------------------------------------
PERCENT:20 | ALPHA:0.05 | SEED:30
Directed Sensitivity: 0.3478
Directed Specificity: 0.9174
Directed Precision: 0.4706
Directed Recall: 0.3478
Undirected Sensitivity: 0.5217
Undirected Specificity: 0.8837
Undirected Precision: 0.7059
Undirected Recall: 0.5217
----------------------------------------
PERCENT:20 | ALPHA:0.05 | SEED:40
Directed Sensitivity: 0.2609
Directed Specificity: 0.8991
Directed Precision: 0.3529
Directed Recall: 0.2609
Undirected Sensitivity: 0.4783
Undirected Specificity: 0.8605
Undirected Precision: 0.6471
Undirected Recall: 0.4783
----------------------------------------
PERCENT:20 | ALPHA:0.05 | SEED:50
Directed Sensitivity: 0.3478
Directed Specificity: 0.9083
Directed Precision: 0.4444
Directed Recall: 0.3478
Undirected Sensitivity: 0.4783
Undirected Specificity: 0.8605
Undirected Precision: 0.6471
Undirected Recall: 0.4783
----------------------------------------
PERCENT:20 | ALPHA:0.05 | SEED:60
Directed Sensitivity: 0.3478
Directed Specificity: 0.9174
Directed Precision: 0.4706
Directed Recall: 0.3478
Undirected Sensitivity: 0.4783
Undirected Specificity: 0.8605
Undirected Precision: 0.6471
Undirected Recall: 0.4783
----------------------------------------
PERCENT:20 | ALPHA:0.05 | SEED:70
Directed Sensitivity: 0.2609
Directed Specificity: 0.8899
Directed Precision: 0.3333
Directed Recall: 0.2609
Undirected Sensitivity: 0.4783
Undirected Specificity: 0.8605
Undirected Precision: 0.6471
Undirected Recall: 0.4783
----------------------------------------
PERCENT:20 | ALPHA:0.05 | SEED:80
Directed Sensitivity: 0.3478
Directed Specificity: 0.9174
Directed Precision: 0.4706
Directed Recall: 0.3478
Undirected Sensitivity: 0.4783
Undirected Specificity: 0.8605
Undirected Precision: 0.6471
Undirected Recall: 0.4783
----------------------------------------
PERCENT:20 | ALPHA:0.05 | SEED:90
Directed Sensitivity: 0.3043
Directed Specificity: 0.9083
Directed Precision: 0.4118
Directed Recall: 0.3043
Undirected Sensitivity: 0.4783
Undirected Specificity: 0.8605
Undirected Precision: 0.6471
Undirected Recall: 0.4783
----------------------------------------
PERCENT:20 | ALPHA:0.05 | SEED:100
Directed Sensitivity: 0.3478
Directed Specificity: 0.9174
Directed Precision: 0.4706
Directed Recall: 0.3478
Undirected Sensitivity: 0.4783
Undirected Specificity: 0.8605
Undirected Precision: 0.6471
Undirected Recall: 0.4783
----------------------------------------
PERCENT:20 | ALPHA:0.05 | SEED:110
Directed Sensitivity: 0.3043
Directed Specificity: 0.9083
Directed Precision: 0.4118
Directed Recall: 0.3043
Undirected Sensitivity: 0.4783
Undirected Specificity: 0.8605
Undirected Precision: 0.6471
Undirected Recall: 0.4783
----------------------------------------
PERCENT:20 | ALPHA:0.05 | SEED:120
Directed Sensitivity: 0.2609
Directed Specificity: 0.9083
Directed Precision: 0.3750
Directed Recall: 0.2609
Undirected Sensitivity: 0.4783
Undirected Specificity: 0.8837
Undirected Precision: 0.6875
Undirected Recall: 0.4783
----------------------------------------
PERCENT:20 | ALPHA:0.05 | SEED:130
Directed Sensitivity: 0.3043
Directed Specificity: 0.9083
Directed Precision: 0.4118
Directed Recall: 0.3043
Undirected Sensitivity: 0.4783
Undirected Specificity: 0.8605
Undirected Precision: 0.6471
Undirected Recall: 0.4783
----------------------------------------
PERCENT:20 | ALPHA:0.05 | SEED:140
Directed Sensitivity: 0.3043
Directed Specificity: 0.9083
Directed Precision: 0.4118
Directed Recall: 0.3043
Undirected Sensitivity: 0.4783
Undirected Specificity: 0.8605
Undirected Precision: 0.6471
Undirected Recall: 0.4783
----------------------------------------
PERCENT:20 | ALPHA:0.05 | SEED:150
Directed Sensitivity: 0.3043
Directed Specificity: 0.8991
Directed Precision: 0.3889
Directed Recall: 0.3043
Undirected Sensitivity: 0.4783
Undirected Specificity: 0.8605
Undirected Precision: 0.6471
Undirected Recall: 0.4783
----------------------------------------
PERCENT:20 | ALPHA:0.05 | SEED:160
Directed Sensitivity: 0.2609
Directed Specificity: 0.8991
Directed Precision: 0.3529
Directed Recall: 0.2609
Undirected Sensitivity: 0.4783
Undirected Specificity: 0.8605
Undirected Precision: 0.6471
Undirected Recall: 0.4783
----------------------------------------
PERCENT:20 | ALPHA:0.05 | SEED:170
Directed Sensitivity: 0.3913
Directed Specificity: 0.9266
Directed Precision: 0.5294
Directed Recall: 0.3913
Undirected Sensitivity: 0.4783
Undirected Specificity: 0.8605
Undirected Precision: 0.6471
Undirected Recall: 0.4783
----------------------------------------
PERCENT:20 | ALPHA:0.05 | SEED:180
Directed Sensitivity: 0.3478
Directed Specificity: 0.9266
Directed Precision: 0.5000
Directed Recall: 0.3478
Undirected Sensitivity: 0.4783
Undirected Specificity: 0.8837
Undirected Precision: 0.6875
Undirected Recall: 0.4783
----------------------------------------
PERCENT:20 | ALPHA:0.05 | SEED:190
Directed Sensitivity: 0.3043
Directed Specificity: 0.9174
Directed Precision: 0.4375
Directed Recall: 0.3043
Undirected Sensitivity: 0.4783
Undirected Specificity: 0.8837
Undirected Precision: 0.6875
Undirected Recall: 0.4783
----------------------------------------
PERCENT:20 | ALPHA:0.05 | SEED:200
Directed Sensitivity: 0.3913
Directed Specificity: 0.9266
Directed Precision: 0.5294
Directed Recall: 0.3913
Undirected Sensitivity: 0.4783
Undirected Specificity: 0.8605
Undirected Precision: 0.6471
Undirected Recall: 0.4783
----------------------------------------
PERCENT:20 | ALPHA:0.05 | SEED:210
Directed Sensitivity: 0.2609
Directed Specificity: 0.8991
Directed Precision: 0.3529
Directed Recall: 0.2609
Undirected Sensitivity: 0.4783
Undirected Specificity: 0.8605
Undirected Precision: 0.6471
Undirected Recall: 0.4783
----------------------------------------
PERCENT:20 | ALPHA:0.05 | SEED:220
Directed Sensitivity: 0.3478
Directed Specificity: 0.9083
Directed Precision: 0.4444
Directed Recall: 0.3478
Undirected Sensitivity: 0.4783
Undirected Specificity: 0.8605
Undirected Precision: 0.6471
Undirected Recall: 0.4783
----------------------------------------
PERCENT:20 | ALPHA:0.05 | SEED:230
Directed Sensitivity: 0.3043
Directed Specificity: 0.8991
Directed Precision: 0.3889
Directed Recall: 0.3043
Undirected Sensitivity: 0.4783
Undirected Specificity: 0.8605
Undirected Precision: 0.6471
Undirected Recall: 0.4783
----------------------------------------
PERCENT:20 | ALPHA:0.05 | SEED:240
Directed Sensitivity: 0.3043
Directed Specificity: 0.9083
Directed Precision: 0.4118
Directed Recall: 0.3043
Undirected Sensitivity: 0.4783
Undirected Specificity: 0.8605
Undirected Precision: 0.6471
Undirected Recall: 0.4783
----------------------------------------
PERCENT:20 | ALPHA:0.05 | SEED:250
Directed Sensitivity: 0.3043
Directed Specificity: 0.8991
Directed Precision: 0.3889
Directed Recall: 0.3043
Undirected Sensitivity: 0.4783
Undirected Specificity: 0.8605
Undirected Precision: 0.6471
Undirected Recall: 0.4783
----------------------------------------
PERCENT:20 | ALPHA:0.05 | SEED:260
Directed Sensitivity: 0.3043
Directed Specificity: 0.9083
Directed Precision: 0.4118
Directed Recall: 0.3043
Undirected Sensitivity: 0.4783
Undirected Specificity: 0.8605
Undirected Precision: 0.6471
Undirected Recall: 0.4783
----------------------------------------
PERCENT:20 | ALPHA:0.05 | SEED:270
Directed Sensitivity: 0.3043
Directed Specificity: 0.9174
Directed Precision: 0.4375
Directed Recall: 0.3043
Undirected Sensitivity: 0.4783
Undirected Specificity: 0.8837
Undirected Precision: 0.6875
Undirected Recall: 0.4783
----------------------------------------
PERCENT:20 | ALPHA:0.05 | SEED:280
Directed Sensitivity: 0.3043
Directed Specificity: 0.9083
Directed Precision: 0.4118
Directed Recall: 0.3043
Undirected Sensitivity: 0.4783
Undirected Specificity: 0.8605
Undirected Precision: 0.6471
Undirected Recall: 0.4783
----------------------------------------
PERCENT:20 | ALPHA:0.05 | SEED:290
Directed Sensitivity: 0.3043
Directed Specificity: 0.9174
Directed Precision: 0.4375
Directed Recall: 0.3043
Undirected Sensitivity: 0.4783
Undirected Specificity: 0.8837
Undirected Precision: 0.6875
Undirected Recall: 0.4783
----------------------------------------
PERCENT:20 | ALPHA:0.05 | SEED:300
Directed Sensitivity: 0.3043
Directed Specificity: 0.9083
Directed Precision: 0.4118
Directed Recall: 0.3043
Undirected Sensitivity: 0.4783
Undirected Specificity: 0.8605
Undirected Precision: 0.6471
Undirected Recall: 0.4783
----------------------------------------
PERCENT:20 | ALPHA:0.1 | SEED:10
Directed Sensitivity: 0.3043
Directed Specificity: 0.8991
Directed Precision: 0.3889
Directed Recall: 0.3043
Undirected Sensitivity: 0.5217
Undirected Specificity: 0.8605
Undirected Precision: 0.6667
Undirected Recall: 0.5217
----------------------------------------
PERCENT:20 | ALPHA:0.1 | SEED:20
Directed Sensitivity: 0.3478
Directed Specificity: 0.9083
Directed Precision: 0.4444
Directed Recall: 0.3478
Undirected Sensitivity: 0.5217
Undirected Specificity: 0.8605
Undirected Precision: 0.6667
Undirected Recall: 0.5217
----------------------------------------
PERCENT:20 | ALPHA:0.1 | SEED:30
Directed Sensitivity: 0.3913
Directed Specificity: 0.9174
Directed Precision: 0.5000
Directed Recall: 0.3913
Undirected Sensitivity: 0.5217
Undirected Specificity: 0.8837
Undirected Precision: 0.7059
Undirected Recall: 0.5217
----------------------------------------
PERCENT:20 | ALPHA:0.1 | SEED:40
Directed Sensitivity: 0.4348
Directed Specificity: 0.9266
Directed Precision: 0.5556
Directed Recall: 0.4348
Undirected Sensitivity: 0.5217
Undirected Specificity: 0.8605
Undirected Precision: 0.6667
Undirected Recall: 0.5217
----------------------------------------
PERCENT:20 | ALPHA:0.1 | SEED:50
Directed Sensitivity: 0.3913
Directed Specificity: 0.9083
Directed Precision: 0.4737
Directed Recall: 0.3913
Undirected Sensitivity: 0.5217
Undirected Specificity: 0.8605
Undirected Precision: 0.6667
Undirected Recall: 0.5217
----------------------------------------
PERCENT:20 | ALPHA:0.1 | SEED:60
Directed Sensitivity: 0.3913
Directed Specificity: 0.9174
Directed Precision: 0.5000
Directed Recall: 0.3913
Undirected Sensitivity: 0.5217
Undirected Specificity: 0.8605
Undirected Precision: 0.6667
Undirected Recall: 0.5217
----------------------------------------
PERCENT:20 | ALPHA:0.1 | SEED:70
Directed Sensitivity: 0.3478
Directed Specificity: 0.8991
Directed Precision: 0.4211
Directed Recall: 0.3478
Undirected Sensitivity: 0.5217
Undirected Specificity: 0.8605
Undirected Precision: 0.6667
Undirected Recall: 0.5217
----------------------------------------
PERCENT:20 | ALPHA:0.1 | SEED:80
Directed Sensitivity: 0.4348
Directed Specificity: 0.9174
Directed Precision: 0.5263
Directed Recall: 0.4348
Undirected Sensitivity: 0.5217
Undirected Specificity: 0.8605
Undirected Precision: 0.6667
Undirected Recall: 0.5217
----------------------------------------
PERCENT:20 | ALPHA:0.1 | SEED:90
Directed Sensitivity: 0.3913
Directed Specificity: 0.9174
Directed Precision: 0.5000
Directed Recall: 0.3913
Undirected Sensitivity: 0.5217
Undirected Specificity: 0.8605
Undirected Precision: 0.6667
Undirected Recall: 0.5217
----------------------------------------
PERCENT:20 | ALPHA:0.1 | SEED:100
Directed Sensitivity: 0.3478
Directed Specificity: 0.9083
Directed Precision: 0.4444
Directed Recall: 0.3478
Undirected Sensitivity: 0.5217
Undirected Specificity: 0.8605
Undirected Precision: 0.6667
Undirected Recall: 0.5217
----------------------------------------
PERCENT:20 | ALPHA:0.1 | SEED:110
Directed Sensitivity: 0.3478
Directed Specificity: 0.8991
Directed Precision: 0.4211
Directed Recall: 0.3478
Undirected Sensitivity: 0.5217
Undirected Specificity: 0.8605
Undirected Precision: 0.6667
Undirected Recall: 0.5217
----------------------------------------
PERCENT:20 | ALPHA:0.1 | SEED:120
Directed Sensitivity: 0.3913
Directed Specificity: 0.9266
Directed Precision: 0.5294
Directed Recall: 0.3913
Undirected Sensitivity: 0.5217
Undirected Specificity: 0.8837
Undirected Precision: 0.7059
Undirected Recall: 0.5217
----------------------------------------
PERCENT:20 | ALPHA:0.1 | SEED:130
Directed Sensitivity: 0.3913
Directed Specificity: 0.9174
Directed Precision: 0.5000
Directed Recall: 0.3913
Undirected Sensitivity: 0.5217
Undirected Specificity: 0.8605
Undirected Precision: 0.6667
Undirected Recall: 0.5217
----------------------------------------
PERCENT:20 | ALPHA:0.1 | SEED:140
Directed Sensitivity: 0.3913
Directed Specificity: 0.9174
Directed Precision: 0.5000
Directed Recall: 0.3913
Undirected Sensitivity: 0.5217
Undirected Specificity: 0.8605
Undirected Precision: 0.6667
Undirected Recall: 0.5217
----------------------------------------
PERCENT:20 | ALPHA:0.1 | SEED:150
Directed Sensitivity: 0.3913
Directed Specificity: 0.9174
Directed Precision: 0.5000
Directed Recall: 0.3913
Undirected Sensitivity: 0.5217
Undirected Specificity: 0.8605
Undirected Precision: 0.6667
Undirected Recall: 0.5217
----------------------------------------
PERCENT:20 | ALPHA:0.1 | SEED:160
Directed Sensitivity: 0.3478
Directed Specificity: 0.9083
Directed Precision: 0.4444
Directed Recall: 0.3478
Undirected Sensitivity: 0.5217
Undirected Specificity: 0.8605
Undirected Precision: 0.6667
Undirected Recall: 0.5217
----------------------------------------
PERCENT:20 | ALPHA:0.1 | SEED:170
Directed Sensitivity: 0.4783
Directed Specificity: 0.9266
Directed Precision: 0.5789
Directed Recall: 0.4783
Undirected Sensitivity: 0.5217
Undirected Specificity: 0.8605
Undirected Precision: 0.6667
Undirected Recall: 0.5217
----------------------------------------
PERCENT:20 | ALPHA:0.1 | SEED:180
Directed Sensitivity: 0.3913
Directed Specificity: 0.9266
Directed Precision: 0.5294
Directed Recall: 0.3913
Undirected Sensitivity: 0.5217
Undirected Specificity: 0.8837
Undirected Precision: 0.7059
Undirected Recall: 0.5217
----------------------------------------
PERCENT:20 | ALPHA:0.1 | SEED:190
Directed Sensitivity: 0.4348
Directed Specificity: 0.9358
Directed Precision: 0.5882
Directed Recall: 0.4348
Undirected Sensitivity: 0.5217
Undirected Specificity: 0.8837
Undirected Precision: 0.7059
Undirected Recall: 0.5217
----------------------------------------
PERCENT:20 | ALPHA:0.1 | SEED:200
Directed Sensitivity: 0.4783
Directed Specificity: 0.9266
Directed Precision: 0.5789
Directed Recall: 0.4783
Undirected Sensitivity: 0.5217
Undirected Specificity: 0.8605
Undirected Precision: 0.6667
Undirected Recall: 0.5217
----------------------------------------
PERCENT:20 | ALPHA:0.1 | SEED:210
Directed Sensitivity: 0.3478
Directed Specificity: 0.9083
Directed Precision: 0.4444
Directed Recall: 0.3478
Undirected Sensitivity: 0.5217
Undirected Specificity: 0.8605
Undirected Precision: 0.6667
Undirected Recall: 0.5217
----------------------------------------
PERCENT:20 | ALPHA:0.1 | SEED:220
Directed Sensitivity: 0.3478
Directed Specificity: 0.8991
Directed Precision: 0.4211
Directed Recall: 0.3478
Undirected Sensitivity: 0.5217
Undirected Specificity: 0.8605
Undirected Precision: 0.6667
Undirected Recall: 0.5217
----------------------------------------
PERCENT:20 | ALPHA:0.1 | SEED:230
Directed Sensitivity: 0.4348
Directed Specificity: 0.9266
Directed Precision: 0.5556
Directed Recall: 0.4348
Undirected Sensitivity: 0.5217
Undirected Specificity: 0.8605
Undirected Precision: 0.6667
Undirected Recall: 0.5217
----------------------------------------
PERCENT:20 | ALPHA:0.1 | SEED:240
Directed Sensitivity: 0.3913
Directed Specificity: 0.9083
Directed Precision: 0.4737
Directed Recall: 0.3913
Undirected Sensitivity: 0.5217
Undirected Specificity: 0.8605
Undirected Precision: 0.6667
Undirected Recall: 0.5217
----------------------------------------
PERCENT:20 | ALPHA:0.1 | SEED:250
Directed Sensitivity: 0.3478
Directed Specificity: 0.9083
Directed Precision: 0.4444
Directed Recall: 0.3478
Undirected Sensitivity: 0.5217
Undirected Specificity: 0.8605
Undirected Precision: 0.6667
Undirected Recall: 0.5217
----------------------------------------
PERCENT:20 | ALPHA:0.1 | SEED:260
Directed Sensitivity: 0.3913
Directed Specificity: 0.9174
Directed Precision: 0.5000
Directed Recall: 0.3913
Undirected Sensitivity: 0.5217
Undirected Specificity: 0.8605
Undirected Precision: 0.6667
Undirected Recall: 0.5217
----------------------------------------
PERCENT:20 | ALPHA:0.1 | SEED:270
Directed Sensitivity: 0.4348
Directed Specificity: 0.9358
Directed Precision: 0.5882
Directed Recall: 0.4348
Undirected Sensitivity: 0.5217
Undirected Specificity: 0.8837
Undirected Precision: 0.7059
Undirected Recall: 0.5217
----------------------------------------
PERCENT:20 | ALPHA:0.1 | SEED:280
Directed Sensitivity: 0.4783
Directed Specificity: 0.9358
Directed Precision: 0.6111
Directed Recall: 0.4783
Undirected Sensitivity: 0.5217
Undirected Specificity: 0.8605
Undirected Precision: 0.6667
Undirected Recall: 0.5217
----------------------------------------
PERCENT:20 | ALPHA:0.1 | SEED:290
Directed Sensitivity: 0.3913
Directed Specificity: 0.9174
Directed Precision: 0.5000
Directed Recall: 0.3913
Undirected Sensitivity: 0.5217
Undirected Specificity: 0.8837
Undirected Precision: 0.7059
Undirected Recall: 0.5217
----------------------------------------
PERCENT:20 | ALPHA:0.1 | SEED:300
Directed Sensitivity: 0.3043
Directed Specificity: 0.8991
Directed Precision: 0.3889
Directed Recall: 0.3043
Undirected Sensitivity: 0.5217
Undirected Specificity: 0.8605
Undirected Precision: 0.6667
Undirected Recall: 0.5217
----------------------------------------
PERCENT:20 | ALPHA:0.2 | SEED:10
Directed Sensitivity: 0.3478
Directed Specificity: 0.8991
Directed Precision: 0.4211
Directed Recall: 0.3478
Undirected Sensitivity: 0.5217
Undirected Specificity: 0.8372
Undirected Precision: 0.6316
Undirected Recall: 0.5217
----------------------------------------
PERCENT:20 | ALPHA:0.2 | SEED:20
Directed Sensitivity: 0.3478
Directed Specificity: 0.8991
Directed Precision: 0.4211
Directed Recall: 0.3478
Undirected Sensitivity: 0.5217
Undirected Specificity: 0.8372
Undirected Precision: 0.6316
Undirected Recall: 0.5217
----------------------------------------
PERCENT:20 | ALPHA:0.2 | SEED:30
Directed Sensitivity: 0.3913
Directed Specificity: 0.9174
Directed Precision: 0.5000
Directed Recall: 0.3913
Undirected Sensitivity: 0.5217
Undirected Specificity: 0.8605
Undirected Precision: 0.6667
Undirected Recall: 0.5217
----------------------------------------
PERCENT:20 | ALPHA:0.2 | SEED:40
Directed Sensitivity: 0.3478
Directed Specificity: 0.8991
Directed Precision: 0.4211
Directed Recall: 0.3478
Undirected Sensitivity: 0.5217
Undirected Specificity: 0.8372
Undirected Precision: 0.6316
Undirected Recall: 0.5217
----------------------------------------
PERCENT:20 | ALPHA:0.2 | SEED:50
Directed Sensitivity: 0.3913
Directed Specificity: 0.8991
Directed Precision: 0.4500
Directed Recall: 0.3913
Undirected Sensitivity: 0.5217
Undirected Specificity: 0.8372
Undirected Precision: 0.6316
Undirected Recall: 0.5217
----------------------------------------
PERCENT:20 | ALPHA:0.2 | SEED:60
Directed Sensitivity: 0.3478
Directed Specificity: 0.8991
Directed Precision: 0.4211
Directed Recall: 0.3478
Undirected Sensitivity: 0.5217
Undirected Specificity: 0.8372
Undirected Precision: 0.6316
Undirected Recall: 0.5217
----------------------------------------
PERCENT:20 | ALPHA:0.2 | SEED:70
Directed Sensitivity: 0.2609
Directed Specificity: 0.8716
Directed Precision: 0.3000
Directed Recall: 0.2609
Undirected Sensitivity: 0.5217
Undirected Specificity: 0.8372
Undirected Precision: 0.6316
Undirected Recall: 0.5217
----------------------------------------
PERCENT:20 | ALPHA:0.2 | SEED:80
Directed Sensitivity: 0.3913
Directed Specificity: 0.9083
Directed Precision: 0.4737
Directed Recall: 0.3913
Undirected Sensitivity: 0.5217
Undirected Specificity: 0.8372
Undirected Precision: 0.6316
Undirected Recall: 0.5217
----------------------------------------
PERCENT:20 | ALPHA:0.2 | SEED:90
Directed Sensitivity: 0.2609
Directed Specificity: 0.8807
Directed Precision: 0.3158
Directed Recall: 0.2609
Undirected Sensitivity: 0.5217
Undirected Specificity: 0.8372
Undirected Precision: 0.6316
Undirected Recall: 0.5217
----------------------------------------
PERCENT:20 | ALPHA:0.2 | SEED:100
Directed Sensitivity: 0.3043
Directed Specificity: 0.8899
Directed Precision: 0.3684
Directed Recall: 0.3043
Undirected Sensitivity: 0.5217
Undirected Specificity: 0.8372
Undirected Precision: 0.6316
Undirected Recall: 0.5217
----------------------------------------
PERCENT:20 | ALPHA:0.2 | SEED:110
Directed Sensitivity: 0.3478
Directed Specificity: 0.8991
Directed Precision: 0.4211
Directed Recall: 0.3478
Undirected Sensitivity: 0.5217
Undirected Specificity: 0.8372
Undirected Precision: 0.6316
Undirected Recall: 0.5217
----------------------------------------
PERCENT:20 | ALPHA:0.2 | SEED:120
Directed Sensitivity: 0.3043
Directed Specificity: 0.8899
Directed Precision: 0.3684
Directed Recall: 0.3043
Undirected Sensitivity: 0.5217
Undirected Specificity: 0.8372
Undirected Precision: 0.6316
Undirected Recall: 0.5217
----------------------------------------
PERCENT:20 | ALPHA:0.2 | SEED:130
Directed Sensitivity: 0.4348
Directed Specificity: 0.9174
Directed Precision: 0.5263
Directed Recall: 0.4348
Undirected Sensitivity: 0.5217
Undirected Specificity: 0.8372
Undirected Precision: 0.6316
Undirected Recall: 0.5217
----------------------------------------
PERCENT:20 | ALPHA:0.2 | SEED:140
Directed Sensitivity: 0.3913
Directed Specificity: 0.9174
Directed Precision: 0.5000
Directed Recall: 0.3913
Undirected Sensitivity: 0.5217
Undirected Specificity: 0.8605
Undirected Precision: 0.6667
Undirected Recall: 0.5217
----------------------------------------
PERCENT:20 | ALPHA:0.2 | SEED:150
Directed Sensitivity: 0.3913
Directed Specificity: 0.8991
Directed Precision: 0.4500
Directed Recall: 0.3913
Undirected Sensitivity: 0.5217
Undirected Specificity: 0.8372
Undirected Precision: 0.6316
Undirected Recall: 0.5217
----------------------------------------
PERCENT:20 | ALPHA:0.2 | SEED:160
Directed Sensitivity: 0.3043
Directed Specificity: 0.8899
Directed Precision: 0.3684
Directed Recall: 0.3043
Undirected Sensitivity: 0.5217
Undirected Specificity: 0.8372
Undirected Precision: 0.6316
Undirected Recall: 0.5217
----------------------------------------
PERCENT:20 | ALPHA:0.2 | SEED:170
Directed Sensitivity: 0.3913
Directed Specificity: 0.8991
Directed Precision: 0.4500
Directed Recall: 0.3913
Undirected Sensitivity: 0.5217
Undirected Specificity: 0.8372
Undirected Precision: 0.6316
Undirected Recall: 0.5217
----------------------------------------
PERCENT:20 | ALPHA:0.2 | SEED:180
Directed Sensitivity: 0.3478
Directed Specificity: 0.8991
Directed Precision: 0.4211
Directed Recall: 0.3478
Undirected Sensitivity: 0.5217
Undirected Specificity: 0.8372
Undirected Precision: 0.6316
Undirected Recall: 0.5217
----------------------------------------
PERCENT:20 | ALPHA:0.2 | SEED:190
Directed Sensitivity: 0.3043
Directed Specificity: 0.8991
Directed Precision: 0.3889
Directed Recall: 0.3043
Undirected Sensitivity: 0.5217
Undirected Specificity: 0.8605
Undirected Precision: 0.6667
Undirected Recall: 0.5217
----------------------------------------
PERCENT:20 | ALPHA:0.2 | SEED:200
Directed Sensitivity: 0.4348
Directed Specificity: 0.9174
Directed Precision: 0.5263
Directed Recall: 0.4348
Undirected Sensitivity: 0.5217
Undirected Specificity: 0.8372
Undirected Precision: 0.6316
Undirected Recall: 0.5217
----------------------------------------
PERCENT:20 | ALPHA:0.2 | SEED:210
Directed Sensitivity: 0.3043
Directed Specificity: 0.8899
Directed Precision: 0.3684
Directed Recall: 0.3043
Undirected Sensitivity: 0.5217
Undirected Specificity: 0.8372
Undirected Precision: 0.6316
Undirected Recall: 0.5217
----------------------------------------
PERCENT:20 | ALPHA:0.2 | SEED:220
Directed Sensitivity: 0.3043
Directed Specificity: 0.8899
Directed Precision: 0.3684
Directed Recall: 0.3043
Undirected Sensitivity: 0.5217
Undirected Specificity: 0.8372
Undirected Precision: 0.6316
Undirected Recall: 0.5217
----------------------------------------
PERCENT:20 | ALPHA:0.2 | SEED:230
Directed Sensitivity: 0.3478
Directed Specificity: 0.8899
Directed Precision: 0.4000
Directed Recall: 0.3478
Undirected Sensitivity: 0.5217
Undirected Specificity: 0.8372
Undirected Precision: 0.6316
Undirected Recall: 0.5217
----------------------------------------
PERCENT:20 | ALPHA:0.2 | SEED:240
Directed Sensitivity: 0.3043
Directed Specificity: 0.8807
Directed Precision: 0.3500
Directed Recall: 0.3043
Undirected Sensitivity: 0.5217
Undirected Specificity: 0.8372
Undirected Precision: 0.6316
Undirected Recall: 0.5217
----------------------------------------
PERCENT:20 | ALPHA:0.2 | SEED:250
Directed Sensitivity: 0.3478
Directed Specificity: 0.8899
Directed Precision: 0.4000
Directed Recall: 0.3478
Undirected Sensitivity: 0.5217
Undirected Specificity: 0.8372
Undirected Precision: 0.6316
Undirected Recall: 0.5217
----------------------------------------
PERCENT:20 | ALPHA:0.2 | SEED:260
Directed Sensitivity: 0.3043
Directed Specificity: 0.8899
Directed Precision: 0.3684
Directed Recall: 0.3043
Undirected Sensitivity: 0.5217
Undirected Specificity: 0.8372
Undirected Precision: 0.6316
Undirected Recall: 0.5217
----------------------------------------
PERCENT:20 | ALPHA:0.2 | SEED:270
Directed Sensitivity: 0.3478
Directed Specificity: 0.9083
Directed Precision: 0.4444
Directed Recall: 0.3478
Undirected Sensitivity: 0.5217
Undirected Specificity: 0.8605
Undirected Precision: 0.6667
Undirected Recall: 0.5217
----------------------------------------
PERCENT:20 | ALPHA:0.2 | SEED:280
Directed Sensitivity: 0.3478
Directed Specificity: 0.8991
Directed Precision: 0.4211
Directed Recall: 0.3478
Undirected Sensitivity: 0.5217
Undirected Specificity: 0.8372
Undirected Precision: 0.6316
Undirected Recall: 0.5217
----------------------------------------
PERCENT:20 | ALPHA:0.2 | SEED:290
Directed Sensitivity: 0.3043
Directed Specificity: 0.8991
Directed Precision: 0.3889
Directed Recall: 0.3043
Undirected Sensitivity: 0.5217
Undirected Specificity: 0.8605
Undirected Precision: 0.6667
Undirected Recall: 0.5217
----------------------------------------
PERCENT:20 | ALPHA:0.2 | SEED:300
Directed Sensitivity: 0.2609
Directed Specificity: 0.8807
Directed Precision: 0.3158
Directed Recall: 0.2609
Undirected Sensitivity: 0.5217
Undirected Specificity: 0.8372
Undirected Precision: 0.6316
Undirected Recall: 0.5217
----------------------------------------
