SEED:10
Directed Sensitivity: 0.6957
Directed Specificity: 0.8716
Directed Precision: 0.5333
Directed Recall:    0.6957
-------------------------
Undirected Sensitivity: 0.7391
Undirected Specificity: 0.6977
Undirected Precision: 0.5667
Undirected Recall:    0.7391
----------------------------------------
SEED:20
Directed Sensitivity: 0.6087
Directed Specificity: 0.8532
Directed Precision: 0.4667
Directed Recall:    0.6087
-------------------------
Undirected Sensitivity: 0.8261
Undirected Specificity: 0.7442
Undirected Precision: 0.6333
Undirected Recall:    0.8261
----------------------------------------
SEED:30
Directed Sensitivity: 0.6522
Directed Specificity: 0.8899
Directed Precision: 0.5556
Directed Recall:    0.6522
-------------------------
Undirected Sensitivity: 0.6957
Undirected Specificity: 0.7442
Undirected Precision: 0.5926
Undirected Recall:    0.6957
----------------------------------------
SEED:40
Directed Sensitivity: 0.6957
Directed Specificity: 0.8624
Directed Precision: 0.5161
Directed Recall:    0.6957
-------------------------
Undirected Sensitivity: 0.7391
Undirected Specificity: 0.6744
Undirected Precision: 0.5484
Undirected Recall:    0.7391
----------------------------------------
SEED:50
Directed Sensitivity: 0.7391
Directed Specificity: 0.8991
Directed Precision: 0.6071
Directed Recall:    0.7391
-------------------------
Undirected Sensitivity: 0.7826
Undirected Specificity: 0.7674
Undirected Precision: 0.6429
Undirected Recall:    0.7826
----------------------------------------
SEED:60
Directed Sensitivity: 0.5652
Directed Specificity: 0.8716
Directed Precision: 0.4815
Directed Recall:    0.5652
-------------------------
Undirected Sensitivity: 0.7391
Undirected Specificity: 0.7674
Undirected Precision: 0.6296
Undirected Recall:    0.7391
----------------------------------------
SEED:70
Directed Sensitivity: 0.5652
Directed Specificity: 0.8807
Directed Precision: 0.5000
Directed Recall:    0.5652
-------------------------
Undirected Sensitivity: 0.7391
Undirected Specificity: 0.7907
Undirected Precision: 0.6538
Undirected Recall:    0.7391
----------------------------------------
SEED:80
Directed Sensitivity: 0.6087
Directed Specificity: 0.8899
Directed Precision: 0.5385
Directed Recall:    0.6087
-------------------------
Undirected Sensitivity: 0.6522
Undirected Specificity: 0.7442
Undirected Precision: 0.5769
Undirected Recall:    0.6522
----------------------------------------
SEED:90
Directed Sensitivity: 0.6522
Directed Specificity: 0.8624
Directed Precision: 0.5000
Directed Recall:    0.6522
-------------------------
Undirected Sensitivity: 0.8696
Undirected Specificity: 0.7674
Undirected Precision: 0.6667
Undirected Recall:    0.8696
----------------------------------------
SEED:100
Directed Sensitivity: 0.6087
Directed Specificity: 0.8899
Directed Precision: 0.5385
Directed Recall:    0.6087
-------------------------
Undirected Sensitivity: 0.7391
Undirected Specificity: 0.7907
Undirected Precision: 0.6538
Undirected Recall:    0.7391
----------------------------------------
SEED:110
Directed Sensitivity: 0.6957
Directed Specificity: 0.8716
Directed Precision: 0.5333
Directed Recall:    0.6957
-------------------------
Undirected Sensitivity: 0.7391
Undirected Specificity: 0.6977
Undirected Precision: 0.5667
Undirected Recall:    0.7391
----------------------------------------
SEED:120
Directed Sensitivity: 0.7391
Directed Specificity: 0.8624
Directed Precision: 0.5312
Directed Recall:    0.7391
-------------------------
Undirected Sensitivity: 0.8261
Undirected Specificity: 0.6977
Undirected Precision: 0.5938
Undirected Recall:    0.8261
----------------------------------------
SEED:130
Directed Sensitivity: 0.6087
Directed Specificity: 0.8991
Directed Precision: 0.5600
Directed Recall:    0.6087
-------------------------
Undirected Sensitivity: 0.7391
Undirected Specificity: 0.8140
Undirected Precision: 0.6800
Undirected Recall:    0.7391
----------------------------------------
SEED:140
Directed Sensitivity: 0.4783
Directed Specificity: 0.8165
Directed Precision: 0.3548
Directed Recall:    0.4783
-------------------------
Undirected Sensitivity: 0.8261
Undirected Specificity: 0.7209
Undirected Precision: 0.6129
Undirected Recall:    0.8261
----------------------------------------
SEED:150
Directed Sensitivity: 0.6087
Directed Specificity: 0.8532
Directed Precision: 0.4667
Directed Recall:    0.6087
-------------------------
Undirected Sensitivity: 0.6957
Undirected Specificity: 0.6744
Undirected Precision: 0.5333
Undirected Recall:    0.6957
----------------------------------------
SEED:160
Directed Sensitivity: 0.6087
Directed Specificity: 0.8899
Directed Precision: 0.5385
Directed Recall:    0.6087
-------------------------
Undirected Sensitivity: 0.6957
Undirected Specificity: 0.7674
Undirected Precision: 0.6154
Undirected Recall:    0.6957
----------------------------------------
SEED:170
Directed Sensitivity: 0.6522
Directed Specificity: 0.8349
Directed Precision: 0.4545
Directed Recall:    0.6522
-------------------------
Undirected Sensitivity: 0.8261
Undirected Specificity: 0.6744
Undirected Precision: 0.5758
Undirected Recall:    0.8261
----------------------------------------
SEED:180
Directed Sensitivity: 0.5652
Directed Specificity: 0.8899
Directed Precision: 0.5200
Directed Recall:    0.5652
-------------------------
Undirected Sensitivity: 0.6522
Undirected Specificity: 0.7674
Undirected Precision: 0.6000
Undirected Recall:    0.6522
----------------------------------------
SEED:190
Directed Sensitivity: 0.6522
Directed Specificity: 0.8807
Directed Precision: 0.5357
Directed Recall:    0.6522
-------------------------
Undirected Sensitivity: 0.8696
Undirected Specificity: 0.8140
Undirected Precision: 0.7143
Undirected Recall:    0.8696
----------------------------------------
SEED:200
Directed Sensitivity: 0.6522
Directed Specificity: 0.8624
Directed Precision: 0.5000
Directed Recall:    0.6522
-------------------------
Undirected Sensitivity: 0.7391
Undirected Specificity: 0.6977
Undirected Precision: 0.5667
Undirected Recall:    0.7391
----------------------------------------
SEED:210
Directed Sensitivity: 0.6522
Directed Specificity: 0.8899
Directed Precision: 0.5556
Directed Recall:    0.6522
-------------------------
Undirected Sensitivity: 0.7391
Undirected Specificity: 0.7674
Undirected Precision: 0.6296
Undirected Recall:    0.7391
----------------------------------------
SEED:220
Directed Sensitivity: 0.6522
Directed Specificity: 0.8807
Directed Precision: 0.5357
Directed Recall:    0.6522
-------------------------
Undirected Sensitivity: 0.7826
Undirected Specificity: 0.7674
Undirected Precision: 0.6429
Undirected Recall:    0.7826
----------------------------------------
SEED:230
Directed Sensitivity: 0.6957
Directed Specificity: 0.9083
Directed Precision: 0.6154
Directed Recall:    0.6957
-------------------------
Undirected Sensitivity: 0.7391
Undirected Specificity: 0.7907
Undirected Precision: 0.6538
Undirected Recall:    0.7391
----------------------------------------
SEED:240
Directed Sensitivity: 0.6087
Directed Specificity: 0.8440
Directed Precision: 0.4516
Directed Recall:    0.6087
-------------------------
Undirected Sensitivity: 0.7391
Undirected Specificity: 0.6744
Undirected Precision: 0.5484
Undirected Recall:    0.7391
----------------------------------------
SEED:250
Directed Sensitivity: 0.6522
Directed Specificity: 0.8807
Directed Precision: 0.5357
Directed Recall:    0.6522
-------------------------
Undirected Sensitivity: 0.7826
Undirected Specificity: 0.7674
Undirected Precision: 0.6429
Undirected Recall:    0.7826
----------------------------------------
SEED:260
Directed Sensitivity: 0.6957
Directed Specificity: 0.8807
Directed Precision: 0.5517
Directed Recall:    0.6957
-------------------------
Undirected Sensitivity: 0.7391
Undirected Specificity: 0.7209
Undirected Precision: 0.5862
Undirected Recall:    0.7391
----------------------------------------
SEED:270
Directed Sensitivity: 0.6522
Directed Specificity: 0.8440
Directed Precision: 0.4688
Directed Recall:    0.6522
-------------------------
Undirected Sensitivity: 0.7826
Undirected Specificity: 0.6744
Undirected Precision: 0.5625
Undirected Recall:    0.7826
----------------------------------------
SEED:280
Directed Sensitivity: 0.7391
Directed Specificity: 0.9083
Directed Precision: 0.6296
Directed Recall:    0.7391
-------------------------
Undirected Sensitivity: 0.8261
Undirected Specificity: 0.8140
Undirected Precision: 0.7037
Undirected Recall:    0.8261
----------------------------------------
SEED:290
Directed Sensitivity: 0.7826
Directed Specificity: 0.9083
Directed Precision: 0.6429
Directed Recall:    0.7826
-------------------------
Undirected Sensitivity: 0.8261
Undirected Specificity: 0.7907
Undirected Precision: 0.6786
Undirected Recall:    0.8261
----------------------------------------
SEED:300
Directed Sensitivity: 0.6522
Directed Specificity: 0.8899
Directed Precision: 0.5556
Directed Recall:    0.6522
-------------------------
Undirected Sensitivity: 0.7391
Undirected Specificity: 0.7674
Undirected Precision: 0.6296
Undirected Recall:    0.7391
----------------------------------------
