SEED:10
Directed Sensitivity: 0.5652
Directed Specificity: 0.8532
Directed Precision: 0.4483
Directed Recall:    0.5652
-------------------------
Undirected Sensitivity: 0.6957
Undirected Specificity: 0.6977
Undirected Precision: 0.5517
Undirected Recall:    0.6957
----------------------------------------
SEED:20
Directed Sensitivity: 0.4783
Directed Specificity: 0.8532
Directed Precision: 0.4074
Directed Recall:    0.4783
-------------------------
Undirected Sensitivity: 0.6522
Undirected Specificity: 0.7209
Undirected Precision: 0.5556
Undirected Recall:    0.6522
----------------------------------------
SEED:30
Directed Sensitivity: 0.5652
Directed Specificity: 0.8532
Directed Precision: 0.4483
Directed Recall:    0.5652
-------------------------
Undirected Sensitivity: 0.6522
Undirected Specificity: 0.6744
Undirected Precision: 0.5172
Undirected Recall:    0.6522
----------------------------------------
SEED:40
Directed Sensitivity: 0.6087
Directed Specificity: 0.8807
Directed Precision: 0.5185
Directed Recall:    0.6087
-------------------------
Undirected Sensitivity: 0.6957
Undirected Specificity: 0.7442
Undirected Precision: 0.5926
Undirected Recall:    0.6957
----------------------------------------
SEED:50
Directed Sensitivity: 0.4348
Directed Specificity: 0.8257
Directed Precision: 0.3448
Directed Recall:    0.4348
-------------------------
Undirected Sensitivity: 0.6087
Undirected Specificity: 0.6512
Undirected Precision: 0.4828
Undirected Recall:    0.6087
----------------------------------------
SEED:60
Directed Sensitivity: 0.4783
Directed Specificity: 0.8440
Directed Precision: 0.3929
Directed Recall:    0.4783
-------------------------
Undirected Sensitivity: 0.6522
Undirected Specificity: 0.6977
Undirected Precision: 0.5357
Undirected Recall:    0.6522
----------------------------------------
SEED:70
Directed Sensitivity: 0.4348
Directed Specificity: 0.8532
Directed Precision: 0.3846
Directed Recall:    0.4348
-------------------------
Undirected Sensitivity: 0.6957
Undirected Specificity: 0.7674
Undirected Precision: 0.6154
Undirected Recall:    0.6957
----------------------------------------
SEED:80
Directed Sensitivity: 0.5217
Directed Specificity: 0.8716
Directed Precision: 0.4615
Directed Recall:    0.5217
-------------------------
Undirected Sensitivity: 0.6087
Undirected Specificity: 0.7209
Undirected Precision: 0.5385
Undirected Recall:    0.6087
----------------------------------------
SEED:90
Directed Sensitivity: 0.5652
Directed Specificity: 0.8532
Directed Precision: 0.4483
Directed Recall:    0.5652
-------------------------
Undirected Sensitivity: 0.6957
Undirected Specificity: 0.6977
Undirected Precision: 0.5517
Undirected Recall:    0.6957
----------------------------------------
SEED:100
Directed Sensitivity: 0.4348
Directed Specificity: 0.8073
Directed Precision: 0.3226
Directed Recall:    0.4348
-------------------------
Undirected Sensitivity: 0.7826
Undirected Specificity: 0.6977
Undirected Precision: 0.5806
Undirected Recall:    0.7826
----------------------------------------
SEED:110
Directed Sensitivity: 0.6087
Directed Specificity: 0.8532
Directed Precision: 0.4667
Directed Recall:    0.6087
-------------------------
Undirected Sensitivity: 0.7391
Undirected Specificity: 0.6977
Undirected Precision: 0.5667
Undirected Recall:    0.7391
----------------------------------------
SEED:120
Directed Sensitivity: 0.6522
Directed Specificity: 0.8624
Directed Precision: 0.5000
Directed Recall:    0.6522
-------------------------
Undirected Sensitivity: 0.7391
Undirected Specificity: 0.6977
Undirected Precision: 0.5667
Undirected Recall:    0.7391
----------------------------------------
SEED:130
Directed Sensitivity: 0.4348
Directed Specificity: 0.8716
Directed Precision: 0.4167
Directed Recall:    0.4348
-------------------------
Undirected Sensitivity: 0.6087
Undirected Specificity: 0.7674
Undirected Precision: 0.5833
Undirected Recall:    0.6087
----------------------------------------
SEED:140
Directed Sensitivity: 0.4348
Directed Specificity: 0.8440
Directed Precision: 0.3704
Directed Recall:    0.4348
-------------------------
Undirected Sensitivity: 0.7391
Undirected Specificity: 0.7674
Undirected Precision: 0.6296
Undirected Recall:    0.7391
----------------------------------------
SEED:150
Directed Sensitivity: 0.5217
Directed Specificity: 0.8532
Directed Precision: 0.4286
Directed Recall:    0.5217
-------------------------
Undirected Sensitivity: 0.6957
Undirected Specificity: 0.7209
Undirected Precision: 0.5714
Undirected Recall:    0.6957
----------------------------------------
SEED:160
Directed Sensitivity: 0.5652
Directed Specificity: 0.8532
Directed Precision: 0.4483
Directed Recall:    0.5652
-------------------------
Undirected Sensitivity: 0.7826
Undirected Specificity: 0.7442
Undirected Precision: 0.6207
Undirected Recall:    0.7826
----------------------------------------
SEED:170
Directed Sensitivity: 0.5217
Directed Specificity: 0.8532
Directed Precision: 0.4286
Directed Recall:    0.5217
-------------------------
Undirected Sensitivity: 0.6957
Undirected Specificity: 0.7209
Undirected Precision: 0.5714
Undirected Recall:    0.6957
----------------------------------------
SEED:180
Directed Sensitivity: 0.4348
Directed Specificity: 0.8073
Directed Precision: 0.3226
Directed Recall:    0.4348
-------------------------
Undirected Sensitivity: 0.7391
Undirected Specificity: 0.6744
Undirected Precision: 0.5484
Undirected Recall:    0.7391
----------------------------------------
SEED:190
Directed Sensitivity: 0.4783
Directed Specificity: 0.8349
Directed Precision: 0.3793
Directed Recall:    0.4783
-------------------------
Undirected Sensitivity: 0.6957
Undirected Specificity: 0.6977
Undirected Precision: 0.5517
Undirected Recall:    0.6957
----------------------------------------
SEED:200
Directed Sensitivity: 0.5217
Directed Specificity: 0.8532
Directed Precision: 0.4286
Directed Recall:    0.5217
-------------------------
Undirected Sensitivity: 0.6522
Undirected Specificity: 0.6977
Undirected Precision: 0.5357
Undirected Recall:    0.6522
----------------------------------------
SEED:210
Directed Sensitivity: 0.6087
Directed Specificity: 0.8532
Directed Precision: 0.4667
Directed Recall:    0.6087
-------------------------
Undirected Sensitivity: 0.6957
Undirected Specificity: 0.6744
Undirected Precision: 0.5333
Undirected Recall:    0.6957
----------------------------------------
SEED:220
Directed Sensitivity: 0.5217
Directed Specificity: 0.8440
Directed Precision: 0.4138
Directed Recall:    0.5217
-------------------------
Undirected Sensitivity: 0.6957
Undirected Specificity: 0.6977
Undirected Precision: 0.5517
Undirected Recall:    0.6957
----------------------------------------
SEED:230
Directed Sensitivity: 0.3913
Directed Specificity: 0.8440
Directed Precision: 0.3462
Directed Recall:    0.3913
-------------------------
Undirected Sensitivity: 0.6087
Undirected Specificity: 0.7209
Undirected Precision: 0.5385
Undirected Recall:    0.6087
----------------------------------------
SEED:240
Directed Sensitivity: 0.4783
Directed Specificity: 0.8440
Directed Precision: 0.3929
Directed Recall:    0.4783
-------------------------
Undirected Sensitivity: 0.7391
Undirected Specificity: 0.7442
Undirected Precision: 0.6071
Undirected Recall:    0.7391
----------------------------------------
SEED:250
Directed Sensitivity: 0.4783
Directed Specificity: 0.8257
Directed Precision: 0.3667
Directed Recall:    0.4783
-------------------------
Undirected Sensitivity: 0.7826
Undirected Specificity: 0.7209
Undirected Precision: 0.6000
Undirected Recall:    0.7826
----------------------------------------
SEED:260
Directed Sensitivity: 0.4348
Directed Specificity: 0.8349
Directed Precision: 0.3571
Directed Recall:    0.4348
-------------------------
Undirected Sensitivity: 0.6522
Undirected Specificity: 0.6977
Undirected Precision: 0.5357
Undirected Recall:    0.6522
----------------------------------------
SEED:270
Directed Sensitivity: 0.4783
Directed Specificity: 0.8165
Directed Precision: 0.3548
Directed Recall:    0.4783
-------------------------
Undirected Sensitivity: 0.6957
Undirected Specificity: 0.6512
Undirected Precision: 0.5161
Undirected Recall:    0.6957
----------------------------------------
SEED:280
Directed Sensitivity: 0.5652
Directed Specificity: 0.8807
Directed Precision: 0.5000
Directed Recall:    0.5652
-------------------------
Undirected Sensitivity: 0.6522
Undirected Specificity: 0.7442
Undirected Precision: 0.5769
Undirected Recall:    0.6522
----------------------------------------
SEED:290
Directed Sensitivity: 0.5217
Directed Specificity: 0.8440
Directed Precision: 0.4138
Directed Recall:    0.5217
-------------------------
Undirected Sensitivity: 0.7391
Undirected Specificity: 0.7209
Undirected Precision: 0.5862
Undirected Recall:    0.7391
----------------------------------------
SEED:300
Directed Sensitivity: 0.5652
Directed Specificity: 0.8532
Directed Precision: 0.4483
Directed Recall:    0.5652
-------------------------
Undirected Sensitivity: 0.7391
Undirected Specificity: 0.7209
Undirected Precision: 0.5862
Undirected Recall:    0.7391
----------------------------------------
