SEED:10
Directed Sensitivity: 0.7391
Directed Specificity: 0.8991
Directed Precision: 0.6071
Directed Recall:    0.7391
-------------------------
Undirected Sensitivity: 0.7826
Undirected Specificity: 0.7674
Undirected Precision: 0.6429
Undirected Recall:    0.7826
----------------------------------------
SEED:20
Directed Sensitivity: 0.6957
Directed Specificity: 0.8440
Directed Precision: 0.4848
Directed Recall:    0.6957
-------------------------
Undirected Sensitivity: 0.9130
Undirected Specificity: 0.7209
Undirected Precision: 0.6364
Undirected Recall:    0.9130
----------------------------------------
SEED:30
Directed Sensitivity: 0.7826
Directed Specificity: 0.9174
Directed Precision: 0.6667
Directed Recall:    0.7826
-------------------------
Undirected Sensitivity: 0.7826
Undirected Specificity: 0.7907
Undirected Precision: 0.6667
Undirected Recall:    0.7826
----------------------------------------
SEED:40
Directed Sensitivity: 0.7391
Directed Specificity: 0.8716
Directed Precision: 0.5484
Directed Recall:    0.7391
-------------------------
Undirected Sensitivity: 0.7826
Undirected Specificity: 0.6977
Undirected Precision: 0.5806
Undirected Recall:    0.7826
----------------------------------------
SEED:50
Directed Sensitivity: 0.7826
Directed Specificity: 0.9083
Directed Precision: 0.6429
Directed Recall:    0.7826
-------------------------
Undirected Sensitivity: 0.7826
Undirected Specificity: 0.7674
Undirected Precision: 0.6429
Undirected Recall:    0.7826
----------------------------------------
SEED:60
Directed Sensitivity: 0.7391
Directed Specificity: 0.8899
Directed Precision: 0.5862
Directed Recall:    0.7391
-------------------------
Undirected Sensitivity: 0.7826
Undirected Specificity: 0.7442
Undirected Precision: 0.6207
Undirected Recall:    0.7826
----------------------------------------
SEED:70
Directed Sensitivity: 0.6522
Directed Specificity: 0.8899
Directed Precision: 0.5556
Directed Recall:    0.6522
-------------------------
Undirected Sensitivity: 0.7826
Undirected Specificity: 0.7907
Undirected Precision: 0.6667
Undirected Recall:    0.7826
----------------------------------------
SEED:80
Directed Sensitivity: 0.7826
Directed Specificity: 0.9174
Directed Precision: 0.6667
Directed Recall:    0.7826
-------------------------
Undirected Sensitivity: 0.7826
Undirected Specificity: 0.7907
Undirected Precision: 0.6667
Undirected Recall:    0.7826
----------------------------------------
SEED:90
Directed Sensitivity: 0.7826
Directed Specificity: 0.8807
Directed Precision: 0.5806
Directed Recall:    0.7826
-------------------------
Undirected Sensitivity: 0.8696
Undirected Specificity: 0.7442
Undirected Precision: 0.6452
Undirected Recall:    0.8696
----------------------------------------
SEED:100
Directed Sensitivity: 0.6522
Directed Specificity: 0.8991
Directed Precision: 0.5769
Directed Recall:    0.6522
-------------------------
Undirected Sensitivity: 0.7391
Undirected Specificity: 0.7907
Undirected Precision: 0.6538
Undirected Recall:    0.7391
----------------------------------------
SEED:110
Directed Sensitivity: 0.7826
Directed Specificity: 0.8716
Directed Precision: 0.5625
Directed Recall:    0.7826
-------------------------
Undirected Sensitivity: 0.8261
Undirected Specificity: 0.6977
Undirected Precision: 0.5938
Undirected Recall:    0.8261
----------------------------------------
SEED:120
Directed Sensitivity: 0.6957
Directed Specificity: 0.8807
Directed Precision: 0.5517
Directed Recall:    0.6957
-------------------------
Undirected Sensitivity: 0.8261
Undirected Specificity: 0.7674
Undirected Precision: 0.6552
Undirected Recall:    0.8261
----------------------------------------
SEED:130
Directed Sensitivity: 0.8261
Directed Specificity: 0.9083
Directed Precision: 0.6552
Directed Recall:    0.8261
-------------------------
Undirected Sensitivity: 0.8261
Undirected Specificity: 0.7674
Undirected Precision: 0.6552
Undirected Recall:    0.8261
----------------------------------------
SEED:140
Directed Sensitivity: 0.5217
Directed Specificity: 0.8440
Directed Precision: 0.4138
Directed Recall:    0.5217
-------------------------
Undirected Sensitivity: 0.7826
Undirected Specificity: 0.7442
Undirected Precision: 0.6207
Undirected Recall:    0.7826
----------------------------------------
SEED:150
Directed Sensitivity: 0.6087
Directed Specificity: 0.8532
Directed Precision: 0.4667
Directed Recall:    0.6087
-------------------------
Undirected Sensitivity: 0.6957
Undirected Specificity: 0.6744
Undirected Precision: 0.5333
Undirected Recall:    0.6957
----------------------------------------
SEED:160
Directed Sensitivity: 0.6957
Directed Specificity: 0.8899
Directed Precision: 0.5714
Directed Recall:    0.6957
-------------------------
Undirected Sensitivity: 0.7391
Undirected Specificity: 0.7442
Undirected Precision: 0.6071
Undirected Recall:    0.7391
----------------------------------------
SEED:170
Directed Sensitivity: 0.7391
Directed Specificity: 0.8991
Directed Precision: 0.6071
Directed Recall:    0.7391
-------------------------
Undirected Sensitivity: 0.7391
Undirected Specificity: 0.7442
Undirected Precision: 0.6071
Undirected Recall:    0.7391
----------------------------------------
SEED:180
Directed Sensitivity: 0.7391
Directed Specificity: 0.9083
Directed Precision: 0.6296
Directed Recall:    0.7391
-------------------------
Undirected Sensitivity: 0.7826
Undirected Specificity: 0.7907
Undirected Precision: 0.6667
Undirected Recall:    0.7826
----------------------------------------
SEED:190
Directed Sensitivity: 0.6957
Directed Specificity: 0.8899
Directed Precision: 0.5714
Directed Recall:    0.6957
-------------------------
Undirected Sensitivity: 0.8696
Undirected Specificity: 0.8140
Undirected Precision: 0.7143
Undirected Recall:    0.8696
----------------------------------------
SEED:200
Directed Sensitivity: 0.6957
Directed Specificity: 0.8807
Directed Precision: 0.5517
Directed Recall:    0.6957
-------------------------
Undirected Sensitivity: 0.7826
Undirected Specificity: 0.7442
Undirected Precision: 0.6207
Undirected Recall:    0.7826
----------------------------------------
SEED:210
Directed Sensitivity: 0.6522
Directed Specificity: 0.8899
Directed Precision: 0.5556
Directed Recall:    0.6522
-------------------------
Undirected Sensitivity: 0.6957
Undirected Specificity: 0.7442
Undirected Precision: 0.5926
Undirected Recall:    0.6957
----------------------------------------
SEED:220
Directed Sensitivity: 0.7391
Directed Specificity: 0.8899
Directed Precision: 0.5862
Directed Recall:    0.7391
-------------------------
Undirected Sensitivity: 0.8261
Undirected Specificity: 0.7674
Undirected Precision: 0.6552
Undirected Recall:    0.8261
----------------------------------------
SEED:230
Directed Sensitivity: 0.7391
Directed Specificity: 0.9083
Directed Precision: 0.6296
Directed Recall:    0.7391
-------------------------
Undirected Sensitivity: 0.7826
Undirected Specificity: 0.7907
Undirected Precision: 0.6667
Undirected Recall:    0.7826
----------------------------------------
SEED:240
Directed Sensitivity: 0.7391
Directed Specificity: 0.8899
Directed Precision: 0.5862
Directed Recall:    0.7391
-------------------------
Undirected Sensitivity: 0.8261
Undirected Specificity: 0.7674
Undirected Precision: 0.6552
Undirected Recall:    0.8261
----------------------------------------
SEED:250
Directed Sensitivity: 0.7826
Directed Specificity: 0.9174
Directed Precision: 0.6667
Directed Recall:    0.7826
-------------------------
Undirected Sensitivity: 0.7826
Undirected Specificity: 0.7907
Undirected Precision: 0.6667
Undirected Recall:    0.7826
----------------------------------------
SEED:260
Directed Sensitivity: 0.7826
Directed Specificity: 0.9358
Directed Precision: 0.7200
Directed Recall:    0.7826
-------------------------
Undirected Sensitivity: 0.7826
Undirected Specificity: 0.8372
Undirected Precision: 0.7200
Undirected Recall:    0.7826
----------------------------------------
SEED:270
Directed Sensitivity: 0.7826
Directed Specificity: 0.9083
Directed Precision: 0.6429
Directed Recall:    0.7826
-------------------------
Undirected Sensitivity: 0.7826
Undirected Specificity: 0.7674
Undirected Precision: 0.6429
Undirected Recall:    0.7826
----------------------------------------
SEED:280
Directed Sensitivity: 0.7826
Directed Specificity: 0.9266
Directed Precision: 0.6923
Directed Recall:    0.7826
-------------------------
Undirected Sensitivity: 0.8261
Undirected Specificity: 0.8372
Undirected Precision: 0.7308
Undirected Recall:    0.8261
----------------------------------------
SEED:290
Directed Sensitivity: 0.7826
Directed Specificity: 0.8991
Directed Precision: 0.6207
Directed Recall:    0.7826
-------------------------
Undirected Sensitivity: 0.7826
Undirected Specificity: 0.7442
Undirected Precision: 0.6207
Undirected Recall:    0.7826
----------------------------------------
SEED:300
Directed Sensitivity: 0.6957
Directed Specificity: 0.8532
Directed Precision: 0.5000
Directed Recall:    0.6957
-------------------------
Undirected Sensitivity: 0.8261
Undirected Specificity: 0.6977
Undirected Precision: 0.5938
Undirected Recall:    0.8261
----------------------------------------
