SEED:10
Directed Sensitivity: 0.5833
Directed Specificity: 0.8000
Directed Precision: 0.5385
Directed Recall:    0.5833
-------------------------
Undirected Sensitivity: 0.6667
Undirected Specificity: 0.4444
Undirected Precision: 0.6154
Undirected Recall:    0.6667
----------------------------------------
SEED:20
Directed Sensitivity: 0.5833
Directed Specificity: 0.8000
Directed Precision: 0.5385
Directed Recall:    0.5833
-------------------------
Undirected Sensitivity: 0.6667
Undirected Specificity: 0.4444
Undirected Precision: 0.6154
Undirected Recall:    0.6667
----------------------------------------
SEED:30
Directed Sensitivity: 0.5833
Directed Specificity: 0.8000
Directed Precision: 0.5385
Directed Recall:    0.5833
-------------------------
Undirected Sensitivity: 0.6667
Undirected Specificity: 0.4444
Undirected Precision: 0.6154
Undirected Recall:    0.6667
----------------------------------------
SEED:40
Directed Sensitivity: 0.5833
Directed Specificity: 0.8000
Directed Precision: 0.5385
Directed Recall:    0.5833
-------------------------
Undirected Sensitivity: 0.6667
Undirected Specificity: 0.4444
Undirected Precision: 0.6154
Undirected Recall:    0.6667
----------------------------------------
SEED:50
Directed Sensitivity: 0.5833
Directed Specificity: 0.8000
Directed Precision: 0.5385
Directed Recall:    0.5833
-------------------------
Undirected Sensitivity: 0.6667
Undirected Specificity: 0.4444
Undirected Precision: 0.6154
Undirected Recall:    0.6667
----------------------------------------
SEED:60
Directed Sensitivity: 0.5833
Directed Specificity: 0.8000
Directed Precision: 0.5385
Directed Recall:    0.5833
-------------------------
Undirected Sensitivity: 0.6667
Undirected Specificity: 0.4444
Undirected Precision: 0.6154
Undirected Recall:    0.6667
----------------------------------------
SEED:70
Directed Sensitivity: 0.5833
Directed Specificity: 0.8000
Directed Precision: 0.5385
Directed Recall:    0.5833
-------------------------
Undirected Sensitivity: 0.6667
Undirected Specificity: 0.4444
Undirected Precision: 0.6154
Undirected Recall:    0.6667
----------------------------------------
SEED:80
Directed Sensitivity: 0.5833
Directed Specificity: 0.8000
Directed Precision: 0.5385
Directed Recall:    0.5833
-------------------------
Undirected Sensitivity: 0.6667
Undirected Specificity: 0.4444
Undirected Precision: 0.6154
Undirected Recall:    0.6667
----------------------------------------
SEED:90
Directed Sensitivity: 0.5833
Directed Specificity: 0.8000
Directed Precision: 0.5385
Directed Recall:    0.5833
-------------------------
Undirected Sensitivity: 0.6667
Undirected Specificity: 0.4444
Undirected Precision: 0.6154
Undirected Recall:    0.6667
----------------------------------------
SEED:100
Directed Sensitivity: 0.5833
Directed Specificity: 0.8000
Directed Precision: 0.5385
Directed Recall:    0.5833
-------------------------
Undirected Sensitivity: 0.6667
Undirected Specificity: 0.4444
Undirected Precision: 0.6154
Undirected Recall:    0.6667
----------------------------------------
SEED:110
Directed Sensitivity: 0.5833
Directed Specificity: 0.8000
Directed Precision: 0.5385
Directed Recall:    0.5833
-------------------------
Undirected Sensitivity: 0.6667
Undirected Specificity: 0.4444
Undirected Precision: 0.6154
Undirected Recall:    0.6667
----------------------------------------
SEED:120
Directed Sensitivity: 0.5833
Directed Specificity: 0.8000
Directed Precision: 0.5385
Directed Recall:    0.5833
-------------------------
Undirected Sensitivity: 0.6667
Undirected Specificity: 0.4444
Undirected Precision: 0.6154
Undirected Recall:    0.6667
----------------------------------------
SEED:130
Directed Sensitivity: 0.5833
Directed Specificity: 0.8000
Directed Precision: 0.5385
Directed Recall:    0.5833
-------------------------
Undirected Sensitivity: 0.6667
Undirected Specificity: 0.4444
Undirected Precision: 0.6154
Undirected Recall:    0.6667
----------------------------------------
SEED:140
Directed Sensitivity: 0.5833
Directed Specificity: 0.8000
Directed Precision: 0.5385
Directed Recall:    0.5833
-------------------------
Undirected Sensitivity: 0.6667
Undirected Specificity: 0.4444
Undirected Precision: 0.6154
Undirected Recall:    0.6667
----------------------------------------
SEED:150
Directed Sensitivity: 0.5833
Directed Specificity: 0.8000
Directed Precision: 0.5385
Directed Recall:    0.5833
-------------------------
Undirected Sensitivity: 0.6667
Undirected Specificity: 0.4444
Undirected Precision: 0.6154
Undirected Recall:    0.6667
----------------------------------------
SEED:160
Directed Sensitivity: 0.5833
Directed Specificity: 0.8000
Directed Precision: 0.5385
Directed Recall:    0.5833
-------------------------
Undirected Sensitivity: 0.6667
Undirected Specificity: 0.4444
Undirected Precision: 0.6154
Undirected Recall:    0.6667
----------------------------------------
SEED:170
Directed Sensitivity: 0.5833
Directed Specificity: 0.8000
Directed Precision: 0.5385
Directed Recall:    0.5833
-------------------------
Undirected Sensitivity: 0.6667
Undirected Specificity: 0.4444
Undirected Precision: 0.6154
Undirected Recall:    0.6667
----------------------------------------
SEED:180
Directed Sensitivity: 0.5833
Directed Specificity: 0.8000
Directed Precision: 0.5385
Directed Recall:    0.5833
-------------------------
Undirected Sensitivity: 0.6667
Undirected Specificity: 0.4444
Undirected Precision: 0.6154
Undirected Recall:    0.6667
----------------------------------------
SEED:190
Directed Sensitivity: 0.5833
Directed Specificity: 0.8000
Directed Precision: 0.5385
Directed Recall:    0.5833
-------------------------
Undirected Sensitivity: 0.6667
Undirected Specificity: 0.4444
Undirected Precision: 0.6154
Undirected Recall:    0.6667
----------------------------------------
SEED:200
Directed Sensitivity: 0.5833
Directed Specificity: 0.8000
Directed Precision: 0.5385
Directed Recall:    0.5833
-------------------------
Undirected Sensitivity: 0.6667
Undirected Specificity: 0.4444
Undirected Precision: 0.6154
Undirected Recall:    0.6667
----------------------------------------
SEED:210
Directed Sensitivity: 0.5833
Directed Specificity: 0.8000
Directed Precision: 0.5385
Directed Recall:    0.5833
-------------------------
Undirected Sensitivity: 0.6667
Undirected Specificity: 0.4444
Undirected Precision: 0.6154
Undirected Recall:    0.6667
----------------------------------------
SEED:220
Directed Sensitivity: 0.5833
Directed Specificity: 0.8000
Directed Precision: 0.5385
Directed Recall:    0.5833
-------------------------
Undirected Sensitivity: 0.6667
Undirected Specificity: 0.4444
Undirected Precision: 0.6154
Undirected Recall:    0.6667
----------------------------------------
SEED:230
Directed Sensitivity: 0.5833
Directed Specificity: 0.8000
Directed Precision: 0.5385
Directed Recall:    0.5833
-------------------------
Undirected Sensitivity: 0.6667
Undirected Specificity: 0.4444
Undirected Precision: 0.6154
Undirected Recall:    0.6667
----------------------------------------
SEED:240
Directed Sensitivity: 0.5833
Directed Specificity: 0.8000
Directed Precision: 0.5385
Directed Recall:    0.5833
-------------------------
Undirected Sensitivity: 0.6667
Undirected Specificity: 0.4444
Undirected Precision: 0.6154
Undirected Recall:    0.6667
----------------------------------------
SEED:250
Directed Sensitivity: 0.5833
Directed Specificity: 0.8000
Directed Precision: 0.5385
Directed Recall:    0.5833
-------------------------
Undirected Sensitivity: 0.6667
Undirected Specificity: 0.4444
Undirected Precision: 0.6154
Undirected Recall:    0.6667
----------------------------------------
SEED:260
Directed Sensitivity: 0.5833
Directed Specificity: 0.8000
Directed Precision: 0.5385
Directed Recall:    0.5833
-------------------------
Undirected Sensitivity: 0.6667
Undirected Specificity: 0.4444
Undirected Precision: 0.6154
Undirected Recall:    0.6667
----------------------------------------
SEED:270
Directed Sensitivity: 0.5833
Directed Specificity: 0.8000
Directed Precision: 0.5385
Directed Recall:    0.5833
-------------------------
Undirected Sensitivity: 0.6667
Undirected Specificity: 0.4444
Undirected Precision: 0.6154
Undirected Recall:    0.6667
----------------------------------------
SEED:280
Directed Sensitivity: 0.5833
Directed Specificity: 0.8000
Directed Precision: 0.5385
Directed Recall:    0.5833
-------------------------
Undirected Sensitivity: 0.6667
Undirected Specificity: 0.4444
Undirected Precision: 0.6154
Undirected Recall:    0.6667
----------------------------------------
SEED:290
Directed Sensitivity: 0.5833
Directed Specificity: 0.8000
Directed Precision: 0.5385
Directed Recall:    0.5833
-------------------------
Undirected Sensitivity: 0.6667
Undirected Specificity: 0.4444
Undirected Precision: 0.6154
Undirected Recall:    0.6667
----------------------------------------
SEED:300
Directed Sensitivity: 0.5833
Directed Specificity: 0.8000
Directed Precision: 0.5385
Directed Recall:    0.5833
-------------------------
Undirected Sensitivity: 0.6667
Undirected Specificity: 0.4444
Undirected Precision: 0.6154
Undirected Recall:    0.6667
----------------------------------------
