SEED:10
Directed Sensitivity: 0.5714
Directed Specificity: 0.5652
Directed Precision: 0.2857
Directed Recall:    0.5714
-------------------------
Undirected Sensitivity: 1.0000
Undirected Specificity: 0.1250
Undirected Precision: 0.5000
Undirected Recall:    1.0000
----------------------------------------
SEED:20
Directed Sensitivity: 0.5714
Directed Specificity: 0.5652
Directed Precision: 0.2857
Directed Recall:    0.5714
-------------------------
Undirected Sensitivity: 1.0000
Undirected Specificity: 0.1250
Undirected Precision: 0.5000
Undirected Recall:    1.0000
----------------------------------------
SEED:30
Directed Sensitivity: 0.5714
Directed Specificity: 0.5652
Directed Precision: 0.2857
Directed Recall:    0.5714
-------------------------
Undirected Sensitivity: 1.0000
Undirected Specificity: 0.1250
Undirected Precision: 0.5000
Undirected Recall:    1.0000
----------------------------------------
SEED:40
Directed Sensitivity: 0.5714
Directed Specificity: 0.5652
Directed Precision: 0.2857
Directed Recall:    0.5714
-------------------------
Undirected Sensitivity: 1.0000
Undirected Specificity: 0.1250
Undirected Precision: 0.5000
Undirected Recall:    1.0000
----------------------------------------
SEED:50
Directed Sensitivity: 0.5714
Directed Specificity: 0.5652
Directed Precision: 0.2857
Directed Recall:    0.5714
-------------------------
Undirected Sensitivity: 1.0000
Undirected Specificity: 0.1250
Undirected Precision: 0.5000
Undirected Recall:    1.0000
----------------------------------------
SEED:60
Directed Sensitivity: 0.5714
Directed Specificity: 0.5652
Directed Precision: 0.2857
Directed Recall:    0.5714
-------------------------
Undirected Sensitivity: 1.0000
Undirected Specificity: 0.1250
Undirected Precision: 0.5000
Undirected Recall:    1.0000
----------------------------------------
SEED:70
Directed Sensitivity: 0.5714
Directed Specificity: 0.5652
Directed Precision: 0.2857
Directed Recall:    0.5714
-------------------------
Undirected Sensitivity: 1.0000
Undirected Specificity: 0.1250
Undirected Precision: 0.5000
Undirected Recall:    1.0000
----------------------------------------
SEED:80
Directed Sensitivity: 0.5714
Directed Specificity: 0.5652
Directed Precision: 0.2857
Directed Recall:    0.5714
-------------------------
Undirected Sensitivity: 1.0000
Undirected Specificity: 0.1250
Undirected Precision: 0.5000
Undirected Recall:    1.0000
----------------------------------------
SEED:90
Directed Sensitivity: 0.5714
Directed Specificity: 0.5652
Directed Precision: 0.2857
Directed Recall:    0.5714
-------------------------
Undirected Sensitivity: 1.0000
Undirected Specificity: 0.1250
Undirected Precision: 0.5000
Undirected Recall:    1.0000
----------------------------------------
SEED:100
Directed Sensitivity: 0.5714
Directed Specificity: 0.5652
Directed Precision: 0.2857
Directed Recall:    0.5714
-------------------------
Undirected Sensitivity: 1.0000
Undirected Specificity: 0.1250
Undirected Precision: 0.5000
Undirected Recall:    1.0000
----------------------------------------
SEED:110
Directed Sensitivity: 0.5714
Directed Specificity: 0.5652
Directed Precision: 0.2857
Directed Recall:    0.5714
-------------------------
Undirected Sensitivity: 1.0000
Undirected Specificity: 0.1250
Undirected Precision: 0.5000
Undirected Recall:    1.0000
----------------------------------------
SEED:120
Directed Sensitivity: 0.5714
Directed Specificity: 0.5652
Directed Precision: 0.2857
Directed Recall:    0.5714
-------------------------
Undirected Sensitivity: 1.0000
Undirected Specificity: 0.1250
Undirected Precision: 0.5000
Undirected Recall:    1.0000
----------------------------------------
SEED:130
Directed Sensitivity: 0.5714
Directed Specificity: 0.5652
Directed Precision: 0.2857
Directed Recall:    0.5714
-------------------------
Undirected Sensitivity: 1.0000
Undirected Specificity: 0.1250
Undirected Precision: 0.5000
Undirected Recall:    1.0000
----------------------------------------
SEED:140
Directed Sensitivity: 0.5714
Directed Specificity: 0.5652
Directed Precision: 0.2857
Directed Recall:    0.5714
-------------------------
Undirected Sensitivity: 1.0000
Undirected Specificity: 0.1250
Undirected Precision: 0.5000
Undirected Recall:    1.0000
----------------------------------------
SEED:150
Directed Sensitivity: 0.5714
Directed Specificity: 0.5652
Directed Precision: 0.2857
Directed Recall:    0.5714
-------------------------
Undirected Sensitivity: 1.0000
Undirected Specificity: 0.1250
Undirected Precision: 0.5000
Undirected Recall:    1.0000
----------------------------------------
SEED:160
Directed Sensitivity: 0.5714
Directed Specificity: 0.5652
Directed Precision: 0.2857
Directed Recall:    0.5714
-------------------------
Undirected Sensitivity: 1.0000
Undirected Specificity: 0.1250
Undirected Precision: 0.5000
Undirected Recall:    1.0000
----------------------------------------
SEED:170
Directed Sensitivity: 0.5714
Directed Specificity: 0.5652
Directed Precision: 0.2857
Directed Recall:    0.5714
-------------------------
Undirected Sensitivity: 1.0000
Undirected Specificity: 0.1250
Undirected Precision: 0.5000
Undirected Recall:    1.0000
----------------------------------------
SEED:180
Directed Sensitivity: 0.5714
Directed Specificity: 0.5652
Directed Precision: 0.2857
Directed Recall:    0.5714
-------------------------
Undirected Sensitivity: 1.0000
Undirected Specificity: 0.1250
Undirected Precision: 0.5000
Undirected Recall:    1.0000
----------------------------------------
SEED:190
Directed Sensitivity: 0.5714
Directed Specificity: 0.5652
Directed Precision: 0.2857
Directed Recall:    0.5714
-------------------------
Undirected Sensitivity: 1.0000
Undirected Specificity: 0.1250
Undirected Precision: 0.5000
Undirected Recall:    1.0000
----------------------------------------
SEED:200
Directed Sensitivity: 0.5714
Directed Specificity: 0.5652
Directed Precision: 0.2857
Directed Recall:    0.5714
-------------------------
Undirected Sensitivity: 1.0000
Undirected Specificity: 0.1250
Undirected Precision: 0.5000
Undirected Recall:    1.0000
----------------------------------------
SEED:210
Directed Sensitivity: 0.5714
Directed Specificity: 0.5652
Directed Precision: 0.2857
Directed Recall:    0.5714
-------------------------
Undirected Sensitivity: 1.0000
Undirected Specificity: 0.1250
Undirected Precision: 0.5000
Undirected Recall:    1.0000
----------------------------------------
SEED:220
Directed Sensitivity: 0.5714
Directed Specificity: 0.5652
Directed Precision: 0.2857
Directed Recall:    0.5714
-------------------------
Undirected Sensitivity: 1.0000
Undirected Specificity: 0.1250
Undirected Precision: 0.5000
Undirected Recall:    1.0000
----------------------------------------
SEED:230
Directed Sensitivity: 0.5714
Directed Specificity: 0.5652
Directed Precision: 0.2857
Directed Recall:    0.5714
-------------------------
Undirected Sensitivity: 1.0000
Undirected Specificity: 0.1250
Undirected Precision: 0.5000
Undirected Recall:    1.0000
----------------------------------------
SEED:240
Directed Sensitivity: 0.5714
Directed Specificity: 0.5652
Directed Precision: 0.2857
Directed Recall:    0.5714
-------------------------
Undirected Sensitivity: 1.0000
Undirected Specificity: 0.1250
Undirected Precision: 0.5000
Undirected Recall:    1.0000
----------------------------------------
SEED:250
Directed Sensitivity: 0.5714
Directed Specificity: 0.5652
Directed Precision: 0.2857
Directed Recall:    0.5714
-------------------------
Undirected Sensitivity: 1.0000
Undirected Specificity: 0.1250
Undirected Precision: 0.5000
Undirected Recall:    1.0000
----------------------------------------
SEED:260
Directed Sensitivity: 0.5714
Directed Specificity: 0.5652
Directed Precision: 0.2857
Directed Recall:    0.5714
-------------------------
Undirected Sensitivity: 1.0000
Undirected Specificity: 0.1250
Undirected Precision: 0.5000
Undirected Recall:    1.0000
----------------------------------------
SEED:270
Directed Sensitivity: 0.5714
Directed Specificity: 0.5652
Directed Precision: 0.2857
Directed Recall:    0.5714
-------------------------
Undirected Sensitivity: 1.0000
Undirected Specificity: 0.1250
Undirected Precision: 0.5000
Undirected Recall:    1.0000
----------------------------------------
SEED:280
Directed Sensitivity: 0.5714
Directed Specificity: 0.5652
Directed Precision: 0.2857
Directed Recall:    0.5714
-------------------------
Undirected Sensitivity: 1.0000
Undirected Specificity: 0.1250
Undirected Precision: 0.5000
Undirected Recall:    1.0000
----------------------------------------
SEED:290
Directed Sensitivity: 0.5714
Directed Specificity: 0.5652
Directed Precision: 0.2857
Directed Recall:    0.5714
-------------------------
Undirected Sensitivity: 1.0000
Undirected Specificity: 0.1250
Undirected Precision: 0.5000
Undirected Recall:    1.0000
----------------------------------------
SEED:300
Directed Sensitivity: 0.5714
Directed Specificity: 0.5652
Directed Precision: 0.2857
Directed Recall:    0.5714
-------------------------
Undirected Sensitivity: 1.0000
Undirected Specificity: 0.1250
Undirected Precision: 0.5000
Undirected Recall:    1.0000
----------------------------------------
