SEED:10
Directed Sensitivity: 0.3913
Directed Specificity: 0.8257
Directed Precision: 0.3214
Directed Recall:    0.3913
-------------------------
Undirected Sensitivity: 0.5217
Undirected Specificity: 0.6279
Undirected Precision: 0.4286
Undirected Recall:    0.5217
----------------------------------------
SEED:20
Directed Sensitivity: 0.3913
Directed Specificity: 0.8257
Directed Precision: 0.3214
Directed Recall:    0.3913
-------------------------
Undirected Sensitivity: 0.5217
Undirected Specificity: 0.6279
Undirected Precision: 0.4286
Undirected Recall:    0.5217
----------------------------------------
SEED:30
Directed Sensitivity: 0.3913
Directed Specificity: 0.8257
Directed Precision: 0.3214
Directed Recall:    0.3913
-------------------------
Undirected Sensitivity: 0.5217
Undirected Specificity: 0.6279
Undirected Precision: 0.4286
Undirected Recall:    0.5217
----------------------------------------
SEED:40
Directed Sensitivity: 0.3913
Directed Specificity: 0.8257
Directed Precision: 0.3214
Directed Recall:    0.3913
-------------------------
Undirected Sensitivity: 0.5217
Undirected Specificity: 0.6279
Undirected Precision: 0.4286
Undirected Recall:    0.5217
----------------------------------------
SEED:50
Directed Sensitivity: 0.3913
Directed Specificity: 0.8257
Directed Precision: 0.3214
Directed Recall:    0.3913
-------------------------
Undirected Sensitivity: 0.5217
Undirected Specificity: 0.6279
Undirected Precision: 0.4286
Undirected Recall:    0.5217
----------------------------------------
SEED:60
Directed Sensitivity: 0.3913
Directed Specificity: 0.8257
Directed Precision: 0.3214
Directed Recall:    0.3913
-------------------------
Undirected Sensitivity: 0.5217
Undirected Specificity: 0.6279
Undirected Precision: 0.4286
Undirected Recall:    0.5217
----------------------------------------
SEED:70
Directed Sensitivity: 0.3913
Directed Specificity: 0.8257
Directed Precision: 0.3214
Directed Recall:    0.3913
-------------------------
Undirected Sensitivity: 0.5217
Undirected Specificity: 0.6279
Undirected Precision: 0.4286
Undirected Recall:    0.5217
----------------------------------------
SEED:80
Directed Sensitivity: 0.3913
Directed Specificity: 0.8257
Directed Precision: 0.3214
Directed Recall:    0.3913
-------------------------
Undirected Sensitivity: 0.5217
Undirected Specificity: 0.6279
Undirected Precision: 0.4286
Undirected Recall:    0.5217
----------------------------------------
SEED:90
Directed Sensitivity: 0.3913
Directed Specificity: 0.8257
Directed Precision: 0.3214
Directed Recall:    0.3913
-------------------------
Undirected Sensitivity: 0.5217
Undirected Specificity: 0.6279
Undirected Precision: 0.4286
Undirected Recall:    0.5217
----------------------------------------
SEED:100
Directed Sensitivity: 0.3913
Directed Specificity: 0.8257
Directed Precision: 0.3214
Directed Recall:    0.3913
-------------------------
Undirected Sensitivity: 0.5217
Undirected Specificity: 0.6279
Undirected Precision: 0.4286
Undirected Recall:    0.5217
----------------------------------------
SEED:110
Directed Sensitivity: 0.3913
Directed Specificity: 0.8257
Directed Precision: 0.3214
Directed Recall:    0.3913
-------------------------
Undirected Sensitivity: 0.5217
Undirected Specificity: 0.6279
Undirected Precision: 0.4286
Undirected Recall:    0.5217
----------------------------------------
SEED:120
Directed Sensitivity: 0.3913
Directed Specificity: 0.8257
Directed Precision: 0.3214
Directed Recall:    0.3913
-------------------------
Undirected Sensitivity: 0.5217
Undirected Specificity: 0.6279
Undirected Precision: 0.4286
Undirected Recall:    0.5217
----------------------------------------
SEED:130
Directed Sensitivity: 0.3913
Directed Specificity: 0.8257
Directed Precision: 0.3214
Directed Recall:    0.3913
-------------------------
Undirected Sensitivity: 0.5217
Undirected Specificity: 0.6279
Undirected Precision: 0.4286
Undirected Recall:    0.5217
----------------------------------------
SEED:140
Directed Sensitivity: 0.3913
Directed Specificity: 0.8257
Directed Precision: 0.3214
Directed Recall:    0.3913
-------------------------
Undirected Sensitivity: 0.5217
Undirected Specificity: 0.6279
Undirected Precision: 0.4286
Undirected Recall:    0.5217
----------------------------------------
SEED:150
Directed Sensitivity: 0.3913
Directed Specificity: 0.8257
Directed Precision: 0.3214
Directed Recall:    0.3913
-------------------------
Undirected Sensitivity: 0.5217
Undirected Specificity: 0.6279
Undirected Precision: 0.4286
Undirected Recall:    0.5217
----------------------------------------
SEED:160
Directed Sensitivity: 0.3913
Directed Specificity: 0.8257
Directed Precision: 0.3214
Directed Recall:    0.3913
-------------------------
Undirected Sensitivity: 0.5217
Undirected Specificity: 0.6279
Undirected Precision: 0.4286
Undirected Recall:    0.5217
----------------------------------------
SEED:170
Directed Sensitivity: 0.3913
Directed Specificity: 0.8257
Directed Precision: 0.3214
Directed Recall:    0.3913
-------------------------
Undirected Sensitivity: 0.5217
Undirected Specificity: 0.6279
Undirected Precision: 0.4286
Undirected Recall:    0.5217
----------------------------------------
SEED:180
Directed Sensitivity: 0.3913
Directed Specificity: 0.8257
Directed Precision: 0.3214
Directed Recall:    0.3913
-------------------------
Undirected Sensitivity: 0.5217
Undirected Specificity: 0.6279
Undirected Precision: 0.4286
Undirected Recall:    0.5217
----------------------------------------
SEED:190
Directed Sensitivity: 0.3913
Directed Specificity: 0.8257
Directed Precision: 0.3214
Directed Recall:    0.3913
-------------------------
Undirected Sensitivity: 0.5217
Undirected Specificity: 0.6279
Undirected Precision: 0.4286
Undirected Recall:    0.5217
----------------------------------------
SEED:200
Directed Sensitivity: 0.3913
Directed Specificity: 0.8257
Directed Precision: 0.3214
Directed Recall:    0.3913
-------------------------
Undirected Sensitivity: 0.5217
Undirected Specificity: 0.6279
Undirected Precision: 0.4286
Undirected Recall:    0.5217
----------------------------------------
SEED:210
Directed Sensitivity: 0.3913
Directed Specificity: 0.8257
Directed Precision: 0.3214
Directed Recall:    0.3913
-------------------------
Undirected Sensitivity: 0.5217
Undirected Specificity: 0.6279
Undirected Precision: 0.4286
Undirected Recall:    0.5217
----------------------------------------
SEED:220
Directed Sensitivity: 0.3913
Directed Specificity: 0.8257
Directed Precision: 0.3214
Directed Recall:    0.3913
-------------------------
Undirected Sensitivity: 0.5217
Undirected Specificity: 0.6279
Undirected Precision: 0.4286
Undirected Recall:    0.5217
----------------------------------------
SEED:230
Directed Sensitivity: 0.3913
Directed Specificity: 0.8257
Directed Precision: 0.3214
Directed Recall:    0.3913
-------------------------
Undirected Sensitivity: 0.5217
Undirected Specificity: 0.6279
Undirected Precision: 0.4286
Undirected Recall:    0.5217
----------------------------------------
SEED:240
Directed Sensitivity: 0.3913
Directed Specificity: 0.8257
Directed Precision: 0.3214
Directed Recall:    0.3913
-------------------------
Undirected Sensitivity: 0.5217
Undirected Specificity: 0.6279
Undirected Precision: 0.4286
Undirected Recall:    0.5217
----------------------------------------
SEED:250
Directed Sensitivity: 0.3913
Directed Specificity: 0.8257
Directed Precision: 0.3214
Directed Recall:    0.3913
-------------------------
Undirected Sensitivity: 0.5217
Undirected Specificity: 0.6279
Undirected Precision: 0.4286
Undirected Recall:    0.5217
----------------------------------------
SEED:260
Directed Sensitivity: 0.3913
Directed Specificity: 0.8257
Directed Precision: 0.3214
Directed Recall:    0.3913
-------------------------
Undirected Sensitivity: 0.5217
Undirected Specificity: 0.6279
Undirected Precision: 0.4286
Undirected Recall:    0.5217
----------------------------------------
SEED:270
Directed Sensitivity: 0.3913
Directed Specificity: 0.8257
Directed Precision: 0.3214
Directed Recall:    0.3913
-------------------------
Undirected Sensitivity: 0.5217
Undirected Specificity: 0.6279
Undirected Precision: 0.4286
Undirected Recall:    0.5217
----------------------------------------
SEED:280
Directed Sensitivity: 0.3913
Directed Specificity: 0.8257
Directed Precision: 0.3214
Directed Recall:    0.3913
-------------------------
Undirected Sensitivity: 0.5217
Undirected Specificity: 0.6279
Undirected Precision: 0.4286
Undirected Recall:    0.5217
----------------------------------------
SEED:290
Directed Sensitivity: 0.3913
Directed Specificity: 0.8257
Directed Precision: 0.3214
Directed Recall:    0.3913
-------------------------
Undirected Sensitivity: 0.5217
Undirected Specificity: 0.6279
Undirected Precision: 0.4286
Undirected Recall:    0.5217
----------------------------------------
SEED:300
Directed Sensitivity: 0.3913
Directed Specificity: 0.8257
Directed Precision: 0.3214
Directed Recall:    0.3913
-------------------------
Undirected Sensitivity: 0.5217
Undirected Specificity: 0.6279
Undirected Precision: 0.4286
Undirected Recall:    0.5217
----------------------------------------
