ALPHA:0.01 | SEED:10
Directed Sensitivity: 0.3077
Directed Specificity: 0.6207
Directed Precision: 0.2667
Directed Recall: 0.3077
Undirected Sensitivity: 0.6923
Undirected Specificity: 0.2500
Undirected Precision: 0.6000
Undirected Recall: 0.6923
----------------------------------------
ALPHA:0.01 | SEED:20
Directed Sensitivity: 0.2308
Directed Specificity: 0.7586
Directed Precision: 0.3000
Directed Recall: 0.2308
Undirected Sensitivity: 0.5385
Undirected Specificity: 0.6250
Undirected Precision: 0.7000
Undirected Recall: 0.5385
----------------------------------------
ALPHA:0.01 | SEED:30
Directed Sensitivity: 0.4615
Directed Specificity: 0.6897
Directed Precision: 0.4000
Directed Recall: 0.4615
Undirected Sensitivity: 0.6154
Undirected Specificity: 0.1250
Undirected Precision: 0.5333
Undirected Recall: 0.6154
----------------------------------------
ALPHA:0.01 | SEED:40
Directed Sensitivity: 0.1538
Directed Specificity: 0.7241
Directed Precision: 0.2000
Directed Recall: 0.1538
Undirected Sensitivity: 0.4615
Undirected Specificity: 0.5000
Undirected Precision: 0.6000
Undirected Recall: 0.4615
----------------------------------------
ALPHA:0.01 | SEED:50
Directed Sensitivity: 0.1538
Directed Specificity: 0.5172
Directed Precision: 0.1250
Directed Recall: 0.1538
Undirected Sensitivity: 0.6154
Undirected Specificity: 0.0000
Undirected Precision: 0.5000
Undirected Recall: 0.6154
----------------------------------------
ALPHA:0.01 | SEED:60
Directed Sensitivity: 0.3846
Directed Specificity: 0.7241
Directed Precision: 0.3846
Directed Recall: 0.3846
Undirected Sensitivity: 0.6923
Undirected Specificity: 0.5000
Undirected Precision: 0.6923
Undirected Recall: 0.6923
----------------------------------------
ALPHA:0.01 | SEED:70
Directed Sensitivity: 0.6154
Directed Specificity: 0.8276
Directed Precision: 0.6154
Directed Recall: 0.6154
Undirected Sensitivity: 0.6923
Undirected Specificity: 0.5000
Undirected Precision: 0.6923
Undirected Recall: 0.6923
----------------------------------------
ALPHA:0.01 | SEED:80
Directed Sensitivity: 0.3077
Directed Specificity: 0.6552
Directed Precision: 0.2857
Directed Recall: 0.3077
Undirected Sensitivity: 0.8462
Undirected Specificity: 0.6250
Undirected Precision: 0.7857
Undirected Recall: 0.8462
----------------------------------------
ALPHA:0.01 | SEED:90
Directed Sensitivity: 0.6923
Directed Specificity: 0.7241
Directed Precision: 0.5294
Directed Recall: 0.6923
Undirected Sensitivity: 0.7692
Undirected Specificity: 0.1250
Undirected Precision: 0.5882
Undirected Recall: 0.7692
----------------------------------------
ALPHA:0.01 | SEED:100
Directed Sensitivity: 0.5385
Directed Specificity: 0.7586
Directed Precision: 0.5000
Directed Recall: 0.5385
Undirected Sensitivity: 0.6154
Undirected Specificity: 0.2500
Undirected Precision: 0.5714
Undirected Recall: 0.6154
----------------------------------------
ALPHA:0.01 | SEED:110
Directed Sensitivity: 0.2308
Directed Specificity: 0.7931
Directed Precision: 0.3333
Directed Recall: 0.2308
Undirected Sensitivity: 0.5385
Undirected Specificity: 0.7500
Undirected Precision: 0.7778
Undirected Recall: 0.5385
----------------------------------------
ALPHA:0.01 | SEED:120
Directed Sensitivity: 0.2308
Directed Specificity: 0.7586
Directed Precision: 0.3000
Directed Recall: 0.2308
Undirected Sensitivity: 0.5385
Undirected Specificity: 0.6250
Undirected Precision: 0.7000
Undirected Recall: 0.5385
----------------------------------------
ALPHA:0.01 | SEED:130
Directed Sensitivity: 0.3846
Directed Specificity: 0.7586
Directed Precision: 0.4167
Directed Recall: 0.3846
Undirected Sensitivity: 0.4615
Undirected Specificity: 0.2500
Undirected Precision: 0.5000
Undirected Recall: 0.4615
----------------------------------------
ALPHA:0.01 | SEED:140
Directed Sensitivity: 0.3846
Directed Specificity: 0.7241
Directed Precision: 0.3846
Directed Recall: 0.3846
Undirected Sensitivity: 0.6154
Undirected Specificity: 0.3750
Undirected Precision: 0.6154
Undirected Recall: 0.6154
----------------------------------------
ALPHA:0.01 | SEED:150
Directed Sensitivity: 0.3846
Directed Specificity: 0.8621
Directed Precision: 0.5556
Directed Recall: 0.3846
Undirected Sensitivity: 0.3846
Undirected Specificity: 0.5000
Undirected Precision: 0.5556
Undirected Recall: 0.3846
----------------------------------------
ALPHA:0.01 | SEED:160
Directed Sensitivity: 0.1538
Directed Specificity: 0.7586
Directed Precision: 0.2222
Directed Recall: 0.1538
Undirected Sensitivity: 0.4615
Undirected Specificity: 0.6250
Undirected Precision: 0.6667
Undirected Recall: 0.4615
----------------------------------------
ALPHA:0.01 | SEED:170
Directed Sensitivity: 0.3846
Directed Specificity: 0.6552
Directed Precision: 0.3333
Directed Recall: 0.3846
Undirected Sensitivity: 0.6923
Undirected Specificity: 0.2500
Undirected Precision: 0.6000
Undirected Recall: 0.6923
----------------------------------------
ALPHA:0.01 | SEED:180
Directed Sensitivity: 0.1538
Directed Specificity: 0.6552
Directed Precision: 0.1667
Directed Recall: 0.1538
Undirected Sensitivity: 0.3846
Undirected Specificity: 0.1250
Undirected Precision: 0.4167
Undirected Recall: 0.3846
----------------------------------------
ALPHA:0.01 | SEED:190
Directed Sensitivity: 0.3846
Directed Specificity: 0.6552
Directed Precision: 0.3333
Directed Recall: 0.3846
Undirected Sensitivity: 0.7692
Undirected Specificity: 0.3750
Undirected Precision: 0.6667
Undirected Recall: 0.7692
----------------------------------------
ALPHA:0.01 | SEED:200
Directed Sensitivity: 0.2308
Directed Specificity: 0.6897
Directed Precision: 0.2500
Directed Recall: 0.2308
Undirected Sensitivity: 0.4615
Undirected Specificity: 0.2500
Undirected Precision: 0.5000
Undirected Recall: 0.4615
----------------------------------------
ALPHA:0.01 | SEED:210
Directed Sensitivity: 0.0000
Directed Specificity: 0.6207
Directed Precision: 0.0000
Directed Recall: 0.0000
Undirected Sensitivity: 0.4615
Undirected Specificity: 0.3750
Undirected Precision: 0.5455
Undirected Recall: 0.4615
----------------------------------------
ALPHA:0.01 | SEED:220
Directed Sensitivity: 0.3846
Directed Specificity: 0.6897
Directed Precision: 0.3571
Directed Recall: 0.3846
Undirected Sensitivity: 0.7692
Undirected Specificity: 0.5000
Undirected Precision: 0.7143
Undirected Recall: 0.7692
----------------------------------------
ALPHA:0.01 | SEED:230
Directed Sensitivity: 0.2308
Directed Specificity: 0.7586
Directed Precision: 0.3000
Directed Recall: 0.2308
Undirected Sensitivity: 0.6154
Undirected Specificity: 0.7500
Undirected Precision: 0.8000
Undirected Recall: 0.6154
----------------------------------------
ALPHA:0.01 | SEED:240
Directed Sensitivity: 0.5385
Directed Specificity: 0.7586
Directed Precision: 0.5000
Directed Recall: 0.5385
Undirected Sensitivity: 0.6923
Undirected Specificity: 0.3750
Undirected Precision: 0.6429
Undirected Recall: 0.6923
----------------------------------------
ALPHA:0.01 | SEED:250
Directed Sensitivity: 0.4615
Directed Specificity: 0.7586
Directed Precision: 0.4615
Directed Recall: 0.4615
Undirected Sensitivity: 0.6923
Undirected Specificity: 0.5000
Undirected Precision: 0.6923
Undirected Recall: 0.6923
----------------------------------------
ALPHA:0.01 | SEED:260
Directed Sensitivity: 0.4615
Directed Specificity: 0.6552
Directed Precision: 0.3750
Directed Recall: 0.4615
Undirected Sensitivity: 0.7692
Undirected Specificity: 0.2500
Undirected Precision: 0.6250
Undirected Recall: 0.7692
----------------------------------------
ALPHA:0.01 | SEED:270
Directed Sensitivity: 0.3846
Directed Specificity: 0.6207
Directed Precision: 0.3125
Directed Recall: 0.3846
Undirected Sensitivity: 0.7692
Undirected Specificity: 0.2500
Undirected Precision: 0.6250
Undirected Recall: 0.7692
----------------------------------------
ALPHA:0.01 | SEED:280
Directed Sensitivity: 0.3077
Directed Specificity: 0.7241
Directed Precision: 0.3333
Directed Recall: 0.3077
Undirected Sensitivity: 0.5385
Undirected Specificity: 0.3750
Undirected Precision: 0.5833
Undirected Recall: 0.5385
----------------------------------------
ALPHA:0.01 | SEED:290
Directed Sensitivity: 0.2308
Directed Specificity: 0.6207
Directed Precision: 0.2143
Directed Recall: 0.2308
Undirected Sensitivity: 0.6923
Undirected Specificity: 0.3750
Undirected Precision: 0.6429
Undirected Recall: 0.6923
----------------------------------------
ALPHA:0.01 | SEED:300
Directed Sensitivity: 0.7692
Directed Specificity: 0.8966
Directed Precision: 0.7692
Directed Recall: 0.7692
Undirected Sensitivity: 0.7692
Undirected Specificity: 0.6250
Undirected Precision: 0.7692
Undirected Recall: 0.7692
----------------------------------------
ALPHA:0.05 | SEED:10
Directed Sensitivity: 0.3077
Directed Specificity: 0.7931
Directed Precision: 0.4000
Directed Recall: 0.3077
Undirected Sensitivity: 0.5385
Undirected Specificity: 0.6250
Undirected Precision: 0.7000
Undirected Recall: 0.5385
----------------------------------------
ALPHA:0.05 | SEED:20
Directed Sensitivity: 0.3077
Directed Specificity: 0.7931
Directed Precision: 0.4000
Directed Recall: 0.3077
Undirected Sensitivity: 0.4615
Undirected Specificity: 0.5000
Undirected Precision: 0.6000
Undirected Recall: 0.4615
----------------------------------------
ALPHA:0.05 | SEED:30
Directed Sensitivity: 0.1538
Directed Specificity: 0.6552
Directed Precision: 0.1667
Directed Recall: 0.1538
Undirected Sensitivity: 0.5385
Undirected Specificity: 0.3750
Undirected Precision: 0.5833
Undirected Recall: 0.5385
----------------------------------------
ALPHA:0.05 | SEED:40
Directed Sensitivity: 0.3077
Directed Specificity: 0.6552
Directed Precision: 0.2857
Directed Recall: 0.3077
Undirected Sensitivity: 0.5385
Undirected Specificity: 0.1250
Undirected Precision: 0.5000
Undirected Recall: 0.5385
----------------------------------------
ALPHA:0.05 | SEED:50
Directed Sensitivity: 0.2308
Directed Specificity: 0.7586
Directed Precision: 0.3000
Directed Recall: 0.2308
Undirected Sensitivity: 0.4615
Undirected Specificity: 0.5000
Undirected Precision: 0.6000
Undirected Recall: 0.4615
----------------------------------------
ALPHA:0.05 | SEED:60
Directed Sensitivity: 0.0000
Directed Specificity: 0.5862
Directed Precision: 0.0000
Directed Recall: 0.0000
Undirected Sensitivity: 0.4615
Undirected Specificity: 0.2500
Undirected Precision: 0.5000
Undirected Recall: 0.4615
----------------------------------------
ALPHA:0.05 | SEED:70
Directed Sensitivity: 0.4615
Directed Specificity: 0.7241
Directed Precision: 0.4286
Directed Recall: 0.4615
Undirected Sensitivity: 0.7692
Undirected Specificity: 0.5000
Undirected Precision: 0.7143
Undirected Recall: 0.7692
----------------------------------------
ALPHA:0.05 | SEED:80
Directed Sensitivity: 0.3077
Directed Specificity: 0.6207
Directed Precision: 0.2667
Directed Recall: 0.3077
Undirected Sensitivity: 0.7692
Undirected Specificity: 0.3750
Undirected Precision: 0.6667
Undirected Recall: 0.7692
----------------------------------------
ALPHA:0.05 | SEED:90
Directed Sensitivity: 0.6923
Directed Specificity: 0.6552
Directed Precision: 0.4737
Directed Recall: 0.6923
Undirected Sensitivity: 0.8462
Undirected Specificity: 0.0000
Undirected Precision: 0.5789
Undirected Recall: 0.8462
----------------------------------------
ALPHA:0.05 | SEED:100
Directed Sensitivity: 0.3077
Directed Specificity: 0.7586
Directed Precision: 0.3636
Directed Recall: 0.3077
Undirected Sensitivity: 0.6154
Undirected Specificity: 0.6250
Undirected Precision: 0.7273
Undirected Recall: 0.6154
----------------------------------------
ALPHA:0.05 | SEED:110
Directed Sensitivity: 0.2308
Directed Specificity: 0.6897
Directed Precision: 0.2500
Directed Recall: 0.2308
Undirected Sensitivity: 0.5385
Undirected Specificity: 0.3750
Undirected Precision: 0.5833
Undirected Recall: 0.5385
----------------------------------------
ALPHA:0.05 | SEED:120
Directed Sensitivity: 0.3077
Directed Specificity: 0.7931
Directed Precision: 0.4000
Directed Recall: 0.3077
Undirected Sensitivity: 0.4615
Undirected Specificity: 0.5000
Undirected Precision: 0.6000
Undirected Recall: 0.4615
----------------------------------------
ALPHA:0.05 | SEED:130
Directed Sensitivity: 0.3077
Directed Specificity: 0.6207
Directed Precision: 0.2667
Directed Recall: 0.3077
Undirected Sensitivity: 0.6923
Undirected Specificity: 0.2500
Undirected Precision: 0.6000
Undirected Recall: 0.6923
----------------------------------------
ALPHA:0.05 | SEED:140
Directed Sensitivity: 0.1538
Directed Specificity: 0.6897
Directed Precision: 0.1818
Directed Recall: 0.1538
Undirected Sensitivity: 0.4615
Undirected Specificity: 0.3750
Undirected Precision: 0.5455
Undirected Recall: 0.4615
----------------------------------------
ALPHA:0.05 | SEED:150
Directed Sensitivity: 0.1538
Directed Specificity: 0.6207
Directed Precision: 0.1538
Directed Recall: 0.1538
Undirected Sensitivity: 0.5385
Undirected Specificity: 0.2500
Undirected Precision: 0.5385
Undirected Recall: 0.5385
----------------------------------------
ALPHA:0.05 | SEED:160
Directed Sensitivity: 0.3846
Directed Specificity: 0.7931
Directed Precision: 0.4545
Directed Recall: 0.3846
Undirected Sensitivity: 0.5385
Undirected Specificity: 0.5000
Undirected Precision: 0.6364
Undirected Recall: 0.5385
----------------------------------------
ALPHA:0.05 | SEED:170
Directed Sensitivity: 0.3846
Directed Specificity: 0.7931
Directed Precision: 0.4545
Directed Recall: 0.3846
Undirected Sensitivity: 0.5385
Undirected Specificity: 0.5000
Undirected Precision: 0.6364
Undirected Recall: 0.5385
----------------------------------------
ALPHA:0.05 | SEED:180
Directed Sensitivity: 0.3077
Directed Specificity: 0.7586
Directed Precision: 0.3636
Directed Recall: 0.3077
Undirected Sensitivity: 0.5385
Undirected Specificity: 0.5000
Undirected Precision: 0.6364
Undirected Recall: 0.5385
----------------------------------------
ALPHA:0.05 | SEED:190
Directed Sensitivity: 0.4615
Directed Specificity: 0.8276
Directed Precision: 0.5455
Directed Recall: 0.4615
Undirected Sensitivity: 0.6154
Undirected Specificity: 0.6250
Undirected Precision: 0.7273
Undirected Recall: 0.6154
----------------------------------------
ALPHA:0.05 | SEED:200
Directed Sensitivity: 0.4615
Directed Specificity: 0.6552
Directed Precision: 0.3750
Directed Recall: 0.4615
Undirected Sensitivity: 0.7692
Undirected Specificity: 0.2500
Undirected Precision: 0.6250
Undirected Recall: 0.7692
----------------------------------------
ALPHA:0.05 | SEED:210
Directed Sensitivity: 0.2308
Directed Specificity: 0.6897
Directed Precision: 0.2500
Directed Recall: 0.2308
Undirected Sensitivity: 0.5385
Undirected Specificity: 0.3750
Undirected Precision: 0.5833
Undirected Recall: 0.5385
----------------------------------------
ALPHA:0.05 | SEED:220
Directed Sensitivity: 0.1538
Directed Specificity: 0.6897
Directed Precision: 0.1818
Directed Recall: 0.1538
Undirected Sensitivity: 0.3846
Undirected Specificity: 0.2500
Undirected Precision: 0.4545
Undirected Recall: 0.3846
----------------------------------------
ALPHA:0.05 | SEED:230
Directed Sensitivity: 0.0769
Directed Specificity: 0.5172
Directed Precision: 0.0667
Directed Recall: 0.0769
Undirected Sensitivity: 0.6923
Undirected Specificity: 0.2500
Undirected Precision: 0.6000
Undirected Recall: 0.6923
----------------------------------------
ALPHA:0.05 | SEED:240
Directed Sensitivity: 0.3077
Directed Specificity: 0.4828
Directed Precision: 0.2105
Directed Recall: 0.3077
Undirected Sensitivity: 0.8462
Undirected Specificity: 0.0000
Undirected Precision: 0.5789
Undirected Recall: 0.8462
----------------------------------------
ALPHA:0.05 | SEED:250
Directed Sensitivity: 0.2308
Directed Specificity: 0.6552
Directed Precision: 0.2308
Directed Recall: 0.2308
Undirected Sensitivity: 0.6154
Undirected Specificity: 0.3750
Undirected Precision: 0.6154
Undirected Recall: 0.6154
----------------------------------------
ALPHA:0.05 | SEED:260
Directed Sensitivity: 0.2308
Directed Specificity: 0.6207
Directed Precision: 0.2143
Directed Recall: 0.2308
Undirected Sensitivity: 0.6154
Undirected Specificity: 0.2500
Undirected Precision: 0.5714
Undirected Recall: 0.6154
----------------------------------------
ALPHA:0.05 | SEED:270
Directed Sensitivity: 0.3077
Directed Specificity: 0.7586
Directed Precision: 0.3636
Directed Recall: 0.3077
Undirected Sensitivity: 0.4615
Undirected Specificity: 0.3750
Undirected Precision: 0.5455
Undirected Recall: 0.4615
----------------------------------------
ALPHA:0.05 | SEED:280
Directed Sensitivity: 0.4615
Directed Specificity: 0.5862
Directed Precision: 0.3333
Directed Recall: 0.4615
Undirected Sensitivity: 1.0000
Undirected Specificity: 0.3750
Undirected Precision: 0.7222
Undirected Recall: 1.0000
----------------------------------------
ALPHA:0.05 | SEED:290
Directed Sensitivity: 0.1538
Directed Specificity: 0.7586
Directed Precision: 0.2222
Directed Recall: 0.1538
Undirected Sensitivity: 0.4615
Undirected Specificity: 0.6250
Undirected Precision: 0.6667
Undirected Recall: 0.4615
----------------------------------------
ALPHA:0.05 | SEED:300
Directed Sensitivity: 0.6923
Directed Specificity: 0.7931
Directed Precision: 0.6000
Directed Recall: 0.6923
Undirected Sensitivity: 0.9231
Undirected Specificity: 0.6250
Undirected Precision: 0.8000
Undirected Recall: 0.9231
----------------------------------------
ALPHA:0.1 | SEED:10
Directed Sensitivity: 0.1538
Directed Specificity: 0.7586
Directed Precision: 0.2222
Directed Recall: 0.1538
Undirected Sensitivity: 0.4615
Undirected Specificity: 0.6250
Undirected Precision: 0.6667
Undirected Recall: 0.4615
----------------------------------------
ALPHA:0.1 | SEED:20
Directed Sensitivity: 0.3077
Directed Specificity: 0.7931
Directed Precision: 0.4000
Directed Recall: 0.3077
Undirected Sensitivity: 0.6154
Undirected Specificity: 0.7500
Undirected Precision: 0.8000
Undirected Recall: 0.6154
----------------------------------------
ALPHA:0.1 | SEED:30
Directed Sensitivity: 0.2308
Directed Specificity: 0.7241
Directed Precision: 0.2727
Directed Recall: 0.2308
Undirected Sensitivity: 0.4615
Undirected Specificity: 0.3750
Undirected Precision: 0.5455
Undirected Recall: 0.4615
----------------------------------------
ALPHA:0.1 | SEED:40
Directed Sensitivity: 0.1538
Directed Specificity: 0.7931
Directed Precision: 0.2500
Directed Recall: 0.1538
Undirected Sensitivity: 0.4615
Undirected Specificity: 0.7500
Undirected Precision: 0.7500
Undirected Recall: 0.4615
----------------------------------------
ALPHA:0.1 | SEED:50
Directed Sensitivity: 0.2308
Directed Specificity: 0.7241
Directed Precision: 0.2727
Directed Recall: 0.2308
Undirected Sensitivity: 0.5385
Undirected Specificity: 0.5000
Undirected Precision: 0.6364
Undirected Recall: 0.5385
----------------------------------------
ALPHA:0.1 | SEED:60
Directed Sensitivity: 0.2308
Directed Specificity: 0.7241
Directed Precision: 0.2727
Directed Recall: 0.2308
Undirected Sensitivity: 0.5385
Undirected Specificity: 0.5000
Undirected Precision: 0.6364
Undirected Recall: 0.5385
----------------------------------------
ALPHA:0.1 | SEED:70
Directed Sensitivity: 0.9231
Directed Specificity: 0.8621
Directed Precision: 0.7500
Directed Recall: 0.9231
Undirected Sensitivity: 0.9231
Undirected Specificity: 0.5000
Undirected Precision: 0.7500
Undirected Recall: 0.9231
----------------------------------------
ALPHA:0.1 | SEED:80
Directed Sensitivity: 0.3077
Directed Specificity: 0.7241
Directed Precision: 0.3333
Directed Recall: 0.3077
Undirected Sensitivity: 0.4615
Undirected Specificity: 0.2500
Undirected Precision: 0.5000
Undirected Recall: 0.4615
----------------------------------------
ALPHA:0.1 | SEED:90
Directed Sensitivity: 0.5385
Directed Specificity: 0.5862
Directed Precision: 0.3684
Directed Recall: 0.5385
Undirected Sensitivity: 0.8462
Undirected Specificity: 0.0000
Undirected Precision: 0.5789
Undirected Recall: 0.8462
----------------------------------------
ALPHA:0.1 | SEED:100
Directed Sensitivity: 0.5385
Directed Specificity: 0.7931
Directed Precision: 0.5385
Directed Recall: 0.5385
Undirected Sensitivity: 0.6923
Undirected Specificity: 0.5000
Undirected Precision: 0.6923
Undirected Recall: 0.6923
----------------------------------------
ALPHA:0.1 | SEED:110
Directed Sensitivity: 0.1538
Directed Specificity: 0.6552
Directed Precision: 0.1667
Directed Recall: 0.1538
Undirected Sensitivity: 0.5385
Undirected Specificity: 0.3750
Undirected Precision: 0.5833
Undirected Recall: 0.5385
----------------------------------------
ALPHA:0.1 | SEED:120
Directed Sensitivity: 0.2308
Directed Specificity: 0.7241
Directed Precision: 0.2727
Directed Recall: 0.2308
Undirected Sensitivity: 0.4615
Undirected Specificity: 0.3750
Undirected Precision: 0.5455
Undirected Recall: 0.4615
----------------------------------------
ALPHA:0.1 | SEED:130
Directed Sensitivity: 0.0769
Directed Specificity: 0.7241
Directed Precision: 0.1111
Directed Recall: 0.0769
Undirected Sensitivity: 0.3846
Undirected Specificity: 0.5000
Undirected Precision: 0.5556
Undirected Recall: 0.3846
----------------------------------------
ALPHA:0.1 | SEED:140
Directed Sensitivity: 0.3846
Directed Specificity: 0.7241
Directed Precision: 0.3846
Directed Recall: 0.3846
Undirected Sensitivity: 0.7692
Undirected Specificity: 0.6250
Undirected Precision: 0.7692
Undirected Recall: 0.7692
----------------------------------------
ALPHA:0.1 | SEED:150
Directed Sensitivity: 0.0000
Directed Specificity: 0.6207
Directed Precision: 0.0000
Directed Recall: 0.0000
Undirected Sensitivity: 0.5385
Undirected Specificity: 0.5000
Undirected Precision: 0.6364
Undirected Recall: 0.5385
----------------------------------------
ALPHA:0.1 | SEED:160
Directed Sensitivity: 0.1538
Directed Specificity: 0.6207
Directed Precision: 0.1538
Directed Recall: 0.1538
Undirected Sensitivity: 0.4615
Undirected Specificity: 0.1250
Undirected Precision: 0.4615
Undirected Recall: 0.4615
----------------------------------------
ALPHA:0.1 | SEED:170
Directed Sensitivity: 0.1538
Directed Specificity: 0.6207
Directed Precision: 0.1538
Directed Recall: 0.1538
Undirected Sensitivity: 0.5385
Undirected Specificity: 0.2500
Undirected Precision: 0.5385
Undirected Recall: 0.5385
----------------------------------------
ALPHA:0.1 | SEED:180
Directed Sensitivity: 0.0769
Directed Specificity: 0.5517
Directed Precision: 0.0714
Directed Recall: 0.0769
Undirected Sensitivity: 0.6154
Undirected Specificity: 0.2500
Undirected Precision: 0.5714
Undirected Recall: 0.6154
----------------------------------------
ALPHA:0.1 | SEED:190
Directed Sensitivity: 0.3846
Directed Specificity: 0.7241
Directed Precision: 0.3846
Directed Recall: 0.3846
Undirected Sensitivity: 0.6154
Undirected Specificity: 0.3750
Undirected Precision: 0.6154
Undirected Recall: 0.6154
----------------------------------------
ALPHA:0.1 | SEED:200
Directed Sensitivity: 0.0769
Directed Specificity: 0.6552
Directed Precision: 0.0909
Directed Recall: 0.0769
Undirected Sensitivity: 0.5385
Undirected Specificity: 0.5000
Undirected Precision: 0.6364
Undirected Recall: 0.5385
----------------------------------------
ALPHA:0.1 | SEED:210
Directed Sensitivity: 0.1538
Directed Specificity: 0.6552
Directed Precision: 0.1667
Directed Recall: 0.1538
Undirected Sensitivity: 0.6154
Undirected Specificity: 0.5000
Undirected Precision: 0.6667
Undirected Recall: 0.6154
----------------------------------------
ALPHA:0.1 | SEED:220
Directed Sensitivity: 0.4615
Directed Specificity: 0.8276
Directed Precision: 0.5455
Directed Recall: 0.4615
Undirected Sensitivity: 0.6154
Undirected Specificity: 0.6250
Undirected Precision: 0.7273
Undirected Recall: 0.6154
----------------------------------------
ALPHA:0.1 | SEED:230
Directed Sensitivity: 0.1538
Directed Specificity: 0.5862
Directed Precision: 0.1429
Directed Recall: 0.1538
Undirected Sensitivity: 0.7692
Undirected Specificity: 0.5000
Undirected Precision: 0.7143
Undirected Recall: 0.7692
----------------------------------------
ALPHA:0.1 | SEED:240
Directed Sensitivity: 0.1538
Directed Specificity: 0.6207
Directed Precision: 0.1538
Directed Recall: 0.1538
Undirected Sensitivity: 0.6923
Undirected Specificity: 0.5000
Undirected Precision: 0.6923
Undirected Recall: 0.6923
----------------------------------------
ALPHA:0.1 | SEED:250
Directed Sensitivity: 0.2308
Directed Specificity: 0.6207
Directed Precision: 0.2143
Directed Recall: 0.2308
Undirected Sensitivity: 0.6154
Undirected Specificity: 0.2500
Undirected Precision: 0.5714
Undirected Recall: 0.6154
----------------------------------------
ALPHA:0.1 | SEED:260
Directed Sensitivity: 0.3077
Directed Specificity: 0.6552
Directed Precision: 0.2857
Directed Recall: 0.3077
Undirected Sensitivity: 0.6154
Undirected Specificity: 0.2500
Undirected Precision: 0.5714
Undirected Recall: 0.6154
----------------------------------------
ALPHA:0.1 | SEED:270
Directed Sensitivity: 0.2308
Directed Specificity: 0.7586
Directed Precision: 0.3000
Directed Recall: 0.2308
Undirected Sensitivity: 0.4615
Undirected Specificity: 0.5000
Undirected Precision: 0.6000
Undirected Recall: 0.4615
----------------------------------------
ALPHA:0.1 | SEED:280
Directed Sensitivity: 0.1538
Directed Specificity: 0.7586
Directed Precision: 0.2222
Directed Recall: 0.1538
Undirected Sensitivity: 0.3846
Undirected Specificity: 0.5000
Undirected Precision: 0.5556
Undirected Recall: 0.3846
----------------------------------------
ALPHA:0.1 | SEED:290
Directed Sensitivity: 0.5385
Directed Specificity: 0.7241
Directed Precision: 0.4667
Directed Recall: 0.5385
Undirected Sensitivity: 0.6923
Undirected Specificity: 0.2500
Undirected Precision: 0.6000
Undirected Recall: 0.6923
----------------------------------------
ALPHA:0.1 | SEED:300
Directed Sensitivity: 0.3077
Directed Specificity: 0.6897
Directed Precision: 0.3077
Directed Recall: 0.3077
Undirected Sensitivity: 0.6154
Undirected Specificity: 0.3750
Undirected Precision: 0.6154
Undirected Recall: 0.6154
----------------------------------------
ALPHA:0.2 | SEED:10
Directed Sensitivity: 0.6154
Directed Specificity: 0.8966
Directed Precision: 0.7273
Directed Recall: 0.6154
Undirected Sensitivity: 0.6154
Undirected Specificity: 0.6250
Undirected Precision: 0.7273
Undirected Recall: 0.6154
----------------------------------------
ALPHA:0.2 | SEED:20
Directed Sensitivity: 0.4615
Directed Specificity: 0.5862
Directed Precision: 0.3333
Directed Recall: 0.4615
Undirected Sensitivity: 0.8462
Undirected Specificity: 0.1250
Undirected Precision: 0.6111
Undirected Recall: 0.8462
----------------------------------------
ALPHA:0.2 | SEED:30
Directed Sensitivity: 0.2308
Directed Specificity: 0.6552
Directed Precision: 0.2308
Directed Recall: 0.2308
Undirected Sensitivity: 0.5385
Undirected Specificity: 0.2500
Undirected Precision: 0.5385
Undirected Recall: 0.5385
----------------------------------------
ALPHA:0.2 | SEED:40
Directed Sensitivity: 0.2308
Directed Specificity: 0.7586
Directed Precision: 0.3000
Directed Recall: 0.2308
Undirected Sensitivity: 0.6154
Undirected Specificity: 0.7500
Undirected Precision: 0.8000
Undirected Recall: 0.6154
----------------------------------------
ALPHA:0.2 | SEED:50
Directed Sensitivity: 0.3077
Directed Specificity: 0.6552
Directed Precision: 0.2857
Directed Recall: 0.3077
Undirected Sensitivity: 0.6923
Undirected Specificity: 0.3750
Undirected Precision: 0.6429
Undirected Recall: 0.6923
----------------------------------------
ALPHA:0.2 | SEED:60
Directed Sensitivity: 0.0769
Directed Specificity: 0.7241
Directed Precision: 0.1111
Directed Recall: 0.0769
Undirected Sensitivity: 0.3846
Undirected Specificity: 0.5000
Undirected Precision: 0.5556
Undirected Recall: 0.3846
----------------------------------------
ALPHA:0.2 | SEED:70
Directed Sensitivity: 0.4615
Directed Specificity: 0.7586
Directed Precision: 0.4615
Directed Recall: 0.4615
Undirected Sensitivity: 0.6154
Undirected Specificity: 0.3750
Undirected Precision: 0.6154
Undirected Recall: 0.6154
----------------------------------------
ALPHA:0.2 | SEED:80
Directed Sensitivity: 0.2308
Directed Specificity: 0.7241
Directed Precision: 0.2727
Directed Recall: 0.2308
Undirected Sensitivity: 0.6154
Undirected Specificity: 0.6250
Undirected Precision: 0.7273
Undirected Recall: 0.6154
----------------------------------------
ALPHA:0.2 | SEED:90
Directed Sensitivity: 0.6154
Directed Specificity: 0.6897
Directed Precision: 0.4706
Directed Recall: 0.6154
Undirected Sensitivity: 0.7692
Undirected Specificity: 0.1250
Undirected Precision: 0.5882
Undirected Recall: 0.7692
----------------------------------------
ALPHA:0.2 | SEED:100
Directed Sensitivity: 0.4615
Directed Specificity: 0.6897
Directed Precision: 0.4000
Directed Recall: 0.4615
Undirected Sensitivity: 0.6154
Undirected Specificity: 0.1250
Undirected Precision: 0.5333
Undirected Recall: 0.6154
----------------------------------------
ALPHA:0.2 | SEED:110
Directed Sensitivity: 0.3077
Directed Specificity: 0.7241
Directed Precision: 0.3333
Directed Recall: 0.3077
Undirected Sensitivity: 0.6154
Undirected Specificity: 0.5000
Undirected Precision: 0.6667
Undirected Recall: 0.6154
----------------------------------------
ALPHA:0.2 | SEED:120
Directed Sensitivity: 0.2308
Directed Specificity: 0.6897
Directed Precision: 0.2500
Directed Recall: 0.2308
Undirected Sensitivity: 0.5385
Undirected Specificity: 0.3750
Undirected Precision: 0.5833
Undirected Recall: 0.5385
----------------------------------------
ALPHA:0.2 | SEED:130
Directed Sensitivity: 0.3077
Directed Specificity: 0.7241
Directed Precision: 0.3333
Directed Recall: 0.3077
Undirected Sensitivity: 0.6923
Undirected Specificity: 0.6250
Undirected Precision: 0.7500
Undirected Recall: 0.6923
----------------------------------------
ALPHA:0.2 | SEED:140
Directed Sensitivity: 0.3077
Directed Specificity: 0.7586
Directed Precision: 0.3636
Directed Recall: 0.3077
Undirected Sensitivity: 0.5385
Undirected Specificity: 0.5000
Undirected Precision: 0.6364
Undirected Recall: 0.5385
----------------------------------------
ALPHA:0.2 | SEED:150
Directed Sensitivity: 0.2308
Directed Specificity: 0.8276
Directed Precision: 0.3750
Directed Recall: 0.2308
Undirected Sensitivity: 0.4615
Undirected Specificity: 0.7500
Undirected Precision: 0.7500
Undirected Recall: 0.4615
----------------------------------------
ALPHA:0.2 | SEED:160
Directed Sensitivity: 0.3846
Directed Specificity: 0.6897
Directed Precision: 0.3571
Directed Recall: 0.3846
Undirected Sensitivity: 0.6154
Undirected Specificity: 0.2500
Undirected Precision: 0.5714
Undirected Recall: 0.6154
----------------------------------------
ALPHA:0.2 | SEED:170
Directed Sensitivity: 0.1538
Directed Specificity: 0.5862
Directed Precision: 0.1429
Directed Recall: 0.1538
Undirected Sensitivity: 0.5385
Undirected Specificity: 0.1250
Undirected Precision: 0.5000
Undirected Recall: 0.5385
----------------------------------------
ALPHA:0.2 | SEED:180
Directed Sensitivity: 0.3846
Directed Specificity: 0.7586
Directed Precision: 0.4167
Directed Recall: 0.3846
Undirected Sensitivity: 0.6154
Undirected Specificity: 0.5000
Undirected Precision: 0.6667
Undirected Recall: 0.6154
----------------------------------------
ALPHA:0.2 | SEED:190
Directed Sensitivity: 0.0769
Directed Specificity: 0.4483
Directed Precision: 0.0588
Directed Recall: 0.0769
Undirected Sensitivity: 0.7692
Undirected Specificity: 0.1250
Undirected Precision: 0.5882
Undirected Recall: 0.7692
----------------------------------------
ALPHA:0.2 | SEED:200
Directed Sensitivity: 0.4615
Directed Specificity: 0.6552
Directed Precision: 0.3750
Directed Recall: 0.4615
Undirected Sensitivity: 0.8462
Undirected Specificity: 0.3750
Undirected Precision: 0.6875
Undirected Recall: 0.8462
----------------------------------------
ALPHA:0.2 | SEED:210
Directed Sensitivity: 0.1538
Directed Specificity: 0.6897
Directed Precision: 0.1818
Directed Recall: 0.1538
Undirected Sensitivity: 0.4615
Undirected Specificity: 0.3750
Undirected Precision: 0.5455
Undirected Recall: 0.4615
----------------------------------------
ALPHA:0.2 | SEED:220
Directed Sensitivity: 0.3846
Directed Specificity: 0.7241
Directed Precision: 0.3846
Directed Recall: 0.3846
Undirected Sensitivity: 0.6154
Undirected Specificity: 0.3750
Undirected Precision: 0.6154
Undirected Recall: 0.6154
----------------------------------------
ALPHA:0.2 | SEED:230
Directed Sensitivity: 0.1538
Directed Specificity: 0.4483
Directed Precision: 0.1111
Directed Recall: 0.1538
Undirected Sensitivity: 0.8462
Undirected Specificity: 0.1250
Undirected Precision: 0.6111
Undirected Recall: 0.8462
----------------------------------------
ALPHA:0.2 | SEED:240
Directed Sensitivity: 0.3077
Directed Specificity: 0.7241
Directed Precision: 0.3333
Directed Recall: 0.3077
Undirected Sensitivity: 0.5385
Undirected Specificity: 0.3750
Undirected Precision: 0.5833
Undirected Recall: 0.5385
----------------------------------------
ALPHA:0.2 | SEED:250
Directed Sensitivity: 0.2308
Directed Specificity: 0.6552
Directed Precision: 0.2308
Directed Recall: 0.2308
Undirected Sensitivity: 0.6154
Undirected Specificity: 0.3750
Undirected Precision: 0.6154
Undirected Recall: 0.6154
----------------------------------------
ALPHA:0.2 | SEED:260
Directed Sensitivity: 0.0769
Directed Specificity: 0.7931
Directed Precision: 0.1429
Directed Recall: 0.0769
Undirected Sensitivity: 0.3846
Undirected Specificity: 0.7500
Undirected Precision: 0.7143
Undirected Recall: 0.3846
----------------------------------------
ALPHA:0.2 | SEED:270
Directed Sensitivity: 0.3846
Directed Specificity: 0.7586
Directed Precision: 0.4167
Directed Recall: 0.3846
Undirected Sensitivity: 0.4615
Undirected Specificity: 0.2500
Undirected Precision: 0.5000
Undirected Recall: 0.4615
----------------------------------------
ALPHA:0.2 | SEED:280
Directed Sensitivity: 0.1538
Directed Specificity: 0.7241
Directed Precision: 0.2000
Directed Recall: 0.1538
Undirected Sensitivity: 0.5385
Undirected Specificity: 0.6250
Undirected Precision: 0.7000
Undirected Recall: 0.5385
----------------------------------------
ALPHA:0.2 | SEED:290
Directed Sensitivity: 0.3846
Directed Specificity: 0.7931
Directed Precision: 0.4545
Directed Recall: 0.3846
Undirected Sensitivity: 0.5385
Undirected Specificity: 0.5000
Undirected Precision: 0.6364
Undirected Recall: 0.5385
----------------------------------------
ALPHA:0.2 | SEED:300
Directed Sensitivity: 0.3077
Directed Specificity: 0.5862
Directed Precision: 0.2500
Directed Recall: 0.3077
Undirected Sensitivity: 0.7692
Undirected Specificity: 0.2500
Undirected Precision: 0.6250
Undirected Recall: 0.7692
----------------------------------------
