SEED:10
Directed Sensitivity: 0.8333
Directed Specificity: 0.8571
Directed Precision: 0.7143
Directed Recall:    0.8333
-------------------------
Undirected Sensitivity: 1.0000
Undirected Specificity: 0.7500
Undirected Precision: 0.8571
Undirected Recall:    1.0000
----------------------------------------
SEED:20
Directed Sensitivity: 0.8333
Directed Specificity: 0.8571
Directed Precision: 0.7143
Directed Recall:    0.8333
-------------------------
Undirected Sensitivity: 1.0000
Undirected Specificity: 0.7500
Undirected Precision: 0.8571
Undirected Recall:    1.0000
----------------------------------------
SEED:30
Directed Sensitivity: 0.5000
Directed Specificity: 0.6429
Directed Precision: 0.3750
Directed Recall:    0.5000
-------------------------
Undirected Sensitivity: 0.8333
Undirected Specificity: 0.2500
Undirected Precision: 0.6250
Undirected Recall:    0.8333
----------------------------------------
SEED:40
Directed Sensitivity: 0.8333
Directed Specificity: 0.8571
Directed Precision: 0.7143
Directed Recall:    0.8333
-------------------------
Undirected Sensitivity: 1.0000
Undirected Specificity: 0.7500
Undirected Precision: 0.8571
Undirected Recall:    1.0000
----------------------------------------
SEED:50
Directed Sensitivity: 0.5000
Directed Specificity: 0.7143
Directed Precision: 0.4286
Directed Recall:    0.5000
-------------------------
Undirected Sensitivity: 0.8333
Undirected Specificity: 0.5000
Undirected Precision: 0.7143
Undirected Recall:    0.8333
----------------------------------------
SEED:60
Directed Sensitivity: 0.8333
Directed Specificity: 0.8571
Directed Precision: 0.7143
Directed Recall:    0.8333
-------------------------
Undirected Sensitivity: 1.0000
Undirected Specificity: 0.7500
Undirected Precision: 0.8571
Undirected Recall:    1.0000
----------------------------------------
SEED:70
Directed Sensitivity: 1.0000
Directed Specificity: 0.9286
Directed Precision: 0.8571
Directed Recall:    1.0000
-------------------------
Undirected Sensitivity: 1.0000
Undirected Specificity: 0.7500
Undirected Precision: 0.8571
Undirected Recall:    1.0000
----------------------------------------
SEED:80
Directed Sensitivity: 0.3333
Directed Specificity: 0.7143
Directed Precision: 0.3333
Directed Recall:    0.3333
-------------------------
Undirected Sensitivity: 0.5000
Undirected Specificity: 0.2500
Undirected Precision: 0.5000
Undirected Recall:    0.5000
----------------------------------------
SEED:90
Directed Sensitivity: 1.0000
Directed Specificity: 0.9286
Directed Precision: 0.8571
Directed Recall:    1.0000
-------------------------
Undirected Sensitivity: 1.0000
Undirected Specificity: 0.7500
Undirected Precision: 0.8571
Undirected Recall:    1.0000
----------------------------------------
SEED:100
Directed Sensitivity: 0.8333
Directed Specificity: 0.9286
Directed Precision: 0.8333
Directed Recall:    0.8333
-------------------------
Undirected Sensitivity: 1.0000
Undirected Specificity: 1.0000
Undirected Precision: 1.0000
Undirected Recall:    1.0000
----------------------------------------
SEED:110
Directed Sensitivity: 0.8333
Directed Specificity: 0.7857
Directed Precision: 0.6250
Directed Recall:    0.8333
-------------------------
Undirected Sensitivity: 1.0000
Undirected Specificity: 0.5000
Undirected Precision: 0.7500
Undirected Recall:    1.0000
----------------------------------------
SEED:120
Directed Sensitivity: 1.0000
Directed Specificity: 0.9286
Directed Precision: 0.8571
Directed Recall:    1.0000
-------------------------
Undirected Sensitivity: 1.0000
Undirected Specificity: 0.7500
Undirected Precision: 0.8571
Undirected Recall:    1.0000
----------------------------------------
SEED:130
Directed Sensitivity: 0.5000
Directed Specificity: 0.6429
Directed Precision: 0.3750
Directed Recall:    0.5000
-------------------------
Undirected Sensitivity: 0.8333
Undirected Specificity: 0.2500
Undirected Precision: 0.6250
Undirected Recall:    0.8333
----------------------------------------
SEED:140
Directed Sensitivity: 0.6667
Directed Specificity: 0.7143
Directed Precision: 0.5000
Directed Recall:    0.6667
-------------------------
Undirected Sensitivity: 1.0000
Undirected Specificity: 0.5000
Undirected Precision: 0.7500
Undirected Recall:    1.0000
----------------------------------------
SEED:150
Directed Sensitivity: 0.6667
Directed Specificity: 0.7143
Directed Precision: 0.5000
Directed Recall:    0.6667
-------------------------
Undirected Sensitivity: 1.0000
Undirected Specificity: 0.5000
Undirected Precision: 0.7500
Undirected Recall:    1.0000
----------------------------------------
SEED:160
Directed Sensitivity: 0.5000
Directed Specificity: 0.6429
Directed Precision: 0.3750
Directed Recall:    0.5000
-------------------------
Undirected Sensitivity: 0.8333
Undirected Specificity: 0.2500
Undirected Precision: 0.6250
Undirected Recall:    0.8333
----------------------------------------
SEED:170
Directed Sensitivity: 0.8333
Directed Specificity: 0.8571
Directed Precision: 0.7143
Directed Recall:    0.8333
-------------------------
Undirected Sensitivity: 1.0000
Undirected Specificity: 0.7500
Undirected Precision: 0.8571
Undirected Recall:    1.0000
----------------------------------------
SEED:180
Directed Sensitivity: 0.3333
Directed Specificity: 0.7143
Directed Precision: 0.3333
Directed Recall:    0.3333
-------------------------
Undirected Sensitivity: 0.5000
Undirected Specificity: 0.2500
Undirected Precision: 0.5000
Undirected Recall:    0.5000
----------------------------------------
SEED:190
Directed Sensitivity: 0.8333
Directed Specificity: 0.8571
Directed Precision: 0.7143
Directed Recall:    0.8333
-------------------------
Undirected Sensitivity: 1.0000
Undirected Specificity: 0.7500
Undirected Precision: 0.8571
Undirected Recall:    1.0000
----------------------------------------
SEED:200
Directed Sensitivity: 1.0000
Directed Specificity: 0.8571
Directed Precision: 0.7500
Directed Recall:    1.0000
-------------------------
Undirected Sensitivity: 1.0000
Undirected Specificity: 0.5000
Undirected Precision: 0.7500
Undirected Recall:    1.0000
----------------------------------------
SEED:210
Directed Sensitivity: 0.3333
Directed Specificity: 0.6429
Directed Precision: 0.2857
Directed Recall:    0.3333
-------------------------
Undirected Sensitivity: 0.6667
Undirected Specificity: 0.2500
Undirected Precision: 0.5714
Undirected Recall:    0.6667
----------------------------------------
SEED:220
Directed Sensitivity: 0.8333
Directed Specificity: 0.8571
Directed Precision: 0.7143
Directed Recall:    0.8333
-------------------------
Undirected Sensitivity: 1.0000
Undirected Specificity: 0.7500
Undirected Precision: 0.8571
Undirected Recall:    1.0000
----------------------------------------
SEED:230
Directed Sensitivity: 0.6667
Directed Specificity: 0.7143
Directed Precision: 0.5000
Directed Recall:    0.6667
-------------------------
Undirected Sensitivity: 1.0000
Undirected Specificity: 0.5000
Undirected Precision: 0.7500
Undirected Recall:    1.0000
----------------------------------------
SEED:240
Directed Sensitivity: 0.5000
Directed Specificity: 0.6429
Directed Precision: 0.3750
Directed Recall:    0.5000
-------------------------
Undirected Sensitivity: 0.8333
Undirected Specificity: 0.2500
Undirected Precision: 0.6250
Undirected Recall:    0.8333
----------------------------------------
SEED:250
Directed Sensitivity: 0.5000
Directed Specificity: 0.7857
Directed Precision: 0.5000
Directed Recall:    0.5000
-------------------------
Undirected Sensitivity: 0.8333
Undirected Specificity: 0.7500
Undirected Precision: 0.8333
Undirected Recall:    0.8333
----------------------------------------
SEED:260
Directed Sensitivity: 0.5000
Directed Specificity: 0.7143
Directed Precision: 0.4286
Directed Recall:    0.5000
-------------------------
Undirected Sensitivity: 0.6667
Undirected Specificity: 0.2500
Undirected Precision: 0.5714
Undirected Recall:    0.6667
----------------------------------------
SEED:270
Directed Sensitivity: 0.5000
Directed Specificity: 0.7143
Directed Precision: 0.4286
Directed Recall:    0.5000
-------------------------
Undirected Sensitivity: 0.8333
Undirected Specificity: 0.5000
Undirected Precision: 0.7143
Undirected Recall:    0.8333
----------------------------------------
SEED:280
Directed Sensitivity: 0.5000
Directed Specificity: 0.6429
Directed Precision: 0.3750
Directed Recall:    0.5000
-------------------------
Undirected Sensitivity: 0.8333
Undirected Specificity: 0.2500
Undirected Precision: 0.6250
Undirected Recall:    0.8333
----------------------------------------
SEED:290
Directed Sensitivity: 0.8333
Directed Specificity: 0.8571
Directed Precision: 0.7143
Directed Recall:    0.8333
-------------------------
Undirected Sensitivity: 1.0000
Undirected Specificity: 0.7500
Undirected Precision: 0.8571
Undirected Recall:    1.0000
----------------------------------------
SEED:300
Directed Sensitivity: 0.5000
Directed Specificity: 0.7143
Directed Precision: 0.4286
Directed Recall:    0.5000
-------------------------
Undirected Sensitivity: 0.8333
Undirected Specificity: 0.5000
Undirected Precision: 0.7143
Undirected Recall:    0.8333
----------------------------------------
